Starting iteration 1 for mode 1 with msg size 1800 at 20250907-225303
Results extracted:
Name: Start test ./logs_obfs4_iat1/mode1_size1800.log --no-socks --mode 1 --send-size 1800 --num-messages 2 
	Frames: 378
	Client got: 0 over 0 messages,  sent 7200
	Server got: 7200, over 0 messages, sent 0
	Terminated by RST: SERVERPROXY -> MITM


clientProxyMITM:
Starting MITM: 31000 -> 31001
Received connection: <socket.socket fd=4, family=AddressFamily.AF_INET, type=SocketKind.SOCK_STREAM, proto=0, laddr=('127.0.0.1', 31000), raddr=('127.0.0.1', 36856)>
Connected to: 127.0.0.1, 31001 using ephemeral port 39820
-> (1800) byte  Source Port: 31000 Target Port: 39820 Timestamp: 2025-09-07 22:53:08.105156
-> (1800) byte  Source Port: 31000 Target Port: 39820 Timestamp: 2025-09-07 22:53:08.610270
-> (1800) byte  Source Port: 31000 Target Port: 39820 Timestamp: 2025-09-07 22:53:09.112643
-> (1800) byte  Source Port: 31000 Target Port: 39820 Timestamp: 2025-09-07 22:53:09.613476
-> (0) byte b'' Source Port: 31000 Target Port: 39820 Timestamp: 2025-09-07 22:53:10.114989
Connection closed from (apparently) out

mainMITM:
Starting MITM: 31002 -> 10086
Received connection: <socket.socket fd=4, family=AddressFamily.AF_INET, type=SocketKind.SOCK_STREAM, proto=0, laddr=('127.0.0.1', 31002), raddr=('127.0.0.1', 50078)>
Connected to: 127.0.0.1, 10086 using ephemeral port 55074
-> (2373) byte  Source Port: 31002 Target Port: 55074 Timestamp: 2025-09-07 22:53:06.058016
<- (757) byte  Source Port: 31002 Target Port: 55074 Timestamp: 2025-09-07 22:53:06.058541
-> (0) byte b'' Source Port: 31002 Target Port: 55074 Timestamp: 2025-09-07 22:53:06.059260
Connection closed from (apparently) out
Received connection: <socket.socket fd=4, family=AddressFamily.AF_INET, type=SocketKind.SOCK_STREAM, proto=0, laddr=('127.0.0.1', 31002), raddr=('127.0.0.1', 50082)>
Connected to: 127.0.0.1, 10086 using ephemeral port 55082
-> (7195) byte  Source Port: 31002 Target Port: 55082 Timestamp: 2025-09-07 22:53:08.107922
<- (5578) byte  Source Port: 31002 Target Port: 55082 Timestamp: 2025-09-07 22:53:08.108775
-> (2092) byte  Source Port: 31002 Target Port: 55082 Timestamp: 2025-09-07 22:53:08.109766
-> (1448) byte  Source Port: 31002 Target Port: 55082 Timestamp: 2025-09-07 22:53:08.611821
-> (1448) byte  Source Port: 31002 Target Port: 55082 Timestamp: 2025-09-07 22:53:08.621017
-> (208) byte  Source Port: 31002 Target Port: 55082 Timestamp: 2025-09-07 22:53:08.628475
-> (1448) byte  Source Port: 31002 Target Port: 55082 Timestamp: 2025-09-07 22:53:09.114592
-> (1448) byte  Source Port: 31002 Target Port: 55082 Timestamp: 2025-09-07 22:53:09.120710
-> (57) byte b'\r0~b/\xdb\x89\x9e\x9d\xd0}@p\x81\x85V\xc2\xadP\xd5\xd5\xa2\x1b\x93\xc8\xa2@\x86\x0e!/\xed\xed\xb3\x97\x0cJ\xd6\x80\x9bX\xbb#g\xa6\xcc\x80\x1erLWIj$lej' Source Port: 31002 Target Port: 55082 Timestamp: 2025-09-07 22:53:09.127921
-> (1448) byte  Source Port: 31002 Target Port: 55082 Timestamp: 2025-09-07 22:53:09.615646
-> (1448) byte  Source Port: 31002 Target Port: 55082 Timestamp: 2025-09-07 22:53:09.626321
-> (238) byte  Source Port: 31002 Target Port: 55082 Timestamp: 2025-09-07 22:53:09.632468
-> (0) byte b'' Source Port: 31002 Target Port: 55082 Timestamp: 2025-09-07 22:53:10.120570
Connection closed from (apparently) out

serverProxyMITM:
Starting MITM: 31003 -> 31004
Received connection: <socket.socket fd=4, family=AddressFamily.AF_INET, type=SocketKind.SOCK_STREAM, proto=0, laddr=('127.0.0.1', 31003), raddr=('127.0.0.1', 37746)>
Connected to: 127.0.0.1, 31004 using ephemeral port 53646
-> (0) byte b'' Source Port: 31003 Target Port: 53646 Timestamp: 2025-09-07 22:53:06.059444
Connection closed from (apparently) out
Received connection: <socket.socket fd=4, family=AddressFamily.AF_INET, type=SocketKind.SOCK_STREAM, proto=0, laddr=('127.0.0.1', 31003), raddr=('127.0.0.1', 37756)>
Connected to: 127.0.0.1, 31004 using ephemeral port 53654
-> (1800) byte  Source Port: 31003 Target Port: 53654 Timestamp: 2025-09-07 22:53:08.109961
-> (1427) byte  Source Port: 31003 Target Port: 53654 Timestamp: 2025-09-07 22:53:08.612742
-> (373) byte  Source Port: 31003 Target Port: 53654 Timestamp: 2025-09-07 22:53:08.621859
-> (1427) byte  Source Port: 31003 Target Port: 53654 Timestamp: 2025-09-07 22:53:09.115735
-> (373) byte  Source Port: 31003 Target Port: 53654 Timestamp: 2025-09-07 22:53:09.121321
-> (1427) byte  Source Port: 31003 Target Port: 53654 Timestamp: 2025-09-07 22:53:09.616705
-> (373) byte  Source Port: 31003 Target Port: 53654 Timestamp: 2025-09-07 22:53:09.627617
-> (0) byte b'' Source Port: 31003 Target Port: 53654 Timestamp: 2025-09-07 22:53:10.121588
Connection closed from (apparently) out

Client:
time: 2025-09-07 22:53:08.104274, Mode 1 - start experiment
time: 2025-09-07 22:53:08.104395, Iteration: 1
time: 2025-09-07 22:53:08.104523, Sent 1800 byte of A
time: 2025-09-07 22:53:08.610459, Sent 1800 byte of B
time: 2025-09-07 22:53:09.111664, Iteration: 2
time: 2025-09-07 22:53:09.112442, Sent 1800 byte of A
time: 2025-09-07 22:53:09.613628, Sent 1800 byte of B
time: 2025-09-07 22:53:10.115007, Connection closed

Server:
time: 2025-09-07 22:53:08.110244, recv 1800 bytes, last byte content: 65
time: 2025-09-07 22:53:08.622304, recv 1800 bytes, last byte content: 66
time: 2025-09-07 22:53:09.123299, recv 1800 bytes, last byte content: 65
time: 2025-09-07 22:53:09.628301, recv 1800 bytes, last byte content: 66
Completed iteration 1 for mode 1 with msg size 1800 at 20250907-225303
----------------------------------------
Starting iteration 2 for mode 1 with msg size 1800 at 20250907-225312
Results extracted:
Name: Start test ./logs_obfs4_iat1/mode1_size1800.log --no-socks --mode 1 --send-size 1800 --num-messages 2 
	Frames: 384
	Client got: 0 over 0 messages,  sent 7200
	Server got: 7200, over 0 messages, sent 0
	Terminated by RST: SERVERPROXY -> MITM


clientProxyMITM:
Starting MITM: 31000 -> 31001
Received connection: <socket.socket fd=4, family=AddressFamily.AF_INET, type=SocketKind.SOCK_STREAM, proto=0, laddr=('127.0.0.1', 31000), raddr=('127.0.0.1', 40672)>
Connected to: 127.0.0.1, 31001 using ephemeral port 58320
-> (1800) byte  Source Port: 31000 Target Port: 58320 Timestamp: 2025-09-07 22:53:16.504713
-> (1800) byte  Source Port: 31000 Target Port: 58320 Timestamp: 2025-09-07 22:53:17.008683
-> (1800) byte  Source Port: 31000 Target Port: 58320 Timestamp: 2025-09-07 22:53:17.513005
-> (1800) byte  Source Port: 31000 Target Port: 58320 Timestamp: 2025-09-07 22:53:18.014543
-> (0) byte b'' Source Port: 31000 Target Port: 58320 Timestamp: 2025-09-07 22:53:18.515276
Connection closed from (apparently) out

mainMITM:
Starting MITM: 31002 -> 10086
Received connection: <socket.socket fd=4, family=AddressFamily.AF_INET, type=SocketKind.SOCK_STREAM, proto=0, laddr=('127.0.0.1', 31002), raddr=('127.0.0.1', 40948)>
Connected to: 127.0.0.1, 10086 using ephemeral port 47788
-> (770) byte  Source Port: 31002 Target Port: 47788 Timestamp: 2025-09-07 22:53:14.454759
<- (1646) byte  Source Port: 31002 Target Port: 47788 Timestamp: 2025-09-07 22:53:14.455301
-> (0) byte b'' Source Port: 31002 Target Port: 47788 Timestamp: 2025-09-07 22:53:14.455943
Connection closed from (apparently) out
Received connection: <socket.socket fd=4, family=AddressFamily.AF_INET, type=SocketKind.SOCK_STREAM, proto=0, laddr=('127.0.0.1', 31002), raddr=('127.0.0.1', 40954)>
Connected to: 127.0.0.1, 10086 using ephemeral port 47792
-> (2676) byte  Source Port: 31002 Target Port: 47792 Timestamp: 2025-09-07 22:53:16.507215
<- (5332) byte  Source Port: 31002 Target Port: 47792 Timestamp: 2025-09-07 22:53:16.507935
-> (1448) byte  Source Port: 31002 Target Port: 47792 Timestamp: 2025-09-07 22:53:16.508989
-> (1448) byte  Source Port: 31002 Target Port: 47792 Timestamp: 2025-09-07 22:53:16.519558
-> (52) byte b'4\x03\x80\x94pdWz\xfa\xb2S Z\x8e\xff\xfd\x9dZ\xc0\xd9sc\xe7j\xd60?3"\x85!/\xe9\xae\xddq\xb4W\x14$\x1cy\x84\xa7\xe0o\x00\xf6\x01\xa5\xe2\x8e' Source Port: 31002 Target Port: 47792 Timestamp: 2025-09-07 22:53:16.525742
-> (1448) byte  Source Port: 31002 Target Port: 47792 Timestamp: 2025-09-07 22:53:17.011808
-> (1448) byte  Source Port: 31002 Target Port: 47792 Timestamp: 2025-09-07 22:53:17.013494
-> (124) byte  Source Port: 31002 Target Port: 47792 Timestamp: 2025-09-07 22:53:17.018231
-> (1448) byte  Source Port: 31002 Target Port: 47792 Timestamp: 2025-09-07 22:53:17.513759
-> (1448) byte  Source Port: 31002 Target Port: 47792 Timestamp: 2025-09-07 22:53:17.521399
-> (52) byte b'\x85f_\xcaATJ\xa5\xd8\xc5T\xadqQ\x03\x9c\xf7>cl\x03\x85\xfc\x14\xeaq\\K\xea\x8b53\xf2\xac\xb0\x86&K\xbd\xe9\xdd\xbe>\xaf\xe0\x03\x89\x80(bN)' Source Port: 31002 Target Port: 47792 Timestamp: 2025-09-07 22:53:17.528181
-> (1448) byte  Source Port: 31002 Target Port: 47792 Timestamp: 2025-09-07 22:53:18.016327
-> (805) byte  Source Port: 31002 Target Port: 47792 Timestamp: 2025-09-07 22:53:18.020949
-> (0) byte b'' Source Port: 31002 Target Port: 47792 Timestamp: 2025-09-07 22:53:18.516023
Connection closed from (apparently) out

serverProxyMITM:
Starting MITM: 31003 -> 31004
Received connection: <socket.socket fd=4, family=AddressFamily.AF_INET, type=SocketKind.SOCK_STREAM, proto=0, laddr=('127.0.0.1', 31003), raddr=('127.0.0.1', 54202)>
Connected to: 127.0.0.1, 31004 using ephemeral port 49360
-> (0) byte b'' Source Port: 31003 Target Port: 49360 Timestamp: 2025-09-07 22:53:14.456186
Connection closed from (apparently) out
Received connection: <socket.socket fd=4, family=AddressFamily.AF_INET, type=SocketKind.SOCK_STREAM, proto=0, laddr=('127.0.0.1', 31003), raddr=('127.0.0.1', 54210)>
Connected to: 127.0.0.1, 31004 using ephemeral port 49374
-> (1427) byte  Source Port: 31003 Target Port: 49374 Timestamp: 2025-09-07 22:53:16.509381
-> (373) byte  Source Port: 31003 Target Port: 49374 Timestamp: 2025-09-07 22:53:16.553953
-> (1427) byte  Source Port: 31003 Target Port: 49374 Timestamp: 2025-09-07 22:53:17.013331
-> (373) byte  Source Port: 31003 Target Port: 49374 Timestamp: 2025-09-07 22:53:17.014472
-> (1427) byte  Source Port: 31003 Target Port: 49374 Timestamp: 2025-09-07 22:53:17.514238
-> (373) byte  Source Port: 31003 Target Port: 49374 Timestamp: 2025-09-07 22:53:17.521581
-> (1427) byte  Source Port: 31003 Target Port: 49374 Timestamp: 2025-09-07 22:53:18.017153
-> (373) byte  Source Port: 31003 Target Port: 49374 Timestamp: 2025-09-07 22:53:18.021709
-> (0) byte b'' Source Port: 31003 Target Port: 49374 Timestamp: 2025-09-07 22:53:18.517390
Connection closed from (apparently) out

Client:
time: 2025-09-07 22:53:16.503553, Mode 1 - start experiment
time: 2025-09-07 22:53:16.503667, Iteration: 1
time: 2025-09-07 22:53:16.503761, Sent 1800 byte of A
time: 2025-09-07 22:53:17.008759, Sent 1800 byte of B
time: 2025-09-07 22:53:17.512753, Iteration: 2
time: 2025-09-07 22:53:17.512970, Sent 1800 byte of A
time: 2025-09-07 22:53:18.014672, Sent 1800 byte of B
time: 2025-09-07 22:53:18.515305, Connection closed

Server:
time: 2025-09-07 22:53:16.554190, recv 1800 bytes, last byte content: 65
time: 2025-09-07 22:53:17.058741, recv 1800 bytes, last byte content: 66
time: 2025-09-07 22:53:17.564419, recv 1800 bytes, last byte content: 65
time: 2025-09-07 22:53:18.065378, recv 1800 bytes, last byte content: 66
Completed iteration 2 for mode 1 with msg size 1800 at 20250907-225312
----------------------------------------
Starting iteration 3 for mode 1 with msg size 1800 at 20250907-225320
Results extracted:
Name: Start test ./logs_obfs4_iat1/mode1_size1800.log --no-socks --mode 1 --send-size 1800 --num-messages 2 
	Frames: 362
	Client got: 0 over 0 messages,  sent 7200
	Server got: 7200, over 0 messages, sent 0
	Terminated by RST: MITM -> SERVERPROXY


clientProxyMITM:
Starting MITM: 31000 -> 31001
Received connection: <socket.socket fd=4, family=AddressFamily.AF_INET, type=SocketKind.SOCK_STREAM, proto=0, laddr=('127.0.0.1', 31000), raddr=('127.0.0.1', 36276)>
Connected to: 127.0.0.1, 31001 using ephemeral port 57668
-> (1800) byte  Source Port: 31000 Target Port: 57668 Timestamp: 2025-09-07 22:53:24.905934
-> (1800) byte  Source Port: 31000 Target Port: 57668 Timestamp: 2025-09-07 22:53:25.414428
-> (1800) byte  Source Port: 31000 Target Port: 57668 Timestamp: 2025-09-07 22:53:25.916879
-> (1800) byte  Source Port: 31000 Target Port: 57668 Timestamp: 2025-09-07 22:53:26.426957
-> (0) byte b'' Source Port: 31000 Target Port: 57668 Timestamp: 2025-09-07 22:53:26.929829
Connection closed from (apparently) out

mainMITM:
Starting MITM: 31002 -> 10086
Received connection: <socket.socket fd=4, family=AddressFamily.AF_INET, type=SocketKind.SOCK_STREAM, proto=0, laddr=('127.0.0.1', 31002), raddr=('127.0.0.1', 42436)>
Connected to: 127.0.0.1, 10086 using ephemeral port 55188
-> (6268) byte  Source Port: 31002 Target Port: 55188 Timestamp: 2025-09-07 22:53:22.853326
<- (3361) byte  Source Port: 31002 Target Port: 55188 Timestamp: 2025-09-07 22:53:22.853840
-> (0) byte b'' Source Port: 31002 Target Port: 55188 Timestamp: 2025-09-07 22:53:22.854518
Connection closed from (apparently) out
Received connection: <socket.socket fd=4, family=AddressFamily.AF_INET, type=SocketKind.SOCK_STREAM, proto=0, laddr=('127.0.0.1', 31002), raddr=('127.0.0.1', 42440)>
Connected to: 127.0.0.1, 10086 using ephemeral port 55204
-> (7008) byte  Source Port: 31002 Target Port: 55204 Timestamp: 2025-09-07 22:53:24.909302
<- (7538) byte  Source Port: 31002 Target Port: 55204 Timestamp: 2025-09-07 22:53:24.910247
-> (1448) byte  Source Port: 31002 Target Port: 55204 Timestamp: 2025-09-07 22:53:24.911310
-> (829) byte  Source Port: 31002 Target Port: 55204 Timestamp: 2025-09-07 22:53:24.921311
-> (1448) byte  Source Port: 31002 Target Port: 55204 Timestamp: 2025-09-07 22:53:25.415623
-> (603) byte  Source Port: 31002 Target Port: 55204 Timestamp: 2025-09-07 22:53:25.423753
-> (1448) byte  Source Port: 31002 Target Port: 55204 Timestamp: 2025-09-07 22:53:25.918787
-> (1448) byte  Source Port: 31002 Target Port: 55204 Timestamp: 2025-09-07 22:53:25.919976
-> (303) byte  Source Port: 31002 Target Port: 55204 Timestamp: 2025-09-07 22:53:25.923388
-> (1448) byte  Source Port: 31002 Target Port: 55204 Timestamp: 2025-09-07 22:53:26.429368
-> (1307) byte  Source Port: 31002 Target Port: 55204 Timestamp: 2025-09-07 22:53:26.433681
-> (0) byte b'' Source Port: 31002 Target Port: 55204 Timestamp: 2025-09-07 22:53:26.934248
Connection closed from (apparently) out

serverProxyMITM:
Starting MITM: 31003 -> 31004
Received connection: <socket.socket fd=4, family=AddressFamily.AF_INET, type=SocketKind.SOCK_STREAM, proto=0, laddr=('127.0.0.1', 31003), raddr=('127.0.0.1', 54584)>
Connected to: 127.0.0.1, 31004 using ephemeral port 36938
-> (0) byte b'' Source Port: 31003 Target Port: 36938 Timestamp: 2025-09-07 22:53:22.854826
Connection closed from (apparently) out
Received connection: <socket.socket fd=4, family=AddressFamily.AF_INET, type=SocketKind.SOCK_STREAM, proto=0, laddr=('127.0.0.1', 31003), raddr=('127.0.0.1', 54588)>
Connected to: 127.0.0.1, 31004 using ephemeral port 36950
-> (1427) byte  Source Port: 31003 Target Port: 36950 Timestamp: 2025-09-07 22:53:24.911649
-> (373) byte  Source Port: 31003 Target Port: 36950 Timestamp: 2025-09-07 22:53:24.959986
-> (1427) byte  Source Port: 31003 Target Port: 36950 Timestamp: 2025-09-07 22:53:25.416430
-> (373) byte  Source Port: 31003 Target Port: 36950 Timestamp: 2025-09-07 22:53:25.424578
-> (1427) byte  Source Port: 31003 Target Port: 36950 Timestamp: 2025-09-07 22:53:25.919798
-> (373) byte  Source Port: 31003 Target Port: 36950 Timestamp: 2025-09-07 22:53:25.920493
-> (1427) byte  Source Port: 31003 Target Port: 36950 Timestamp: 2025-09-07 22:53:26.430523
-> (373) byte  Source Port: 31003 Target Port: 36950 Timestamp: 2025-09-07 22:53:26.434272
-> (0) byte b'' Source Port: 31003 Target Port: 36950 Timestamp: 2025-09-07 22:53:26.935893
Connection closed from (apparently) out

Client:
time: 2025-09-07 22:53:24.905000, Mode 1 - start experiment
time: 2025-09-07 22:53:24.905270, Iteration: 1
time: 2025-09-07 22:53:24.905446, Sent 1800 byte of A
time: 2025-09-07 22:53:25.414419, Sent 1800 byte of B
time: 2025-09-07 22:53:25.916155, Iteration: 2
time: 2025-09-07 22:53:25.916774, Sent 1800 byte of A
time: 2025-09-07 22:53:26.426964, Sent 1800 byte of B
time: 2025-09-07 22:53:26.930363, Connection closed

Server:
time: 2025-09-07 22:53:24.960362, recv 1800 bytes, last byte content: 65
time: 2025-09-07 22:53:25.465659, recv 1800 bytes, last byte content: 66
time: 2025-09-07 22:53:25.970266, recv 1800 bytes, last byte content: 65
time: 2025-09-07 22:53:26.473633, recv 1800 bytes, last byte content: 66
Completed iteration 3 for mode 1 with msg size 1800 at 20250907-225320
----------------------------------------
Starting iteration 4 for mode 1 with msg size 1800 at 20250907-225329
Results extracted:
Name: Start test ./logs_obfs4_iat1/mode1_size1800.log --no-socks --mode 1 --send-size 1800 --num-messages 2 
	Frames: 369
	Client got: 0 over 0 messages,  sent 7200
	Server got: 7200, over 0 messages, sent 0
	Terminated by RST: SERVERPROXY -> MITM


clientProxyMITM:
Starting MITM: 31000 -> 31001
Received connection: <socket.socket fd=4, family=AddressFamily.AF_INET, type=SocketKind.SOCK_STREAM, proto=0, laddr=('127.0.0.1', 31000), raddr=('127.0.0.1', 34268)>
Connected to: 127.0.0.1, 31001 using ephemeral port 45138
-> (1800) byte  Source Port: 31000 Target Port: 45138 Timestamp: 2025-09-07 22:53:33.342100
-> (1800) byte  Source Port: 31000 Target Port: 45138 Timestamp: 2025-09-07 22:53:33.841758
-> (1800) byte  Source Port: 31000 Target Port: 45138 Timestamp: 2025-09-07 22:53:34.343917
-> (1800) byte  Source Port: 31000 Target Port: 45138 Timestamp: 2025-09-07 22:53:34.846760
-> (0) byte b'' Source Port: 31000 Target Port: 45138 Timestamp: 2025-09-07 22:53:35.357810
Connection closed from (apparently) out

mainMITM:
Starting MITM: 31002 -> 10086
Received connection: <socket.socket fd=4, family=AddressFamily.AF_INET, type=SocketKind.SOCK_STREAM, proto=0, laddr=('127.0.0.1', 31002), raddr=('127.0.0.1', 42972)>
Connected to: 127.0.0.1, 10086 using ephemeral port 44516
-> (3666) byte  Source Port: 31002 Target Port: 44516 Timestamp: 2025-09-07 22:53:31.281529
<- (2176) byte  Source Port: 31002 Target Port: 44516 Timestamp: 2025-09-07 22:53:31.282021
-> (0) byte b'' Source Port: 31002 Target Port: 44516 Timestamp: 2025-09-07 22:53:31.282615
Connection closed from (apparently) out
Received connection: <socket.socket fd=4, family=AddressFamily.AF_INET, type=SocketKind.SOCK_STREAM, proto=0, laddr=('127.0.0.1', 31002), raddr=('127.0.0.1', 42982)>
Connected to: 127.0.0.1, 10086 using ephemeral port 44528
-> (1543) byte  Source Port: 31002 Target Port: 44528 Timestamp: 2025-09-07 22:53:33.343915
<- (1217) byte  Source Port: 31002 Target Port: 44528 Timestamp: 2025-09-07 22:53:33.344813
-> (1448) byte  Source Port: 31002 Target Port: 44528 Timestamp: 2025-09-07 22:53:33.345901
-> (1333) byte  Source Port: 31002 Target Port: 44528 Timestamp: 2025-09-07 22:53:33.348352
-> (1448) byte  Source Port: 31002 Target Port: 44528 Timestamp: 2025-09-07 22:53:33.844604
-> (697) byte  Source Port: 31002 Target Port: 44528 Timestamp: 2025-09-07 22:53:33.848134
-> (1448) byte  Source Port: 31002 Target Port: 44528 Timestamp: 2025-09-07 22:53:34.345392
-> (1227) byte  Source Port: 31002 Target Port: 44528 Timestamp: 2025-09-07 22:53:34.353294
-> (1448) byte  Source Port: 31002 Target Port: 44528 Timestamp: 2025-09-07 22:53:34.849181
-> (1050) byte  Source Port: 31002 Target Port: 44528 Timestamp: 2025-09-07 22:53:34.850417
-> (0) byte b'' Source Port: 31002 Target Port: 44528 Timestamp: 2025-09-07 22:53:35.360557
Connection closed from (apparently) out

serverProxyMITM:
Starting MITM: 31003 -> 31004
Received connection: <socket.socket fd=4, family=AddressFamily.AF_INET, type=SocketKind.SOCK_STREAM, proto=0, laddr=('127.0.0.1', 31003), raddr=('127.0.0.1', 52890)>
Connected to: 127.0.0.1, 31004 using ephemeral port 51132
-> (0) byte b'' Source Port: 31003 Target Port: 51132 Timestamp: 2025-09-07 22:53:31.282829
Connection closed from (apparently) out
Received connection: <socket.socket fd=4, family=AddressFamily.AF_INET, type=SocketKind.SOCK_STREAM, proto=0, laddr=('127.0.0.1', 31003), raddr=('127.0.0.1', 52892)>
Connected to: 127.0.0.1, 31004 using ephemeral port 51142
-> (1427) byte  Source Port: 31003 Target Port: 51142 Timestamp: 2025-09-07 22:53:33.346229
-> (373) byte  Source Port: 31003 Target Port: 51142 Timestamp: 2025-09-07 22:53:33.395946
-> (1427) byte  Source Port: 31003 Target Port: 51142 Timestamp: 2025-09-07 22:53:33.845633
-> (373) byte  Source Port: 31003 Target Port: 51142 Timestamp: 2025-09-07 22:53:33.848773
-> (1427) byte  Source Port: 31003 Target Port: 51142 Timestamp: 2025-09-07 22:53:34.346722
-> (373) byte  Source Port: 31003 Target Port: 51142 Timestamp: 2025-09-07 22:53:34.353717
-> (1427) byte  Source Port: 31003 Target Port: 51142 Timestamp: 2025-09-07 22:53:34.850169
-> (373) byte  Source Port: 31003 Target Port: 51142 Timestamp: 2025-09-07 22:53:34.850977
-> (0) byte b'' Source Port: 31003 Target Port: 51142 Timestamp: 2025-09-07 22:53:35.362357
Connection closed from (apparently) out

Client:
time: 2025-09-07 22:53:33.340172, Mode 1 - start experiment
time: 2025-09-07 22:53:33.340333, Iteration: 1
time: 2025-09-07 22:53:33.340450, Sent 1800 byte of A
time: 2025-09-07 22:53:33.841801, Sent 1800 byte of B
time: 2025-09-07 22:53:34.343369, Iteration: 2
time: 2025-09-07 22:53:34.343826, Sent 1800 byte of A
time: 2025-09-07 22:53:34.846881, Sent 1800 byte of B
time: 2025-09-07 22:53:35.357960, Connection closed

Server:
time: 2025-09-07 22:53:33.396201, recv 1800 bytes, last byte content: 65
time: 2025-09-07 22:53:33.903615, recv 1800 bytes, last byte content: 66
time: 2025-09-07 22:53:34.409903, recv 1800 bytes, last byte content: 65
time: 2025-09-07 22:53:34.915991, recv 1800 bytes, last byte content: 66
Completed iteration 4 for mode 1 with msg size 1800 at 20250907-225329
----------------------------------------
Starting iteration 5 for mode 1 with msg size 1800 at 20250907-225337
Results extracted:
Name: Start test ./logs_obfs4_iat1/mode1_size1800.log --no-socks --mode 1 --send-size 1800 --num-messages 2 
	Frames: 371
	Client got: 0 over 0 messages,  sent 7200
	Server got: 7200, over 0 messages, sent 0
	Terminated by RST: SERVERPROXY -> MITM


clientProxyMITM:
Starting MITM: 31000 -> 31001
Received connection: <socket.socket fd=4, family=AddressFamily.AF_INET, type=SocketKind.SOCK_STREAM, proto=0, laddr=('127.0.0.1', 31000), raddr=('127.0.0.1', 42094)>
Connected to: 127.0.0.1, 31001 using ephemeral port 51484
-> (1800) byte  Source Port: 31000 Target Port: 51484 Timestamp: 2025-09-07 22:53:41.778624
-> (1800) byte  Source Port: 31000 Target Port: 51484 Timestamp: 2025-09-07 22:53:42.288675
-> (1800) byte  Source Port: 31000 Target Port: 51484 Timestamp: 2025-09-07 22:53:42.799670
-> (1800) byte  Source Port: 31000 Target Port: 51484 Timestamp: 2025-09-07 22:53:43.303852
-> (0) byte b'' Source Port: 31000 Target Port: 51484 Timestamp: 2025-09-07 22:53:43.806894
Connection closed from (apparently) out

mainMITM:
Starting MITM: 31002 -> 10086
Received connection: <socket.socket fd=4, family=AddressFamily.AF_INET, type=SocketKind.SOCK_STREAM, proto=0, laddr=('127.0.0.1', 31002), raddr=('127.0.0.1', 60480)>
Connected to: 127.0.0.1, 10086 using ephemeral port 42098
-> (1783) byte  Source Port: 31002 Target Port: 42098 Timestamp: 2025-09-07 22:53:39.723114
<- (3741) byte  Source Port: 31002 Target Port: 42098 Timestamp: 2025-09-07 22:53:39.723636
-> (0) byte b'' Source Port: 31002 Target Port: 42098 Timestamp: 2025-09-07 22:53:39.724458
Connection closed from (apparently) out
Received connection: <socket.socket fd=4, family=AddressFamily.AF_INET, type=SocketKind.SOCK_STREAM, proto=0, laddr=('127.0.0.1', 31002), raddr=('127.0.0.1', 60484)>
Connected to: 127.0.0.1, 10086 using ephemeral port 42112
-> (203) byte  Source Port: 31002 Target Port: 42112 Timestamp: 2025-09-07 22:53:41.781603
<- (3758) byte  Source Port: 31002 Target Port: 42112 Timestamp: 2025-09-07 22:53:41.782631
-> (1448) byte  Source Port: 31002 Target Port: 42112 Timestamp: 2025-09-07 22:53:41.783780
-> (1448) byte  Source Port: 31002 Target Port: 42112 Timestamp: 2025-09-07 22:53:41.787366
-> (273) byte  Source Port: 31002 Target Port: 42112 Timestamp: 2025-09-07 22:53:41.790547
-> (1448) byte  Source Port: 31002 Target Port: 42112 Timestamp: 2025-09-07 22:53:42.289884
-> (1008) byte  Source Port: 31002 Target Port: 42112 Timestamp: 2025-09-07 22:53:42.291353
-> (1448) byte  Source Port: 31002 Target Port: 42112 Timestamp: 2025-09-07 22:53:42.801497
-> (1448) byte  Source Port: 31002 Target Port: 42112 Timestamp: 2025-09-07 22:53:42.805001
-> (364) byte  Source Port: 31002 Target Port: 42112 Timestamp: 2025-09-07 22:53:42.810576
-> (1448) byte  Source Port: 31002 Target Port: 42112 Timestamp: 2025-09-07 22:53:43.306231
-> (648) byte  Source Port: 31002 Target Port: 42112 Timestamp: 2025-09-07 22:53:43.316732
-> (0) byte b'' Source Port: 31002 Target Port: 42112 Timestamp: 2025-09-07 22:53:43.809535
Connection closed from (apparently) out

serverProxyMITM:
Starting MITM: 31003 -> 31004
Received connection: <socket.socket fd=4, family=AddressFamily.AF_INET, type=SocketKind.SOCK_STREAM, proto=0, laddr=('127.0.0.1', 31003), raddr=('127.0.0.1', 32852)>
Connected to: 127.0.0.1, 31004 using ephemeral port 38778
-> (0) byte b'' Source Port: 31003 Target Port: 38778 Timestamp: 2025-09-07 22:53:39.724684
Connection closed from (apparently) out
Received connection: <socket.socket fd=4, family=AddressFamily.AF_INET, type=SocketKind.SOCK_STREAM, proto=0, laddr=('127.0.0.1', 31003), raddr=('127.0.0.1', 32858)>
Connected to: 127.0.0.1, 31004 using ephemeral port 38792
-> (1427) byte  Source Port: 31003 Target Port: 38792 Timestamp: 2025-09-07 22:53:41.784166
-> (373) byte  Source Port: 31003 Target Port: 38792 Timestamp: 2025-09-07 22:53:41.827453
-> (1427) byte  Source Port: 31003 Target Port: 38792 Timestamp: 2025-09-07 22:53:42.290858
-> (373) byte  Source Port: 31003 Target Port: 38792 Timestamp: 2025-09-07 22:53:42.291769
-> (1427) byte  Source Port: 31003 Target Port: 38792 Timestamp: 2025-09-07 22:53:42.802482
-> (373) byte  Source Port: 31003 Target Port: 38792 Timestamp: 2025-09-07 22:53:42.806200
-> (1427) byte  Source Port: 31003 Target Port: 38792 Timestamp: 2025-09-07 22:53:43.307279
-> (373) byte  Source Port: 31003 Target Port: 38792 Timestamp: 2025-09-07 22:53:43.318527
-> (0) byte b'' Source Port: 31003 Target Port: 38792 Timestamp: 2025-09-07 22:53:43.810903
Connection closed from (apparently) out

Client:
time: 2025-09-07 22:53:41.777947, Mode 1 - start experiment
time: 2025-09-07 22:53:41.778187, Iteration: 1
time: 2025-09-07 22:53:41.778328, Sent 1800 byte of A
time: 2025-09-07 22:53:42.288784, Sent 1800 byte of B
time: 2025-09-07 22:53:42.798990, Iteration: 2
time: 2025-09-07 22:53:42.799572, Sent 1800 byte of A
time: 2025-09-07 22:53:43.304260, Sent 1800 byte of B
time: 2025-09-07 22:53:43.806948, Connection closed

Server:
time: 2025-09-07 22:53:41.827732, recv 1800 bytes, last byte content: 65
time: 2025-09-07 22:53:42.336743, recv 1800 bytes, last byte content: 66
time: 2025-09-07 22:53:42.840462, recv 1800 bytes, last byte content: 65
time: 2025-09-07 22:53:43.347558, recv 1800 bytes, last byte content: 66
Completed iteration 5 for mode 1 with msg size 1800 at 20250907-225337
----------------------------------------
Starting iteration 6 for mode 1 with msg size 1800 at 20250907-225345
Results extracted:
Name: Start test ./logs_obfs4_iat1/mode1_size1800.log --no-socks --mode 1 --send-size 1800 --num-messages 2 
	Frames: 385
	Client got: 0 over 0 messages,  sent 7200
	Server got: 7200, over 0 messages, sent 0
	Terminated by RST: SERVERPROXY -> MITM


clientProxyMITM:
Starting MITM: 31000 -> 31001
Received connection: <socket.socket fd=4, family=AddressFamily.AF_INET, type=SocketKind.SOCK_STREAM, proto=0, laddr=('127.0.0.1', 31000), raddr=('127.0.0.1', 56138)>
Connected to: 127.0.0.1, 31001 using ephemeral port 38452
-> (1800) byte  Source Port: 31000 Target Port: 38452 Timestamp: 2025-09-07 22:53:50.213210
-> (1800) byte  Source Port: 31000 Target Port: 38452 Timestamp: 2025-09-07 22:53:50.712837
-> (1800) byte  Source Port: 31000 Target Port: 38452 Timestamp: 2025-09-07 22:53:51.213554
-> (1800) byte  Source Port: 31000 Target Port: 38452 Timestamp: 2025-09-07 22:53:51.714719
-> (0) byte b'' Source Port: 31000 Target Port: 38452 Timestamp: 2025-09-07 22:53:52.222631
Connection closed from (apparently) out

mainMITM:
Starting MITM: 31002 -> 10086
Received connection: <socket.socket fd=4, family=AddressFamily.AF_INET, type=SocketKind.SOCK_STREAM, proto=0, laddr=('127.0.0.1', 31002), raddr=('127.0.0.1', 60490)>
Connected to: 127.0.0.1, 10086 using ephemeral port 42130
-> (4316) byte  Source Port: 31002 Target Port: 42130 Timestamp: 2025-09-07 22:53:48.149346
<- (4354) byte  Source Port: 31002 Target Port: 42130 Timestamp: 2025-09-07 22:53:48.150184
-> (0) byte b'' Source Port: 31002 Target Port: 42130 Timestamp: 2025-09-07 22:53:48.150979
Connection closed from (apparently) out
Received connection: <socket.socket fd=4, family=AddressFamily.AF_INET, type=SocketKind.SOCK_STREAM, proto=0, laddr=('127.0.0.1', 31002), raddr=('127.0.0.1', 46156)>
Connected to: 127.0.0.1, 10086 using ephemeral port 54606
-> (7768) byte  Source Port: 31002 Target Port: 54606 Timestamp: 2025-09-07 22:53:50.216119
<- (2128) byte  Source Port: 31002 Target Port: 54606 Timestamp: 2025-09-07 22:53:50.216912
-> (1448) byte  Source Port: 31002 Target Port: 54606 Timestamp: 2025-09-07 22:53:50.217990
-> (1448) byte  Source Port: 31002 Target Port: 54606 Timestamp: 2025-09-07 22:53:50.225305
-> (16) byte b'|\xb6\x12\x9c\xd43\xe0\x8d\xac~\xfa<\x1f\xaa\xd9\xb3' Source Port: 31002 Target Port: 54606 Timestamp: 2025-09-07 22:53:50.226448
-> (1448) byte  Source Port: 31002 Target Port: 54606 Timestamp: 2025-09-07 22:53:50.714780
-> (576) byte  Source Port: 31002 Target Port: 54606 Timestamp: 2025-09-07 22:53:50.719099
-> (1448) byte  Source Port: 31002 Target Port: 54606 Timestamp: 2025-09-07 22:53:51.214328
-> (869) byte  Source Port: 31002 Target Port: 54606 Timestamp: 2025-09-07 22:53:51.218696
-> (1448) byte  Source Port: 31002 Target Port: 54606 Timestamp: 2025-09-07 22:53:51.716525
-> (691) byte  Source Port: 31002 Target Port: 54606 Timestamp: 2025-09-07 22:53:51.724268
-> (0) byte b'' Source Port: 31002 Target Port: 54606 Timestamp: 2025-09-07 22:53:52.228373
Connection closed from (apparently) out

serverProxyMITM:
Starting MITM: 31003 -> 31004
Received connection: <socket.socket fd=4, family=AddressFamily.AF_INET, type=SocketKind.SOCK_STREAM, proto=0, laddr=('127.0.0.1', 31003), raddr=('127.0.0.1', 32860)>
Connected to: 127.0.0.1, 31004 using ephemeral port 38808
-> (0) byte b'' Source Port: 31003 Target Port: 38808 Timestamp: 2025-09-07 22:53:48.151488
Connection closed from (apparently) out
Received connection: <socket.socket fd=4, family=AddressFamily.AF_INET, type=SocketKind.SOCK_STREAM, proto=0, laddr=('127.0.0.1', 31003), raddr=('127.0.0.1', 36874)>
Connected to: 127.0.0.1, 31004 using ephemeral port 51236
-> (1427) byte  Source Port: 31003 Target Port: 51236 Timestamp: 2025-09-07 22:53:50.218485
-> (373) byte  Source Port: 31003 Target Port: 51236 Timestamp: 2025-09-07 22:53:50.264784
-> (1427) byte  Source Port: 31003 Target Port: 51236 Timestamp: 2025-09-07 22:53:50.715442
-> (373) byte  Source Port: 31003 Target Port: 51236 Timestamp: 2025-09-07 22:53:50.719503
-> (1427) byte  Source Port: 31003 Target Port: 51236 Timestamp: 2025-09-07 22:53:51.214758
-> (373) byte  Source Port: 31003 Target Port: 51236 Timestamp: 2025-09-07 22:53:51.218963
-> (1427) byte  Source Port: 31003 Target Port: 51236 Timestamp: 2025-09-07 22:53:51.717521
-> (373) byte  Source Port: 31003 Target Port: 51236 Timestamp: 2025-09-07 22:53:51.724881
-> (0) byte b'' Source Port: 31003 Target Port: 51236 Timestamp: 2025-09-07 22:53:52.230340
Connection closed from (apparently) out

Client:
time: 2025-09-07 22:53:50.211517, Mode 1 - start experiment
time: 2025-09-07 22:53:50.211732, Iteration: 1
time: 2025-09-07 22:53:50.211957, Sent 1800 byte of A
time: 2025-09-07 22:53:50.712846, Sent 1800 byte of B
time: 2025-09-07 22:53:51.213288, Iteration: 2
time: 2025-09-07 22:53:51.213481, Sent 1800 byte of A
time: 2025-09-07 22:53:51.714871, Sent 1800 byte of B
time: 2025-09-07 22:53:52.222755, Connection closed

Server:
time: 2025-09-07 22:53:50.264998, recv 1800 bytes, last byte content: 65
time: 2025-09-07 22:53:50.775482, recv 1800 bytes, last byte content: 66
time: 2025-09-07 22:53:51.277452, recv 1800 bytes, last byte content: 65
time: 2025-09-07 22:53:51.782417, recv 1800 bytes, last byte content: 66
Completed iteration 6 for mode 1 with msg size 1800 at 20250907-225345
----------------------------------------
Starting iteration 7 for mode 1 with msg size 1800 at 20250907-225354
Results extracted:
Name: Start test ./logs_obfs4_iat1/mode1_size1800.log --no-socks --mode 1 --send-size 1800 --num-messages 2 
	Frames: 369
	Client got: 0 over 0 messages,  sent 7200
	Server got: 7200, over 0 messages, sent 0
	Terminated by RST: SERVERPROXY -> MITM


clientProxyMITM:
Starting MITM: 31000 -> 31001
Received connection: <socket.socket fd=4, family=AddressFamily.AF_INET, type=SocketKind.SOCK_STREAM, proto=0, laddr=('127.0.0.1', 31000), raddr=('127.0.0.1', 56150)>
Connected to: 127.0.0.1, 31001 using ephemeral port 38496
-> (1800) byte  Source Port: 31000 Target Port: 38496 Timestamp: 2025-09-07 22:53:58.621553
-> (1800) byte  Source Port: 31000 Target Port: 38496 Timestamp: 2025-09-07 22:53:59.130513
-> (1800) byte  Source Port: 31000 Target Port: 38496 Timestamp: 2025-09-07 22:53:59.638412
-> (1800) byte  Source Port: 31000 Target Port: 38496 Timestamp: 2025-09-07 22:54:00.148812
-> (0) byte b'' Source Port: 31000 Target Port: 38496 Timestamp: 2025-09-07 22:54:00.656867
Connection closed from (apparently) out

mainMITM:
Starting MITM: 31002 -> 10086
Received connection: <socket.socket fd=4, family=AddressFamily.AF_INET, type=SocketKind.SOCK_STREAM, proto=0, laddr=('127.0.0.1', 31002), raddr=('127.0.0.1', 46170)>
Connected to: 127.0.0.1, 10086 using ephemeral port 54626
-> (7512) byte  Source Port: 31002 Target Port: 54626 Timestamp: 2025-09-07 22:53:56.585705
<- (5643) byte  Source Port: 31002 Target Port: 54626 Timestamp: 2025-09-07 22:53:56.586311
-> (0) byte b'' Source Port: 31002 Target Port: 54626 Timestamp: 2025-09-07 22:53:56.586984
Connection closed from (apparently) out
Received connection: <socket.socket fd=4, family=AddressFamily.AF_INET, type=SocketKind.SOCK_STREAM, proto=0, laddr=('127.0.0.1', 31002), raddr=('127.0.0.1', 46178)>
Connected to: 127.0.0.1, 10086 using ephemeral port 54642
-> (531) byte  Source Port: 31002 Target Port: 54642 Timestamp: 2025-09-07 22:53:58.623876
<- (5466) byte  Source Port: 31002 Target Port: 54642 Timestamp: 2025-09-07 22:53:58.625137
-> (1448) byte  Source Port: 31002 Target Port: 54642 Timestamp: 2025-09-07 22:53:58.626300
-> (1448) byte  Source Port: 31002 Target Port: 54642 Timestamp: 2025-09-07 22:53:58.632732
-> (200) byte  Source Port: 31002 Target Port: 54642 Timestamp: 2025-09-07 22:53:58.640134
-> (1448) byte  Source Port: 31002 Target Port: 54642 Timestamp: 2025-09-07 22:53:59.132398
-> (509) byte  Source Port: 31002 Target Port: 54642 Timestamp: 2025-09-07 22:53:59.138628
-> (1448) byte  Source Port: 31002 Target Port: 54642 Timestamp: 2025-09-07 22:53:59.640420
-> (892) byte  Source Port: 31002 Target Port: 54642 Timestamp: 2025-09-07 22:53:59.642993
-> (1448) byte  Source Port: 31002 Target Port: 54642 Timestamp: 2025-09-07 22:54:00.150122
-> (1448) byte  Source Port: 31002 Target Port: 54642 Timestamp: 2025-09-07 22:54:00.158988
-> (319) byte  Source Port: 31002 Target Port: 54642 Timestamp: 2025-09-07 22:54:00.160509
-> (0) byte b'' Source Port: 31002 Target Port: 54642 Timestamp: 2025-09-07 22:54:00.659381
Connection closed from (apparently) out

serverProxyMITM:
Starting MITM: 31003 -> 31004
Received connection: <socket.socket fd=4, family=AddressFamily.AF_INET, type=SocketKind.SOCK_STREAM, proto=0, laddr=('127.0.0.1', 31003), raddr=('127.0.0.1', 36880)>
Connected to: 127.0.0.1, 31004 using ephemeral port 51240
-> (0) byte b'' Source Port: 31003 Target Port: 51240 Timestamp: 2025-09-07 22:53:56.587304
Connection closed from (apparently) out
Received connection: <socket.socket fd=4, family=AddressFamily.AF_INET, type=SocketKind.SOCK_STREAM, proto=0, laddr=('127.0.0.1', 31003), raddr=('127.0.0.1', 36882)>
Connected to: 127.0.0.1, 31004 using ephemeral port 51256
-> (1427) byte  Source Port: 31003 Target Port: 51256 Timestamp: 2025-09-07 22:53:58.626604
-> (373) byte  Source Port: 31003 Target Port: 51256 Timestamp: 2025-09-07 22:53:58.670159
-> (1427) byte  Source Port: 31003 Target Port: 51256 Timestamp: 2025-09-07 22:53:59.133586
-> (373) byte  Source Port: 31003 Target Port: 51256 Timestamp: 2025-09-07 22:53:59.139433
-> (1427) byte  Source Port: 31003 Target Port: 51256 Timestamp: 2025-09-07 22:53:59.641404
-> (373) byte  Source Port: 31003 Target Port: 51256 Timestamp: 2025-09-07 22:53:59.643776
-> (1427) byte  Source Port: 31003 Target Port: 51256 Timestamp: 2025-09-07 22:54:00.150699
-> (373) byte  Source Port: 31003 Target Port: 51256 Timestamp: 2025-09-07 22:54:00.159663
-> (0) byte b'' Source Port: 31003 Target Port: 51256 Timestamp: 2025-09-07 22:54:00.660535
Connection closed from (apparently) out

Client:
time: 2025-09-07 22:53:58.621092, Mode 1 - start experiment
time: 2025-09-07 22:53:58.621199, Iteration: 1
time: 2025-09-07 22:53:58.621273, Sent 1800 byte of A
time: 2025-09-07 22:53:59.130673, Sent 1800 byte of B
time: 2025-09-07 22:53:59.637599, Iteration: 2
time: 2025-09-07 22:53:59.638274, Sent 1800 byte of A
time: 2025-09-07 22:54:00.148984, Sent 1800 byte of B
time: 2025-09-07 22:54:00.656913, Connection closed

Server:
time: 2025-09-07 22:53:58.670352, recv 1800 bytes, last byte content: 65
time: 2025-09-07 22:53:59.177766, recv 1800 bytes, last byte content: 66
time: 2025-09-07 22:53:59.686589, recv 1800 bytes, last byte content: 65
time: 2025-09-07 22:54:00.197659, recv 1800 bytes, last byte content: 66
Completed iteration 7 for mode 1 with msg size 1800 at 20250907-225354
----------------------------------------
Starting iteration 8 for mode 1 with msg size 1800 at 20250907-225402
Results extracted:
Name: Start test ./logs_obfs4_iat1/mode1_size1800.log --no-socks --mode 1 --send-size 1800 --num-messages 2 
	Frames: 363
	Client got: 0 over 0 messages,  sent 7200
	Server got: 7200, over 0 messages, sent 0
	Terminated by RST: SERVERPROXY -> MITM


clientProxyMITM:
Starting MITM: 31000 -> 31001
Received connection: <socket.socket fd=4, family=AddressFamily.AF_INET, type=SocketKind.SOCK_STREAM, proto=0, laddr=('127.0.0.1', 31000), raddr=('127.0.0.1', 59154)>
Connected to: 127.0.0.1, 31001 using ephemeral port 48758
-> (1800) byte  Source Port: 31000 Target Port: 48758 Timestamp: 2025-09-07 22:54:07.049950
-> (1800) byte  Source Port: 31000 Target Port: 48758 Timestamp: 2025-09-07 22:54:07.550944
-> (1800) byte  Source Port: 31000 Target Port: 48758 Timestamp: 2025-09-07 22:54:08.062597
-> (1800) byte  Source Port: 31000 Target Port: 48758 Timestamp: 2025-09-07 22:54:08.563593
-> (0) byte b'' Source Port: 31000 Target Port: 48758 Timestamp: 2025-09-07 22:54:09.068578
Connection closed from (apparently) out

mainMITM:
Starting MITM: 31002 -> 10086
Received connection: <socket.socket fd=4, family=AddressFamily.AF_INET, type=SocketKind.SOCK_STREAM, proto=0, laddr=('127.0.0.1', 31002), raddr=('127.0.0.1', 38110)>
Connected to: 127.0.0.1, 10086 using ephemeral port 56802
-> (1081) byte  Source Port: 31002 Target Port: 56802 Timestamp: 2025-09-07 22:54:04.997607
<- (518) byte  Source Port: 31002 Target Port: 56802 Timestamp: 2025-09-07 22:54:04.997964
-> (0) byte b'' Source Port: 31002 Target Port: 56802 Timestamp: 2025-09-07 22:54:04.998516
Connection closed from (apparently) out
Received connection: <socket.socket fd=4, family=AddressFamily.AF_INET, type=SocketKind.SOCK_STREAM, proto=0, laddr=('127.0.0.1', 31002), raddr=('127.0.0.1', 38122)>
Connected to: 127.0.0.1, 10086 using ephemeral port 56814
-> (3602) byte  Source Port: 31002 Target Port: 56814 Timestamp: 2025-09-07 22:54:07.052789
<- (399) byte  Source Port: 31002 Target Port: 56814 Timestamp: 2025-09-07 22:54:07.053788
-> (1448) byte  Source Port: 31002 Target Port: 56814 Timestamp: 2025-09-07 22:54:07.054804
-> (1219) byte  Source Port: 31002 Target Port: 56814 Timestamp: 2025-09-07 22:54:07.056000
-> (2060) byte  Source Port: 31002 Target Port: 56814 Timestamp: 2025-09-07 22:54:07.551813
-> (1448) byte  Source Port: 31002 Target Port: 56814 Timestamp: 2025-09-07 22:54:08.064686
-> (450) byte  Source Port: 31002 Target Port: 56814 Timestamp: 2025-09-07 22:54:08.073683
-> (1448) byte  Source Port: 31002 Target Port: 56814 Timestamp: 2025-09-07 22:54:08.565114
-> (1172) byte  Source Port: 31002 Target Port: 56814 Timestamp: 2025-09-07 22:54:08.567981
-> (0) byte b'' Source Port: 31002 Target Port: 56814 Timestamp: 2025-09-07 22:54:09.071161
Connection closed from (apparently) out

serverProxyMITM:
Starting MITM: 31003 -> 31004
Received connection: <socket.socket fd=4, family=AddressFamily.AF_INET, type=SocketKind.SOCK_STREAM, proto=0, laddr=('127.0.0.1', 31003), raddr=('127.0.0.1', 58540)>
Connected to: 127.0.0.1, 31004 using ephemeral port 38334
-> (0) byte b'' Source Port: 31003 Target Port: 38334 Timestamp: 2025-09-07 22:54:04.998666
Connection closed from (apparently) out
Received connection: <socket.socket fd=4, family=AddressFamily.AF_INET, type=SocketKind.SOCK_STREAM, proto=0, laddr=('127.0.0.1', 31003), raddr=('127.0.0.1', 58542)>
Connected to: 127.0.0.1, 31004 using ephemeral port 38348
-> (1427) byte  Source Port: 31003 Target Port: 38348 Timestamp: 2025-09-07 22:54:07.055206
-> (373) byte  Source Port: 31003 Target Port: 38348 Timestamp: 2025-09-07 22:54:07.104751
-> (1800) byte  Source Port: 31003 Target Port: 38348 Timestamp: 2025-09-07 22:54:07.552148
-> (1427) byte  Source Port: 31003 Target Port: 38348 Timestamp: 2025-09-07 22:54:08.065859
-> (373) byte  Source Port: 31003 Target Port: 38348 Timestamp: 2025-09-07 22:54:08.074441
-> (1427) byte  Source Port: 31003 Target Port: 38348 Timestamp: 2025-09-07 22:54:08.565939
-> (373) byte  Source Port: 31003 Target Port: 38348 Timestamp: 2025-09-07 22:54:08.568725
-> (0) byte b'' Source Port: 31003 Target Port: 38348 Timestamp: 2025-09-07 22:54:09.072839
Connection closed from (apparently) out

Client:
time: 2025-09-07 22:54:07.049415, Mode 1 - start experiment
time: 2025-09-07 22:54:07.049557, Iteration: 1
time: 2025-09-07 22:54:07.049730, Sent 1800 byte of A
time: 2025-09-07 22:54:07.550950, Sent 1800 byte of B
time: 2025-09-07 22:54:08.061637, Iteration: 2
time: 2025-09-07 22:54:08.062494, Sent 1800 byte of A
time: 2025-09-07 22:54:08.563552, Sent 1800 byte of B
time: 2025-09-07 22:54:09.068709, Connection closed

Server:
time: 2025-09-07 22:54:07.104977, recv 1800 bytes, last byte content: 65
time: 2025-09-07 22:54:07.608853, recv 1800 bytes, last byte content: 66
time: 2025-09-07 22:54:08.109735, recv 1800 bytes, last byte content: 65
time: 2025-09-07 22:54:08.613348, recv 1800 bytes, last byte content: 66
Completed iteration 8 for mode 1 with msg size 1800 at 20250907-225402
----------------------------------------
Starting iteration 9 for mode 1 with msg size 1800 at 20250907-225411
Results extracted:
Name: Start test ./logs_obfs4_iat1/mode1_size1800.log --no-socks --mode 1 --send-size 1800 --num-messages 2 
	Frames: 379
	Client got: 0 over 0 messages,  sent 7200
	Server got: 7200, over 0 messages, sent 0
	Terminated by RST: SERVERPROXY -> MITM


clientProxyMITM:
Starting MITM: 31000 -> 31001
Received connection: <socket.socket fd=4, family=AddressFamily.AF_INET, type=SocketKind.SOCK_STREAM, proto=0, laddr=('127.0.0.1', 31000), raddr=('127.0.0.1', 59148)>
Connected to: 127.0.0.1, 31001 using ephemeral port 55830
-> (1800) byte  Source Port: 31000 Target Port: 55830 Timestamp: 2025-09-07 22:54:15.518227
-> (1800) byte  Source Port: 31000 Target Port: 55830 Timestamp: 2025-09-07 22:54:16.027509
-> (1800) byte  Source Port: 31000 Target Port: 55830 Timestamp: 2025-09-07 22:54:16.535502
-> (1800) byte  Source Port: 31000 Target Port: 55830 Timestamp: 2025-09-07 22:54:17.038702
-> (0) byte b'' Source Port: 31000 Target Port: 55830 Timestamp: 2025-09-07 22:54:17.540349
Connection closed from (apparently) out

mainMITM:
Starting MITM: 31002 -> 10086
Received connection: <socket.socket fd=4, family=AddressFamily.AF_INET, type=SocketKind.SOCK_STREAM, proto=0, laddr=('127.0.0.1', 31002), raddr=('127.0.0.1', 37038)>
Connected to: 127.0.0.1, 10086 using ephemeral port 59176
-> (3557) byte  Source Port: 31002 Target Port: 59176 Timestamp: 2025-09-07 22:54:13.442358
<- (1492) byte  Source Port: 31002 Target Port: 59176 Timestamp: 2025-09-07 22:54:13.442901
-> (0) byte b'' Source Port: 31002 Target Port: 59176 Timestamp: 2025-09-07 22:54:13.444498
Connection closed from (apparently) out
Received connection: <socket.socket fd=4, family=AddressFamily.AF_INET, type=SocketKind.SOCK_STREAM, proto=0, laddr=('127.0.0.1', 31002), raddr=('127.0.0.1', 37048)>
Connected to: 127.0.0.1, 10086 using ephemeral port 59180
-> (6442) byte  Source Port: 31002 Target Port: 59180 Timestamp: 2025-09-07 22:54:15.521891
<- (535) byte  Source Port: 31002 Target Port: 59180 Timestamp: 2025-09-07 22:54:15.522849
-> (1448) byte  Source Port: 31002 Target Port: 59180 Timestamp: 2025-09-07 22:54:15.524110
-> (1448) byte  Source Port: 31002 Target Port: 59180 Timestamp: 2025-09-07 22:54:15.529379
-> (145) byte  Source Port: 31002 Target Port: 59180 Timestamp: 2025-09-07 22:54:15.533308
-> (1448) byte  Source Port: 31002 Target Port: 59180 Timestamp: 2025-09-07 22:54:16.029700
-> (1448) byte  Source Port: 31002 Target Port: 59180 Timestamp: 2025-09-07 22:54:16.034472
-> (168) byte  Source Port: 31002 Target Port: 59180 Timestamp: 2025-09-07 22:54:16.041153
-> (1448) byte  Source Port: 31002 Target Port: 59180 Timestamp: 2025-09-07 22:54:16.537852
-> (788) byte  Source Port: 31002 Target Port: 59180 Timestamp: 2025-09-07 22:54:16.542590
-> (1448) byte  Source Port: 31002 Target Port: 59180 Timestamp: 2025-09-07 22:54:17.040973
-> (1015) byte  Source Port: 31002 Target Port: 59180 Timestamp: 2025-09-07 22:54:17.048592
-> (0) byte b'' Source Port: 31002 Target Port: 59180 Timestamp: 2025-09-07 22:54:17.541316
Connection closed from (apparently) out

serverProxyMITM:
Starting MITM: 31003 -> 31004
Received connection: <socket.socket fd=4, family=AddressFamily.AF_INET, type=SocketKind.SOCK_STREAM, proto=0, laddr=('127.0.0.1', 31003), raddr=('127.0.0.1', 44638)>
Connected to: 127.0.0.1, 31004 using ephemeral port 49532
-> (0) byte b'' Source Port: 31003 Target Port: 49532 Timestamp: 2025-09-07 22:54:13.446286
Connection closed from (apparently) out
Received connection: <socket.socket fd=4, family=AddressFamily.AF_INET, type=SocketKind.SOCK_STREAM, proto=0, laddr=('127.0.0.1', 31003), raddr=('127.0.0.1', 44652)>
Connected to: 127.0.0.1, 31004 using ephemeral port 49540
-> (1427) byte  Source Port: 31003 Target Port: 49540 Timestamp: 2025-09-07 22:54:15.524958
-> (373) byte  Source Port: 31003 Target Port: 49540 Timestamp: 2025-09-07 22:54:15.565263
-> (1427) byte  Source Port: 31003 Target Port: 49540 Timestamp: 2025-09-07 22:54:16.030710
-> (373) byte  Source Port: 31003 Target Port: 49540 Timestamp: 2025-09-07 22:54:16.035167
-> (1427) byte  Source Port: 31003 Target Port: 49540 Timestamp: 2025-09-07 22:54:16.539152
-> (373) byte  Source Port: 31003 Target Port: 49540 Timestamp: 2025-09-07 22:54:16.543814
-> (1427) byte  Source Port: 31003 Target Port: 49540 Timestamp: 2025-09-07 22:54:17.041734
-> (373) byte  Source Port: 31003 Target Port: 49540 Timestamp: 2025-09-07 22:54:17.049650
-> (0) byte b'' Source Port: 31003 Target Port: 49540 Timestamp: 2025-09-07 22:54:17.541856
Connection closed from (apparently) out

Client:
time: 2025-09-07 22:54:15.516340, Mode 1 - start experiment
time: 2025-09-07 22:54:15.516553, Iteration: 1
time: 2025-09-07 22:54:15.516736, Sent 1800 byte of A
time: 2025-09-07 22:54:16.027674, Sent 1800 byte of B
time: 2025-09-07 22:54:16.534228, Iteration: 2
time: 2025-09-07 22:54:16.535009, Sent 1800 byte of A
time: 2025-09-07 22:54:17.038977, Sent 1800 byte of B
time: 2025-09-07 22:54:17.540384, Connection closed

Server:
time: 2025-09-07 22:54:15.565586, recv 1800 bytes, last byte content: 65
time: 2025-09-07 22:54:16.068635, recv 1800 bytes, last byte content: 66
time: 2025-09-07 22:54:16.570281, recv 1800 bytes, last byte content: 65
time: 2025-09-07 22:54:17.080166, recv 1800 bytes, last byte content: 66
Completed iteration 9 for mode 1 with msg size 1800 at 20250907-225411
----------------------------------------
Starting iteration 10 for mode 1 with msg size 1800 at 20250907-225419
Results extracted:
Name: Start test ./logs_obfs4_iat1/mode1_size1800.log --no-socks --mode 1 --send-size 1800 --num-messages 2 
	Frames: 378
	Client got: 0 over 0 messages,  sent 7200
	Server got: 7200, over 0 messages, sent 0
	Terminated by RST: SERVERPROXY -> MITM


clientProxyMITM:
Starting MITM: 31000 -> 31001
Received connection: <socket.socket fd=4, family=AddressFamily.AF_INET, type=SocketKind.SOCK_STREAM, proto=0, laddr=('127.0.0.1', 31000), raddr=('127.0.0.1', 38606)>
Connected to: 127.0.0.1, 31001 using ephemeral port 46238
-> (1800) byte  Source Port: 31000 Target Port: 46238 Timestamp: 2025-09-07 22:54:23.954494
-> (1800) byte  Source Port: 31000 Target Port: 46238 Timestamp: 2025-09-07 22:54:24.463990
-> (1800) byte  Source Port: 31000 Target Port: 46238 Timestamp: 2025-09-07 22:54:24.971464
-> (1800) byte  Source Port: 31000 Target Port: 46238 Timestamp: 2025-09-07 22:54:25.472531
-> (0) byte b'' Source Port: 31000 Target Port: 46238 Timestamp: 2025-09-07 22:54:25.974777
Connection closed from (apparently) out

mainMITM:
Starting MITM: 31002 -> 10086
Received connection: <socket.socket fd=4, family=AddressFamily.AF_INET, type=SocketKind.SOCK_STREAM, proto=0, laddr=('127.0.0.1', 31002), raddr=('127.0.0.1', 46906)>
Connected to: 127.0.0.1, 10086 using ephemeral port 43350
-> (1713) byte  Source Port: 31002 Target Port: 43350 Timestamp: 2025-09-07 22:54:21.898552
<- (6212) byte  Source Port: 31002 Target Port: 43350 Timestamp: 2025-09-07 22:54:21.899153
-> (0) byte b'' Source Port: 31002 Target Port: 43350 Timestamp: 2025-09-07 22:54:21.899732
Connection closed from (apparently) out
Received connection: <socket.socket fd=4, family=AddressFamily.AF_INET, type=SocketKind.SOCK_STREAM, proto=0, laddr=('127.0.0.1', 31002), raddr=('127.0.0.1', 46918)>
Connected to: 127.0.0.1, 10086 using ephemeral port 43364
-> (3892) byte  Source Port: 31002 Target Port: 43364 Timestamp: 2025-09-07 22:54:23.958619
<- (1490) byte  Source Port: 31002 Target Port: 43364 Timestamp: 2025-09-07 22:54:23.959807
-> (1448) byte  Source Port: 31002 Target Port: 43364 Timestamp: 2025-09-07 22:54:23.960926
-> (1448) byte  Source Port: 31002 Target Port: 43364 Timestamp: 2025-09-07 22:54:23.968224
-> (206) byte  Source Port: 31002 Target Port: 43364 Timestamp: 2025-09-07 22:54:23.976425
-> (1448) byte  Source Port: 31002 Target Port: 43364 Timestamp: 2025-09-07 22:54:24.465817
-> (1198) byte  Source Port: 31002 Target Port: 43364 Timestamp: 2025-09-07 22:54:24.473510
-> (1448) byte  Source Port: 31002 Target Port: 43364 Timestamp: 2025-09-07 22:54:24.973595
-> (1448) byte  Source Port: 31002 Target Port: 43364 Timestamp: 2025-09-07 22:54:24.984766
-> (206) byte  Source Port: 31002 Target Port: 43364 Timestamp: 2025-09-07 22:54:24.989469
-> (1448) byte  Source Port: 31002 Target Port: 43364 Timestamp: 2025-09-07 22:54:25.474961
-> (748) byte  Source Port: 31002 Target Port: 43364 Timestamp: 2025-09-07 22:54:25.484684
-> (0) byte b'' Source Port: 31002 Target Port: 43364 Timestamp: 2025-09-07 22:54:25.978325
Connection closed from (apparently) out

serverProxyMITM:
Starting MITM: 31003 -> 31004
Received connection: <socket.socket fd=4, family=AddressFamily.AF_INET, type=SocketKind.SOCK_STREAM, proto=0, laddr=('127.0.0.1', 31003), raddr=('127.0.0.1', 56846)>
Connected to: 127.0.0.1, 31004 using ephemeral port 60628
-> (0) byte b'' Source Port: 31003 Target Port: 60628 Timestamp: 2025-09-07 22:54:21.899953
Connection closed from (apparently) out
Received connection: <socket.socket fd=4, family=AddressFamily.AF_INET, type=SocketKind.SOCK_STREAM, proto=0, laddr=('127.0.0.1', 31003), raddr=('127.0.0.1', 56852)>
Connected to: 127.0.0.1, 31004 using ephemeral port 60642
-> (1427) byte  Source Port: 31003 Target Port: 60642 Timestamp: 2025-09-07 22:54:23.961300
-> (373) byte  Source Port: 31003 Target Port: 60642 Timestamp: 2025-09-07 22:54:24.002718
-> (1427) byte  Source Port: 31003 Target Port: 60642 Timestamp: 2025-09-07 22:54:24.466881
-> (373) byte  Source Port: 31003 Target Port: 60642 Timestamp: 2025-09-07 22:54:24.474558
-> (1427) byte  Source Port: 31003 Target Port: 60642 Timestamp: 2025-09-07 22:54:24.974608
-> (373) byte  Source Port: 31003 Target Port: 60642 Timestamp: 2025-09-07 22:54:24.985986
-> (1427) byte  Source Port: 31003 Target Port: 60642 Timestamp: 2025-09-07 22:54:25.476287
-> (373) byte  Source Port: 31003 Target Port: 60642 Timestamp: 2025-09-07 22:54:25.485598
-> (0) byte b'' Source Port: 31003 Target Port: 60642 Timestamp: 2025-09-07 22:54:25.979769
Connection closed from (apparently) out

Client:
time: 2025-09-07 22:54:23.953454, Mode 1 - start experiment
time: 2025-09-07 22:54:23.953661, Iteration: 1
time: 2025-09-07 22:54:23.953825, Sent 1800 byte of A
time: 2025-09-07 22:54:24.464267, Sent 1800 byte of B
time: 2025-09-07 22:54:24.970545, Iteration: 2
time: 2025-09-07 22:54:24.971407, Sent 1800 byte of A
time: 2025-09-07 22:54:25.472614, Sent 1800 byte of B
time: 2025-09-07 22:54:25.974853, Connection closed

Server:
time: 2025-09-07 22:54:24.003154, recv 1800 bytes, last byte content: 65
time: 2025-09-07 22:54:24.508796, recv 1800 bytes, last byte content: 66
time: 2025-09-07 22:54:25.010363, recv 1800 bytes, last byte content: 65
time: 2025-09-07 22:54:25.520297, recv 1800 bytes, last byte content: 66
Completed iteration 10 for mode 1 with msg size 1800 at 20250907-225419
----------------------------------------
Starting iteration 11 for mode 1 with msg size 1800 at 20250907-225428
Results extracted:
Name: Start test ./logs_obfs4_iat1/mode1_size1800.log --no-socks --mode 1 --send-size 1800 --num-messages 2 
	Frames: 343
	Client got: 0 over 0 messages,  sent 7200
	Server got: 7200, over 0 messages, sent 0
	Terminated by RST: SERVERPROXY -> MITM


clientProxyMITM:
Starting MITM: 31000 -> 31001
Received connection: <socket.socket fd=4, family=AddressFamily.AF_INET, type=SocketKind.SOCK_STREAM, proto=0, laddr=('127.0.0.1', 31000), raddr=('127.0.0.1', 55842)>
Connected to: 127.0.0.1, 31001 using ephemeral port 45698
-> (1800) byte  Source Port: 31000 Target Port: 45698 Timestamp: 2025-09-07 22:54:32.367604
-> (1800) byte  Source Port: 31000 Target Port: 45698 Timestamp: 2025-09-07 22:54:32.870264
-> (1800) byte  Source Port: 31000 Target Port: 45698 Timestamp: 2025-09-07 22:54:33.372861
-> (1800) byte  Source Port: 31000 Target Port: 45698 Timestamp: 2025-09-07 22:54:33.874454
-> (0) byte b'' Source Port: 31000 Target Port: 45698 Timestamp: 2025-09-07 22:54:34.378331
Connection closed from (apparently) out

mainMITM:
Starting MITM: 31002 -> 10086
Received connection: <socket.socket fd=4, family=AddressFamily.AF_INET, type=SocketKind.SOCK_STREAM, proto=0, laddr=('127.0.0.1', 31002), raddr=('127.0.0.1', 36790)>
Connected to: 127.0.0.1, 10086 using ephemeral port 35460
-> (6347) byte  Source Port: 31002 Target Port: 35460 Timestamp: 2025-09-07 22:54:30.324319
<- (4324) byte  Source Port: 31002 Target Port: 35460 Timestamp: 2025-09-07 22:54:30.324793
-> (0) byte b'' Source Port: 31002 Target Port: 35460 Timestamp: 2025-09-07 22:54:30.325591
Connection closed from (apparently) out
Received connection: <socket.socket fd=4, family=AddressFamily.AF_INET, type=SocketKind.SOCK_STREAM, proto=0, laddr=('127.0.0.1', 31002), raddr=('127.0.0.1', 36804)>
Connected to: 127.0.0.1, 10086 using ephemeral port 35474
-> (7238) byte  Source Port: 31002 Target Port: 35474 Timestamp: 2025-09-07 22:54:32.369715
<- (6741) byte  Source Port: 31002 Target Port: 35474 Timestamp: 2025-09-07 22:54:32.370502
-> (1448) byte  Source Port: 31002 Target Port: 35474 Timestamp: 2025-09-07 22:54:32.371592
-> (1189) byte  Source Port: 31002 Target Port: 35474 Timestamp: 2025-09-07 22:54:32.372633
-> (1448) byte  Source Port: 31002 Target Port: 35474 Timestamp: 2025-09-07 22:54:32.872474
-> (773) byte  Source Port: 31002 Target Port: 35474 Timestamp: 2025-09-07 22:54:32.873946
-> (1448) byte  Source Port: 31002 Target Port: 35474 Timestamp: 2025-09-07 22:54:33.374924
-> (619) byte  Source Port: 31002 Target Port: 35474 Timestamp: 2025-09-07 22:54:33.385595
-> (1448) byte  Source Port: 31002 Target Port: 35474 Timestamp: 2025-09-07 22:54:33.875997
-> (457) byte  Source Port: 31002 Target Port: 35474 Timestamp: 2025-09-07 22:54:33.887206
-> (0) byte b'' Source Port: 31002 Target Port: 35474 Timestamp: 2025-09-07 22:54:34.379648
Connection closed from (apparently) out

serverProxyMITM:
Starting MITM: 31003 -> 31004
Received connection: <socket.socket fd=4, family=AddressFamily.AF_INET, type=SocketKind.SOCK_STREAM, proto=0, laddr=('127.0.0.1', 31003), raddr=('127.0.0.1', 35622)>
Connected to: 127.0.0.1, 31004 using ephemeral port 38460
-> (0) byte b'' Source Port: 31003 Target Port: 38460 Timestamp: 2025-09-07 22:54:30.325846
Connection closed from (apparently) out
Received connection: <socket.socket fd=4, family=AddressFamily.AF_INET, type=SocketKind.SOCK_STREAM, proto=0, laddr=('127.0.0.1', 31003), raddr=('127.0.0.1', 35628)>
Connected to: 127.0.0.1, 31004 using ephemeral port 38468
-> (1427) byte  Source Port: 31003 Target Port: 38468 Timestamp: 2025-09-07 22:54:32.371796
-> (373) byte  Source Port: 31003 Target Port: 38468 Timestamp: 2025-09-07 22:54:32.414169
-> (1427) byte  Source Port: 31003 Target Port: 38468 Timestamp: 2025-09-07 22:54:32.873816
-> (373) byte  Source Port: 31003 Target Port: 38468 Timestamp: 2025-09-07 22:54:32.874792
-> (1427) byte  Source Port: 31003 Target Port: 38468 Timestamp: 2025-09-07 22:54:33.376528
-> (373) byte  Source Port: 31003 Target Port: 38468 Timestamp: 2025-09-07 22:54:33.386572
-> (1427) byte  Source Port: 31003 Target Port: 38468 Timestamp: 2025-09-07 22:54:33.877368
-> (373) byte  Source Port: 31003 Target Port: 38468 Timestamp: 2025-09-07 22:54:33.887937
-> (0) byte b'' Source Port: 31003 Target Port: 38468 Timestamp: 2025-09-07 22:54:34.380551
Connection closed from (apparently) out

Client:
time: 2025-09-07 22:54:32.367005, Mode 1 - start experiment
time: 2025-09-07 22:54:32.367183, Iteration: 1
time: 2025-09-07 22:54:32.367302, Sent 1800 byte of A
time: 2025-09-07 22:54:32.870486, Sent 1800 byte of B
time: 2025-09-07 22:54:33.371835, Iteration: 2
time: 2025-09-07 22:54:33.372602, Sent 1800 byte of A
time: 2025-09-07 22:54:33.874639, Sent 1800 byte of B
time: 2025-09-07 22:54:34.378473, Connection closed

Server:
time: 2025-09-07 22:54:32.414362, recv 1800 bytes, last byte content: 65
time: 2025-09-07 22:54:32.916350, recv 1800 bytes, last byte content: 66
time: 2025-09-07 22:54:33.418940, recv 1800 bytes, last byte content: 65
time: 2025-09-07 22:54:33.923409, recv 1800 bytes, last byte content: 66
Completed iteration 11 for mode 1 with msg size 1800 at 20250907-225428
----------------------------------------
Starting iteration 12 for mode 1 with msg size 1800 at 20250907-225436
Results extracted:
Name: Start test ./logs_obfs4_iat1/mode1_size1800.log --no-socks --mode 1 --send-size 1800 --num-messages 2 
	Frames: 383
	Client got: 0 over 0 messages,  sent 7200
	Server got: 7200, over 0 messages, sent 0
	Terminated by RST: SERVERPROXY -> MITM


clientProxyMITM:
Starting MITM: 31000 -> 31001
Received connection: <socket.socket fd=4, family=AddressFamily.AF_INET, type=SocketKind.SOCK_STREAM, proto=0, laddr=('127.0.0.1', 31000), raddr=('127.0.0.1', 55752)>
Connected to: 127.0.0.1, 31001 using ephemeral port 36106
-> (1800) byte  Source Port: 31000 Target Port: 36106 Timestamp: 2025-09-07 22:54:40.779412
-> (1800) byte  Source Port: 31000 Target Port: 36106 Timestamp: 2025-09-07 22:54:41.288502
-> (1800) byte  Source Port: 31000 Target Port: 36106 Timestamp: 2025-09-07 22:54:41.799444
-> (1800) byte  Source Port: 31000 Target Port: 36106 Timestamp: 2025-09-07 22:54:42.305175
-> (0) byte b'' Source Port: 31000 Target Port: 36106 Timestamp: 2025-09-07 22:54:42.808412
Connection closed from (apparently) out

mainMITM:
Starting MITM: 31002 -> 10086
Received connection: <socket.socket fd=4, family=AddressFamily.AF_INET, type=SocketKind.SOCK_STREAM, proto=0, laddr=('127.0.0.1', 31002), raddr=('127.0.0.1', 36808)>
Connected to: 127.0.0.1, 10086 using ephemeral port 35500
-> (7488) byte  Source Port: 31002 Target Port: 35500 Timestamp: 2025-09-07 22:54:38.723087
<- (1222) byte  Source Port: 31002 Target Port: 35500 Timestamp: 2025-09-07 22:54:38.723574
-> (0) byte b'' Source Port: 31002 Target Port: 35500 Timestamp: 2025-09-07 22:54:38.724295
Connection closed from (apparently) out
Received connection: <socket.socket fd=4, family=AddressFamily.AF_INET, type=SocketKind.SOCK_STREAM, proto=0, laddr=('127.0.0.1', 31002), raddr=('127.0.0.1', 53244)>
Connected to: 127.0.0.1, 10086 using ephemeral port 40854
-> (5833) byte  Source Port: 31002 Target Port: 40854 Timestamp: 2025-09-07 22:54:40.782117
<- (6341) byte  Source Port: 31002 Target Port: 40854 Timestamp: 2025-09-07 22:54:40.783323
-> (1448) byte  Source Port: 31002 Target Port: 40854 Timestamp: 2025-09-07 22:54:40.784409
-> (1401) byte  Source Port: 31002 Target Port: 40854 Timestamp: 2025-09-07 22:54:40.795165
-> (1448) byte  Source Port: 31002 Target Port: 40854 Timestamp: 2025-09-07 22:54:41.289297
-> (1448) byte  Source Port: 31002 Target Port: 40854 Timestamp: 2025-09-07 22:54:41.296687
-> (165) byte  Source Port: 31002 Target Port: 40854 Timestamp: 2025-09-07 22:54:41.300069
-> (1448) byte  Source Port: 31002 Target Port: 40854 Timestamp: 2025-09-07 22:54:41.801374
-> (1448) byte  Source Port: 31002 Target Port: 40854 Timestamp: 2025-09-07 22:54:41.809233
-> (251) byte  Source Port: 31002 Target Port: 40854 Timestamp: 2025-09-07 22:54:41.818303
-> (1448) byte  Source Port: 31002 Target Port: 40854 Timestamp: 2025-09-07 22:54:42.306110
-> (1034) byte  Source Port: 31002 Target Port: 40854 Timestamp: 2025-09-07 22:54:42.312163
-> (0) byte b'' Source Port: 31002 Target Port: 40854 Timestamp: 2025-09-07 22:54:42.809383
Connection closed from (apparently) out

serverProxyMITM:
Starting MITM: 31003 -> 31004
Received connection: <socket.socket fd=4, family=AddressFamily.AF_INET, type=SocketKind.SOCK_STREAM, proto=0, laddr=('127.0.0.1', 31003), raddr=('127.0.0.1', 35630)>
Connected to: 127.0.0.1, 31004 using ephemeral port 38482
-> (0) byte b'' Source Port: 31003 Target Port: 38482 Timestamp: 2025-09-07 22:54:38.724510
Connection closed from (apparently) out
Received connection: <socket.socket fd=4, family=AddressFamily.AF_INET, type=SocketKind.SOCK_STREAM, proto=0, laddr=('127.0.0.1', 31003), raddr=('127.0.0.1', 49286)>
Connected to: 127.0.0.1, 31004 using ephemeral port 40336
-> (1427) byte  Source Port: 31003 Target Port: 40336 Timestamp: 2025-09-07 22:54:40.784775
-> (373) byte  Source Port: 31003 Target Port: 40336 Timestamp: 2025-09-07 22:54:40.835021
-> (1427) byte  Source Port: 31003 Target Port: 40336 Timestamp: 2025-09-07 22:54:41.289549
-> (373) byte  Source Port: 31003 Target Port: 40336 Timestamp: 2025-09-07 22:54:41.296892
-> (1427) byte  Source Port: 31003 Target Port: 40336 Timestamp: 2025-09-07 22:54:41.802406
-> (373) byte  Source Port: 31003 Target Port: 40336 Timestamp: 2025-09-07 22:54:41.809816
-> (1427) byte  Source Port: 31003 Target Port: 40336 Timestamp: 2025-09-07 22:54:42.306431
-> (373) byte  Source Port: 31003 Target Port: 40336 Timestamp: 2025-09-07 22:54:42.312452
-> (0) byte b'' Source Port: 31003 Target Port: 40336 Timestamp: 2025-09-07 22:54:42.810011
Connection closed from (apparently) out

Client:
time: 2025-09-07 22:54:40.778510, Mode 1 - start experiment
time: 2025-09-07 22:54:40.778621, Iteration: 1
time: 2025-09-07 22:54:40.778704, Sent 1800 byte of A
time: 2025-09-07 22:54:41.288542, Sent 1800 byte of B
time: 2025-09-07 22:54:41.798356, Iteration: 2
time: 2025-09-07 22:54:41.798952, Sent 1800 byte of A
time: 2025-09-07 22:54:42.305328, Sent 1800 byte of B
time: 2025-09-07 22:54:42.808508, Connection closed

Server:
time: 2025-09-07 22:54:40.835405, recv 1800 bytes, last byte content: 65
time: 2025-09-07 22:54:41.345676, recv 1800 bytes, last byte content: 66
time: 2025-09-07 22:54:41.853399, recv 1800 bytes, last byte content: 65
time: 2025-09-07 22:54:42.363839, recv 1800 bytes, last byte content: 66
Completed iteration 12 for mode 1 with msg size 1800 at 20250907-225436
----------------------------------------
