Starting iteration 1 for mode 4 with msg size 500 at 20250907-231201
Results extracted:
Name: Start test ./logs_obfs4_iat1/mode4_size500.log --no-socks --mode 4 --send-size 500 --num-messages 2 
	Frames: 367
	Client got: 2000 over 0 messages,  sent 0
	Server got: 0, over 0 messages, sent 3000
	Terminated by RST: SERVERPROXY -> MITM


clientProxyMITM:
Starting MITM: 31000 -> 31001
Received connection: <socket.socket fd=4, family=AddressFamily.AF_INET, type=SocketKind.SOCK_STREAM, proto=0, laddr=('127.0.0.1', 31000), raddr=('127.0.0.1', 51580)>
Connected to: 127.0.0.1, 31001 using ephemeral port 54660
<- (500) byte  Source Port: 31000 Target Port: 54660 Timestamp: 2025-09-07 23:12:06.245983
<- (500) byte  Source Port: 31000 Target Port: 54660 Timestamp: 2025-09-07 23:12:06.752378
<- (500) byte  Source Port: 31000 Target Port: 54660 Timestamp: 2025-09-07 23:12:07.261146
<- (500) byte  Source Port: 31000 Target Port: 54660 Timestamp: 2025-09-07 23:12:07.771298
-> (0) byte b'' Source Port: 31000 Target Port: 54660 Timestamp: 2025-09-07 23:12:08.278703
Connection closed from (apparently) out

mainMITM:
Starting MITM: 31002 -> 10086
Received connection: <socket.socket fd=4, family=AddressFamily.AF_INET, type=SocketKind.SOCK_STREAM, proto=0, laddr=('127.0.0.1', 31002), raddr=('127.0.0.1', 35156)>
Connected to: 127.0.0.1, 10086 using ephemeral port 47278
-> (7621) byte  Source Port: 31002 Target Port: 47278 Timestamp: 2025-09-07 23:12:04.178678
<- (1051) byte  Source Port: 31002 Target Port: 47278 Timestamp: 2025-09-07 23:12:04.179256
-> (0) byte b'' Source Port: 31002 Target Port: 47278 Timestamp: 2025-09-07 23:12:04.179978
Connection closed from (apparently) out
Received connection: <socket.socket fd=4, family=AddressFamily.AF_INET, type=SocketKind.SOCK_STREAM, proto=0, laddr=('127.0.0.1', 31002), raddr=('127.0.0.1', 35168)>
Connected to: 127.0.0.1, 10086 using ephemeral port 47280
-> (3442) byte  Source Port: 31002 Target Port: 47280 Timestamp: 2025-09-07 23:12:06.241528
<- (5446) byte  Source Port: 31002 Target Port: 47280 Timestamp: 2025-09-07 23:12:06.242486
<- (1448) byte  Source Port: 31002 Target Port: 47280 Timestamp: 2025-09-07 23:12:06.245218
<- (387) byte  Source Port: 31002 Target Port: 47280 Timestamp: 2025-09-07 23:12:06.252287
<- (1448) byte  Source Port: 31002 Target Port: 47280 Timestamp: 2025-09-07 23:12:06.749815
<- (212) byte  Source Port: 31002 Target Port: 47280 Timestamp: 2025-09-07 23:12:06.757423
<- (1046) byte  Source Port: 31002 Target Port: 47280 Timestamp: 2025-09-07 23:12:07.259755
<- (1448) byte  Source Port: 31002 Target Port: 47280 Timestamp: 2025-09-07 23:12:07.768996
<- (132) byte  Source Port: 31002 Target Port: 47280 Timestamp: 2025-09-07 23:12:07.775887
-> (0) byte b'' Source Port: 31002 Target Port: 47280 Timestamp: 2025-09-07 23:12:08.282506
Connection closed from (apparently) out

serverProxyMITM:
Starting MITM: 31003 -> 31004
Received connection: <socket.socket fd=4, family=AddressFamily.AF_INET, type=SocketKind.SOCK_STREAM, proto=0, laddr=('127.0.0.1', 31003), raddr=('127.0.0.1', 48844)>
Connected to: 127.0.0.1, 31004 using ephemeral port 39006
<- (500) byte  Source Port: 31003 Target Port: 39006 Timestamp: 2025-09-07 23:12:04.180204
-> (0) byte b'' Source Port: 31003 Target Port: 39006 Timestamp: 2025-09-07 23:12:04.180309
Connection closed from (apparently) out
Received connection: <socket.socket fd=4, family=AddressFamily.AF_INET, type=SocketKind.SOCK_STREAM, proto=0, laddr=('127.0.0.1', 31003), raddr=('127.0.0.1', 48848)>
Connected to: 127.0.0.1, 31004 using ephemeral port 39014
<- (500) byte  Source Port: 31003 Target Port: 39014 Timestamp: 2025-09-07 23:12:06.244388
<- (500) byte  Source Port: 31003 Target Port: 39014 Timestamp: 2025-09-07 23:12:06.748505
<- (500) byte  Source Port: 31003 Target Port: 39014 Timestamp: 2025-09-07 23:12:07.259131
<- (500) byte  Source Port: 31003 Target Port: 39014 Timestamp: 2025-09-07 23:12:07.767642
<- (0) byte b'' Source Port: 31003 Target Port: 39014 Timestamp: 2025-09-07 23:12:08.280788
Connection closed from (apparently) in

Client:
time: 2025-09-07 23:12:06.237269, Mode 4 - start experiment
time: 2025-09-07 23:12:06.237471, Iteration: 1
time: 2025-09-07 23:12:06.246313, Received 1st 500 bytes, last byte content: 88
time: 2025-09-07 23:12:06.753262, Received 2nd 500 bytes, last byte content: 89
time: 2025-09-07 23:12:07.258581, Iteration: 2
time: 2025-09-07 23:12:07.261649, Received 1st 500 bytes, last byte content: 88
time: 2025-09-07 23:12:07.771984, Received 2nd 500 bytes, last byte content: 89
time: 2025-09-07 23:12:08.278905, Connection closed

Server:
time: 2025-09-07 23:12:04.179906, Iteration: 1
time: 2025-09-07 23:12:04.180019, sent 500 byte of X
time: 2025-09-07 23:12:04.681451, sent 500 byte of Y
time: 2025-09-07 23:12:05.192456, Iteration: 2
time: 2025-09-07 23:12:06.244216, Iteration: 1
time: 2025-09-07 23:12:06.244356, sent 500 byte of X
time: 2025-09-07 23:12:06.748787, sent 500 byte of Y
time: 2025-09-07 23:12:07.258582, Iteration: 2
time: 2025-09-07 23:12:07.258991, sent 500 byte of X
time: 2025-09-07 23:12:07.767874, sent 500 byte of Y
Completed iteration 1 for mode 4 with msg size 500 at 20250907-231201
----------------------------------------
Starting iteration 2 for mode 4 with msg size 500 at 20250907-231210
Results extracted:
Name: Start test ./logs_obfs4_iat1/mode4_size500.log --no-socks --mode 4 --send-size 500 --num-messages 2 
	Frames: 350
	Client got: 2000 over 0 messages,  sent 0
	Server got: 0, over 0 messages, sent 3000
	Terminated by RST: SERVERPROXY -> MITM


clientProxyMITM:
Starting MITM: 31000 -> 31001
Received connection: <socket.socket fd=4, family=AddressFamily.AF_INET, type=SocketKind.SOCK_STREAM, proto=0, laddr=('127.0.0.1', 31000), raddr=('127.0.0.1', 52706)>
Connected to: 127.0.0.1, 31001 using ephemeral port 33432
<- (500) byte  Source Port: 31000 Target Port: 33432 Timestamp: 2025-09-07 23:12:14.736192
<- (500) byte  Source Port: 31000 Target Port: 33432 Timestamp: 2025-09-07 23:12:15.240858
<- (500) byte  Source Port: 31000 Target Port: 33432 Timestamp: 2025-09-07 23:12:15.746693
<- (500) byte  Source Port: 31000 Target Port: 33432 Timestamp: 2025-09-07 23:12:16.256387
-> (0) byte b'' Source Port: 31000 Target Port: 33432 Timestamp: 2025-09-07 23:12:16.760886
Connection closed from (apparently) out

mainMITM:
Starting MITM: 31002 -> 10086
Received connection: <socket.socket fd=4, family=AddressFamily.AF_INET, type=SocketKind.SOCK_STREAM, proto=0, laddr=('127.0.0.1', 31002), raddr=('127.0.0.1', 41178)>
Connected to: 127.0.0.1, 10086 using ephemeral port 37256
-> (3761) byte  Source Port: 31002 Target Port: 37256 Timestamp: 2025-09-07 23:12:12.673539
<- (1767) byte  Source Port: 31002 Target Port: 37256 Timestamp: 2025-09-07 23:12:12.674164
-> (0) byte b'' Source Port: 31002 Target Port: 37256 Timestamp: 2025-09-07 23:12:12.674866
Connection closed from (apparently) out
Received connection: <socket.socket fd=4, family=AddressFamily.AF_INET, type=SocketKind.SOCK_STREAM, proto=0, laddr=('127.0.0.1', 31002), raddr=('127.0.0.1', 41184)>
Connected to: 127.0.0.1, 10086 using ephemeral port 37272
-> (6501) byte  Source Port: 31002 Target Port: 37272 Timestamp: 2025-09-07 23:12:14.732709
<- (2912) byte  Source Port: 31002 Target Port: 37272 Timestamp: 2025-09-07 23:12:14.733775
<- (1245) byte  Source Port: 31002 Target Port: 37272 Timestamp: 2025-09-07 23:12:14.735417
<- (1448) byte  Source Port: 31002 Target Port: 37272 Timestamp: 2025-09-07 23:12:15.238979
<- (427) byte  Source Port: 31002 Target Port: 37272 Timestamp: 2025-09-07 23:12:15.242323
<- (1448) byte  Source Port: 31002 Target Port: 37272 Timestamp: 2025-09-07 23:12:15.744575
<- (152) byte  Source Port: 31002 Target Port: 37272 Timestamp: 2025-09-07 23:12:15.752559
<- (1046) byte  Source Port: 31002 Target Port: 37272 Timestamp: 2025-09-07 23:12:16.253956
<- (0) byte b'' Source Port: 31002 Target Port: 37272 Timestamp: 2025-09-07 23:12:16.762524
Connection closed from (apparently) in

serverProxyMITM:
Starting MITM: 31003 -> 31004
Received connection: <socket.socket fd=4, family=AddressFamily.AF_INET, type=SocketKind.SOCK_STREAM, proto=0, laddr=('127.0.0.1', 31003), raddr=('127.0.0.1', 45020)>
Connected to: 127.0.0.1, 31004 using ephemeral port 50262
<- (500) byte  Source Port: 31003 Target Port: 50262 Timestamp: 2025-09-07 23:12:12.674966
-> (0) byte b'' Source Port: 31003 Target Port: 50262 Timestamp: 2025-09-07 23:12:12.675327
Connection closed from (apparently) out
Received connection: <socket.socket fd=4, family=AddressFamily.AF_INET, type=SocketKind.SOCK_STREAM, proto=0, laddr=('127.0.0.1', 31003), raddr=('127.0.0.1', 45030)>
Connected to: 127.0.0.1, 31004 using ephemeral port 50264
<- (500) byte  Source Port: 31003 Target Port: 50264 Timestamp: 2025-09-07 23:12:14.734932
<- (500) byte  Source Port: 31003 Target Port: 50264 Timestamp: 2025-09-07 23:12:15.237421
<- (500) byte  Source Port: 31003 Target Port: 50264 Timestamp: 2025-09-07 23:12:15.743784
<- (500) byte  Source Port: 31003 Target Port: 50264 Timestamp: 2025-09-07 23:12:16.252778
<- (0) byte b'' Source Port: 31003 Target Port: 50264 Timestamp: 2025-09-07 23:12:16.760656
Connection closed from (apparently) in

Client:
time: 2025-09-07 23:12:14.729789, Mode 4 - start experiment
time: 2025-09-07 23:12:14.729918, Iteration: 1
time: 2025-09-07 23:12:14.736394, Received 1st 500 bytes, last byte content: 88
time: 2025-09-07 23:12:15.242287, Received 2nd 500 bytes, last byte content: 89
time: 2025-09-07 23:12:15.743304, Iteration: 2
time: 2025-09-07 23:12:15.747245, Received 1st 500 bytes, last byte content: 88
time: 2025-09-07 23:12:16.257138, Received 2nd 500 bytes, last byte content: 89
time: 2025-09-07 23:12:16.761412, Connection closed

Server:
time: 2025-09-07 23:12:12.674741, Iteration: 1
time: 2025-09-07 23:12:12.674846, sent 500 byte of X
time: 2025-09-07 23:12:13.175509, sent 500 byte of Y
time: 2025-09-07 23:12:13.683933, Iteration: 2
time: 2025-09-07 23:12:14.734771, Iteration: 1
time: 2025-09-07 23:12:14.734889, sent 500 byte of X
time: 2025-09-07 23:12:15.237809, sent 500 byte of Y
time: 2025-09-07 23:12:15.743452, Iteration: 2
time: 2025-09-07 23:12:15.743817, sent 500 byte of X
time: 2025-09-07 23:12:16.252924, sent 500 byte of Y
Completed iteration 2 for mode 4 with msg size 500 at 20250907-231210
----------------------------------------
Starting iteration 3 for mode 4 with msg size 500 at 20250907-231218
Results extracted:
Name: Start test ./logs_obfs4_iat1/mode4_size500.log --no-socks --mode 4 --send-size 500 --num-messages 2 
	Frames: 363
	Client got: 2000 over 0 messages,  sent 0
	Server got: 0, over 0 messages, sent 2500
	Terminated by RST: SERVERPROXY -> MITM


clientProxyMITM:
Starting MITM: 31000 -> 31001
Received connection: <socket.socket fd=4, family=AddressFamily.AF_INET, type=SocketKind.SOCK_STREAM, proto=0, laddr=('127.0.0.1', 31000), raddr=('127.0.0.1', 36242)>
Connected to: 127.0.0.1, 31001 using ephemeral port 35736
<- (500) byte  Source Port: 31000 Target Port: 35736 Timestamp: 2025-09-07 23:12:23.219017
<- (500) byte  Source Port: 31000 Target Port: 35736 Timestamp: 2025-09-07 23:12:23.727005
<- (500) byte  Source Port: 31000 Target Port: 35736 Timestamp: 2025-09-07 23:12:24.232725
<- (500) byte  Source Port: 31000 Target Port: 35736 Timestamp: 2025-09-07 23:12:24.739957
-> (0) byte b'' Source Port: 31000 Target Port: 35736 Timestamp: 2025-09-07 23:12:25.242445
Connection closed from (apparently) out

mainMITM:
Starting MITM: 31002 -> 10086
Received connection: <socket.socket fd=4, family=AddressFamily.AF_INET, type=SocketKind.SOCK_STREAM, proto=0, laddr=('127.0.0.1', 31002), raddr=('127.0.0.1', 57510)>
Connected to: 127.0.0.1, 10086 using ephemeral port 52116
-> (1549) byte  Source Port: 31002 Target Port: 52116 Timestamp: 2025-09-07 23:12:21.147303
<- (3738) byte  Source Port: 31002 Target Port: 52116 Timestamp: 2025-09-07 23:12:21.147760
-> (0) byte b'' Source Port: 31002 Target Port: 52116 Timestamp: 2025-09-07 23:12:21.148458
Connection closed from (apparently) out
Received connection: <socket.socket fd=4, family=AddressFamily.AF_INET, type=SocketKind.SOCK_STREAM, proto=0, laddr=('127.0.0.1', 31002), raddr=('127.0.0.1', 57514)>
Connected to: 127.0.0.1, 10086 using ephemeral port 52132
-> (4516) byte  Source Port: 31002 Target Port: 52132 Timestamp: 2025-09-07 23:12:23.215660
<- (7382) byte  Source Port: 31002 Target Port: 52132 Timestamp: 2025-09-07 23:12:23.216571
<- (1448) byte  Source Port: 31002 Target Port: 52132 Timestamp: 2025-09-07 23:12:23.218191
<- (468) byte  Source Port: 31002 Target Port: 52132 Timestamp: 2025-09-07 23:12:23.219313
<- (1448) byte  Source Port: 31002 Target Port: 52132 Timestamp: 2025-09-07 23:12:23.725445
<- (553) byte  Source Port: 31002 Target Port: 52132 Timestamp: 2025-09-07 23:12:23.733007
<- (677) byte  Source Port: 31002 Target Port: 52132 Timestamp: 2025-09-07 23:12:24.230543
<- (905) byte  Source Port: 31002 Target Port: 52132 Timestamp: 2025-09-07 23:12:24.738540
<- (0) byte b'' Source Port: 31002 Target Port: 52132 Timestamp: 2025-09-07 23:12:25.240211
Connection closed from (apparently) in

serverProxyMITM:
Starting MITM: 31003 -> 31004
Received connection: <socket.socket fd=4, family=AddressFamily.AF_INET, type=SocketKind.SOCK_STREAM, proto=0, laddr=('127.0.0.1', 31003), raddr=('127.0.0.1', 56164)>
Connected to: 127.0.0.1, 31004 using ephemeral port 36526
-> (0) byte b'' Source Port: 31003 Target Port: 36526 Timestamp: 2025-09-07 23:12:21.149710
Connection closed from (apparently) out
Received connection: <socket.socket fd=4, family=AddressFamily.AF_INET, type=SocketKind.SOCK_STREAM, proto=0, laddr=('127.0.0.1', 31003), raddr=('127.0.0.1', 56178)>
Connected to: 127.0.0.1, 31004 using ephemeral port 36530
<- (500) byte  Source Port: 31003 Target Port: 36530 Timestamp: 2025-09-07 23:12:23.217878
<- (500) byte  Source Port: 31003 Target Port: 36530 Timestamp: 2025-09-07 23:12:23.723871
<- (500) byte  Source Port: 31003 Target Port: 36530 Timestamp: 2025-09-07 23:12:24.228970
<- (500) byte  Source Port: 31003 Target Port: 36530 Timestamp: 2025-09-07 23:12:24.736743
<- (0) byte b'' Source Port: 31003 Target Port: 36530 Timestamp: 2025-09-07 23:12:25.238672
Connection closed from (apparently) in

Client:
time: 2025-09-07 23:12:23.211115, Mode 4 - start experiment
time: 2025-09-07 23:12:23.211355, Iteration: 1
time: 2025-09-07 23:12:23.219372, Received 1st 500 bytes, last byte content: 88
time: 2025-09-07 23:12:23.727837, Received 2nd 500 bytes, last byte content: 89
time: 2025-09-07 23:12:24.228783, Iteration: 2
time: 2025-09-07 23:12:24.233512, Received 1st 500 bytes, last byte content: 88
time: 2025-09-07 23:12:24.740766, Received 2nd 500 bytes, last byte content: 89
time: 2025-09-07 23:12:25.242437, Connection closed

Server:
time: 2025-09-07 23:12:21.150088, Iteration: 1
time: 2025-09-07 23:12:21.150189, sent 500 byte of X
time: 2025-09-07 23:12:23.217714, Iteration: 1
time: 2025-09-07 23:12:23.217965, sent 500 byte of X
time: 2025-09-07 23:12:23.724919, sent 500 byte of Y
time: 2025-09-07 23:12:24.228304, Iteration: 2
time: 2025-09-07 23:12:24.228919, sent 500 byte of X
time: 2025-09-07 23:12:24.736694, sent 500 byte of Y
Completed iteration 3 for mode 4 with msg size 500 at 20250907-231218
----------------------------------------
Starting iteration 4 for mode 4 with msg size 500 at 20250907-231227
Results extracted:
Name: Start test ./logs_obfs4_iat1/mode4_size500.log --no-socks --mode 4 --send-size 500 --num-messages 2 
	Frames: 346
	Client got: 2000 over 0 messages,  sent 0
	Server got: 0, over 0 messages, sent 3000
	Terminated by RST: SERVERPROXY -> MITM


clientProxyMITM:
Starting MITM: 31000 -> 31001
Received connection: <socket.socket fd=4, family=AddressFamily.AF_INET, type=SocketKind.SOCK_STREAM, proto=0, laddr=('127.0.0.1', 31000), raddr=('127.0.0.1', 49844)>
Connected to: 127.0.0.1, 31001 using ephemeral port 45816
<- (500) byte  Source Port: 31000 Target Port: 45816 Timestamp: 2025-09-07 23:12:31.654017
<- (500) byte  Source Port: 31000 Target Port: 45816 Timestamp: 2025-09-07 23:12:32.155221
<- (500) byte  Source Port: 31000 Target Port: 45816 Timestamp: 2025-09-07 23:12:32.664481
<- (500) byte  Source Port: 31000 Target Port: 45816 Timestamp: 2025-09-07 23:12:33.163677
-> (0) byte b'' Source Port: 31000 Target Port: 45816 Timestamp: 2025-09-07 23:12:33.667473
Connection closed from (apparently) out

mainMITM:
Starting MITM: 31002 -> 10086
Received connection: <socket.socket fd=4, family=AddressFamily.AF_INET, type=SocketKind.SOCK_STREAM, proto=0, laddr=('127.0.0.1', 31002), raddr=('127.0.0.1', 57520)>
Connected to: 127.0.0.1, 10086 using ephemeral port 52156
-> (7872) byte  Source Port: 31002 Target Port: 52156 Timestamp: 2025-09-07 23:12:29.593694
<- (2369) byte  Source Port: 31002 Target Port: 52156 Timestamp: 2025-09-07 23:12:29.594321
-> (0) byte b'' Source Port: 31002 Target Port: 52156 Timestamp: 2025-09-07 23:12:29.595020
Connection closed from (apparently) out
Received connection: <socket.socket fd=4, family=AddressFamily.AF_INET, type=SocketKind.SOCK_STREAM, proto=0, laddr=('127.0.0.1', 31002), raddr=('127.0.0.1', 33752)>
Connected to: 127.0.0.1, 10086 using ephemeral port 48880
-> (7952) byte  Source Port: 31002 Target Port: 48880 Timestamp: 2025-09-07 23:12:31.650996
<- (1081) byte  Source Port: 31002 Target Port: 48880 Timestamp: 2025-09-07 23:12:31.651665
<- (1368) byte  Source Port: 31002 Target Port: 48880 Timestamp: 2025-09-07 23:12:31.653363
<- (676) byte  Source Port: 31002 Target Port: 48880 Timestamp: 2025-09-07 23:12:32.154330
<- (1448) byte  Source Port: 31002 Target Port: 48880 Timestamp: 2025-09-07 23:12:32.661393
<- (510) byte  Source Port: 31002 Target Port: 48880 Timestamp: 2025-09-07 23:12:32.664775
<- (636) byte  Source Port: 31002 Target Port: 48880 Timestamp: 2025-09-07 23:12:33.161971
<- (0) byte b'' Source Port: 31002 Target Port: 48880 Timestamp: 2025-09-07 23:12:33.666806
Connection closed from (apparently) in

serverProxyMITM:
Starting MITM: 31003 -> 31004
Received connection: <socket.socket fd=4, family=AddressFamily.AF_INET, type=SocketKind.SOCK_STREAM, proto=0, laddr=('127.0.0.1', 31003), raddr=('127.0.0.1', 56188)>
Connected to: 127.0.0.1, 31004 using ephemeral port 36540
<- (500) byte  Source Port: 31003 Target Port: 36540 Timestamp: 2025-09-07 23:12:29.594966
-> (0) byte b'' Source Port: 31003 Target Port: 36540 Timestamp: 2025-09-07 23:12:29.595549
Connection closed from (apparently) out
Received connection: <socket.socket fd=4, family=AddressFamily.AF_INET, type=SocketKind.SOCK_STREAM, proto=0, laddr=('127.0.0.1', 31003), raddr=('127.0.0.1', 33504)>
Connected to: 127.0.0.1, 31004 using ephemeral port 48956
<- (500) byte  Source Port: 31003 Target Port: 48956 Timestamp: 2025-09-07 23:12:31.653098
<- (500) byte  Source Port: 31003 Target Port: 48956 Timestamp: 2025-09-07 23:12:32.153739
<- (500) byte  Source Port: 31003 Target Port: 48956 Timestamp: 2025-09-07 23:12:32.659663
<- (500) byte  Source Port: 31003 Target Port: 48956 Timestamp: 2025-09-07 23:12:33.160867
<- (0) byte b'' Source Port: 31003 Target Port: 48956 Timestamp: 2025-09-07 23:12:33.664922
Connection closed from (apparently) in

Client:
time: 2025-09-07 23:12:31.647371, Mode 4 - start experiment
time: 2025-09-07 23:12:31.647529, Iteration: 1
time: 2025-09-07 23:12:31.654441, Received 1st 500 bytes, last byte content: 88
time: 2025-09-07 23:12:32.155611, Received 2nd 500 bytes, last byte content: 89
time: 2025-09-07 23:12:32.658650, Iteration: 2
time: 2025-09-07 23:12:32.665273, Received 1st 500 bytes, last byte content: 88
time: 2025-09-07 23:12:33.166442, Received 2nd 500 bytes, last byte content: 89
time: 2025-09-07 23:12:33.667543, Connection closed

Server:
time: 2025-09-07 23:12:29.594817, Iteration: 1
time: 2025-09-07 23:12:29.594955, sent 500 byte of X
time: 2025-09-07 23:12:30.104772, sent 500 byte of Y
time: 2025-09-07 23:12:30.607896, Iteration: 2
time: 2025-09-07 23:12:31.652825, Iteration: 1
time: 2025-09-07 23:12:31.652990, sent 500 byte of X
time: 2025-09-07 23:12:32.153775, sent 500 byte of Y
time: 2025-09-07 23:12:32.658766, Iteration: 2
time: 2025-09-07 23:12:32.659537, sent 500 byte of X
time: 2025-09-07 23:12:33.161230, sent 500 byte of Y
Completed iteration 4 for mode 4 with msg size 500 at 20250907-231227
----------------------------------------
Starting iteration 5 for mode 4 with msg size 500 at 20250907-231235
Results extracted:
Name: Start test ./logs_obfs4_iat1/mode4_size500.log --no-socks --mode 4 --send-size 500 --num-messages 2 
	Frames: 347
	Client got: 2000 over 0 messages,  sent 0
	Server got: 0, over 0 messages, sent 3000
	Terminated by RST: SERVERPROXY -> MITM


clientProxyMITM:
Starting MITM: 31000 -> 31001
Received connection: <socket.socket fd=4, family=AddressFamily.AF_INET, type=SocketKind.SOCK_STREAM, proto=0, laddr=('127.0.0.1', 31000), raddr=('127.0.0.1', 44798)>
Connected to: 127.0.0.1, 31001 using ephemeral port 40994
<- (500) byte  Source Port: 31000 Target Port: 40994 Timestamp: 2025-09-07 23:12:40.109653
<- (500) byte  Source Port: 31000 Target Port: 40994 Timestamp: 2025-09-07 23:12:40.612201
<- (500) byte  Source Port: 31000 Target Port: 40994 Timestamp: 2025-09-07 23:12:41.115473
<- (500) byte  Source Port: 31000 Target Port: 40994 Timestamp: 2025-09-07 23:12:41.614578
<- (0) byte b'' Source Port: 31000 Target Port: 40994 Timestamp: 2025-09-07 23:12:42.115681
Connection closed from (apparently) in

mainMITM:
Starting MITM: 31002 -> 10086
Received connection: <socket.socket fd=4, family=AddressFamily.AF_INET, type=SocketKind.SOCK_STREAM, proto=0, laddr=('127.0.0.1', 31002), raddr=('127.0.0.1', 33756)>
Connected to: 127.0.0.1, 10086 using ephemeral port 48910
-> (6608) byte  Source Port: 31002 Target Port: 48910 Timestamp: 2025-09-07 23:12:38.046992
<- (1024) byte  Source Port: 31002 Target Port: 48910 Timestamp: 2025-09-07 23:12:38.047558
-> (0) byte b'' Source Port: 31002 Target Port: 48910 Timestamp: 2025-09-07 23:12:38.048625
Connection closed from (apparently) out
Received connection: <socket.socket fd=4, family=AddressFamily.AF_INET, type=SocketKind.SOCK_STREAM, proto=0, laddr=('127.0.0.1', 31002), raddr=('127.0.0.1', 39646)>
Connected to: 127.0.0.1, 10086 using ephemeral port 41574
-> (7194) byte  Source Port: 31002 Target Port: 41574 Timestamp: 2025-09-07 23:12:40.105021
<- (285) byte  Source Port: 31002 Target Port: 41574 Timestamp: 2025-09-07 23:12:40.105878
<- (1448) byte  Source Port: 31002 Target Port: 41574 Timestamp: 2025-09-07 23:12:40.108958
<- (387) byte  Source Port: 31002 Target Port: 41574 Timestamp: 2025-09-07 23:12:40.115838
<- (1448) byte  Source Port: 31002 Target Port: 41574 Timestamp: 2025-09-07 23:12:40.610644
<- (118) byte  Source Port: 31002 Target Port: 41574 Timestamp: 2025-09-07 23:12:40.617363
<- (1034) byte  Source Port: 31002 Target Port: 41574 Timestamp: 2025-09-07 23:12:41.112946
<- (676) byte  Source Port: 31002 Target Port: 41574 Timestamp: 2025-09-07 23:12:41.613440
<- (0) byte b'' Source Port: 31002 Target Port: 41574 Timestamp: 2025-09-07 23:12:42.114721
Connection closed from (apparently) in

serverProxyMITM:
Starting MITM: 31003 -> 31004
Received connection: <socket.socket fd=4, family=AddressFamily.AF_INET, type=SocketKind.SOCK_STREAM, proto=0, laddr=('127.0.0.1', 31003), raddr=('127.0.0.1', 33512)>
Connected to: 127.0.0.1, 31004 using ephemeral port 48960
<- (500) byte  Source Port: 31003 Target Port: 48960 Timestamp: 2025-09-07 23:12:38.048385
-> (0) byte b'' Source Port: 31003 Target Port: 48960 Timestamp: 2025-09-07 23:12:38.048872
Connection closed from (apparently) out
Received connection: <socket.socket fd=4, family=AddressFamily.AF_INET, type=SocketKind.SOCK_STREAM, proto=0, laddr=('127.0.0.1', 31003), raddr=('127.0.0.1', 46082)>
Connected to: 127.0.0.1, 31004 using ephemeral port 48106
<- (500) byte  Source Port: 31003 Target Port: 48106 Timestamp: 2025-09-07 23:12:40.108181
<- (500) byte  Source Port: 31003 Target Port: 48106 Timestamp: 2025-09-07 23:12:40.609384
<- (500) byte  Source Port: 31003 Target Port: 48106 Timestamp: 2025-09-07 23:12:41.111893
<- (500) byte  Source Port: 31003 Target Port: 48106 Timestamp: 2025-09-07 23:12:41.612691
<- (0) byte b'' Source Port: 31003 Target Port: 48106 Timestamp: 2025-09-07 23:12:42.114018
Connection closed from (apparently) in

Client:
time: 2025-09-07 23:12:40.099595, Mode 4 - start experiment
time: 2025-09-07 23:12:40.099826, Iteration: 1
time: 2025-09-07 23:12:40.109888, Received 1st 500 bytes, last byte content: 88
time: 2025-09-07 23:12:40.612911, Received 2nd 500 bytes, last byte content: 89
time: 2025-09-07 23:12:41.114330, Iteration: 2
time: 2025-09-07 23:12:41.116171, Received 1st 500 bytes, last byte content: 88
time: 2025-09-07 23:12:41.618128, Received 2nd 500 bytes, last byte content: 89
time: 2025-09-07 23:12:42.118969, Connection closed

Server:
time: 2025-09-07 23:12:38.048237, Iteration: 1
time: 2025-09-07 23:12:38.048632, sent 500 byte of X
time: 2025-09-07 23:12:38.549708, sent 500 byte of Y
time: 2025-09-07 23:12:39.052790, Iteration: 2
time: 2025-09-07 23:12:40.107869, Iteration: 1
time: 2025-09-07 23:12:40.108128, sent 500 byte of X
time: 2025-09-07 23:12:40.609611, sent 500 byte of Y
time: 2025-09-07 23:12:41.111420, Iteration: 2
time: 2025-09-07 23:12:41.111897, sent 500 byte of X
time: 2025-09-07 23:12:41.612820, sent 500 byte of Y
Completed iteration 5 for mode 4 with msg size 500 at 20250907-231235
----------------------------------------
Starting iteration 6 for mode 4 with msg size 500 at 20250907-231244
Results extracted:
Name: Start test ./logs_obfs4_iat1/mode4_size500.log --no-socks --mode 4 --send-size 500 --num-messages 2 
	Frames: 348
	Client got: 2000 over 0 messages,  sent 0
	Server got: 0, over 0 messages, sent 2500
	Terminated by RST: SERVERPROXY -> MITM


clientProxyMITM:
Starting MITM: 31000 -> 31001
Received connection: <socket.socket fd=4, family=AddressFamily.AF_INET, type=SocketKind.SOCK_STREAM, proto=0, laddr=('127.0.0.1', 31000), raddr=('127.0.0.1', 44808)>
Connected to: 127.0.0.1, 31001 using ephemeral port 41012
<- (500) byte  Source Port: 31000 Target Port: 41012 Timestamp: 2025-09-07 23:12:48.531641
<- (500) byte  Source Port: 31000 Target Port: 41012 Timestamp: 2025-09-07 23:12:49.039847
<- (500) byte  Source Port: 31000 Target Port: 41012 Timestamp: 2025-09-07 23:12:49.544858
<- (500) byte  Source Port: 31000 Target Port: 41012 Timestamp: 2025-09-07 23:12:50.056166
-> (0) byte b'' Source Port: 31000 Target Port: 41012 Timestamp: 2025-09-07 23:12:50.560573
Connection closed from (apparently) out

mainMITM:
Starting MITM: 31002 -> 10086
Received connection: <socket.socket fd=4, family=AddressFamily.AF_INET, type=SocketKind.SOCK_STREAM, proto=0, laddr=('127.0.0.1', 31002), raddr=('127.0.0.1', 39662)>
Connected to: 127.0.0.1, 10086 using ephemeral port 41610
-> (2484) byte  Source Port: 31002 Target Port: 41610 Timestamp: 2025-09-07 23:12:46.495149
<- (4274) byte  Source Port: 31002 Target Port: 41610 Timestamp: 2025-09-07 23:12:46.495546
-> (0) byte b'' Source Port: 31002 Target Port: 41610 Timestamp: 2025-09-07 23:12:46.496269
Connection closed from (apparently) out
Received connection: <socket.socket fd=4, family=AddressFamily.AF_INET, type=SocketKind.SOCK_STREAM, proto=0, laddr=('127.0.0.1', 31002), raddr=('127.0.0.1', 39670)>
Connected to: 127.0.0.1, 10086 using ephemeral port 41618
-> (1711) byte  Source Port: 31002 Target Port: 41618 Timestamp: 2025-09-07 23:12:48.529569
<- (4342) byte  Source Port: 31002 Target Port: 41618 Timestamp: 2025-09-07 23:12:48.529967
<- (1448) byte  Source Port: 31002 Target Port: 41618 Timestamp: 2025-09-07 23:12:48.531116
<- (427) byte  Source Port: 31002 Target Port: 41618 Timestamp: 2025-09-07 23:12:48.538352
<- (1365) byte  Source Port: 31002 Target Port: 41618 Timestamp: 2025-09-07 23:12:49.038844
<- (1448) byte  Source Port: 31002 Target Port: 41618 Timestamp: 2025-09-07 23:12:49.543412
<- (74) byte b"\x85\xa3\xab< \xa2;\x15\x1d($\xc2~\x19\xc6\xc2vUP\xef\xa1}\xffe\xc3~\x8bM\x03i\x9b\xdc\x8cy\xa8\x87\x8f>\xbaz\x95t\xba\x1c\xdd$S\x8a8\xcfq2D\xc6\xb3\xbb\xfc\x10\xdf\xdf\x86j\xd413\xe3\x19a\x15D\x12&\xa8'" Source Port: 31002 Target Port: 41618 Timestamp: 2025-09-07 23:12:49.549237
<- (1448) byte  Source Port: 31002 Target Port: 41618 Timestamp: 2025-09-07 23:12:50.054619
<- (152) byte  Source Port: 31002 Target Port: 41618 Timestamp: 2025-09-07 23:12:50.059788
<- (0) byte b'' Source Port: 31002 Target Port: 41618 Timestamp: 2025-09-07 23:12:50.562607
Connection closed from (apparently) in

serverProxyMITM:
Starting MITM: 31003 -> 31004
Received connection: <socket.socket fd=4, family=AddressFamily.AF_INET, type=SocketKind.SOCK_STREAM, proto=0, laddr=('127.0.0.1', 31003), raddr=('127.0.0.1', 46096)>
Connected to: 127.0.0.1, 31004 using ephemeral port 48108
-> (0) byte b'' Source Port: 31003 Target Port: 48108 Timestamp: 2025-09-07 23:12:46.496562
Connection closed from (apparently) out
Received connection: <socket.socket fd=4, family=AddressFamily.AF_INET, type=SocketKind.SOCK_STREAM, proto=0, laddr=('127.0.0.1', 31003), raddr=('127.0.0.1', 46108)>
Connected to: 127.0.0.1, 31004 using ephemeral port 48116
<- (500) byte  Source Port: 31003 Target Port: 48116 Timestamp: 2025-09-07 23:12:48.530842
<- (500) byte  Source Port: 31003 Target Port: 48116 Timestamp: 2025-09-07 23:12:49.037860
<- (500) byte  Source Port: 31003 Target Port: 48116 Timestamp: 2025-09-07 23:12:49.542307
<- (500) byte  Source Port: 31003 Target Port: 48116 Timestamp: 2025-09-07 23:12:50.052907
<- (0) byte b'' Source Port: 31003 Target Port: 48116 Timestamp: 2025-09-07 23:12:50.560596
Connection closed from (apparently) in

Client:
time: 2025-09-07 23:12:48.527174, Mode 4 - start experiment
time: 2025-09-07 23:12:48.527277, Iteration: 1
time: 2025-09-07 23:12:48.531824, Received 1st 500 bytes, last byte content: 88
time: 2025-09-07 23:12:49.040309, Received 2nd 500 bytes, last byte content: 89
time: 2025-09-07 23:12:49.541491, Iteration: 2
time: 2025-09-07 23:12:49.545911, Received 1st 500 bytes, last byte content: 88
time: 2025-09-07 23:12:50.056835, Received 2nd 500 bytes, last byte content: 89
time: 2025-09-07 23:12:50.560739, Connection closed

Server:
time: 2025-09-07 23:12:46.497276, Iteration: 1
time: 2025-09-07 23:12:46.497918, sent 500 byte of X
time: 2025-09-07 23:12:48.530631, Iteration: 1
time: 2025-09-07 23:12:48.530841, sent 500 byte of X
time: 2025-09-07 23:12:49.038182, sent 500 byte of Y
time: 2025-09-07 23:12:49.541493, Iteration: 2
time: 2025-09-07 23:12:49.542570, sent 500 byte of X
time: 2025-09-07 23:12:50.053289, sent 500 byte of Y
Completed iteration 6 for mode 4 with msg size 500 at 20250907-231244
----------------------------------------
Starting iteration 7 for mode 4 with msg size 500 at 20250907-231252
Results extracted:
Name: Start test ./logs_obfs4_iat1/mode4_size500.log --no-socks --mode 4 --send-size 500 --num-messages 2 
	Frames: 351
	Client got: 2000 over 0 messages,  sent 0
	Server got: 0, over 0 messages, sent 3000
	Terminated by RST: SERVERPROXY -> MITM


clientProxyMITM:
Starting MITM: 31000 -> 31001
Received connection: <socket.socket fd=4, family=AddressFamily.AF_INET, type=SocketKind.SOCK_STREAM, proto=0, laddr=('127.0.0.1', 31000), raddr=('127.0.0.1', 48352)>
Connected to: 127.0.0.1, 31001 using ephemeral port 44600
<- (500) byte  Source Port: 31000 Target Port: 44600 Timestamp: 2025-09-07 23:12:57.011019
<- (500) byte  Source Port: 31000 Target Port: 44600 Timestamp: 2025-09-07 23:12:57.514920
<- (500) byte  Source Port: 31000 Target Port: 44600 Timestamp: 2025-09-07 23:12:58.016566
<- (500) byte  Source Port: 31000 Target Port: 44600 Timestamp: 2025-09-07 23:12:58.521887
-> (0) byte b'' Source Port: 31000 Target Port: 44600 Timestamp: 2025-09-07 23:12:59.023113
Connection closed from (apparently) out

mainMITM:
Starting MITM: 31002 -> 10086
Received connection: <socket.socket fd=4, family=AddressFamily.AF_INET, type=SocketKind.SOCK_STREAM, proto=0, laddr=('127.0.0.1', 31002), raddr=('127.0.0.1', 40246)>
Connected to: 127.0.0.1, 10086 using ephemeral port 53428
-> (2511) byte  Source Port: 31002 Target Port: 53428 Timestamp: 2025-09-07 23:12:54.948635
<- (4595) byte  Source Port: 31002 Target Port: 53428 Timestamp: 2025-09-07 23:12:54.949371
<- (1034) byte  Source Port: 31002 Target Port: 53428 Timestamp: 2025-09-07 23:12:54.950479
-> (0) byte b'' Source Port: 31002 Target Port: 53428 Timestamp: 2025-09-07 23:12:54.950563
Connection closed from (apparently) out
Received connection: <socket.socket fd=4, family=AddressFamily.AF_INET, type=SocketKind.SOCK_STREAM, proto=0, laddr=('127.0.0.1', 31002), raddr=('127.0.0.1', 40254)>
Connected to: 127.0.0.1, 10086 using ephemeral port 53444
-> (2997) byte  Source Port: 31002 Target Port: 53444 Timestamp: 2025-09-07 23:12:57.006700
<- (5599) byte  Source Port: 31002 Target Port: 53444 Timestamp: 2025-09-07 23:12:57.007737
<- (568) byte  Source Port: 31002 Target Port: 53444 Timestamp: 2025-09-07 23:12:57.010373
<- (727) byte  Source Port: 31002 Target Port: 53444 Timestamp: 2025-09-07 23:12:57.513936
<- (1365) byte  Source Port: 31002 Target Port: 53444 Timestamp: 2025-09-07 23:12:58.015712
<- (1279) byte  Source Port: 31002 Target Port: 53444 Timestamp: 2025-09-07 23:12:58.521194
<- (0) byte b'' Source Port: 31002 Target Port: 53444 Timestamp: 2025-09-07 23:12:59.022653
Connection closed from (apparently) in

serverProxyMITM:
Starting MITM: 31003 -> 31004
Received connection: <socket.socket fd=4, family=AddressFamily.AF_INET, type=SocketKind.SOCK_STREAM, proto=0, laddr=('127.0.0.1', 31003), raddr=('127.0.0.1', 35010)>
Connected to: 127.0.0.1, 31004 using ephemeral port 49234
<- (500) byte  Source Port: 31003 Target Port: 49234 Timestamp: 2025-09-07 23:12:54.950228
-> (0) byte b'' Source Port: 31003 Target Port: 49234 Timestamp: 2025-09-07 23:12:54.950670
Connection closed from (apparently) out
Received connection: <socket.socket fd=4, family=AddressFamily.AF_INET, type=SocketKind.SOCK_STREAM, proto=0, laddr=('127.0.0.1', 31003), raddr=('127.0.0.1', 35014)>
Connected to: 127.0.0.1, 31004 using ephemeral port 49238
<- (500) byte  Source Port: 31003 Target Port: 49238 Timestamp: 2025-09-07 23:12:57.009527
<- (500) byte  Source Port: 31003 Target Port: 49238 Timestamp: 2025-09-07 23:12:57.512991
<- (500) byte  Source Port: 31003 Target Port: 49238 Timestamp: 2025-09-07 23:12:58.015012
<- (500) byte  Source Port: 31003 Target Port: 49238 Timestamp: 2025-09-07 23:12:58.520558
<- (0) byte b'' Source Port: 31003 Target Port: 49238 Timestamp: 2025-09-07 23:12:59.021658
Connection closed from (apparently) in

Client:
time: 2025-09-07 23:12:57.003543, Mode 4 - start experiment
time: 2025-09-07 23:12:57.003677, Iteration: 1
time: 2025-09-07 23:12:57.011760, Received 1st 500 bytes, last byte content: 88
time: 2025-09-07 23:12:57.515417, Received 2nd 500 bytes, last byte content: 89
time: 2025-09-07 23:12:58.015810, Iteration: 2
time: 2025-09-07 23:12:58.016949, Received 1st 500 bytes, last byte content: 88
time: 2025-09-07 23:12:58.522301, Received 2nd 500 bytes, last byte content: 89
time: 2025-09-07 23:12:59.023379, Connection closed

Server:
time: 2025-09-07 23:12:54.950009, Iteration: 1
time: 2025-09-07 23:12:54.950515, sent 500 byte of X
time: 2025-09-07 23:12:55.452704, sent 500 byte of Y
time: 2025-09-07 23:12:55.959991, Iteration: 2
time: 2025-09-07 23:12:57.009002, Iteration: 1
time: 2025-09-07 23:12:57.009325, sent 500 byte of X
time: 2025-09-07 23:12:57.513464, sent 500 byte of Y
time: 2025-09-07 23:12:58.014499, Iteration: 2
time: 2025-09-07 23:12:58.015003, sent 500 byte of X
time: 2025-09-07 23:12:58.520607, sent 500 byte of Y
Completed iteration 7 for mode 4 with msg size 500 at 20250907-231252
----------------------------------------
Starting iteration 8 for mode 4 with msg size 500 at 20250907-231301
Results extracted:
Name: Start test ./logs_obfs4_iat1/mode4_size500.log --no-socks --mode 4 --send-size 500 --num-messages 2 
	Frames: 346
	Client got: 2000 over 0 messages,  sent 0
	Server got: 0, over 0 messages, sent 3000
	Terminated by RST: SERVERPROXY -> MITM


clientProxyMITM:
Starting MITM: 31000 -> 31001
Received connection: <socket.socket fd=4, family=AddressFamily.AF_INET, type=SocketKind.SOCK_STREAM, proto=0, laddr=('127.0.0.1', 31000), raddr=('127.0.0.1', 59858)>
Connected to: 127.0.0.1, 31001 using ephemeral port 44000
<- (500) byte  Source Port: 31000 Target Port: 44000 Timestamp: 2025-09-07 23:13:05.453804
<- (500) byte  Source Port: 31000 Target Port: 44000 Timestamp: 2025-09-07 23:13:05.956314
<- (500) byte  Source Port: 31000 Target Port: 44000 Timestamp: 2025-09-07 23:13:06.463767
<- (500) byte  Source Port: 31000 Target Port: 44000 Timestamp: 2025-09-07 23:13:06.971713
-> (0) byte b'' Source Port: 31000 Target Port: 44000 Timestamp: 2025-09-07 23:13:07.479341
Connection closed from (apparently) out

mainMITM:
Starting MITM: 31002 -> 10086
Received connection: <socket.socket fd=4, family=AddressFamily.AF_INET, type=SocketKind.SOCK_STREAM, proto=0, laddr=('127.0.0.1', 31002), raddr=('127.0.0.1', 32988)>
Connected to: 127.0.0.1, 10086 using ephemeral port 34768
-> (5386) byte  Source Port: 31002 Target Port: 34768 Timestamp: 2025-09-07 23:13:03.390652
<- (1164) byte  Source Port: 31002 Target Port: 34768 Timestamp: 2025-09-07 23:13:03.391153
-> (0) byte b'' Source Port: 31002 Target Port: 34768 Timestamp: 2025-09-07 23:13:03.391711
Connection closed from (apparently) out
Received connection: <socket.socket fd=4, family=AddressFamily.AF_INET, type=SocketKind.SOCK_STREAM, proto=0, laddr=('127.0.0.1', 31002), raddr=('127.0.0.1', 32994)>
Connected to: 127.0.0.1, 10086 using ephemeral port 34784
-> (2306) byte  Source Port: 31002 Target Port: 34784 Timestamp: 2025-09-07 23:13:05.450571
<- (3280) byte  Source Port: 31002 Target Port: 34784 Timestamp: 2025-09-07 23:13:05.451463
<- (692) byte  Source Port: 31002 Target Port: 34784 Timestamp: 2025-09-07 23:13:05.453198
<- (1448) byte  Source Port: 31002 Target Port: 34784 Timestamp: 2025-09-07 23:13:05.954811
<- (337) byte  Source Port: 31002 Target Port: 34784 Timestamp: 2025-09-07 23:13:05.957206
<- (1448) byte  Source Port: 31002 Target Port: 34784 Timestamp: 2025-09-07 23:13:06.462461
<- (427) byte  Source Port: 31002 Target Port: 34784 Timestamp: 2025-09-07 23:13:06.468184
<- (1207) byte  Source Port: 31002 Target Port: 34784 Timestamp: 2025-09-07 23:13:06.970335
<- (0) byte b'' Source Port: 31002 Target Port: 34784 Timestamp: 2025-09-07 23:13:07.482341
Connection closed from (apparently) in

serverProxyMITM:
Starting MITM: 31003 -> 31004
Received connection: <socket.socket fd=4, family=AddressFamily.AF_INET, type=SocketKind.SOCK_STREAM, proto=0, laddr=('127.0.0.1', 31003), raddr=('127.0.0.1', 54086)>
Connected to: 127.0.0.1, 31004 using ephemeral port 38444
<- (500) byte  Source Port: 31003 Target Port: 38444 Timestamp: 2025-09-07 23:13:03.392099
-> (0) byte b'' Source Port: 31003 Target Port: 38444 Timestamp: 2025-09-07 23:13:03.392194
Connection closed from (apparently) out
Received connection: <socket.socket fd=4, family=AddressFamily.AF_INET, type=SocketKind.SOCK_STREAM, proto=0, laddr=('127.0.0.1', 31003), raddr=('127.0.0.1', 54092)>
Connected to: 127.0.0.1, 31004 using ephemeral port 38448
<- (500) byte  Source Port: 31003 Target Port: 38448 Timestamp: 2025-09-07 23:13:05.452786
<- (500) byte  Source Port: 31003 Target Port: 38448 Timestamp: 2025-09-07 23:13:05.953730
<- (500) byte  Source Port: 31003 Target Port: 38448 Timestamp: 2025-09-07 23:13:06.461472
<- (500) byte  Source Port: 31003 Target Port: 38448 Timestamp: 2025-09-07 23:13:06.968934
<- (0) byte b'' Source Port: 31003 Target Port: 38448 Timestamp: 2025-09-07 23:13:07.479375
Connection closed from (apparently) in

Client:
time: 2025-09-07 23:13:05.447682, Mode 4 - start experiment
time: 2025-09-07 23:13:05.447808, Iteration: 1
time: 2025-09-07 23:13:05.454106, Received 1st 500 bytes, last byte content: 88
time: 2025-09-07 23:13:05.956849, Received 2nd 500 bytes, last byte content: 89
time: 2025-09-07 23:13:06.460798, Iteration: 2
time: 2025-09-07 23:13:06.464251, Received 1st 500 bytes, last byte content: 88
time: 2025-09-07 23:13:06.972459, Received 2nd 500 bytes, last byte content: 89
time: 2025-09-07 23:13:07.479615, Connection closed

Server:
time: 2025-09-07 23:13:03.391742, Iteration: 1
time: 2025-09-07 23:13:03.391831, sent 500 byte of X
time: 2025-09-07 23:13:03.902591, sent 500 byte of Y
time: 2025-09-07 23:13:04.403600, Iteration: 2
time: 2025-09-07 23:13:05.452625, Iteration: 1
time: 2025-09-07 23:13:05.452755, sent 500 byte of X
time: 2025-09-07 23:13:05.953868, sent 500 byte of Y
time: 2025-09-07 23:13:06.460797, Iteration: 2
time: 2025-09-07 23:13:06.461452, sent 500 byte of X
time: 2025-09-07 23:13:06.969356, sent 500 byte of Y
Completed iteration 8 for mode 4 with msg size 500 at 20250907-231301
----------------------------------------
Starting iteration 9 for mode 4 with msg size 500 at 20250907-231309
Results extracted:
Name: Start test ./logs_obfs4_iat1/mode4_size500.log --no-socks --mode 4 --send-size 500 --num-messages 2 
	Frames: 345
	Client got: 2000 over 0 messages,  sent 0
	Server got: 0, over 0 messages, sent 2500
	Terminated by RST: SERVERPROXY -> MITM


clientProxyMITM:
Starting MITM: 31000 -> 31001
Received connection: <socket.socket fd=4, family=AddressFamily.AF_INET, type=SocketKind.SOCK_STREAM, proto=0, laddr=('127.0.0.1', 31000), raddr=('127.0.0.1', 35094)>
Connected to: 127.0.0.1, 31001 using ephemeral port 43804
<- (500) byte  Source Port: 31000 Target Port: 43804 Timestamp: 2025-09-07 23:13:13.895254
<- (500) byte  Source Port: 31000 Target Port: 43804 Timestamp: 2025-09-07 23:13:14.403308
<- (500) byte  Source Port: 31000 Target Port: 43804 Timestamp: 2025-09-07 23:13:14.906981
<- (500) byte  Source Port: 31000 Target Port: 43804 Timestamp: 2025-09-07 23:13:15.416019
-> (0) byte b'' Source Port: 31000 Target Port: 43804 Timestamp: 2025-09-07 23:13:15.918765
Connection closed from (apparently) out

mainMITM:
Starting MITM: 31002 -> 10086
Received connection: <socket.socket fd=4, family=AddressFamily.AF_INET, type=SocketKind.SOCK_STREAM, proto=0, laddr=('127.0.0.1', 31002), raddr=('127.0.0.1', 33198)>
Connected to: 127.0.0.1, 10086 using ephemeral port 59376
-> (4331) byte  Source Port: 31002 Target Port: 59376 Timestamp: 2025-09-07 23:13:11.838902
<- (8181) byte  Source Port: 31002 Target Port: 59376 Timestamp: 2025-09-07 23:13:11.839444
-> (0) byte b'' Source Port: 31002 Target Port: 59376 Timestamp: 2025-09-07 23:13:11.840147
Connection closed from (apparently) out
Received connection: <socket.socket fd=4, family=AddressFamily.AF_INET, type=SocketKind.SOCK_STREAM, proto=0, laddr=('127.0.0.1', 31002), raddr=('127.0.0.1', 33200)>
Connected to: 127.0.0.1, 10086 using ephemeral port 59382
-> (5875) byte  Source Port: 31002 Target Port: 59382 Timestamp: 2025-09-07 23:13:13.891736
<- (5648) byte  Source Port: 31002 Target Port: 59382 Timestamp: 2025-09-07 23:13:13.893020
<- (1046) byte  Source Port: 31002 Target Port: 59382 Timestamp: 2025-09-07 23:13:13.894665
<- (667) byte  Source Port: 31002 Target Port: 59382 Timestamp: 2025-09-07 23:13:14.400610
<- (1368) byte  Source Port: 31002 Target Port: 59382 Timestamp: 2025-09-07 23:13:14.904907
<- (1448) byte  Source Port: 31002 Target Port: 59382 Timestamp: 2025-09-07 23:13:15.412858
<- (37) byte b's\x92\xd0C}\xe2y\xc5\xb1K\xf2\xc5\x16\xe5\x12\xda;\xd8D\rNd\xbb4\x07A/\x14\x15]\xbc\xa9\xcd\x98\xee\xb3\x01' Source Port: 31002 Target Port: 59382 Timestamp: 2025-09-07 23:13:15.420431
<- (0) byte b'' Source Port: 31002 Target Port: 59382 Timestamp: 2025-09-07 23:13:15.918767
Connection closed from (apparently) in

serverProxyMITM:
Starting MITM: 31003 -> 31004
Received connection: <socket.socket fd=4, family=AddressFamily.AF_INET, type=SocketKind.SOCK_STREAM, proto=0, laddr=('127.0.0.1', 31003), raddr=('127.0.0.1', 51904)>
Connected to: 127.0.0.1, 31004 using ephemeral port 43988
-> (0) byte b'' Source Port: 31003 Target Port: 43988 Timestamp: 2025-09-07 23:13:11.840384
Connection closed from (apparently) out
Received connection: <socket.socket fd=4, family=AddressFamily.AF_INET, type=SocketKind.SOCK_STREAM, proto=0, laddr=('127.0.0.1', 31003), raddr=('127.0.0.1', 51912)>
Connected to: 127.0.0.1, 31004 using ephemeral port 43996
<- (500) byte  Source Port: 31003 Target Port: 43996 Timestamp: 2025-09-07 23:13:13.894238
<- (500) byte  Source Port: 31003 Target Port: 43996 Timestamp: 2025-09-07 23:13:14.398858
<- (500) byte  Source Port: 31003 Target Port: 43996 Timestamp: 2025-09-07 23:13:14.903774
<- (500) byte  Source Port: 31003 Target Port: 43996 Timestamp: 2025-09-07 23:13:15.410864
<- (0) byte b'' Source Port: 31003 Target Port: 43996 Timestamp: 2025-09-07 23:13:15.914945
Connection closed from (apparently) in

Client:
time: 2025-09-07 23:13:13.888116, Mode 4 - start experiment
time: 2025-09-07 23:13:13.888272, Iteration: 1
time: 2025-09-07 23:13:13.895455, Received 1st 500 bytes, last byte content: 88
time: 2025-09-07 23:13:14.404371, Received 2nd 500 bytes, last byte content: 89
time: 2025-09-07 23:13:14.905565, Iteration: 2
time: 2025-09-07 23:13:14.908375, Received 1st 500 bytes, last byte content: 88
time: 2025-09-07 23:13:15.416886, Received 2nd 500 bytes, last byte content: 89
time: 2025-09-07 23:13:15.919573, Connection closed

Server:
time: 2025-09-07 23:13:11.840348, Iteration: 1
time: 2025-09-07 23:13:11.840443, sent 500 byte of X
time: 2025-09-07 23:13:13.894068, Iteration: 1
time: 2025-09-07 23:13:13.894174, sent 500 byte of X
time: 2025-09-07 23:13:14.399528, sent 500 byte of Y
time: 2025-09-07 23:13:14.902979, Iteration: 2
time: 2025-09-07 23:13:14.903724, sent 500 byte of X
time: 2025-09-07 23:13:15.411299, sent 500 byte of Y
Completed iteration 9 for mode 4 with msg size 500 at 20250907-231309
----------------------------------------
Starting iteration 10 for mode 4 with msg size 500 at 20250907-231318
Results extracted:
Name: Start test ./logs_obfs4_iat1/mode4_size500.log --no-socks --mode 4 --send-size 500 --num-messages 2 
	Frames: 333
	Client got: 2000 over 0 messages,  sent 0
	Server got: 0, over 0 messages, sent 2500
	Terminated by RST: SERVERPROXY -> MITM


clientProxyMITM:
Starting MITM: 31000 -> 31001
Received connection: <socket.socket fd=4, family=AddressFamily.AF_INET, type=SocketKind.SOCK_STREAM, proto=0, laddr=('127.0.0.1', 31000), raddr=('127.0.0.1', 47612)>
Connected to: 127.0.0.1, 31001 using ephemeral port 36708
<- (500) byte  Source Port: 31000 Target Port: 36708 Timestamp: 2025-09-07 23:13:22.367583
<- (500) byte  Source Port: 31000 Target Port: 36708 Timestamp: 2025-09-07 23:13:22.871574
<- (500) byte  Source Port: 31000 Target Port: 36708 Timestamp: 2025-09-07 23:13:23.372090
<- (500) byte  Source Port: 31000 Target Port: 36708 Timestamp: 2025-09-07 23:13:23.874397
-> (0) byte b'' Source Port: 31000 Target Port: 36708 Timestamp: 2025-09-07 23:13:24.376017
Connection closed from (apparently) out

mainMITM:
Starting MITM: 31002 -> 10086
Received connection: <socket.socket fd=4, family=AddressFamily.AF_INET, type=SocketKind.SOCK_STREAM, proto=0, laddr=('127.0.0.1', 31002), raddr=('127.0.0.1', 36768)>
Connected to: 127.0.0.1, 10086 using ephemeral port 44282
-> (2574) byte  Source Port: 31002 Target Port: 44282 Timestamp: 2025-09-07 23:13:20.320193
<- (6226) byte  Source Port: 31002 Target Port: 44282 Timestamp: 2025-09-07 23:13:20.320704
-> (0) byte b'' Source Port: 31002 Target Port: 44282 Timestamp: 2025-09-07 23:13:20.321294
Connection closed from (apparently) out
Received connection: <socket.socket fd=4, family=AddressFamily.AF_INET, type=SocketKind.SOCK_STREAM, proto=0, laddr=('127.0.0.1', 31002), raddr=('127.0.0.1', 36770)>
Connected to: 127.0.0.1, 10086 using ephemeral port 44296
-> (3393) byte  Source Port: 31002 Target Port: 44296 Timestamp: 2025-09-07 23:13:22.364550
<- (4401) byte  Source Port: 31002 Target Port: 44296 Timestamp: 2025-09-07 23:13:22.365446
<- (636) byte  Source Port: 31002 Target Port: 44296 Timestamp: 2025-09-07 23:13:22.366899
<- (648) byte  Source Port: 31002 Target Port: 44296 Timestamp: 2025-09-07 23:13:22.868777
<- (1046) byte  Source Port: 31002 Target Port: 44296 Timestamp: 2025-09-07 23:13:23.370598
<- (1448) byte  Source Port: 31002 Target Port: 44296 Timestamp: 2025-09-07 23:13:23.873204
<- (66) byte b'\x9e\x1bU\xda\x05\x04\x84\xd7\x99\xf2Lu\xdeT\x1b\xf1\x0b\x88)P\xfd:\x1b\x85B\x98\xe7\xee_\xae\xec\td4|x\xe2\x02\x88j\x1a\xad\x15x\x16\xdc\x19\xed\x02\xe7{\x94\xe3\x01\x12\xa6l\xe0\x9c\xed+\x12\x19\xed\x08\x8e' Source Port: 31002 Target Port: 44296 Timestamp: 2025-09-07 23:13:23.883732
<- (0) byte b'' Source Port: 31002 Target Port: 44296 Timestamp: 2025-09-07 23:13:24.375325
Connection closed from (apparently) in

serverProxyMITM:
Starting MITM: 31003 -> 31004
Received connection: <socket.socket fd=4, family=AddressFamily.AF_INET, type=SocketKind.SOCK_STREAM, proto=0, laddr=('127.0.0.1', 31003), raddr=('127.0.0.1', 42094)>
Connected to: 127.0.0.1, 31004 using ephemeral port 48878
-> (0) byte b'' Source Port: 31003 Target Port: 48878 Timestamp: 2025-09-07 23:13:20.321510
Connection closed from (apparently) out
Received connection: <socket.socket fd=4, family=AddressFamily.AF_INET, type=SocketKind.SOCK_STREAM, proto=0, laddr=('127.0.0.1', 31003), raddr=('127.0.0.1', 42100)>
Connected to: 127.0.0.1, 31004 using ephemeral port 48892
<- (500) byte  Source Port: 31003 Target Port: 48892 Timestamp: 2025-09-07 23:13:22.366615
<- (500) byte  Source Port: 31003 Target Port: 48892 Timestamp: 2025-09-07 23:13:22.867507
<- (500) byte  Source Port: 31003 Target Port: 48892 Timestamp: 2025-09-07 23:13:23.369393
<- (500) byte  Source Port: 31003 Target Port: 48892 Timestamp: 2025-09-07 23:13:23.872145
<- (0) byte b'' Source Port: 31003 Target Port: 48892 Timestamp: 2025-09-07 23:13:24.373526
Connection closed from (apparently) in

Client:
time: 2025-09-07 23:13:22.361473, Mode 4 - start experiment
time: 2025-09-07 23:13:22.361628, Iteration: 1
time: 2025-09-07 23:13:22.367780, Received 1st 500 bytes, last byte content: 88
time: 2025-09-07 23:13:22.872294, Received 2nd 500 bytes, last byte content: 89
time: 2025-09-07 23:13:23.373227, Iteration: 2
time: 2025-09-07 23:13:23.373453, Received 1st 500 bytes, last byte content: 88
time: 2025-09-07 23:13:23.874963, Received 2nd 500 bytes, last byte content: 89
time: 2025-09-07 23:13:24.376684, Connection closed

Server:
time: 2025-09-07 23:13:20.321738, Iteration: 1
time: 2025-09-07 23:13:20.321902, sent 500 byte of X
time: 2025-09-07 23:13:22.366459, Iteration: 1
time: 2025-09-07 23:13:22.366575, sent 500 byte of X
time: 2025-09-07 23:13:22.867670, sent 500 byte of Y
time: 2025-09-07 23:13:23.368854, Iteration: 2
time: 2025-09-07 23:13:23.369335, sent 500 byte of X
time: 2025-09-07 23:13:23.872405, sent 500 byte of Y
Completed iteration 10 for mode 4 with msg size 500 at 20250907-231318
----------------------------------------
Starting iteration 11 for mode 4 with msg size 500 at 20250907-231326
Results extracted:
Name: Start test ./logs_obfs4_iat1/mode4_size500.log --no-socks --mode 4 --send-size 500 --num-messages 2 
	Frames: 337
	Client got: 2000 over 0 messages,  sent 0
	Server got: 0, over 0 messages, sent 2500
	Terminated by RST: SERVERPROXY -> MITM


clientProxyMITM:
Starting MITM: 31000 -> 31001
Received connection: <socket.socket fd=4, family=AddressFamily.AF_INET, type=SocketKind.SOCK_STREAM, proto=0, laddr=('127.0.0.1', 31000), raddr=('127.0.0.1', 36948)>
Connected to: 127.0.0.1, 31001 using ephemeral port 56134
<- (500) byte  Source Port: 31000 Target Port: 56134 Timestamp: 2025-09-07 23:13:30.794171
<- (500) byte  Source Port: 31000 Target Port: 56134 Timestamp: 2025-09-07 23:13:31.297632
<- (500) byte  Source Port: 31000 Target Port: 56134 Timestamp: 2025-09-07 23:13:31.804140
<- (500) byte  Source Port: 31000 Target Port: 56134 Timestamp: 2025-09-07 23:13:32.304492
-> (0) byte b'' Source Port: 31000 Target Port: 56134 Timestamp: 2025-09-07 23:13:32.806987
Connection closed from (apparently) out

mainMITM:
Starting MITM: 31002 -> 10086
Received connection: <socket.socket fd=4, family=AddressFamily.AF_INET, type=SocketKind.SOCK_STREAM, proto=0, laddr=('127.0.0.1', 31002), raddr=('127.0.0.1', 36786)>
Connected to: 127.0.0.1, 10086 using ephemeral port 44334
-> (3341) byte  Source Port: 31002 Target Port: 44334 Timestamp: 2025-09-07 23:13:28.734785
<- (2083) byte  Source Port: 31002 Target Port: 44334 Timestamp: 2025-09-07 23:13:28.735217
-> (0) byte b'' Source Port: 31002 Target Port: 44334 Timestamp: 2025-09-07 23:13:28.735656
Connection closed from (apparently) out
Received connection: <socket.socket fd=4, family=AddressFamily.AF_INET, type=SocketKind.SOCK_STREAM, proto=0, laddr=('127.0.0.1', 31002), raddr=('127.0.0.1', 42938)>
Connected to: 127.0.0.1, 10086 using ephemeral port 48610
-> (5478) byte  Source Port: 31002 Target Port: 48610 Timestamp: 2025-09-07 23:13:30.790473
<- (1325) byte  Source Port: 31002 Target Port: 48610 Timestamp: 2025-09-07 23:13:30.791378
<- (677) byte  Source Port: 31002 Target Port: 48610 Timestamp: 2025-09-07 23:13:30.793530
<- (941) byte  Source Port: 31002 Target Port: 48610 Timestamp: 2025-09-07 23:13:31.296249
<- (728) byte  Source Port: 31002 Target Port: 48610 Timestamp: 2025-09-07 23:13:31.802235
<- (1448) byte  Source Port: 31002 Target Port: 48610 Timestamp: 2025-09-07 23:13:32.303559
<- (553) byte  Source Port: 31002 Target Port: 48610 Timestamp: 2025-09-07 23:13:32.306786
<- (0) byte b'' Source Port: 31002 Target Port: 48610 Timestamp: 2025-09-07 23:13:32.809499
Connection closed from (apparently) in

serverProxyMITM:
Starting MITM: 31003 -> 31004
Received connection: <socket.socket fd=4, family=AddressFamily.AF_INET, type=SocketKind.SOCK_STREAM, proto=0, laddr=('127.0.0.1', 31003), raddr=('127.0.0.1', 42114)>
Connected to: 127.0.0.1, 31004 using ephemeral port 48896
-> (0) byte b'' Source Port: 31003 Target Port: 48896 Timestamp: 2025-09-07 23:13:28.735820
Connection closed from (apparently) out
Received connection: <socket.socket fd=4, family=AddressFamily.AF_INET, type=SocketKind.SOCK_STREAM, proto=0, laddr=('127.0.0.1', 31003), raddr=('127.0.0.1', 53040)>
Connected to: 127.0.0.1, 31004 using ephemeral port 53766
<- (500) byte  Source Port: 31003 Target Port: 53766 Timestamp: 2025-09-07 23:13:30.792937
<- (500) byte  Source Port: 31003 Target Port: 53766 Timestamp: 2025-09-07 23:13:31.295201
<- (500) byte  Source Port: 31003 Target Port: 53766 Timestamp: 2025-09-07 23:13:31.800926
<- (500) byte  Source Port: 31003 Target Port: 53766 Timestamp: 2025-09-07 23:13:32.302666
<- (0) byte b'' Source Port: 31003 Target Port: 53766 Timestamp: 2025-09-07 23:13:32.806744
Connection closed from (apparently) in

Client:
time: 2025-09-07 23:13:30.786726, Mode 4 - start experiment
time: 2025-09-07 23:13:30.786864, Iteration: 1
time: 2025-09-07 23:13:30.794574, Received 1st 500 bytes, last byte content: 88
time: 2025-09-07 23:13:31.298265, Received 2nd 500 bytes, last byte content: 89
time: 2025-09-07 23:13:31.799716, Iteration: 2
time: 2025-09-07 23:13:31.804874, Received 1st 500 bytes, last byte content: 88
time: 2025-09-07 23:13:32.305448, Received 2nd 500 bytes, last byte content: 89
time: 2025-09-07 23:13:32.807000, Connection closed

Server:
time: 2025-09-07 23:13:28.735841, Iteration: 1
time: 2025-09-07 23:13:28.735919, sent 500 byte of X
time: 2025-09-07 23:13:30.792753, Iteration: 1
time: 2025-09-07 23:13:30.792916, sent 500 byte of X
time: 2025-09-07 23:13:31.295489, sent 500 byte of Y
time: 2025-09-07 23:13:31.799942, Iteration: 2
time: 2025-09-07 23:13:31.800801, sent 500 byte of X
time: 2025-09-07 23:13:32.302712, sent 500 byte of Y
Completed iteration 11 for mode 4 with msg size 500 at 20250907-231326
----------------------------------------
Starting iteration 12 for mode 4 with msg size 500 at 20250907-231334
Results extracted:
Name: Start test ./logs_obfs4_iat1/mode4_size500.log --no-socks --mode 4 --send-size 500 --num-messages 2 
	Frames: 344
	Client got: 2000 over 0 messages,  sent 0
	Server got: 0, over 0 messages, sent 2500
	Terminated by RST: SERVERPROXY -> MITM


clientProxyMITM:
Starting MITM: 31000 -> 31001
Received connection: <socket.socket fd=4, family=AddressFamily.AF_INET, type=SocketKind.SOCK_STREAM, proto=0, laddr=('127.0.0.1', 31000), raddr=('127.0.0.1', 36950)>
Connected to: 127.0.0.1, 31001 using ephemeral port 56158
<- (500) byte  Source Port: 31000 Target Port: 56158 Timestamp: 2025-09-07 23:13:39.260609
<- (500) byte  Source Port: 31000 Target Port: 56158 Timestamp: 2025-09-07 23:13:39.765250
<- (500) byte  Source Port: 31000 Target Port: 56158 Timestamp: 2025-09-07 23:13:40.272619
<- (500) byte  Source Port: 31000 Target Port: 56158 Timestamp: 2025-09-07 23:13:40.775687
-> (0) byte b'' Source Port: 31000 Target Port: 56158 Timestamp: 2025-09-07 23:13:41.277881
Connection closed from (apparently) out

mainMITM:
Starting MITM: 31002 -> 10086
Received connection: <socket.socket fd=4, family=AddressFamily.AF_INET, type=SocketKind.SOCK_STREAM, proto=0, laddr=('127.0.0.1', 31002), raddr=('127.0.0.1', 42950)>
Connected to: 127.0.0.1, 10086 using ephemeral port 48640
-> (5269) byte  Source Port: 31002 Target Port: 48640 Timestamp: 2025-09-07 23:13:37.197923
<- (2570) byte  Source Port: 31002 Target Port: 48640 Timestamp: 2025-09-07 23:13:37.198297
-> (0) byte b'' Source Port: 31002 Target Port: 48640 Timestamp: 2025-09-07 23:13:37.198874
Connection closed from (apparently) out
Received connection: <socket.socket fd=4, family=AddressFamily.AF_INET, type=SocketKind.SOCK_STREAM, proto=0, laddr=('127.0.0.1', 31002), raddr=('127.0.0.1', 42960)>
Connected to: 127.0.0.1, 10086 using ephemeral port 48644
-> (6028) byte  Source Port: 31002 Target Port: 48644 Timestamp: 2025-09-07 23:13:39.257108
<- (5434) byte  Source Port: 31002 Target Port: 48644 Timestamp: 2025-09-07 23:13:39.257989
<- (1448) byte  Source Port: 31002 Target Port: 48644 Timestamp: 2025-09-07 23:13:39.259674
<- (37) byte b'\xe42\xb8\xcc%\xdeX\x96\xd6\\\x8c[O\x9d\xc9\x0f\x9f\xa0\xdd\x9fC\xa97\x8c\xc0\x89\x8fO\xd9\xe9\xae\xcb\xe4/E\xa2\x04' Source Port: 31002 Target Port: 48644 Timestamp: 2025-09-07 23:13:39.260888
<- (720) byte  Source Port: 31002 Target Port: 48644 Timestamp: 2025-09-07 23:13:39.762338
<- (1448) byte  Source Port: 31002 Target Port: 48644 Timestamp: 2025-09-07 23:13:40.271251
<- (37) byte b"2I&G\xe4\x18\xcfy\xdf\xbcf\x1d\xc9)\xb5\xc3W]_\xbf\xa3'\xcb_Z\xe5\xbd\xd4A\x12o\xa6\x06i\x02\xb4X" Source Port: 31002 Target Port: 48644 Timestamp: 2025-09-07 23:13:40.278612
<- (1448) byte  Source Port: 31002 Target Port: 48644 Timestamp: 2025-09-07 23:13:40.772771
<- (74) byte b'\x11\x12\xc4u\xd5\x9047\xdd\x80\x1fb\x8a\x10\xb1\x9b\x8f\xae\xd6\xd1\x93\x19(w\xfe\xce\xb0\x08\xf3\xa0\x9alH\x84<\xe3\x1fL\t\xf8\x88\xae\xb3H\t\xc8\xc5\x12n\x88\xe31\x80\xd0@\xf5\xf4\xa6\x17,]\xd3\xb1\xfe\xce>\xa37-\xb8K\x12\xd3\xfe' Source Port: 31002 Target Port: 48644 Timestamp: 2025-09-07 23:13:40.778383
<- (0) byte b'' Source Port: 31002 Target Port: 48644 Timestamp: 2025-09-07 23:13:41.276529
Connection closed from (apparently) in

serverProxyMITM:
Starting MITM: 31003 -> 31004
Received connection: <socket.socket fd=4, family=AddressFamily.AF_INET, type=SocketKind.SOCK_STREAM, proto=0, laddr=('127.0.0.1', 31003), raddr=('127.0.0.1', 53046)>
Connected to: 127.0.0.1, 31004 using ephemeral port 53776
-> (0) byte b'' Source Port: 31003 Target Port: 53776 Timestamp: 2025-09-07 23:13:37.199091
Connection closed from (apparently) out
Received connection: <socket.socket fd=4, family=AddressFamily.AF_INET, type=SocketKind.SOCK_STREAM, proto=0, laddr=('127.0.0.1', 31003), raddr=('127.0.0.1', 53050)>
Connected to: 127.0.0.1, 31004 using ephemeral port 53788
<- (500) byte  Source Port: 31003 Target Port: 53788 Timestamp: 2025-09-07 23:13:39.259334
<- (500) byte  Source Port: 31003 Target Port: 53788 Timestamp: 2025-09-07 23:13:39.760717
<- (500) byte  Source Port: 31003 Target Port: 53788 Timestamp: 2025-09-07 23:13:40.269991
<- (500) byte  Source Port: 31003 Target Port: 53788 Timestamp: 2025-09-07 23:13:40.770963
<- (0) byte b'' Source Port: 31003 Target Port: 53788 Timestamp: 2025-09-07 23:13:41.274980
Connection closed from (apparently) in

Client:
time: 2025-09-07 23:13:39.253819, Mode 4 - start experiment
time: 2025-09-07 23:13:39.253952, Iteration: 1
time: 2025-09-07 23:13:39.260886, Received 1st 500 bytes, last byte content: 88
time: 2025-09-07 23:13:39.766267, Received 2nd 500 bytes, last byte content: 89
time: 2025-09-07 23:13:40.267426, Iteration: 2
time: 2025-09-07 23:13:40.273189, Received 1st 500 bytes, last byte content: 88
time: 2025-09-07 23:13:40.776503, Received 2nd 500 bytes, last byte content: 89
time: 2025-09-07 23:13:41.277912, Connection closed

Server:
time: 2025-09-07 23:13:37.199092, Iteration: 1
time: 2025-09-07 23:13:37.199167, sent 500 byte of X
time: 2025-09-07 23:13:39.258981, Iteration: 1
time: 2025-09-07 23:13:39.259328, sent 500 byte of X
time: 2025-09-07 23:13:39.760929, sent 500 byte of Y
time: 2025-09-07 23:13:40.268965, Iteration: 2
time: 2025-09-07 23:13:40.269819, sent 500 byte of X
time: 2025-09-07 23:13:40.771369, sent 500 byte of Y
Completed iteration 12 for mode 4 with msg size 500 at 20250907-231334
----------------------------------------
