Starting iteration 1 for mode 4 with msg size 1800 at 20250907-231343
Results extracted:
Name: Start test ./logs_obfs4_iat1/mode4_size1800.log --no-socks --mode 4 --send-size 1800 --num-messages 2 
	Frames: 400
	Client got: 7200 over 0 messages,  sent 0
	Server got: 0, over 0 messages, sent 10800
	Terminated by RST: SERVERPROXY -> MITM


clientProxyMITM:
Starting MITM: 31000 -> 31001
Received connection: <socket.socket fd=4, family=AddressFamily.AF_INET, type=SocketKind.SOCK_STREAM, proto=0, laddr=('127.0.0.1', 31000), raddr=('127.0.0.1', 43138)>
Connected to: 127.0.0.1, 31001 using ephemeral port 53914
<- (1427) byte  Source Port: 31000 Target Port: 53914 Timestamp: 2025-09-07 23:13:47.680065
<- (373) byte  Source Port: 31000 Target Port: 53914 Timestamp: 2025-09-07 23:13:47.689988
<- (1427) byte  Source Port: 31000 Target Port: 53914 Timestamp: 2025-09-07 23:13:48.188215
<- (373) byte  Source Port: 31000 Target Port: 53914 Timestamp: 2025-09-07 23:13:48.190547
<- (1427) byte  Source Port: 31000 Target Port: 53914 Timestamp: 2025-09-07 23:13:48.690218
<- (373) byte  Source Port: 31000 Target Port: 53914 Timestamp: 2025-09-07 23:13:48.693479
<- (1427) byte  Source Port: 31000 Target Port: 53914 Timestamp: 2025-09-07 23:13:49.192626
<- (373) byte  Source Port: 31000 Target Port: 53914 Timestamp: 2025-09-07 23:13:49.198325
<- (0) byte b'' Source Port: 31000 Target Port: 53914 Timestamp: 2025-09-07 23:13:49.699994
Connection closed from (apparently) in

mainMITM:
Starting MITM: 31002 -> 10086
Received connection: <socket.socket fd=4, family=AddressFamily.AF_INET, type=SocketKind.SOCK_STREAM, proto=0, laddr=('127.0.0.1', 31002), raddr=('127.0.0.1', 47234)>
Connected to: 127.0.0.1, 10086 using ephemeral port 43706
-> (3960) byte  Source Port: 31002 Target Port: 43706 Timestamp: 2025-09-07 23:13:45.624117
<- (4707) byte  Source Port: 31002 Target Port: 43706 Timestamp: 2025-09-07 23:13:45.624569
-> (0) byte b'' Source Port: 31002 Target Port: 43706 Timestamp: 2025-09-07 23:13:45.625303
Connection closed from (apparently) out
Received connection: <socket.socket fd=4, family=AddressFamily.AF_INET, type=SocketKind.SOCK_STREAM, proto=0, laddr=('127.0.0.1', 31002), raddr=('127.0.0.1', 47248)>
Connected to: 127.0.0.1, 10086 using ephemeral port 43722
-> (7625) byte  Source Port: 31002 Target Port: 43722 Timestamp: 2025-09-07 23:13:47.676639
<- (5703) byte  Source Port: 31002 Target Port: 43722 Timestamp: 2025-09-07 23:13:47.677569
<- (1448) byte  Source Port: 31002 Target Port: 43722 Timestamp: 2025-09-07 23:13:47.679443
<- (568) byte  Source Port: 31002 Target Port: 43722 Timestamp: 2025-09-07 23:13:47.689630
<- (1448) byte  Source Port: 31002 Target Port: 43722 Timestamp: 2025-09-07 23:13:48.185939
<- (1034) byte  Source Port: 31002 Target Port: 43722 Timestamp: 2025-09-07 23:13:48.188977
<- (1448) byte  Source Port: 31002 Target Port: 43722 Timestamp: 2025-09-07 23:13:48.688528
<- (805) byte  Source Port: 31002 Target Port: 43722 Timestamp: 2025-09-07 23:13:48.692315
<- (1448) byte  Source Port: 31002 Target Port: 43722 Timestamp: 2025-09-07 23:13:49.191369
<- (1448) byte  Source Port: 31002 Target Port: 43722 Timestamp: 2025-09-07 23:13:49.197095
<- (148) byte  Source Port: 31002 Target Port: 43722 Timestamp: 2025-09-07 23:13:49.199443
<- (0) byte b'' Source Port: 31002 Target Port: 43722 Timestamp: 2025-09-07 23:13:49.697348
Connection closed from (apparently) in

serverProxyMITM:
Starting MITM: 31003 -> 31004
Received connection: <socket.socket fd=4, family=AddressFamily.AF_INET, type=SocketKind.SOCK_STREAM, proto=0, laddr=('127.0.0.1', 31003), raddr=('127.0.0.1', 58136)>
Connected to: 127.0.0.1, 31004 using ephemeral port 53356
<- (1800) byte  Source Port: 31003 Target Port: 53356 Timestamp: 2025-09-07 23:13:45.625488
-> (0) byte b'' Source Port: 31003 Target Port: 53356 Timestamp: 2025-09-07 23:13:45.625572
Connection closed from (apparently) out
Received connection: <socket.socket fd=4, family=AddressFamily.AF_INET, type=SocketKind.SOCK_STREAM, proto=0, laddr=('127.0.0.1', 31003), raddr=('127.0.0.1', 58138)>
Connected to: 127.0.0.1, 31004 using ephemeral port 53358
<- (1800) byte  Source Port: 31003 Target Port: 53358 Timestamp: 2025-09-07 23:13:47.678958
<- (1800) byte  Source Port: 31003 Target Port: 53358 Timestamp: 2025-09-07 23:13:48.184485
<- (1800) byte  Source Port: 31003 Target Port: 53358 Timestamp: 2025-09-07 23:13:48.687561
<- (1800) byte  Source Port: 31003 Target Port: 53358 Timestamp: 2025-09-07 23:13:49.190340
<- (0) byte b'' Source Port: 31003 Target Port: 53358 Timestamp: 2025-09-07 23:13:49.695590
Connection closed from (apparently) in

Client:
time: 2025-09-07 23:13:47.672457, Mode 4 - start experiment
time: 2025-09-07 23:13:47.672661, Iteration: 1
time: 2025-09-07 23:13:47.690300, Received 1st 1800 bytes, last byte content: 88
time: 2025-09-07 23:13:48.191352, Received 2nd 1800 bytes, last byte content: 89
time: 2025-09-07 23:13:48.692319, Iteration: 2
time: 2025-09-07 23:13:48.693866, Received 1st 1800 bytes, last byte content: 88
time: 2025-09-07 23:13:49.199246, Received 2nd 1800 bytes, last byte content: 89
time: 2025-09-07 23:13:49.700836, Connection closed

Server:
time: 2025-09-07 23:13:45.625302, Iteration: 1
time: 2025-09-07 23:13:45.625431, sent 1800 byte of X
time: 2025-09-07 23:13:46.126486, sent 1800 byte of Y
time: 2025-09-07 23:13:46.633194, Iteration: 2
time: 2025-09-07 23:13:47.678707, Iteration: 1
time: 2025-09-07 23:13:47.678838, sent 1800 byte of X
time: 2025-09-07 23:13:48.184688, sent 1800 byte of Y
time: 2025-09-07 23:13:48.686642, Iteration: 2
time: 2025-09-07 23:13:48.687457, sent 1800 byte of X
time: 2025-09-07 23:13:49.190527, sent 1800 byte of Y
Completed iteration 1 for mode 4 with msg size 1800 at 20250907-231343
----------------------------------------
Starting iteration 2 for mode 4 with msg size 1800 at 20250907-231351
Results extracted:
Name: Start test ./logs_obfs4_iat1/mode4_size1800.log --no-socks --mode 4 --send-size 1800 --num-messages 2 
	Frames: 394
	Client got: 7200 over 0 messages,  sent 0
	Server got: 0, over 0 messages, sent 10800
	Terminated by RST: SERVERPROXY -> MITM


clientProxyMITM:
Starting MITM: 31000 -> 31001
Received connection: <socket.socket fd=4, family=AddressFamily.AF_INET, type=SocketKind.SOCK_STREAM, proto=0, laddr=('127.0.0.1', 31000), raddr=('127.0.0.1', 47900)>
Connected to: 127.0.0.1, 31001 using ephemeral port 40996
<- (1427) byte  Source Port: 31000 Target Port: 40996 Timestamp: 2025-09-07 23:13:56.134637
<- (373) byte  Source Port: 31000 Target Port: 40996 Timestamp: 2025-09-07 23:13:56.141956
<- (1427) byte  Source Port: 31000 Target Port: 40996 Timestamp: 2025-09-07 23:13:56.637891
<- (373) byte  Source Port: 31000 Target Port: 40996 Timestamp: 2025-09-07 23:13:56.643737
<- (1427) byte  Source Port: 31000 Target Port: 40996 Timestamp: 2025-09-07 23:13:57.141002
<- (373) byte  Source Port: 31000 Target Port: 40996 Timestamp: 2025-09-07 23:13:57.145750
<- (1427) byte  Source Port: 31000 Target Port: 40996 Timestamp: 2025-09-07 23:13:57.641754
<- (373) byte  Source Port: 31000 Target Port: 40996 Timestamp: 2025-09-07 23:13:57.642745
<- (0) byte b'' Source Port: 31000 Target Port: 40996 Timestamp: 2025-09-07 23:13:58.144266
Connection closed from (apparently) in

mainMITM:
Starting MITM: 31002 -> 10086
Received connection: <socket.socket fd=4, family=AddressFamily.AF_INET, type=SocketKind.SOCK_STREAM, proto=0, laddr=('127.0.0.1', 31002), raddr=('127.0.0.1', 51374)>
Connected to: 127.0.0.1, 10086 using ephemeral port 41220
-> (3626) byte  Source Port: 31002 Target Port: 41220 Timestamp: 2025-09-07 23:13:54.078625
<- (4553) byte  Source Port: 31002 Target Port: 41220 Timestamp: 2025-09-07 23:13:54.079051
-> (0) byte b'' Source Port: 31002 Target Port: 41220 Timestamp: 2025-09-07 23:13:54.079783
Connection closed from (apparently) out
Received connection: <socket.socket fd=4, family=AddressFamily.AF_INET, type=SocketKind.SOCK_STREAM, proto=0, laddr=('127.0.0.1', 31002), raddr=('127.0.0.1', 51386)>
Connected to: 127.0.0.1, 10086 using ephemeral port 41222
-> (7825) byte  Source Port: 31002 Target Port: 41222 Timestamp: 2025-09-07 23:13:56.131357
<- (3979) byte  Source Port: 31002 Target Port: 41222 Timestamp: 2025-09-07 23:13:56.132007
<- (1448) byte  Source Port: 31002 Target Port: 41222 Timestamp: 2025-09-07 23:13:56.133867
<- (1448) byte  Source Port: 31002 Target Port: 41222 Timestamp: 2025-09-07 23:13:56.141582
<- (132) byte  Source Port: 31002 Target Port: 41222 Timestamp: 2025-09-07 23:13:56.148720
<- (1448) byte  Source Port: 31002 Target Port: 41222 Timestamp: 2025-09-07 23:13:56.635958
<- (1125) byte  Source Port: 31002 Target Port: 41222 Timestamp: 2025-09-07 23:13:56.642442
<- (1448) byte  Source Port: 31002 Target Port: 41222 Timestamp: 2025-09-07 23:13:57.138903
<- (1279) byte  Source Port: 31002 Target Port: 41222 Timestamp: 2025-09-07 23:13:57.143742
<- (1448) byte  Source Port: 31002 Target Port: 41222 Timestamp: 2025-09-07 23:13:57.640420
<- (727) byte  Source Port: 31002 Target Port: 41222 Timestamp: 2025-09-07 23:13:57.641708
<- (0) byte b'' Source Port: 31002 Target Port: 41222 Timestamp: 2025-09-07 23:13:58.142765
Connection closed from (apparently) in

serverProxyMITM:
Starting MITM: 31003 -> 31004
Received connection: <socket.socket fd=4, family=AddressFamily.AF_INET, type=SocketKind.SOCK_STREAM, proto=0, laddr=('127.0.0.1', 31003), raddr=('127.0.0.1', 40856)>
Connected to: 127.0.0.1, 31004 using ephemeral port 39378
<- (1800) byte  Source Port: 31003 Target Port: 39378 Timestamp: 2025-09-07 23:13:54.079874
-> (0) byte b'' Source Port: 31003 Target Port: 39378 Timestamp: 2025-09-07 23:13:54.080218
Connection closed from (apparently) out
Received connection: <socket.socket fd=4, family=AddressFamily.AF_INET, type=SocketKind.SOCK_STREAM, proto=0, laddr=('127.0.0.1', 31003), raddr=('127.0.0.1', 40868)>
Connected to: 127.0.0.1, 31004 using ephemeral port 39386
<- (1800) byte  Source Port: 31003 Target Port: 39386 Timestamp: 2025-09-07 23:13:56.133456
<- (1800) byte  Source Port: 31003 Target Port: 39386 Timestamp: 2025-09-07 23:13:56.634537
<- (1800) byte  Source Port: 31003 Target Port: 39386 Timestamp: 2025-09-07 23:13:57.137568
<- (1800) byte  Source Port: 31003 Target Port: 39386 Timestamp: 2025-09-07 23:13:57.638710
<- (0) byte b'' Source Port: 31003 Target Port: 39386 Timestamp: 2025-09-07 23:13:58.142146
Connection closed from (apparently) in

Client:
time: 2025-09-07 23:13:56.127869, Mode 4 - start experiment
time: 2025-09-07 23:13:56.127997, Iteration: 1
time: 2025-09-07 23:13:56.142131, Received 1st 1800 bytes, last byte content: 88
time: 2025-09-07 23:13:56.644403, Received 2nd 1800 bytes, last byte content: 89
time: 2025-09-07 23:13:57.145502, Iteration: 2
time: 2025-09-07 23:13:57.146494, Received 1st 1800 bytes, last byte content: 88
time: 2025-09-07 23:13:57.649481, Received 2nd 1800 bytes, last byte content: 89
time: 2025-09-07 23:13:58.150489, Connection closed

Server:
time: 2025-09-07 23:13:54.079723, Iteration: 1
time: 2025-09-07 23:13:54.079867, sent 1800 byte of X
time: 2025-09-07 23:13:54.585974, sent 1800 byte of Y
time: 2025-09-07 23:13:55.096452, Iteration: 2
time: 2025-09-07 23:13:56.133191, Iteration: 1
time: 2025-09-07 23:13:56.133336, sent 1800 byte of X
time: 2025-09-07 23:13:56.634802, sent 1800 byte of Y
time: 2025-09-07 23:13:57.136471, Iteration: 2
time: 2025-09-07 23:13:57.137572, sent 1800 byte of X
time: 2025-09-07 23:13:57.638728, sent 1800 byte of Y
Completed iteration 2 for mode 4 with msg size 1800 at 20250907-231351
----------------------------------------
Starting iteration 3 for mode 4 with msg size 1800 at 20250907-231400
Results extracted:
Name: Start test ./logs_obfs4_iat1/mode4_size1800.log --no-socks --mode 4 --send-size 1800 --num-messages 2 
	Frames: 375
	Client got: 7200 over 0 messages,  sent 0
	Server got: 0, over 0 messages, sent 10800
	Terminated by RST: SERVERPROXY -> MITM


clientProxyMITM:
Starting MITM: 31000 -> 31001
Received connection: <socket.socket fd=4, family=AddressFamily.AF_INET, type=SocketKind.SOCK_STREAM, proto=0, laddr=('127.0.0.1', 31000), raddr=('127.0.0.1', 39156)>
Connected to: 127.0.0.1, 31001 using ephemeral port 54510
<- (1427) byte  Source Port: 31000 Target Port: 54510 Timestamp: 2025-09-07 23:14:04.555797
<- (373) byte  Source Port: 31000 Target Port: 54510 Timestamp: 2025-09-07 23:14:04.561561
<- (1427) byte  Source Port: 31000 Target Port: 54510 Timestamp: 2025-09-07 23:14:05.060777
<- (373) byte  Source Port: 31000 Target Port: 54510 Timestamp: 2025-09-07 23:14:05.068424
<- (1427) byte  Source Port: 31000 Target Port: 54510 Timestamp: 2025-09-07 23:14:05.570658
<- (373) byte  Source Port: 31000 Target Port: 54510 Timestamp: 2025-09-07 23:14:05.575557
<- (1800) byte  Source Port: 31000 Target Port: 54510 Timestamp: 2025-09-07 23:14:06.080688
<- (0) byte b'' Source Port: 31000 Target Port: 54510 Timestamp: 2025-09-07 23:14:06.581774
Connection closed from (apparently) in

mainMITM:
Starting MITM: 31002 -> 10086
Received connection: <socket.socket fd=4, family=AddressFamily.AF_INET, type=SocketKind.SOCK_STREAM, proto=0, laddr=('127.0.0.1', 31002), raddr=('127.0.0.1', 37038)>
Connected to: 127.0.0.1, 10086 using ephemeral port 39442
-> (5332) byte  Source Port: 31002 Target Port: 39442 Timestamp: 2025-09-07 23:14:02.506016
<- (6638) byte  Source Port: 31002 Target Port: 39442 Timestamp: 2025-09-07 23:14:02.506568
<- (1448) byte  Source Port: 31002 Target Port: 39442 Timestamp: 2025-09-07 23:14:02.507958
-> (0) byte b'' Source Port: 31002 Target Port: 39442 Timestamp: 2025-09-07 23:14:02.508132
Connection closed from (apparently) out
Received connection: <socket.socket fd=4, family=AddressFamily.AF_INET, type=SocketKind.SOCK_STREAM, proto=0, laddr=('127.0.0.1', 31002), raddr=('127.0.0.1', 37042)>
Connected to: 127.0.0.1, 10086 using ephemeral port 39446
-> (4086) byte  Source Port: 31002 Target Port: 39446 Timestamp: 2025-09-07 23:14:04.552497
<- (1461) byte  Source Port: 31002 Target Port: 39446 Timestamp: 2025-09-07 23:14:04.553406
<- (1448) byte  Source Port: 31002 Target Port: 39446 Timestamp: 2025-09-07 23:14:04.555133
<- (1034) byte  Source Port: 31002 Target Port: 39446 Timestamp: 2025-09-07 23:14:04.561185
<- (1448) byte  Source Port: 31002 Target Port: 39446 Timestamp: 2025-09-07 23:14:05.059570
<- (1448) byte  Source Port: 31002 Target Port: 39446 Timestamp: 2025-09-07 23:14:05.067469
<- (74) byte b'$S\xe92F\r\x88HVl\xc9\x15G\x04\x99+\x9e\x1f/\xb2\xad\x1d\x11T0v\x15\x97\xe4\xb1\xc0\x1e\x1e<\xe0\xf0V\x88&\xff\x1b\xb2Ex8\x98\xe8\xb5\xa3s#sW\xad3\x13ed\x9f\xdc\x9dG\xab\xf4\x84G\xf6\x12\xe5M\xec\xf1I\x9d' Source Port: 31002 Target Port: 39446 Timestamp: 2025-09-07 23:14:05.069749
<- (1448) byte  Source Port: 31002 Target Port: 39446 Timestamp: 2025-09-07 23:14:05.569550
<- (1034) byte  Source Port: 31002 Target Port: 39446 Timestamp: 2025-09-07 23:14:05.574226
<- (1448) byte  Source Port: 31002 Target Port: 39446 Timestamp: 2025-09-07 23:14:06.077768
<- (1046) byte  Source Port: 31002 Target Port: 39446 Timestamp: 2025-09-07 23:14:06.079304
<- (0) byte b'' Source Port: 31002 Target Port: 39446 Timestamp: 2025-09-07 23:14:06.579912
Connection closed from (apparently) in

serverProxyMITM:
Starting MITM: 31003 -> 31004
Received connection: <socket.socket fd=4, family=AddressFamily.AF_INET, type=SocketKind.SOCK_STREAM, proto=0, laddr=('127.0.0.1', 31003), raddr=('127.0.0.1', 44452)>
Connected to: 127.0.0.1, 31004 using ephemeral port 46024
<- (1800) byte  Source Port: 31003 Target Port: 46024 Timestamp: 2025-09-07 23:14:02.507595
-> (0) byte b'' Source Port: 31003 Target Port: 46024 Timestamp: 2025-09-07 23:14:02.508351
Connection closed from (apparently) out
Received connection: <socket.socket fd=4, family=AddressFamily.AF_INET, type=SocketKind.SOCK_STREAM, proto=0, laddr=('127.0.0.1', 31003), raddr=('127.0.0.1', 44458)>
Connected to: 127.0.0.1, 31004 using ephemeral port 46036
<- (1800) byte  Source Port: 31003 Target Port: 46036 Timestamp: 2025-09-07 23:14:04.554676
<- (1800) byte  Source Port: 31003 Target Port: 46036 Timestamp: 2025-09-07 23:14:05.058592
<- (1800) byte  Source Port: 31003 Target Port: 46036 Timestamp: 2025-09-07 23:14:05.568586
<- (1800) byte  Source Port: 31003 Target Port: 46036 Timestamp: 2025-09-07 23:14:06.076221
<- (0) byte b'' Source Port: 31003 Target Port: 46036 Timestamp: 2025-09-07 23:14:06.578007
Connection closed from (apparently) in

Client:
time: 2025-09-07 23:14:04.548705, Mode 4 - start experiment
time: 2025-09-07 23:14:04.548855, Iteration: 1
time: 2025-09-07 23:14:04.561718, Received 1st 1800 bytes, last byte content: 88
time: 2025-09-07 23:14:05.069003, Received 2nd 1800 bytes, last byte content: 89
time: 2025-09-07 23:14:05.569673, Iteration: 2
time: 2025-09-07 23:14:05.576165, Received 1st 1800 bytes, last byte content: 88
time: 2025-09-07 23:14:06.081637, Received 2nd 1800 bytes, last byte content: 89
time: 2025-09-07 23:14:06.582602, Connection closed

Server:
time: 2025-09-07 23:14:02.507388, Iteration: 1
time: 2025-09-07 23:14:02.507541, sent 1800 byte of X
time: 2025-09-07 23:14:03.012294, sent 1800 byte of Y
time: 2025-09-07 23:14:03.516066, Iteration: 2
time: 2025-09-07 23:14:04.554478, Iteration: 1
time: 2025-09-07 23:14:04.554637, sent 1800 byte of X
time: 2025-09-07 23:14:05.058729, sent 1800 byte of Y
time: 2025-09-07 23:14:05.567855, Iteration: 2
time: 2025-09-07 23:14:05.568491, sent 1800 byte of X
time: 2025-09-07 23:14:06.076500, sent 1800 byte of Y
Completed iteration 3 for mode 4 with msg size 1800 at 20250907-231400
----------------------------------------
Starting iteration 4 for mode 4 with msg size 1800 at 20250907-231408
Results extracted:
Name: Start test ./logs_obfs4_iat1/mode4_size1800.log --no-socks --mode 4 --send-size 1800 --num-messages 2 
	Frames: 403
	Client got: 7200 over 0 messages,  sent 0
	Server got: 0, over 0 messages, sent 10800
	Terminated by RST: SERVERPROXY -> MITM


clientProxyMITM:
Starting MITM: 31000 -> 31001
Received connection: <socket.socket fd=4, family=AddressFamily.AF_INET, type=SocketKind.SOCK_STREAM, proto=0, laddr=('127.0.0.1', 31000), raddr=('127.0.0.1', 53016)>
Connected to: 127.0.0.1, 31001 using ephemeral port 39690
<- (1427) byte  Source Port: 31000 Target Port: 39690 Timestamp: 2025-09-07 23:14:13.024681
<- (373) byte  Source Port: 31000 Target Port: 39690 Timestamp: 2025-09-07 23:14:13.027731
<- (1427) byte  Source Port: 31000 Target Port: 39690 Timestamp: 2025-09-07 23:14:13.527769
<- (373) byte  Source Port: 31000 Target Port: 39690 Timestamp: 2025-09-07 23:14:13.538180
<- (1427) byte  Source Port: 31000 Target Port: 39690 Timestamp: 2025-09-07 23:14:14.033632
<- (373) byte  Source Port: 31000 Target Port: 39690 Timestamp: 2025-09-07 23:14:14.034080
<- (1427) byte  Source Port: 31000 Target Port: 39690 Timestamp: 2025-09-07 23:14:14.531437
<- (373) byte  Source Port: 31000 Target Port: 39690 Timestamp: 2025-09-07 23:14:14.539871
-> (0) byte b'' Source Port: 31000 Target Port: 39690 Timestamp: 2025-09-07 23:14:15.041323
Connection closed from (apparently) out

mainMITM:
Starting MITM: 31002 -> 10086
Received connection: <socket.socket fd=4, family=AddressFamily.AF_INET, type=SocketKind.SOCK_STREAM, proto=0, laddr=('127.0.0.1', 31002), raddr=('127.0.0.1', 43730)>
Connected to: 127.0.0.1, 10086 using ephemeral port 42784
-> (6884) byte  Source Port: 31002 Target Port: 42784 Timestamp: 2025-09-07 23:14:10.957379
<- (5702) byte  Source Port: 31002 Target Port: 42784 Timestamp: 2025-09-07 23:14:10.957861
-> (0) byte b'' Source Port: 31002 Target Port: 42784 Timestamp: 2025-09-07 23:14:10.958744
Connection closed from (apparently) out
Received connection: <socket.socket fd=4, family=AddressFamily.AF_INET, type=SocketKind.SOCK_STREAM, proto=0, laddr=('127.0.0.1', 31002), raddr=('127.0.0.1', 43744)>
Connected to: 127.0.0.1, 10086 using ephemeral port 42786
-> (4853) byte  Source Port: 31002 Target Port: 42786 Timestamp: 2025-09-07 23:14:13.020750
<- (2523) byte  Source Port: 31002 Target Port: 42786 Timestamp: 2025-09-07 23:14:13.021867
<- (1448) byte  Source Port: 31002 Target Port: 42786 Timestamp: 2025-09-07 23:14:13.023947
<- (574) byte  Source Port: 31002 Target Port: 42786 Timestamp: 2025-09-07 23:14:13.027349
<- (1448) byte  Source Port: 31002 Target Port: 42786 Timestamp: 2025-09-07 23:14:13.527206
<- (636) byte  Source Port: 31002 Target Port: 42786 Timestamp: 2025-09-07 23:14:13.537765
<- (1448) byte  Source Port: 31002 Target Port: 42786 Timestamp: 2025-09-07 23:14:14.030704
<- (1448) byte  Source Port: 31002 Target Port: 42786 Timestamp: 2025-09-07 23:14:14.033283
<- (340) byte  Source Port: 31002 Target Port: 42786 Timestamp: 2025-09-07 23:14:14.035237
<- (1448) byte  Source Port: 31002 Target Port: 42786 Timestamp: 2025-09-07 23:14:14.530406
<- (720) byte  Source Port: 31002 Target Port: 42786 Timestamp: 2025-09-07 23:14:14.538487
<- (0) byte b'' Source Port: 31002 Target Port: 42786 Timestamp: 2025-09-07 23:14:15.039950
Connection closed from (apparently) in

serverProxyMITM:
Starting MITM: 31003 -> 31004
Received connection: <socket.socket fd=4, family=AddressFamily.AF_INET, type=SocketKind.SOCK_STREAM, proto=0, laddr=('127.0.0.1', 31003), raddr=('127.0.0.1', 41428)>
Connected to: 127.0.0.1, 31004 using ephemeral port 43196
<- (1800) byte  Source Port: 31003 Target Port: 43196 Timestamp: 2025-09-07 23:14:10.959163
-> (0) byte b'' Source Port: 31003 Target Port: 43196 Timestamp: 2025-09-07 23:14:10.959404
Connection closed from (apparently) out
Received connection: <socket.socket fd=4, family=AddressFamily.AF_INET, type=SocketKind.SOCK_STREAM, proto=0, laddr=('127.0.0.1', 31003), raddr=('127.0.0.1', 41434)>
Connected to: 127.0.0.1, 31004 using ephemeral port 43210
<- (1800) byte  Source Port: 31003 Target Port: 43210 Timestamp: 2025-09-07 23:14:13.023374
<- (1800) byte  Source Port: 31003 Target Port: 43210 Timestamp: 2025-09-07 23:14:13.526797
<- (1800) byte  Source Port: 31003 Target Port: 43210 Timestamp: 2025-09-07 23:14:14.028946
<- (1800) byte  Source Port: 31003 Target Port: 43210 Timestamp: 2025-09-07 23:14:14.529539
<- (0) byte b'' Source Port: 31003 Target Port: 43210 Timestamp: 2025-09-07 23:14:15.038874
Connection closed from (apparently) in

Client:
time: 2025-09-07 23:14:13.016848, Mode 4 - start experiment
time: 2025-09-07 23:14:13.017015, Iteration: 1
time: 2025-09-07 23:14:13.027904, Received 1st 1800 bytes, last byte content: 88
time: 2025-09-07 23:14:13.538324, Received 2nd 1800 bytes, last byte content: 89
time: 2025-09-07 23:14:14.039801, Iteration: 2
time: 2025-09-07 23:14:14.039970, Received 1st 1800 bytes, last byte content: 88
time: 2025-09-07 23:14:14.540889, Received 2nd 1800 bytes, last byte content: 89
time: 2025-09-07 23:14:15.041358, Connection closed

Server:
time: 2025-09-07 23:14:10.958748, Iteration: 1
time: 2025-09-07 23:14:10.959004, sent 1800 byte of X
time: 2025-09-07 23:14:11.462222, sent 1800 byte of Y
time: 2025-09-07 23:14:11.971514, Iteration: 2
time: 2025-09-07 23:14:13.023219, Iteration: 1
time: 2025-09-07 23:14:13.023354, sent 1800 byte of X
time: 2025-09-07 23:14:13.526898, sent 1800 byte of Y
time: 2025-09-07 23:14:14.028419, Iteration: 2
time: 2025-09-07 23:14:14.028895, sent 1800 byte of X
time: 2025-09-07 23:14:14.529690, sent 1800 byte of Y
Completed iteration 4 for mode 4 with msg size 1800 at 20250907-231408
----------------------------------------
Starting iteration 5 for mode 4 with msg size 1800 at 20250907-231417
Results extracted:
Name: Start test ./logs_obfs4_iat1/mode4_size1800.log --no-socks --mode 4 --send-size 1800 --num-messages 2 
	Frames: 387
	Client got: 7200 over 0 messages,  sent 0
	Server got: 0, over 0 messages, sent 9000
	Terminated by RST: SERVERPROXY -> MITM


clientProxyMITM:
Starting MITM: 31000 -> 31001
Received connection: <socket.socket fd=4, family=AddressFamily.AF_INET, type=SocketKind.SOCK_STREAM, proto=0, laddr=('127.0.0.1', 31000), raddr=('127.0.0.1', 46068)>
Connected to: 127.0.0.1, 31001 using ephemeral port 59102
<- (1427) byte  Source Port: 31000 Target Port: 59102 Timestamp: 2025-09-07 23:14:21.482579
<- (373) byte  Source Port: 31000 Target Port: 59102 Timestamp: 2025-09-07 23:14:21.485404
<- (1427) byte  Source Port: 31000 Target Port: 59102 Timestamp: 2025-09-07 23:14:21.989897
<- (373) byte  Source Port: 31000 Target Port: 59102 Timestamp: 2025-09-07 23:14:21.995472
<- (1427) byte  Source Port: 31000 Target Port: 59102 Timestamp: 2025-09-07 23:14:22.494735
<- (373) byte  Source Port: 31000 Target Port: 59102 Timestamp: 2025-09-07 23:14:22.503967
<- (1427) byte  Source Port: 31000 Target Port: 59102 Timestamp: 2025-09-07 23:14:23.002409
<- (373) byte  Source Port: 31000 Target Port: 59102 Timestamp: 2025-09-07 23:14:23.004602
<- (0) byte b'' Source Port: 31000 Target Port: 59102 Timestamp: 2025-09-07 23:14:23.501422
Connection closed from (apparently) in

mainMITM:
Starting MITM: 31002 -> 10086
Received connection: <socket.socket fd=4, family=AddressFamily.AF_INET, type=SocketKind.SOCK_STREAM, proto=0, laddr=('127.0.0.1', 31002), raddr=('127.0.0.1', 43748)>
Connected to: 127.0.0.1, 10086 using ephemeral port 42804
-> (7498) byte  Source Port: 31002 Target Port: 42804 Timestamp: 2025-09-07 23:14:19.425691
<- (2124) byte  Source Port: 31002 Target Port: 42804 Timestamp: 2025-09-07 23:14:19.426235
-> (0) byte b'' Source Port: 31002 Target Port: 42804 Timestamp: 2025-09-07 23:14:19.426942
Connection closed from (apparently) out
Received connection: <socket.socket fd=4, family=AddressFamily.AF_INET, type=SocketKind.SOCK_STREAM, proto=0, laddr=('127.0.0.1', 31002), raddr=('127.0.0.1', 50910)>
Connected to: 127.0.0.1, 10086 using ephemeral port 39366
-> (3112) byte  Source Port: 31002 Target Port: 39366 Timestamp: 2025-09-07 23:14:21.478930
<- (4231) byte  Source Port: 31002 Target Port: 39366 Timestamp: 2025-09-07 23:14:21.480080
<- (1448) byte  Source Port: 31002 Target Port: 39366 Timestamp: 2025-09-07 23:14:21.481741
<- (525) byte  Source Port: 31002 Target Port: 39366 Timestamp: 2025-09-07 23:14:21.485055
<- (1448) byte  Source Port: 31002 Target Port: 39366 Timestamp: 2025-09-07 23:14:21.987530
<- (1448) byte  Source Port: 31002 Target Port: 39366 Timestamp: 2025-09-07 23:14:21.994592
<- (262) byte  Source Port: 31002 Target Port: 39366 Timestamp: 2025-09-07 23:14:22.002896
<- (1448) byte  Source Port: 31002 Target Port: 39366 Timestamp: 2025-09-07 23:14:22.492416
<- (1448) byte  Source Port: 31002 Target Port: 39366 Timestamp: 2025-09-07 23:14:22.502138
<- (132) byte  Source Port: 31002 Target Port: 39366 Timestamp: 2025-09-07 23:14:22.505509
<- (1448) byte  Source Port: 31002 Target Port: 39366 Timestamp: 2025-09-07 23:14:22.999798
<- (1448) byte  Source Port: 31002 Target Port: 39366 Timestamp: 2025-09-07 23:14:23.003641
<- (66) byte b"\xd1\x99\x90Y\x9a?P\xdc#c\x00\xdc\x7f\xbe\x99\x042y<\xb1\x81\xd6'\x14IE\xe0\x13\xa1\xdb\x05\xdb\xe2\xfd\xc93\xd0\xcd\x04u\xbd\xb0\xea\x96Zb\xed\xf0\xf1\xcc\xf8\x1ehA\xb5#M\xf8\x0bV\xc1\x88T\xa5\xa0\xa8" Source Port: 31002 Target Port: 39366 Timestamp: 2025-09-07 23:14:23.011172
<- (0) byte b'' Source Port: 31002 Target Port: 39366 Timestamp: 2025-09-07 23:14:23.500504
Connection closed from (apparently) in

serverProxyMITM:
Starting MITM: 31003 -> 31004
Received connection: <socket.socket fd=4, family=AddressFamily.AF_INET, type=SocketKind.SOCK_STREAM, proto=0, laddr=('127.0.0.1', 31003), raddr=('127.0.0.1', 41444)>
Connected to: 127.0.0.1, 31004 using ephemeral port 43222
-> (0) byte b'' Source Port: 31003 Target Port: 43222 Timestamp: 2025-09-07 23:14:19.427196
Connection closed from (apparently) out
Received connection: <socket.socket fd=4, family=AddressFamily.AF_INET, type=SocketKind.SOCK_STREAM, proto=0, laddr=('127.0.0.1', 31003), raddr=('127.0.0.1', 53900)>
Connected to: 127.0.0.1, 31004 using ephemeral port 47362
<- (1800) byte  Source Port: 31003 Target Port: 47362 Timestamp: 2025-09-07 23:14:21.481419
<- (1800) byte  Source Port: 31003 Target Port: 47362 Timestamp: 2025-09-07 23:14:21.986338
<- (1800) byte  Source Port: 31003 Target Port: 47362 Timestamp: 2025-09-07 23:14:22.491332
<- (1800) byte  Source Port: 31003 Target Port: 47362 Timestamp: 2025-09-07 23:14:22.998633
<- (0) byte b'' Source Port: 31003 Target Port: 47362 Timestamp: 2025-09-07 23:14:23.499526
Connection closed from (apparently) in

Client:
time: 2025-09-07 23:14:21.475653, Mode 4 - start experiment
time: 2025-09-07 23:14:21.475793, Iteration: 1
time: 2025-09-07 23:14:21.485607, Received 1st 1800 bytes, last byte content: 88
time: 2025-09-07 23:14:21.995924, Received 2nd 1800 bytes, last byte content: 89
time: 2025-09-07 23:14:22.497185, Iteration: 2
time: 2025-09-07 23:14:22.506397, Received 1st 1800 bytes, last byte content: 88
time: 2025-09-07 23:14:23.007427, Received 2nd 1800 bytes, last byte content: 89
time: 2025-09-07 23:14:23.508278, Connection closed

Server:
time: 2025-09-07 23:14:19.427596, Iteration: 1
time: 2025-09-07 23:14:19.427748, sent 1800 byte of X
time: 2025-09-07 23:14:21.481252, Iteration: 1
time: 2025-09-07 23:14:21.481363, sent 1800 byte of X
time: 2025-09-07 23:14:21.986631, sent 1800 byte of Y
time: 2025-09-07 23:14:22.490450, Iteration: 2
time: 2025-09-07 23:14:22.491251, sent 1800 byte of X
time: 2025-09-07 23:14:22.998769, sent 1800 byte of Y
Completed iteration 5 for mode 4 with msg size 1800 at 20250907-231417
----------------------------------------
Starting iteration 6 for mode 4 with msg size 1800 at 20250907-231425
Results extracted:
Name: Start test ./logs_obfs4_iat1/mode4_size1800.log --no-socks --mode 4 --send-size 1800 --num-messages 2 
	Frames: 397
	Client got: 7200 over 0 messages,  sent 0
	Server got: 0, over 0 messages, sent 9000
	Terminated by RST: SERVERPROXY -> MITM


clientProxyMITM:
Starting MITM: 31000 -> 31001
Received connection: <socket.socket fd=4, family=AddressFamily.AF_INET, type=SocketKind.SOCK_STREAM, proto=0, laddr=('127.0.0.1', 31000), raddr=('127.0.0.1', 43756)>
Connected to: 127.0.0.1, 31001 using ephemeral port 35612
<- (1427) byte  Source Port: 31000 Target Port: 35612 Timestamp: 2025-09-07 23:14:29.951479
<- (373) byte  Source Port: 31000 Target Port: 35612 Timestamp: 2025-09-07 23:14:29.958830
<- (1427) byte  Source Port: 31000 Target Port: 35612 Timestamp: 2025-09-07 23:14:30.456410
<- (373) byte  Source Port: 31000 Target Port: 35612 Timestamp: 2025-09-07 23:14:30.459544
<- (1427) byte  Source Port: 31000 Target Port: 35612 Timestamp: 2025-09-07 23:14:30.965948
<- (373) byte  Source Port: 31000 Target Port: 35612 Timestamp: 2025-09-07 23:14:30.976835
<- (1427) byte  Source Port: 31000 Target Port: 35612 Timestamp: 2025-09-07 23:14:31.472862
<- (373) byte  Source Port: 31000 Target Port: 35612 Timestamp: 2025-09-07 23:14:31.482198
<- (0) byte b'' Source Port: 31000 Target Port: 35612 Timestamp: 2025-09-07 23:14:31.975533
Connection closed from (apparently) in

mainMITM:
Starting MITM: 31002 -> 10086
Received connection: <socket.socket fd=4, family=AddressFamily.AF_INET, type=SocketKind.SOCK_STREAM, proto=0, laddr=('127.0.0.1', 31002), raddr=('127.0.0.1', 50918)>
Connected to: 127.0.0.1, 10086 using ephemeral port 39390
-> (5163) byte  Source Port: 31002 Target Port: 39390 Timestamp: 2025-09-07 23:14:27.887788
<- (4445) byte  Source Port: 31002 Target Port: 39390 Timestamp: 2025-09-07 23:14:27.888358
-> (0) byte b'' Source Port: 31002 Target Port: 39390 Timestamp: 2025-09-07 23:14:27.888855
Connection closed from (apparently) out
Received connection: <socket.socket fd=4, family=AddressFamily.AF_INET, type=SocketKind.SOCK_STREAM, proto=0, laddr=('127.0.0.1', 31002), raddr=('127.0.0.1', 35386)>
Connected to: 127.0.0.1, 10086 using ephemeral port 46910
-> (4716) byte  Source Port: 31002 Target Port: 46910 Timestamp: 2025-09-07 23:14:29.948017
<- (8023) byte  Source Port: 31002 Target Port: 46910 Timestamp: 2025-09-07 23:14:29.948848
<- (1448) byte  Source Port: 31002 Target Port: 46910 Timestamp: 2025-09-07 23:14:29.950655
<- (1448) byte  Source Port: 31002 Target Port: 46910 Timestamp: 2025-09-07 23:14:29.958511
<- (340) byte  Source Port: 31002 Target Port: 46910 Timestamp: 2025-09-07 23:14:29.964976
<- (1448) byte  Source Port: 31002 Target Port: 46910 Timestamp: 2025-09-07 23:14:30.454291
<- (1448) byte  Source Port: 31002 Target Port: 46910 Timestamp: 2025-09-07 23:14:30.457998
<- (337) byte  Source Port: 31002 Target Port: 46910 Timestamp: 2025-09-07 23:14:30.460699
<- (1448) byte  Source Port: 31002 Target Port: 46910 Timestamp: 2025-09-07 23:14:30.964344
<- (648) byte  Source Port: 31002 Target Port: 46910 Timestamp: 2025-09-07 23:14:30.974876
<- (1448) byte  Source Port: 31002 Target Port: 46910 Timestamp: 2025-09-07 23:14:31.471517
<- (1448) byte  Source Port: 31002 Target Port: 46910 Timestamp: 2025-09-07 23:14:31.480776
<- (340) byte  Source Port: 31002 Target Port: 46910 Timestamp: 2025-09-07 23:14:31.483079
<- (0) byte b'' Source Port: 31002 Target Port: 46910 Timestamp: 2025-09-07 23:14:31.973476
Connection closed from (apparently) in

serverProxyMITM:
Starting MITM: 31003 -> 31004
Received connection: <socket.socket fd=4, family=AddressFamily.AF_INET, type=SocketKind.SOCK_STREAM, proto=0, laddr=('127.0.0.1', 31003), raddr=('127.0.0.1', 53902)>
Connected to: 127.0.0.1, 31004 using ephemeral port 47370
-> (0) byte b'' Source Port: 31003 Target Port: 47370 Timestamp: 2025-09-07 23:14:27.889094
Connection closed from (apparently) out
Received connection: <socket.socket fd=4, family=AddressFamily.AF_INET, type=SocketKind.SOCK_STREAM, proto=0, laddr=('127.0.0.1', 31003), raddr=('127.0.0.1', 57630)>
Connected to: 127.0.0.1, 31004 using ephemeral port 49052
<- (1800) byte  Source Port: 31003 Target Port: 49052 Timestamp: 2025-09-07 23:14:29.950302
<- (1800) byte  Source Port: 31003 Target Port: 49052 Timestamp: 2025-09-07 23:14:30.453133
<- (1800) byte  Source Port: 31003 Target Port: 49052 Timestamp: 2025-09-07 23:14:30.963310
<- (1800) byte  Source Port: 31003 Target Port: 49052 Timestamp: 2025-09-07 23:14:31.469929
<- (0) byte b'' Source Port: 31003 Target Port: 49052 Timestamp: 2025-09-07 23:14:31.971987
Connection closed from (apparently) in

Client:
time: 2025-09-07 23:14:29.944508, Mode 4 - start experiment
time: 2025-09-07 23:14:29.944670, Iteration: 1
time: 2025-09-07 23:14:29.959014, Received 1st 1800 bytes, last byte content: 88
time: 2025-09-07 23:14:30.460006, Received 2nd 1800 bytes, last byte content: 89
time: 2025-09-07 23:14:30.962450, Iteration: 2
time: 2025-09-07 23:14:30.977798, Received 1st 1800 bytes, last byte content: 88
time: 2025-09-07 23:14:31.482689, Received 2nd 1800 bytes, last byte content: 89
time: 2025-09-07 23:14:31.983570, Connection closed

Server:
time: 2025-09-07 23:14:27.889121, Iteration: 1
time: 2025-09-07 23:14:27.889484, sent 1800 byte of X
time: 2025-09-07 23:14:29.950125, Iteration: 1
time: 2025-09-07 23:14:29.950271, sent 1800 byte of X
time: 2025-09-07 23:14:30.453384, sent 1800 byte of Y
time: 2025-09-07 23:14:30.962479, Iteration: 2
time: 2025-09-07 23:14:30.963288, sent 1800 byte of X
time: 2025-09-07 23:14:31.470365, sent 1800 byte of Y
Completed iteration 6 for mode 4 with msg size 1800 at 20250907-231425
----------------------------------------
Starting iteration 7 for mode 4 with msg size 1800 at 20250907-231434
Results extracted:
Name: Start test ./logs_obfs4_iat1/mode4_size1800.log --no-socks --mode 4 --send-size 1800 --num-messages 2 
	Frames: 394
	Client got: 7200 over 0 messages,  sent 0
	Server got: 0, over 0 messages, sent 10800
	Terminated by RST: SERVERPROXY -> MITM


clientProxyMITM:
Starting MITM: 31000 -> 31001
Received connection: <socket.socket fd=4, family=AddressFamily.AF_INET, type=SocketKind.SOCK_STREAM, proto=0, laddr=('127.0.0.1', 31000), raddr=('127.0.0.1', 43772)>
Connected to: 127.0.0.1, 31001 using ephemeral port 35646
<- (1427) byte  Source Port: 31000 Target Port: 35646 Timestamp: 2025-09-07 23:14:38.420569
<- (373) byte  Source Port: 31000 Target Port: 35646 Timestamp: 2025-09-07 23:14:38.422883
<- (1427) byte  Source Port: 31000 Target Port: 35646 Timestamp: 2025-09-07 23:14:38.923772
<- (373) byte  Source Port: 31000 Target Port: 35646 Timestamp: 2025-09-07 23:14:38.931348
<- (1427) byte  Source Port: 31000 Target Port: 35646 Timestamp: 2025-09-07 23:14:39.426990
<- (373) byte  Source Port: 31000 Target Port: 35646 Timestamp: 2025-09-07 23:14:39.433524
<- (1427) byte  Source Port: 31000 Target Port: 35646 Timestamp: 2025-09-07 23:14:39.934562
<- (373) byte  Source Port: 31000 Target Port: 35646 Timestamp: 2025-09-07 23:14:39.940638
-> (0) byte b'' Source Port: 31000 Target Port: 35646 Timestamp: 2025-09-07 23:14:40.442752
Connection closed from (apparently) out

mainMITM:
Starting MITM: 31002 -> 10086
Received connection: <socket.socket fd=4, family=AddressFamily.AF_INET, type=SocketKind.SOCK_STREAM, proto=0, laddr=('127.0.0.1', 31002), raddr=('127.0.0.1', 35392)>
Connected to: 127.0.0.1, 10086 using ephemeral port 46934
-> (4348) byte  Source Port: 31002 Target Port: 46934 Timestamp: 2025-09-07 23:14:36.375379
<- (3021) byte  Source Port: 31002 Target Port: 46934 Timestamp: 2025-09-07 23:14:36.375855
-> (0) byte b'' Source Port: 31002 Target Port: 46934 Timestamp: 2025-09-07 23:14:36.376687
Connection closed from (apparently) out
Received connection: <socket.socket fd=4, family=AddressFamily.AF_INET, type=SocketKind.SOCK_STREAM, proto=0, laddr=('127.0.0.1', 31002), raddr=('127.0.0.1', 35404)>
Connected to: 127.0.0.1, 10086 using ephemeral port 46936
-> (2970) byte  Source Port: 31002 Target Port: 46936 Timestamp: 2025-09-07 23:14:38.417404
<- (3673) byte  Source Port: 31002 Target Port: 46936 Timestamp: 2025-09-07 23:14:38.418347
<- (1448) byte  Source Port: 31002 Target Port: 46936 Timestamp: 2025-09-07 23:14:38.419761
<- (676) byte  Source Port: 31002 Target Port: 46936 Timestamp: 2025-09-07 23:14:38.422193
<- (1448) byte  Source Port: 31002 Target Port: 46936 Timestamp: 2025-09-07 23:14:38.921856
<- (427) byte  Source Port: 31002 Target Port: 46936 Timestamp: 2025-09-07 23:14:38.930310
<- (1448) byte  Source Port: 31002 Target Port: 46936 Timestamp: 2025-09-07 23:14:39.424583
<- (1448) byte  Source Port: 31002 Target Port: 46936 Timestamp: 2025-09-07 23:14:39.432486
<- (387) byte  Source Port: 31002 Target Port: 46936 Timestamp: 2025-09-07 23:14:39.436778
<- (1448) byte  Source Port: 31002 Target Port: 46936 Timestamp: 2025-09-07 23:14:39.932662
<- (1448) byte  Source Port: 31002 Target Port: 46936 Timestamp: 2025-09-07 23:14:39.939343
<- (387) byte  Source Port: 31002 Target Port: 46936 Timestamp: 2025-09-07 23:14:39.947521
<- (0) byte b'' Source Port: 31002 Target Port: 46936 Timestamp: 2025-09-07 23:14:40.440960
Connection closed from (apparently) in

serverProxyMITM:
Starting MITM: 31003 -> 31004
Received connection: <socket.socket fd=4, family=AddressFamily.AF_INET, type=SocketKind.SOCK_STREAM, proto=0, laddr=('127.0.0.1', 31003), raddr=('127.0.0.1', 57646)>
Connected to: 127.0.0.1, 31004 using ephemeral port 49062
<- (1800) byte  Source Port: 31003 Target Port: 49062 Timestamp: 2025-09-07 23:14:36.376878
-> (0) byte b'' Source Port: 31003 Target Port: 49062 Timestamp: 2025-09-07 23:14:36.377145
Connection closed from (apparently) out
Received connection: <socket.socket fd=4, family=AddressFamily.AF_INET, type=SocketKind.SOCK_STREAM, proto=0, laddr=('127.0.0.1', 31003), raddr=('127.0.0.1', 57652)>
Connected to: 127.0.0.1, 31004 using ephemeral port 49072
<- (1800) byte  Source Port: 31003 Target Port: 49072 Timestamp: 2025-09-07 23:14:38.419434
<- (1800) byte  Source Port: 31003 Target Port: 49072 Timestamp: 2025-09-07 23:14:38.920585
<- (1800) byte  Source Port: 31003 Target Port: 49072 Timestamp: 2025-09-07 23:14:39.423410
<- (1800) byte  Source Port: 31003 Target Port: 49072 Timestamp: 2025-09-07 23:14:39.931230
<- (0) byte b'' Source Port: 31003 Target Port: 49072 Timestamp: 2025-09-07 23:14:40.439338
Connection closed from (apparently) in

Client:
time: 2025-09-07 23:14:38.414704, Mode 4 - start experiment
time: 2025-09-07 23:14:38.414814, Iteration: 1
time: 2025-09-07 23:14:38.423134, Received 1st 1800 bytes, last byte content: 88
time: 2025-09-07 23:14:38.932454, Received 2nd 1800 bytes, last byte content: 89
time: 2025-09-07 23:14:39.433583, Iteration: 2
time: 2025-09-07 23:14:39.433881, Received 1st 1800 bytes, last byte content: 88
time: 2025-09-07 23:14:39.941315, Received 2nd 1800 bytes, last byte content: 89
time: 2025-09-07 23:14:40.442730, Connection closed

Server:
time: 2025-09-07 23:14:36.376537, Iteration: 1
time: 2025-09-07 23:14:36.376685, sent 1800 byte of X
time: 2025-09-07 23:14:36.885908, sent 1800 byte of Y
time: 2025-09-07 23:14:37.395501, Iteration: 2
time: 2025-09-07 23:14:38.419236, Iteration: 1
time: 2025-09-07 23:14:38.419399, sent 1800 byte of X
time: 2025-09-07 23:14:38.920785, sent 1800 byte of Y
time: 2025-09-07 23:14:39.422313, Iteration: 2
time: 2025-09-07 23:14:39.422949, sent 1800 byte of X
time: 2025-09-07 23:14:39.931450, sent 1800 byte of Y
Completed iteration 7 for mode 4 with msg size 1800 at 20250907-231434
----------------------------------------
Starting iteration 8 for mode 4 with msg size 1800 at 20250907-231442
Results extracted:
Name: Start test ./logs_obfs4_iat1/mode4_size1800.log --no-socks --mode 4 --send-size 1800 --num-messages 2 
	Frames: 374
	Client got: 7200 over 0 messages,  sent 0
	Server got: 0, over 0 messages, sent 9000
	Terminated by RST: SERVERPROXY -> MITM


clientProxyMITM:
Starting MITM: 31000 -> 31001
Received connection: <socket.socket fd=4, family=AddressFamily.AF_INET, type=SocketKind.SOCK_STREAM, proto=0, laddr=('127.0.0.1', 31000), raddr=('127.0.0.1', 34678)>
Connected to: 127.0.0.1, 31001 using ephemeral port 34908
<- (1427) byte  Source Port: 31000 Target Port: 34908 Timestamp: 2025-09-07 23:14:46.866203
<- (373) byte  Source Port: 31000 Target Port: 34908 Timestamp: 2025-09-07 23:14:46.869827
<- (1427) byte  Source Port: 31000 Target Port: 34908 Timestamp: 2025-09-07 23:14:47.369628
<- (373) byte  Source Port: 31000 Target Port: 34908 Timestamp: 2025-09-07 23:14:47.373362
<- (1800) byte  Source Port: 31000 Target Port: 34908 Timestamp: 2025-09-07 23:14:47.877475
<- (1427) byte  Source Port: 31000 Target Port: 34908 Timestamp: 2025-09-07 23:14:48.380836
<- (373) byte  Source Port: 31000 Target Port: 34908 Timestamp: 2025-09-07 23:14:48.381745
-> (0) byte b'' Source Port: 31000 Target Port: 34908 Timestamp: 2025-09-07 23:14:48.883746
Connection closed from (apparently) out

mainMITM:
Starting MITM: 31002 -> 10086
Received connection: <socket.socket fd=4, family=AddressFamily.AF_INET, type=SocketKind.SOCK_STREAM, proto=0, laddr=('127.0.0.1', 31002), raddr=('127.0.0.1', 56644)>
Connected to: 127.0.0.1, 10086 using ephemeral port 41742
-> (2939) byte  Source Port: 31002 Target Port: 41742 Timestamp: 2025-09-07 23:14:44.805276
<- (4017) byte  Source Port: 31002 Target Port: 41742 Timestamp: 2025-09-07 23:14:44.805674
-> (0) byte b'' Source Port: 31002 Target Port: 41742 Timestamp: 2025-09-07 23:14:44.806221
Connection closed from (apparently) out
Received connection: <socket.socket fd=4, family=AddressFamily.AF_INET, type=SocketKind.SOCK_STREAM, proto=0, laddr=('127.0.0.1', 31002), raddr=('127.0.0.1', 56650)>
Connected to: 127.0.0.1, 10086 using ephemeral port 41748
-> (1838) byte  Source Port: 31002 Target Port: 41748 Timestamp: 2025-09-07 23:14:46.861589
<- (409) byte  Source Port: 31002 Target Port: 41748 Timestamp: 2025-09-07 23:14:46.862564
<- (1448) byte  Source Port: 31002 Target Port: 41748 Timestamp: 2025-09-07 23:14:46.865174
<- (1279) byte  Source Port: 31002 Target Port: 41748 Timestamp: 2025-09-07 23:14:46.869448
<- (1448) byte  Source Port: 31002 Target Port: 41748 Timestamp: 2025-09-07 23:14:47.368530
<- (645) byte  Source Port: 31002 Target Port: 41748 Timestamp: 2025-09-07 23:14:47.372531
<- (1448) byte  Source Port: 31002 Target Port: 41748 Timestamp: 2025-09-07 23:14:47.875394
<- (636) byte  Source Port: 31002 Target Port: 41748 Timestamp: 2025-09-07 23:14:47.876425
<- (1448) byte  Source Port: 31002 Target Port: 41748 Timestamp: 2025-09-07 23:14:48.378907
<- (893) byte  Source Port: 31002 Target Port: 41748 Timestamp: 2025-09-07 23:14:48.380344
<- (0) byte b'' Source Port: 31002 Target Port: 41748 Timestamp: 2025-09-07 23:14:48.882895
Connection closed from (apparently) in

serverProxyMITM:
Starting MITM: 31003 -> 31004
Received connection: <socket.socket fd=4, family=AddressFamily.AF_INET, type=SocketKind.SOCK_STREAM, proto=0, laddr=('127.0.0.1', 31003), raddr=('127.0.0.1', 55744)>
Connected to: 127.0.0.1, 31004 using ephemeral port 45370
-> (0) byte b'' Source Port: 31003 Target Port: 45370 Timestamp: 2025-09-07 23:14:44.806486
Connection closed from (apparently) out
Received connection: <socket.socket fd=4, family=AddressFamily.AF_INET, type=SocketKind.SOCK_STREAM, proto=0, laddr=('127.0.0.1', 31003), raddr=('127.0.0.1', 55750)>
Connected to: 127.0.0.1, 31004 using ephemeral port 45380
<- (1800) byte  Source Port: 31003 Target Port: 45380 Timestamp: 2025-09-07 23:14:46.864779
<- (1800) byte  Source Port: 31003 Target Port: 45380 Timestamp: 2025-09-07 23:14:47.367792
<- (1800) byte  Source Port: 31003 Target Port: 45380 Timestamp: 2025-09-07 23:14:47.873700
<- (1800) byte  Source Port: 31003 Target Port: 45380 Timestamp: 2025-09-07 23:14:48.377757
<- (0) byte b'' Source Port: 31003 Target Port: 45380 Timestamp: 2025-09-07 23:14:48.881443
Connection closed from (apparently) in

Client:
time: 2025-09-07 23:14:46.857672, Mode 4 - start experiment
time: 2025-09-07 23:14:46.857853, Iteration: 1
time: 2025-09-07 23:14:46.869996, Received 1st 1800 bytes, last byte content: 88
time: 2025-09-07 23:14:47.373732, Received 2nd 1800 bytes, last byte content: 89
time: 2025-09-07 23:14:47.875426, Iteration: 2
time: 2025-09-07 23:14:47.878156, Received 1st 1800 bytes, last byte content: 88
time: 2025-09-07 23:14:48.382258, Received 2nd 1800 bytes, last byte content: 89
time: 2025-09-07 23:14:48.883777, Connection closed

Server:
time: 2025-09-07 23:14:44.806513, Iteration: 1
time: 2025-09-07 23:14:44.806600, sent 1800 byte of X
time: 2025-09-07 23:14:46.864237, Iteration: 1
time: 2025-09-07 23:14:46.864932, sent 1800 byte of X
time: 2025-09-07 23:14:47.367844, sent 1800 byte of Y
time: 2025-09-07 23:14:47.872413, Iteration: 2
time: 2025-09-07 23:14:47.872934, sent 1800 byte of X
time: 2025-09-07 23:14:48.377898, sent 1800 byte of Y
Completed iteration 8 for mode 4 with msg size 1800 at 20250907-231442
----------------------------------------
Starting iteration 9 for mode 4 with msg size 1800 at 20250907-231451
Results extracted:
Name: Start test ./logs_obfs4_iat1/mode4_size1800.log --no-socks --mode 4 --send-size 1800 --num-messages 2 
	Frames: 382
	Client got: 7200 over 0 messages,  sent 0
	Server got: 0, over 0 messages, sent 10800
	Terminated by RST: SERVERPROXY -> MITM


clientProxyMITM:
Starting MITM: 31000 -> 31001
Received connection: <socket.socket fd=4, family=AddressFamily.AF_INET, type=SocketKind.SOCK_STREAM, proto=0, laddr=('127.0.0.1', 31000), raddr=('127.0.0.1', 58518)>
Connected to: 127.0.0.1, 31001 using ephemeral port 33128
<- (1427) byte  Source Port: 31000 Target Port: 33128 Timestamp: 2025-09-07 23:14:55.303919
<- (373) byte  Source Port: 31000 Target Port: 33128 Timestamp: 2025-09-07 23:14:55.306254
<- (1427) byte  Source Port: 31000 Target Port: 33128 Timestamp: 2025-09-07 23:14:55.807883
<- (373) byte  Source Port: 31000 Target Port: 33128 Timestamp: 2025-09-07 23:14:55.812738
<- (1427) byte  Source Port: 31000 Target Port: 33128 Timestamp: 2025-09-07 23:14:56.310972
<- (373) byte  Source Port: 31000 Target Port: 33128 Timestamp: 2025-09-07 23:14:56.317898
<- (1427) byte  Source Port: 31000 Target Port: 33128 Timestamp: 2025-09-07 23:14:56.811588
<- (373) byte  Source Port: 31000 Target Port: 33128 Timestamp: 2025-09-07 23:14:56.822010
<- (0) byte b'' Source Port: 31000 Target Port: 33128 Timestamp: 2025-09-07 23:14:57.316678
Connection closed from (apparently) in

mainMITM:
Starting MITM: 31002 -> 10086
Received connection: <socket.socket fd=4, family=AddressFamily.AF_INET, type=SocketKind.SOCK_STREAM, proto=0, laddr=('127.0.0.1', 31002), raddr=('127.0.0.1', 40462)>
Connected to: 127.0.0.1, 10086 using ephemeral port 34902
-> (912) byte  Source Port: 31002 Target Port: 34902 Timestamp: 2025-09-07 23:14:53.244519
<- (5614) byte  Source Port: 31002 Target Port: 34902 Timestamp: 2025-09-07 23:14:53.245101
-> (0) byte b'' Source Port: 31002 Target Port: 34902 Timestamp: 2025-09-07 23:14:53.245768
Connection closed from (apparently) out
Received connection: <socket.socket fd=4, family=AddressFamily.AF_INET, type=SocketKind.SOCK_STREAM, proto=0, laddr=('127.0.0.1', 31002), raddr=('127.0.0.1', 40464)>
Connected to: 127.0.0.1, 10086 using ephemeral port 34918
-> (2014) byte  Source Port: 31002 Target Port: 34918 Timestamp: 2025-09-07 23:14:55.300487
<- (1267) byte  Source Port: 31002 Target Port: 34918 Timestamp: 2025-09-07 23:14:55.301503
<- (1448) byte  Source Port: 31002 Target Port: 34918 Timestamp: 2025-09-07 23:14:55.303242
<- (720) byte  Source Port: 31002 Target Port: 34918 Timestamp: 2025-09-07 23:14:55.305843
<- (1448) byte  Source Port: 31002 Target Port: 34918 Timestamp: 2025-09-07 23:14:55.806557
<- (468) byte  Source Port: 31002 Target Port: 34918 Timestamp: 2025-09-07 23:14:55.811879
<- (1448) byte  Source Port: 31002 Target Port: 34918 Timestamp: 2025-09-07 23:14:56.308736
<- (636) byte  Source Port: 31002 Target Port: 34918 Timestamp: 2025-09-07 23:14:56.316708
<- (1448) byte  Source Port: 31002 Target Port: 34918 Timestamp: 2025-09-07 23:14:56.810299
<- (468) byte  Source Port: 31002 Target Port: 34918 Timestamp: 2025-09-07 23:14:56.821167
<- (0) byte b'' Source Port: 31002 Target Port: 34918 Timestamp: 2025-09-07 23:14:57.316092
Connection closed from (apparently) in

serverProxyMITM:
Starting MITM: 31003 -> 31004
Received connection: <socket.socket fd=4, family=AddressFamily.AF_INET, type=SocketKind.SOCK_STREAM, proto=0, laddr=('127.0.0.1', 31003), raddr=('127.0.0.1', 38834)>
Connected to: 127.0.0.1, 31004 using ephemeral port 48640
<- (1800) byte  Source Port: 31003 Target Port: 48640 Timestamp: 2025-09-07 23:14:53.246170
-> (0) byte b'' Source Port: 31003 Target Port: 48640 Timestamp: 2025-09-07 23:14:53.246304
Connection closed from (apparently) out
Received connection: <socket.socket fd=4, family=AddressFamily.AF_INET, type=SocketKind.SOCK_STREAM, proto=0, laddr=('127.0.0.1', 31003), raddr=('127.0.0.1', 38844)>
Connected to: 127.0.0.1, 31004 using ephemeral port 48656
<- (1800) byte  Source Port: 31003 Target Port: 48656 Timestamp: 2025-09-07 23:14:55.302878
<- (1800) byte  Source Port: 31003 Target Port: 48656 Timestamp: 2025-09-07 23:14:55.804896
<- (1800) byte  Source Port: 31003 Target Port: 48656 Timestamp: 2025-09-07 23:14:56.307738
<- (1800) byte  Source Port: 31003 Target Port: 48656 Timestamp: 2025-09-07 23:14:56.808542
<- (0) byte b'' Source Port: 31003 Target Port: 48656 Timestamp: 2025-09-07 23:14:57.315636
Connection closed from (apparently) in

Client:
time: 2025-09-07 23:14:55.297241, Mode 4 - start experiment
time: 2025-09-07 23:14:55.297390, Iteration: 1
time: 2025-09-07 23:14:55.306479, Received 1st 1800 bytes, last byte content: 88
time: 2025-09-07 23:14:55.813265, Received 2nd 1800 bytes, last byte content: 89
time: 2025-09-07 23:14:56.313867, Iteration: 2
time: 2025-09-07 23:14:56.318598, Received 1st 1800 bytes, last byte content: 88
time: 2025-09-07 23:14:56.822393, Received 2nd 1800 bytes, last byte content: 89
time: 2025-09-07 23:14:57.323180, Connection closed

Server:
time: 2025-09-07 23:14:53.245828, Iteration: 1
time: 2025-09-07 23:14:53.246430, sent 1800 byte of X
time: 2025-09-07 23:14:53.755838, sent 1800 byte of Y
time: 2025-09-07 23:14:54.263723, Iteration: 2
time: 2025-09-07 23:14:55.302676, Iteration: 1
time: 2025-09-07 23:14:55.302858, sent 1800 byte of X
time: 2025-09-07 23:14:55.805257, sent 1800 byte of Y
time: 2025-09-07 23:14:56.306749, Iteration: 2
time: 2025-09-07 23:14:56.307554, sent 1800 byte of X
time: 2025-09-07 23:14:56.808712, sent 1800 byte of Y
Completed iteration 9 for mode 4 with msg size 1800 at 20250907-231451
----------------------------------------
Starting iteration 10 for mode 4 with msg size 1800 at 20250907-231459
Results extracted:
Name: Start test ./logs_obfs4_iat1/mode4_size1800.log --no-socks --mode 4 --send-size 1800 --num-messages 2 
	Frames: 368
	Client got: 7200 over 0 messages,  sent 0
	Server got: 0, over 0 messages, sent 9000
	Terminated by RST: SERVERPROXY -> MITM


clientProxyMITM:
Starting MITM: 31000 -> 31001
Received connection: <socket.socket fd=4, family=AddressFamily.AF_INET, type=SocketKind.SOCK_STREAM, proto=0, laddr=('127.0.0.1', 31000), raddr=('127.0.0.1', 47474)>
Connected to: 127.0.0.1, 31001 using ephemeral port 39248
<- (1427) byte  Source Port: 31000 Target Port: 39248 Timestamp: 2025-09-07 23:15:03.742870
<- (373) byte  Source Port: 31000 Target Port: 39248 Timestamp: 2025-09-07 23:15:03.744900
<- (1427) byte  Source Port: 31000 Target Port: 39248 Timestamp: 2025-09-07 23:15:04.254169
<- (373) byte  Source Port: 31000 Target Port: 39248 Timestamp: 2025-09-07 23:15:04.261711
<- (1427) byte  Source Port: 31000 Target Port: 39248 Timestamp: 2025-09-07 23:15:04.764902
<- (373) byte  Source Port: 31000 Target Port: 39248 Timestamp: 2025-09-07 23:15:04.766389
<- (1427) byte  Source Port: 31000 Target Port: 39248 Timestamp: 2025-09-07 23:15:05.272436
<- (373) byte  Source Port: 31000 Target Port: 39248 Timestamp: 2025-09-07 23:15:05.278173
<- (0) byte b'' Source Port: 31000 Target Port: 39248 Timestamp: 2025-09-07 23:15:05.774746
Connection closed from (apparently) in

mainMITM:
Starting MITM: 31002 -> 10086
Received connection: <socket.socket fd=4, family=AddressFamily.AF_INET, type=SocketKind.SOCK_STREAM, proto=0, laddr=('127.0.0.1', 31002), raddr=('127.0.0.1', 39532)>
Connected to: 127.0.0.1, 10086 using ephemeral port 43314
-> (7522) byte  Source Port: 31002 Target Port: 43314 Timestamp: 2025-09-07 23:15:01.690917
<- (1097) byte  Source Port: 31002 Target Port: 43314 Timestamp: 2025-09-07 23:15:01.691494
-> (0) byte b'' Source Port: 31002 Target Port: 43314 Timestamp: 2025-09-07 23:15:01.692170
Connection closed from (apparently) out
Received connection: <socket.socket fd=4, family=AddressFamily.AF_INET, type=SocketKind.SOCK_STREAM, proto=0, laddr=('127.0.0.1', 31002), raddr=('127.0.0.1', 39546)>
Connected to: 127.0.0.1, 10086 using ephemeral port 43330
-> (1440) byte  Source Port: 31002 Target Port: 43330 Timestamp: 2025-09-07 23:15:03.739704
<- (6864) byte  Source Port: 31002 Target Port: 43330 Timestamp: 2025-09-07 23:15:03.740569
<- (1448) byte  Source Port: 31002 Target Port: 43330 Timestamp: 2025-09-07 23:15:03.742149
<- (805) byte  Source Port: 31002 Target Port: 43330 Timestamp: 2025-09-07 23:15:03.744597
<- (1448) byte  Source Port: 31002 Target Port: 43330 Timestamp: 2025-09-07 23:15:04.251839
<- (636) byte  Source Port: 31002 Target Port: 43330 Timestamp: 2025-09-07 23:15:04.260287
<- (1448) byte  Source Port: 31002 Target Port: 43330 Timestamp: 2025-09-07 23:15:04.762930
<- (1279) byte  Source Port: 31002 Target Port: 43330 Timestamp: 2025-09-07 23:15:04.765325
<- (1448) byte  Source Port: 31002 Target Port: 43330 Timestamp: 2025-09-07 23:15:05.270675
<- (510) byte  Source Port: 31002 Target Port: 43330 Timestamp: 2025-09-07 23:15:05.274703
<- (0) byte b'' Source Port: 31002 Target Port: 43330 Timestamp: 2025-09-07 23:15:05.772965
Connection closed from (apparently) in

serverProxyMITM:
Starting MITM: 31003 -> 31004
Received connection: <socket.socket fd=4, family=AddressFamily.AF_INET, type=SocketKind.SOCK_STREAM, proto=0, laddr=('127.0.0.1', 31003), raddr=('127.0.0.1', 44298)>
Connected to: 127.0.0.1, 31004 using ephemeral port 52850
-> (0) byte b'' Source Port: 31003 Target Port: 52850 Timestamp: 2025-09-07 23:15:01.692435
Connection closed from (apparently) out
Received connection: <socket.socket fd=4, family=AddressFamily.AF_INET, type=SocketKind.SOCK_STREAM, proto=0, laddr=('127.0.0.1', 31003), raddr=('127.0.0.1', 44306)>
Connected to: 127.0.0.1, 31004 using ephemeral port 52860
<- (1800) byte  Source Port: 31003 Target Port: 52860 Timestamp: 2025-09-07 23:15:03.741819
<- (1800) byte  Source Port: 31003 Target Port: 52860 Timestamp: 2025-09-07 23:15:04.250490
<- (1800) byte  Source Port: 31003 Target Port: 52860 Timestamp: 2025-09-07 23:15:04.761694
<- (1800) byte  Source Port: 31003 Target Port: 52860 Timestamp: 2025-09-07 23:15:05.269463
<- (0) byte b'' Source Port: 31003 Target Port: 52860 Timestamp: 2025-09-07 23:15:05.770931
Connection closed from (apparently) in

Client:
time: 2025-09-07 23:15:03.736228, Mode 4 - start experiment
time: 2025-09-07 23:15:03.736348, Iteration: 1
time: 2025-09-07 23:15:03.745076, Received 1st 1800 bytes, last byte content: 88
time: 2025-09-07 23:15:04.262374, Received 2nd 1800 bytes, last byte content: 89
time: 2025-09-07 23:15:04.763307, Iteration: 2
time: 2025-09-07 23:15:04.766824, Received 1st 1800 bytes, last byte content: 88
time: 2025-09-07 23:15:05.278750, Received 2nd 1800 bytes, last byte content: 89
time: 2025-09-07 23:15:05.779477, Connection closed

Server:
time: 2025-09-07 23:15:01.692407, Iteration: 1
time: 2025-09-07 23:15:01.692515, sent 1800 byte of X
time: 2025-09-07 23:15:03.741611, Iteration: 1
time: 2025-09-07 23:15:03.741821, sent 1800 byte of X
time: 2025-09-07 23:15:04.250681, sent 1800 byte of Y
time: 2025-09-07 23:15:04.760738, Iteration: 2
time: 2025-09-07 23:15:04.761587, sent 1800 byte of X
time: 2025-09-07 23:15:05.269659, sent 1800 byte of Y
Completed iteration 10 for mode 4 with msg size 1800 at 20250907-231459
----------------------------------------
Starting iteration 11 for mode 4 with msg size 1800 at 20250907-231507
Results extracted:
Name: Start test ./logs_obfs4_iat1/mode4_size1800.log --no-socks --mode 4 --send-size 1800 --num-messages 2 
	Frames: 410
	Client got: 7200 over 0 messages,  sent 0
	Server got: 0, over 0 messages, sent 10800
	Terminated by RST: SERVERPROXY -> MITM


clientProxyMITM:
Starting MITM: 31000 -> 31001
Received connection: <socket.socket fd=4, family=AddressFamily.AF_INET, type=SocketKind.SOCK_STREAM, proto=0, laddr=('127.0.0.1', 31000), raddr=('127.0.0.1', 40244)>
Connected to: 127.0.0.1, 31001 using ephemeral port 49016
<- (1427) byte  Source Port: 31000 Target Port: 49016 Timestamp: 2025-09-07 23:15:12.217016
<- (373) byte  Source Port: 31000 Target Port: 49016 Timestamp: 2025-09-07 23:15:12.218065
<- (1427) byte  Source Port: 31000 Target Port: 49016 Timestamp: 2025-09-07 23:15:12.723494
<- (373) byte  Source Port: 31000 Target Port: 49016 Timestamp: 2025-09-07 23:15:12.729437
<- (1427) byte  Source Port: 31000 Target Port: 49016 Timestamp: 2025-09-07 23:15:13.225347
<- (373) byte  Source Port: 31000 Target Port: 49016 Timestamp: 2025-09-07 23:15:13.232348
<- (1427) byte  Source Port: 31000 Target Port: 49016 Timestamp: 2025-09-07 23:15:13.729019
<- (373) byte  Source Port: 31000 Target Port: 49016 Timestamp: 2025-09-07 23:15:13.733112
<- (0) byte b'' Source Port: 31000 Target Port: 49016 Timestamp: 2025-09-07 23:15:14.233422
Connection closed from (apparently) in

mainMITM:
Starting MITM: 31002 -> 10086
Received connection: <socket.socket fd=4, family=AddressFamily.AF_INET, type=SocketKind.SOCK_STREAM, proto=0, laddr=('127.0.0.1', 31002), raddr=('127.0.0.1', 33890)>
Connected to: 127.0.0.1, 10086 using ephemeral port 37560
-> (6720) byte  Source Port: 31002 Target Port: 37560 Timestamp: 2025-09-07 23:15:10.159301
<- (3700) byte  Source Port: 31002 Target Port: 37560 Timestamp: 2025-09-07 23:15:10.159867
-> (0) byte b'' Source Port: 31002 Target Port: 37560 Timestamp: 2025-09-07 23:15:10.160719
Connection closed from (apparently) out
Received connection: <socket.socket fd=4, family=AddressFamily.AF_INET, type=SocketKind.SOCK_STREAM, proto=0, laddr=('127.0.0.1', 31002), raddr=('127.0.0.1', 33900)>
Connected to: 127.0.0.1, 10086 using ephemeral port 37564
-> (6993) byte  Source Port: 31002 Target Port: 37564 Timestamp: 2025-09-07 23:15:12.213791
<- (1313) byte  Source Port: 31002 Target Port: 37564 Timestamp: 2025-09-07 23:15:12.214781
<- (1448) byte  Source Port: 31002 Target Port: 37564 Timestamp: 2025-09-07 23:15:12.216441
<- (1448) byte  Source Port: 31002 Target Port: 37564 Timestamp: 2025-09-07 23:15:12.217666
<- (337) byte  Source Port: 31002 Target Port: 37564 Timestamp: 2025-09-07 23:15:12.227849
<- (1448) byte  Source Port: 31002 Target Port: 37564 Timestamp: 2025-09-07 23:15:12.720977
<- (1448) byte  Source Port: 31002 Target Port: 37564 Timestamp: 2025-09-07 23:15:12.728344
<- (284) byte  Source Port: 31002 Target Port: 37564 Timestamp: 2025-09-07 23:15:12.732332
<- (1448) byte  Source Port: 31002 Target Port: 37564 Timestamp: 2025-09-07 23:15:13.223579
<- (686) byte  Source Port: 31002 Target Port: 37564 Timestamp: 2025-09-07 23:15:13.231547
<- (1448) byte  Source Port: 31002 Target Port: 37564 Timestamp: 2025-09-07 23:15:13.727606
<- (468) byte  Source Port: 31002 Target Port: 37564 Timestamp: 2025-09-07 23:15:13.731997
<- (0) byte b'' Source Port: 31002 Target Port: 37564 Timestamp: 2025-09-07 23:15:14.231214
Connection closed from (apparently) in

serverProxyMITM:
Starting MITM: 31003 -> 31004
Received connection: <socket.socket fd=4, family=AddressFamily.AF_INET, type=SocketKind.SOCK_STREAM, proto=0, laddr=('127.0.0.1', 31003), raddr=('127.0.0.1', 34074)>
Connected to: 127.0.0.1, 31004 using ephemeral port 46112
<- (1800) byte  Source Port: 31003 Target Port: 46112 Timestamp: 2025-09-07 23:15:10.160856
Connection closed from (apparently) out
Received connection: <socket.socket fd=4, family=AddressFamily.AF_INET, type=SocketKind.SOCK_STREAM, proto=0, laddr=('127.0.0.1', 31003), raddr=('127.0.0.1', 34076)>
Connected to: 127.0.0.1, 31004 using ephemeral port 46128
<- (1800) byte  Source Port: 31003 Target Port: 46128 Timestamp: 2025-09-07 23:15:12.216004
<- (1800) byte  Source Port: 31003 Target Port: 46128 Timestamp: 2025-09-07 23:15:12.719653
<- (1800) byte  Source Port: 31003 Target Port: 46128 Timestamp: 2025-09-07 23:15:13.222010
<- (1800) byte  Source Port: 31003 Target Port: 46128 Timestamp: 2025-09-07 23:15:13.725878
<- (0) byte b'' Source Port: 31003 Target Port: 46128 Timestamp: 2025-09-07 23:15:14.229584
Connection closed from (apparently) in

Client:
time: 2025-09-07 23:15:12.210448, Mode 4 - start experiment
time: 2025-09-07 23:15:12.210571, Iteration: 1
time: 2025-09-07 23:15:12.218230, Received 1st 1800 bytes, last byte content: 88
time: 2025-09-07 23:15:12.729899, Received 2nd 1800 bytes, last byte content: 89
time: 2025-09-07 23:15:13.230913, Iteration: 2
time: 2025-09-07 23:15:13.233201, Received 1st 1800 bytes, last byte content: 88
time: 2025-09-07 23:15:13.733939, Received 2nd 1800 bytes, last byte content: 89
time: 2025-09-07 23:15:14.235348, Connection closed

Server:
time: 2025-09-07 23:15:10.160696, Iteration: 1
time: 2025-09-07 23:15:10.160954, sent 1800 byte of X
time: 2025-09-07 23:15:10.670436, sent 1800 byte of Y
time: 2025-09-07 23:15:11.174307, Iteration: 2
time: 2025-09-07 23:15:12.215651, Iteration: 1
time: 2025-09-07 23:15:12.215857, sent 1800 byte of X
time: 2025-09-07 23:15:12.719803, sent 1800 byte of Y
time: 2025-09-07 23:15:13.221347, Iteration: 2
time: 2025-09-07 23:15:13.221951, sent 1800 byte of X
time: 2025-09-07 23:15:13.725988, sent 1800 byte of Y
Completed iteration 11 for mode 4 with msg size 1800 at 20250907-231507
----------------------------------------
Starting iteration 12 for mode 4 with msg size 1800 at 20250907-231516
Results extracted:
Name: Start test ./logs_obfs4_iat1/mode4_size1800.log --no-socks --mode 4 --send-size 1800 --num-messages 2 
	Frames: 398
	Client got: 7200 over 0 messages,  sent 0
	Server got: 0, over 0 messages, sent 10800
	Terminated by RST: SERVERPROXY -> MITM


clientProxyMITM:
Starting MITM: 31000 -> 31001
Received connection: <socket.socket fd=4, family=AddressFamily.AF_INET, type=SocketKind.SOCK_STREAM, proto=0, laddr=('127.0.0.1', 31000), raddr=('127.0.0.1', 37858)>
Connected to: 127.0.0.1, 31001 using ephemeral port 56216
<- (1427) byte  Source Port: 31000 Target Port: 56216 Timestamp: 2025-09-07 23:15:20.665749
<- (373) byte  Source Port: 31000 Target Port: 56216 Timestamp: 2025-09-07 23:15:20.668424
<- (1427) byte  Source Port: 31000 Target Port: 56216 Timestamp: 2025-09-07 23:15:21.170599
<- (373) byte  Source Port: 31000 Target Port: 56216 Timestamp: 2025-09-07 23:15:21.177941
<- (1427) byte  Source Port: 31000 Target Port: 56216 Timestamp: 2025-09-07 23:15:21.677634
<- (373) byte  Source Port: 31000 Target Port: 56216 Timestamp: 2025-09-07 23:15:21.687863
<- (1427) byte  Source Port: 31000 Target Port: 56216 Timestamp: 2025-09-07 23:15:22.186589
<- (373) byte  Source Port: 31000 Target Port: 56216 Timestamp: 2025-09-07 23:15:22.188611
-> (0) byte b'' Source Port: 31000 Target Port: 56216 Timestamp: 2025-09-07 23:15:22.692885
Connection closed from (apparently) out

mainMITM:
Starting MITM: 31002 -> 10086
Received connection: <socket.socket fd=4, family=AddressFamily.AF_INET, type=SocketKind.SOCK_STREAM, proto=0, laddr=('127.0.0.1', 31002), raddr=('127.0.0.1', 33912)>
Connected to: 127.0.0.1, 10086 using ephemeral port 37600
-> (2469) byte  Source Port: 31002 Target Port: 37600 Timestamp: 2025-09-07 23:15:18.600185
<- (2405) byte  Source Port: 31002 Target Port: 37600 Timestamp: 2025-09-07 23:15:18.600661
-> (0) byte b'' Source Port: 31002 Target Port: 37600 Timestamp: 2025-09-07 23:15:18.601426
Connection closed from (apparently) out
Received connection: <socket.socket fd=4, family=AddressFamily.AF_INET, type=SocketKind.SOCK_STREAM, proto=0, laddr=('127.0.0.1', 31002), raddr=('127.0.0.1', 39368)>
Connected to: 127.0.0.1, 10086 using ephemeral port 49976
-> (3569) byte  Source Port: 31002 Target Port: 49976 Timestamp: 2025-09-07 23:15:20.662008
<- (2010) byte  Source Port: 31002 Target Port: 49976 Timestamp: 2025-09-07 23:15:20.662814
<- (1448) byte  Source Port: 31002 Target Port: 49976 Timestamp: 2025-09-07 23:15:20.664917
<- (574) byte  Source Port: 31002 Target Port: 49976 Timestamp: 2025-09-07 23:15:20.668077
<- (1448) byte  Source Port: 31002 Target Port: 49976 Timestamp: 2025-09-07 23:15:21.169168
<- (805) byte  Source Port: 31002 Target Port: 49976 Timestamp: 2025-09-07 23:15:21.176187
<- (1448) byte  Source Port: 31002 Target Port: 49976 Timestamp: 2025-09-07 23:15:21.675685
<- (1448) byte  Source Port: 31002 Target Port: 49976 Timestamp: 2025-09-07 23:15:21.686637
<- (340) byte  Source Port: 31002 Target Port: 49976 Timestamp: 2025-09-07 23:15:21.694479
<- (1448) byte  Source Port: 31002 Target Port: 49976 Timestamp: 2025-09-07 23:15:22.184859
<- (1448) byte  Source Port: 31002 Target Port: 49976 Timestamp: 2025-09-07 23:15:22.187162
<- (66) byte b'&q:\xa0\xcd[\xef\x0b\x13D\x82\x07\x90y\\0 \xa2\x86\xa1\xa9\x19\xa2\x13&\x9am\x12\xd1\xa4\x9e\xc2=\x91\xdfftI\x1f0\xd9\'[\x91\xe2\x03\xe5\x84\xb8\x0eUs"\x0e\x08\xff\xfa\x10n4JO\xc9\xe3\x03\x1d' Source Port: 31002 Target Port: 49976 Timestamp: 2025-09-07 23:15:22.194871
<- (0) byte b'' Source Port: 31002 Target Port: 49976 Timestamp: 2025-09-07 23:15:22.692798
Connection closed from (apparently) in

serverProxyMITM:
Starting MITM: 31003 -> 31004
Received connection: <socket.socket fd=4, family=AddressFamily.AF_INET, type=SocketKind.SOCK_STREAM, proto=0, laddr=('127.0.0.1', 31003), raddr=('127.0.0.1', 34086)>
Connected to: 127.0.0.1, 31004 using ephemeral port 46140
<- (1800) byte  Source Port: 31003 Target Port: 46140 Timestamp: 2025-09-07 23:15:18.601567
-> (0) byte b'' Source Port: 31003 Target Port: 46140 Timestamp: 2025-09-07 23:15:18.601719
Connection closed from (apparently) out
Received connection: <socket.socket fd=4, family=AddressFamily.AF_INET, type=SocketKind.SOCK_STREAM, proto=0, laddr=('127.0.0.1', 31003), raddr=('127.0.0.1', 41468)>
Connected to: 127.0.0.1, 31004 using ephemeral port 57668
<- (1800) byte  Source Port: 31003 Target Port: 57668 Timestamp: 2025-09-07 23:15:20.664536
<- (1800) byte  Source Port: 31003 Target Port: 57668 Timestamp: 2025-09-07 23:15:21.167656
<- (1800) byte  Source Port: 31003 Target Port: 57668 Timestamp: 2025-09-07 23:15:21.674451
<- (1800) byte  Source Port: 31003 Target Port: 57668 Timestamp: 2025-09-07 23:15:22.183550
<- (0) byte b'' Source Port: 31003 Target Port: 57668 Timestamp: 2025-09-07 23:15:22.691443
Connection closed from (apparently) in

Client:
time: 2025-09-07 23:15:20.657943, Mode 4 - start experiment
time: 2025-09-07 23:15:20.658242, Iteration: 1
time: 2025-09-07 23:15:20.668595, Received 1st 1800 bytes, last byte content: 88
time: 2025-09-07 23:15:21.178530, Received 2nd 1800 bytes, last byte content: 89
time: 2025-09-07 23:15:21.679536, Iteration: 2
time: 2025-09-07 23:15:21.688946, Received 1st 1800 bytes, last byte content: 88
time: 2025-09-07 23:15:22.190427, Received 2nd 1800 bytes, last byte content: 89
time: 2025-09-07 23:15:22.692942, Connection closed

Server:
time: 2025-09-07 23:15:18.601361, Iteration: 1
time: 2025-09-07 23:15:18.601482, sent 1800 byte of X
time: 2025-09-07 23:15:19.103207, sent 1800 byte of Y
time: 2025-09-07 23:15:19.605463, Iteration: 2
time: 2025-09-07 23:15:20.664196, Iteration: 1
time: 2025-09-07 23:15:20.664496, sent 1800 byte of X
time: 2025-09-07 23:15:21.167839, sent 1800 byte of Y
time: 2025-09-07 23:15:21.673511, Iteration: 2
time: 2025-09-07 23:15:21.674391, sent 1800 byte of X
time: 2025-09-07 23:15:22.183776, sent 1800 byte of Y
Completed iteration 12 for mode 4 with msg size 1800 at 20250907-231516
----------------------------------------
