Starting iteration 1 for mode 4 with msg size 5 at 20250723-204056
Results extracted:
Name: Start test ./logs/mode4_size5.log --mode 4 --send-size 5 
	Frames: 201
	Client got: 22 over 4 messages,  sent 13
	Server got: 0, over 0 messages, sent 10
	Terminated by FIN: CLIENT -> CLIENTPROXYMITM


clientProxyMITM:
Starting MITM: 31000 -> 31001
Received connection: <socket.socket fd=4, family=AddressFamily.AF_INET, type=SocketKind.SOCK_STREAM, proto=0, laddr=('127.0.0.1', 31000), raddr=('127.0.0.1', 35626)>
Connected to: 127.0.0.1, 31001 using ephemeral port 43572
-> (3) byte, b'\x05\x01\x00' Source Port: 31000 Target Port: 43572 Timestamp: 1753303260.9787397
<- (2) byte, b'\x05\x00' Source Port: 31000 Target Port: 43572 Timestamp: 1753303260.978968
-> (4) byte, b'\x05\x01\x00\x01' Source Port: 31000 Target Port: 43572 Timestamp: 1753303260.979235
-> (6) byte, b'\x7f\x00\x00\x01y\x1b' Source Port: 31000 Target Port: 43572 Timestamp: 1753303261.0300133
<- (10) byte, b'\x05\x00\x00\x01\x00\x00\x00\x00\x00\x00' Source Port: 31000 Target Port: 43572 Timestamp: 1753303261.0305908
<- (5) byte, b'XXXXX' Source Port: 31000 Target Port: 43572 Timestamp: 1753303261.0874057
<- (5) byte, b'YYYYY' Source Port: 31000 Target Port: 43572 Timestamp: 1753303262.0919487
-> (0) byte, b'' Source Port: 31000 Target Port: 43572 Timestamp: 1753303262.0936494
Connection closed from (apparently) out

mainMITM:
Starting MITM: 31002 -> 10086
Received connection: <socket.socket fd=4, family=AddressFamily.AF_INET, type=SocketKind.SOCK_STREAM, proto=0, laddr=('127.0.0.1', 31002), raddr=('127.0.0.1', 37628)>
Connected to: 127.0.0.1, 10086 using ephemeral port 55452
-> (73) byte, b"=\x92\x8a\xca\x1f\xb0s\xe6\xb2Z\x8c\x8djfN9\xb7\xa9'\xa0\x14\xdf\xf1\xceE\xad\xff\xdfL\xd3\x13\xde'C\xad\x19\xfd\x17\x04\xd0ko\xcc\xaa\xfd\xc9\x9fm\xcdM\x1c\rhZ\xa7\xdb\x88)\x9a\x06\x8a\xd7\xd7\xd5\xbb\x03\x8c\xf6l\xebn\x0b\xa9" Source Port: 31002 Target Port: 55452 Timestamp: 1753303261.0836558
<- (71) byte, b'5 \x931(B\x98;\xf0y\x96\x05\x12\xa8\xf4^\x0e\x04\x12F\x8b\x94\xc9\xe17p1}\xfb\\Z\xcb\x0e\xa8\xd5\x8b\xf3"\x7f_\x17x\xa7\xaa\x92\xb6\x94\x16\xe1/\x92`\x05\x81`\x91t&\xf6f\xc4\x17\xc8/\x1cW\xf1\xf3OF\xcc' Source Port: 31002 Target Port: 55452 Timestamp: 1753303261.0868726
<- (39) byte, b'\xdbo\x92A\xea\xab\xb1\xb5\xd0\x1d3\x0f\x81\xeaNU\x0b\x1b\x0f\xdcDg\xcd\x1e\xb2\n!\xa8\xd6P\x86\x0f}\x9d\x05\xbb&Pb' Source Port: 31002 Target Port: 55452 Timestamp: 1753303262.0906289
-> (0) byte, b'' Source Port: 31002 Target Port: 55452 Timestamp: 1753303262.0955615
Connection closed from (apparently) out

serverProxyMITM:
Starting MITM: 31003 -> 31004
Received connection: <socket.socket fd=4, family=AddressFamily.AF_INET, type=SocketKind.SOCK_STREAM, proto=0, laddr=('127.0.0.1', 31003), raddr=('127.0.0.1', 33148)>
Connected to: 127.0.0.1, 31004 using ephemeral port 53912
<- (5) byte, b'XXXXX' Source Port: 31003 Target Port: 53912 Timestamp: 1753303261.0863514
<- (5) byte, b'YYYYY' Source Port: 31003 Target Port: 53912 Timestamp: 1753303262.0889723
-> (0) byte, b'' Source Port: 31003 Target Port: 53912 Timestamp: 1753303262.0967536
Connection closed from (apparently) out

Client:
Mode 4 - start experiment
Received 1st 5 byte: b'XXXXX'
Received 2nd 5 byte: b'YYYYY'
Connection closed

Server:
sent 5 byte of X
sent 5 byte of Y
Completed iteration 1 for mode 4 with msg size 5 at 20250723-204056
----------------------------------------
Starting iteration 2 for mode 4 with msg size 5 at 20250723-204104
Results extracted:
Name: Start test ./logs/mode4_size5.log --mode 4 --send-size 5 
	Frames: 195
	Client got: 22 over 4 messages,  sent 13
	Server got: 0, over 0 messages, sent 10
	Terminated by FIN: CLIENT -> CLIENTPROXYMITM


clientProxyMITM:
Starting MITM: 31000 -> 31001
Received connection: <socket.socket fd=4, family=AddressFamily.AF_INET, type=SocketKind.SOCK_STREAM, proto=0, laddr=('127.0.0.1', 31000), raddr=('127.0.0.1', 48150)>
Connected to: 127.0.0.1, 31001 using ephemeral port 54978
-> (3) byte, b'\x05\x01\x00' Source Port: 31000 Target Port: 54978 Timestamp: 1753303268.3089483
<- (2) byte, b'\x05\x00' Source Port: 31000 Target Port: 54978 Timestamp: 1753303268.309202
-> (4) byte, b'\x05\x01\x00\x01' Source Port: 31000 Target Port: 54978 Timestamp: 1753303268.309393
-> (6) byte, b'\x7f\x00\x00\x01y\x1b' Source Port: 31000 Target Port: 54978 Timestamp: 1753303268.3501813
<- (10) byte, b'\x05\x00\x00\x01\x00\x00\x00\x00\x00\x00' Source Port: 31000 Target Port: 54978 Timestamp: 1753303268.350406
<- (5) byte, b'XXXXX' Source Port: 31000 Target Port: 54978 Timestamp: 1753303268.4054358
<- (5) byte, b'YYYYY' Source Port: 31000 Target Port: 54978 Timestamp: 1753303269.4192395
-> (0) byte, b'' Source Port: 31000 Target Port: 54978 Timestamp: 1753303269.4205248
Connection closed from (apparently) out

mainMITM:
Starting MITM: 31002 -> 10086
Received connection: <socket.socket fd=4, family=AddressFamily.AF_INET, type=SocketKind.SOCK_STREAM, proto=0, laddr=('127.0.0.1', 31002), raddr=('127.0.0.1', 39364)>
Connected to: 127.0.0.1, 10086 using ephemeral port 33116
-> (73) byte, b'hun^r5vg\xe4\x81\x8cN0\xc3;"/\xeb\xe5\x0f.{s\xcd\xd8\x16/}\xac\xb4\xb7\xe7B\xb3;X\x1d\xa3\x9cA,[j\xfd\xdaF\xa6\xce\x141\x1da\xc79q$\xa2,qV\xfd\xf6\xe5Lx\xab\xc5m0\xb4\xce3n' Source Port: 31002 Target Port: 33116 Timestamp: 1753303268.4035873
<- (71) byte, b"\xd8\x8d\xac\x7f\xa5Q\xb3\xf8Z\x7f\x8e\x12Sd\xb7\xc3 \xf5\xce,'\xe1\xf19\xda\xe4t(}\xbd\xe0\x1e\x14\xcc\xa9\x1cO\x00]\xc8G }/\xb3\x1fw\xd1X\x8d\x8a?\t`\xba\xbej:\xa6>\\\x83{K\xcb\x8eUt\xda\xab\xe2" Source Port: 31002 Target Port: 33116 Timestamp: 1753303268.4052665
<- (39) byte, b'\xf8\xbe\x7f\x9bQ\xea\xb7\xec\xc9\xf2K\xf7\x9e?\x91d5^V\x90\xcd\x01\x8dMQj\xceuG\xc5\xad\xef2.;\xae\x9d\xc3\xce' Source Port: 31002 Target Port: 33116 Timestamp: 1753303269.4183674
-> (0) byte, b'' Source Port: 31002 Target Port: 33116 Timestamp: 1753303269.4224355
Connection closed from (apparently) out

serverProxyMITM:
Starting MITM: 31003 -> 31004
Received connection: <socket.socket fd=4, family=AddressFamily.AF_INET, type=SocketKind.SOCK_STREAM, proto=0, laddr=('127.0.0.1', 31003), raddr=('127.0.0.1', 55842)>
Connected to: 127.0.0.1, 31004 using ephemeral port 50290
<- (5) byte, b'XXXXX' Source Port: 31003 Target Port: 50290 Timestamp: 1753303268.4048786
<- (5) byte, b'YYYYY' Source Port: 31003 Target Port: 50290 Timestamp: 1753303269.417623
-> (0) byte, b'' Source Port: 31003 Target Port: 50290 Timestamp: 1753303269.4236438
Connection closed from (apparently) out

Client:
Mode 4 - start experiment
Received 1st 5 byte: b'XXXXX'
Received 2nd 5 byte: b'YYYYY'
Connection closed

Server:
sent 5 byte of X
sent 5 byte of Y
Completed iteration 2 for mode 4 with msg size 5 at 20250723-204104
----------------------------------------
Starting iteration 3 for mode 4 with msg size 5 at 20250723-204111
Results extracted:
Name: Start test ./logs/mode4_size5.log --mode 4 --send-size 5 
	Frames: 195
	Client got: 22 over 4 messages,  sent 13
	Server got: 0, over 0 messages, sent 10
	Terminated by FIN: CLIENT -> CLIENTPROXYMITM


clientProxyMITM:
Starting MITM: 31000 -> 31001
Received connection: <socket.socket fd=4, family=AddressFamily.AF_INET, type=SocketKind.SOCK_STREAM, proto=0, laddr=('127.0.0.1', 31000), raddr=('127.0.0.1', 48160)>
Connected to: 127.0.0.1, 31001 using ephemeral port 54982
-> (3) byte, b'\x05\x01\x00' Source Port: 31000 Target Port: 54982 Timestamp: 1753303275.664542
<- (2) byte, b'\x05\x00' Source Port: 31000 Target Port: 54982 Timestamp: 1753303275.664771
-> (4) byte, b'\x05\x01\x00\x01' Source Port: 31000 Target Port: 54982 Timestamp: 1753303275.6649647
-> (6) byte, b'\x7f\x00\x00\x01y\x1b' Source Port: 31000 Target Port: 54982 Timestamp: 1753303275.7114735
<- (10) byte, b'\x05\x00\x00\x01\x00\x00\x00\x00\x00\x00' Source Port: 31000 Target Port: 54982 Timestamp: 1753303275.7118182
<- (5) byte, b'XXXXX' Source Port: 31000 Target Port: 54982 Timestamp: 1753303275.7679276
<- (5) byte, b'YYYYY' Source Port: 31000 Target Port: 54982 Timestamp: 1753303276.7747498
-> (0) byte, b'' Source Port: 31000 Target Port: 54982 Timestamp: 1753303276.7757645
Connection closed from (apparently) out

mainMITM:
Starting MITM: 31002 -> 10086
Received connection: <socket.socket fd=4, family=AddressFamily.AF_INET, type=SocketKind.SOCK_STREAM, proto=0, laddr=('127.0.0.1', 31002), raddr=('127.0.0.1', 39372)>
Connected to: 127.0.0.1, 10086 using ephemeral port 33132
-> (73) byte, b')*cw\xb3y)\x82/e\x19\x1d2\x96\x04\xfd\xbe\xf3\xac5\xce\x19\x07_F"\xc3\xf5C\xd9\xbb\xe6\xd1\x0c{N\x94x\x7f\\\xcc\xc6\x14\xbd\xe82\x0f\xa1\x10p\xbf\xaa\xb3\xf6\xccI\xf0p2\xe2\x1b\xc7F\xf9\xaf1[\x8bH<?$\xf2' Source Port: 31002 Target Port: 33132 Timestamp: 1753303275.7635765
<- (71) byte, b'\x11\x86\xf2Get\xaeQd\x1cIey\xcfr\xbc2]\xf8\xc96\xcb\xe0\xd1\x19\xb1\xf7>\x8e>j\xbc\x8c\xfc\xf1\x15\xcc\xdfn\xb7[\xa1\xfd\xd4\xf7\xa6\x05\xeeX\xe3\x84\xa4\x15\x94\x90)\x07\xe7\xeb\xde(\xfe\xe8\xba\xfb\xc7\xb16\xf4\xe8\x18' Source Port: 31002 Target Port: 33132 Timestamp: 1753303275.7673695
<- (39) byte, b'\xc9A#\xb8 \xad\x9a\x15\xc2I\x82\x91\xa0bjPD?\xf9\x92\xe9\xcb"tqk\x07\xfd\xf8$R\xcf\xa2\x07\xb5\xc2/\xc9*' Source Port: 31002 Target Port: 33132 Timestamp: 1753303276.7739408
-> (0) byte, b'' Source Port: 31002 Target Port: 33132 Timestamp: 1753303276.777679
Connection closed from (apparently) out

serverProxyMITM:
Starting MITM: 31003 -> 31004
Received connection: <socket.socket fd=4, family=AddressFamily.AF_INET, type=SocketKind.SOCK_STREAM, proto=0, laddr=('127.0.0.1', 31003), raddr=('127.0.0.1', 55850)>
Connected to: 127.0.0.1, 31004 using ephemeral port 50306
<- (5) byte, b'XXXXX' Source Port: 31003 Target Port: 50306 Timestamp: 1753303275.7666466
<- (5) byte, b'YYYYY' Source Port: 31003 Target Port: 50306 Timestamp: 1753303276.773314
-> (0) byte, b'' Source Port: 31003 Target Port: 50306 Timestamp: 1753303276.7788231
Connection closed from (apparently) out

Client:
Mode 4 - start experiment
Received 1st 5 byte: b'XXXXX'
Received 2nd 5 byte: b'YYYYY'
Connection closed

Server:
sent 5 byte of X
sent 5 byte of Y
Completed iteration 3 for mode 4 with msg size 5 at 20250723-204111
----------------------------------------
Starting iteration 4 for mode 4 with msg size 5 at 20250723-204118
Results extracted:
Name: Start test ./logs/mode4_size5.log --mode 4 --send-size 5 
	Frames: 203
	Client got: 22 over 4 messages,  sent 13
	Server got: 0, over 0 messages, sent 10
	Terminated by FIN: CLIENT -> CLIENTPROXYMITM


clientProxyMITM:
Starting MITM: 31000 -> 31001
Received connection: <socket.socket fd=4, family=AddressFamily.AF_INET, type=SocketKind.SOCK_STREAM, proto=0, laddr=('127.0.0.1', 31000), raddr=('127.0.0.1', 47596)>
Connected to: 127.0.0.1, 31001 using ephemeral port 38644
-> (3) byte, b'\x05\x01\x00' Source Port: 31000 Target Port: 38644 Timestamp: 1753303283.0188463
<- (2) byte, b'\x05\x00' Source Port: 31000 Target Port: 38644 Timestamp: 1753303283.019143
-> (4) byte, b'\x05\x01\x00\x01' Source Port: 31000 Target Port: 38644 Timestamp: 1753303283.0193388
-> (6) byte, b'\x7f\x00\x00\x01y\x1b' Source Port: 31000 Target Port: 38644 Timestamp: 1753303283.0698786
<- (10) byte, b'\x05\x00\x00\x01\x00\x00\x00\x00\x00\x00' Source Port: 31000 Target Port: 38644 Timestamp: 1753303283.0702057
<- (5) byte, b'XXXXX' Source Port: 31000 Target Port: 38644 Timestamp: 1753303283.124797
<- (5) byte, b'YYYYY' Source Port: 31000 Target Port: 38644 Timestamp: 1753303284.1373875
-> (0) byte, b'' Source Port: 31000 Target Port: 38644 Timestamp: 1753303284.1385264
Connection closed from (apparently) out

mainMITM:
Starting MITM: 31002 -> 10086
Received connection: <socket.socket fd=4, family=AddressFamily.AF_INET, type=SocketKind.SOCK_STREAM, proto=0, laddr=('127.0.0.1', 31002), raddr=('127.0.0.1', 52364)>
Connected to: 127.0.0.1, 10086 using ephemeral port 50466
-> (73) byte, b"\xb97*f\xc0a\xa8n/Z\x85\xb2j\xd5\xd9n\xcc'!\x1e\xca\xdf\xf3\x01\x02\t+U\xc8bHT^\x00\x03\xfe6s\xee\x8e\x0f\x05\x13hL\xd6\x93\xdd@\xcf4t\xf7h3\xcaL\xa8$J\x97\xe9\\\xde:\x07W\x81\xabQ\xc3\x9c\x08" Source Port: 31002 Target Port: 50466 Timestamp: 1753303283.1216047
<- (71) byte, b'\xcc\x8bsu\xa1\xb9nm\x08\x84\xc7\xe7\xd1\x10y\xf7N_\x91\xcc\xaa\xd6y\xde\xba\x15e\xc7\x95A\nZ\xff\xcb\xc8?\xc2\x97,Z\x01\xa4w\\\xe7\xd6\xb8\xe8e\xf1\xb8\xda\xe7\xcdo\xa5\x87\xb6\xca\xd95\xc1\xcb\xe52\xd4\x85\x08\t\xfd ' Source Port: 31002 Target Port: 50466 Timestamp: 1753303283.1245203
<- (39) byte, b'xr^\x05\x1c\xb3Mv\xc7\xcdz\xadh\xfcjvHz\x9bW\x91H\xc5\xdb\xff>\x83\xd0\xd8D\x82\r^ETKu\x1aY' Source Port: 31002 Target Port: 50466 Timestamp: 1753303284.1364446
-> (0) byte, b'' Source Port: 31002 Target Port: 50466 Timestamp: 1753303284.1395552
Connection closed from (apparently) out

serverProxyMITM:
Starting MITM: 31003 -> 31004
Received connection: <socket.socket fd=4, family=AddressFamily.AF_INET, type=SocketKind.SOCK_STREAM, proto=0, laddr=('127.0.0.1', 31003), raddr=('127.0.0.1', 49736)>
Connected to: 127.0.0.1, 31004 using ephemeral port 58604
<- (5) byte, b'XXXXX' Source Port: 31003 Target Port: 58604 Timestamp: 1753303283.1237574
<- (5) byte, b'YYYYY' Source Port: 31003 Target Port: 58604 Timestamp: 1753303284.135339
-> (0) byte, b'' Source Port: 31003 Target Port: 58604 Timestamp: 1753303284.1404777
Connection closed from (apparently) out

Client:
Mode 4 - start experiment
Received 1st 5 byte: b'XXXXX'
Received 2nd 5 byte: b'YYYYY'
Connection closed

Server:
sent 5 byte of X
sent 5 byte of Y
Completed iteration 4 for mode 4 with msg size 5 at 20250723-204118
----------------------------------------
Starting iteration 5 for mode 4 with msg size 5 at 20250723-204126
Results extracted:
Name: Start test ./logs/mode4_size5.log --mode 4 --send-size 5 
	Frames: 182
	Client got: 22 over 4 messages,  sent 13
	Server got: 0, over 0 messages, sent 10
	Terminated by FIN: CLIENT -> CLIENTPROXYMITM


clientProxyMITM:
Starting MITM: 31000 -> 31001
Received connection: <socket.socket fd=4, family=AddressFamily.AF_INET, type=SocketKind.SOCK_STREAM, proto=0, laddr=('127.0.0.1', 31000), raddr=('127.0.0.1', 57630)>
Connected to: 127.0.0.1, 31001 using ephemeral port 50812
-> (3) byte, b'\x05\x01\x00' Source Port: 31000 Target Port: 50812 Timestamp: 1753303290.3458455
<- (2) byte, b'\x05\x00' Source Port: 31000 Target Port: 50812 Timestamp: 1753303290.3461397
-> (4) byte, b'\x05\x01\x00\x01' Source Port: 31000 Target Port: 50812 Timestamp: 1753303290.3464222
-> (6) byte, b'\x7f\x00\x00\x01y\x1b' Source Port: 31000 Target Port: 50812 Timestamp: 1753303290.3876736
<- (10) byte, b'\x05\x00\x00\x01\x00\x00\x00\x00\x00\x00' Source Port: 31000 Target Port: 50812 Timestamp: 1753303290.388203
<- (5) byte, b'XXXXX' Source Port: 31000 Target Port: 50812 Timestamp: 1753303290.4423594
<- (5) byte, b'YYYYY' Source Port: 31000 Target Port: 50812 Timestamp: 1753303291.4466722
-> (0) byte, b'' Source Port: 31000 Target Port: 50812 Timestamp: 1753303291.4481633
Connection closed from (apparently) out

mainMITM:
Starting MITM: 31002 -> 10086
Received connection: <socket.socket fd=4, family=AddressFamily.AF_INET, type=SocketKind.SOCK_STREAM, proto=0, laddr=('127.0.0.1', 31002), raddr=('127.0.0.1', 40128)>
Connected to: 127.0.0.1, 10086 using ephemeral port 38804
-> (73) byte, b'\xef=6B\xf0s\xfc\xfe\x83\x95\x9cL\xaa\x99T\xd6\x96\xbf\x10\x08-1b\xc7\x02\xe6\x82jy\xfc9\xb6\r\xfd\xcc\xe5\xe8za\x8b6h\x8dn\xf5\xae\xe1U\xd9_m\x0f\xf7X \xb7\xc4-\tm\xc2\xf0xm\x81\x08D\xd1\x84\xaa\xaf\xc0i' Source Port: 31002 Target Port: 38804 Timestamp: 1753303290.4400182
<- (71) byte, b"\xb7z\xb4\xf8O\xb3\xc31+\xea\xda\xeb\x0c\xfa\xc6\xb3q\x0c\xc7\xec\xd0\xac`i\xbe\x9e\xd6\xab\x04\xf8\x84lt'\x02\xa1\x0fRH\x00\xa6\xdctg\x04\x0c\xab\xe5\xfd\xf1\x0f\xdf\x9b\xe7$\xf3v\xe6!\xc5Z\xbfM&\xf0|\xe4#$c " Source Port: 31002 Target Port: 38804 Timestamp: 1753303290.44197
<- (39) byte, b"\xe5\xa5\x87\xfco\x9d\xa1\xe4$H\x04e\xfc\xceX\x16J\x0cr\xcd5v]}\x9d\n\xb4}\xd7%\x95\x14\x92P\xc2\xa7\x9c'\xb6" Source Port: 31002 Target Port: 38804 Timestamp: 1753303291.4458923
-> (0) byte, b'' Source Port: 31002 Target Port: 38804 Timestamp: 1753303291.4494252
Connection closed from (apparently) out

serverProxyMITM:
Starting MITM: 31003 -> 31004
Received connection: <socket.socket fd=4, family=AddressFamily.AF_INET, type=SocketKind.SOCK_STREAM, proto=0, laddr=('127.0.0.1', 31003), raddr=('127.0.0.1', 50928)>
Connected to: 127.0.0.1, 31004 using ephemeral port 38672
<- (5) byte, b'XXXXX' Source Port: 31003 Target Port: 38672 Timestamp: 1753303290.4415853
<- (5) byte, b'YYYYY' Source Port: 31003 Target Port: 38672 Timestamp: 1753303291.444395
-> (0) byte, b'' Source Port: 31003 Target Port: 38672 Timestamp: 1753303291.4508085
Connection closed from (apparently) out

Client:
Mode 4 - start experiment
Received 1st 5 byte: b'XXXXX'
Received 2nd 5 byte: b'YYYYY'
Connection closed

Server:
sent 5 byte of X
sent 5 byte of Y
Completed iteration 5 for mode 4 with msg size 5 at 20250723-204126
----------------------------------------
Starting iteration 6 for mode 4 with msg size 5 at 20250723-204133
Results extracted:
Name: Start test ./logs/mode4_size5.log --mode 4 --send-size 5 
	Frames: 203
	Client got: 22 over 4 messages,  sent 13
	Server got: 0, over 0 messages, sent 10
	Terminated by FIN: CLIENT -> CLIENTPROXYMITM


clientProxyMITM:
Starting MITM: 31000 -> 31001
Received connection: <socket.socket fd=4, family=AddressFamily.AF_INET, type=SocketKind.SOCK_STREAM, proto=0, laddr=('127.0.0.1', 31000), raddr=('127.0.0.1', 57638)>
Connected to: 127.0.0.1, 31001 using ephemeral port 50822
-> (3) byte, b'\x05\x01\x00' Source Port: 31000 Target Port: 50822 Timestamp: 1753303297.6688526
<- (2) byte, b'\x05\x00' Source Port: 31000 Target Port: 50822 Timestamp: 1753303297.6691847
-> (4) byte, b'\x05\x01\x00\x01' Source Port: 31000 Target Port: 50822 Timestamp: 1753303297.6694176
-> (6) byte, b'\x7f\x00\x00\x01y\x1b' Source Port: 31000 Target Port: 50822 Timestamp: 1753303297.7102444
<- (10) byte, b'\x05\x00\x00\x01\x00\x00\x00\x00\x00\x00' Source Port: 31000 Target Port: 50822 Timestamp: 1753303297.710585
<- (5) byte, b'XXXXX' Source Port: 31000 Target Port: 50822 Timestamp: 1753303297.766766
<- (5) byte, b'YYYYY' Source Port: 31000 Target Port: 50822 Timestamp: 1753303298.7715077
-> (0) byte, b'' Source Port: 31000 Target Port: 50822 Timestamp: 1753303298.772719
Connection closed from (apparently) out

mainMITM:
Starting MITM: 31002 -> 10086
Received connection: <socket.socket fd=4, family=AddressFamily.AF_INET, type=SocketKind.SOCK_STREAM, proto=0, laddr=('127.0.0.1', 31002), raddr=('127.0.0.1', 40132)>
Connected to: 127.0.0.1, 10086 using ephemeral port 38808
-> (73) byte, b'\xe2[\xc6%\xaa\x0b\x83\xb2\x8a\xf3\xe9\x9fk\xd1\x11fn>K\xfc)\x99\xf0\xa3\x1a\x85\x16cv\xcag\x11\x7fq\x19J\r-Z\x07\x7fYy\x95\x84\xb4t\xaa]QI\x13\xe5\xda`\xb3\x15^+z\x8b\xddh\xd7\x1fX\xbc\xde\x95\xa3\x8e\xf6P' Source Port: 31002 Target Port: 38808 Timestamp: 1753303297.7636235
<- (71) byte, b'\x11\xb5\x15}0\x96\x15+\x82\x17\xb9\x1e3r<RLO=\xed\xfb&\x96\xb1\x1c\xcfL\x8f\x93\x9eQ\xddS\x91\xfb\x80\xbb3A\xd0\xe3\xc4;\xccjjxT\xb5Y\xb7A\xf2\xb7\xdd\xd1\\\xacEs\xd8\xac\xf2b\x1b\xdd\x91\xae\xb0#7' Source Port: 31002 Target Port: 38808 Timestamp: 1753303297.766426
<- (39) byte, b'<\xa2\x9f\xd3W!\x1d\x17\xff\xf2\x07\xa75\xcb\x1d\x90\\\xfdg\x15%E\xd7 o]\x97\x7fT.!2\xadi.v\xa5\x7fL' Source Port: 31002 Target Port: 38808 Timestamp: 1753303298.7704897
-> (0) byte, b'' Source Port: 31002 Target Port: 38808 Timestamp: 1753303298.7756956
Connection closed from (apparently) out

serverProxyMITM:
Starting MITM: 31003 -> 31004
Received connection: <socket.socket fd=4, family=AddressFamily.AF_INET, type=SocketKind.SOCK_STREAM, proto=0, laddr=('127.0.0.1', 31003), raddr=('127.0.0.1', 50944)>
Connected to: 127.0.0.1, 31004 using ephemeral port 38678
<- (5) byte, b'XXXXX' Source Port: 31003 Target Port: 38678 Timestamp: 1753303297.7658134
<- (5) byte, b'YYYYY' Source Port: 31003 Target Port: 38678 Timestamp: 1753303298.769585
-> (0) byte, b'' Source Port: 31003 Target Port: 38678 Timestamp: 1753303298.777374
Connection closed from (apparently) out

Client:
Mode 4 - start experiment
Received 1st 5 byte: b'XXXXX'
Received 2nd 5 byte: b'YYYYY'
Connection closed

Server:
sent 5 byte of X
sent 5 byte of Y
Completed iteration 6 for mode 4 with msg size 5 at 20250723-204133
----------------------------------------
Starting iteration 7 for mode 4 with msg size 5 at 20250723-204140
Results extracted:
Name: Start test ./logs/mode4_size5.log --mode 4 --send-size 5 
	Frames: 206
	Client got: 22 over 4 messages,  sent 13
	Server got: 0, over 0 messages, sent 10
	Terminated by FIN: CLIENT -> CLIENTPROXYMITM


clientProxyMITM:
Starting MITM: 31000 -> 31001
Received connection: <socket.socket fd=4, family=AddressFamily.AF_INET, type=SocketKind.SOCK_STREAM, proto=0, laddr=('127.0.0.1', 31000), raddr=('127.0.0.1', 58540)>
Connected to: 127.0.0.1, 31001 using ephemeral port 58198
-> (3) byte, b'\x05\x01\x00' Source Port: 31000 Target Port: 58198 Timestamp: 1753303305.0278318
<- (2) byte, b'\x05\x00' Source Port: 31000 Target Port: 58198 Timestamp: 1753303305.0281954
-> (4) byte, b'\x05\x01\x00\x01' Source Port: 31000 Target Port: 58198 Timestamp: 1753303305.0284
-> (6) byte, b'\x7f\x00\x00\x01y\x1b' Source Port: 31000 Target Port: 58198 Timestamp: 1753303305.074856
<- (10) byte, b'\x05\x00\x00\x01\x00\x00\x00\x00\x00\x00' Source Port: 31000 Target Port: 58198 Timestamp: 1753303305.0751224
<- (5) byte, b'XXXXX' Source Port: 31000 Target Port: 58198 Timestamp: 1753303305.1331797
<- (5) byte, b'YYYYY' Source Port: 31000 Target Port: 58198 Timestamp: 1753303306.135608
-> (0) byte, b'' Source Port: 31000 Target Port: 58198 Timestamp: 1753303306.1369104
Connection closed from (apparently) out

mainMITM:
Starting MITM: 31002 -> 10086
Received connection: <socket.socket fd=4, family=AddressFamily.AF_INET, type=SocketKind.SOCK_STREAM, proto=0, laddr=('127.0.0.1', 31002), raddr=('127.0.0.1', 52478)>
Connected to: 127.0.0.1, 10086 using ephemeral port 37608
-> (73) byte, b"\xda\x8e\xf3\x1eW\xd3\xc2\xc1\xf4\xec\xa6J\xd5\x8f\x0c\xc6(!\x8e>\x88\xfb\x8e\x05\x1a'\x93\xf9jHR\xf9\x1a!\x7f\x18\x1d\x80M<#\x03\xca^\xee#\xc1\x9e\t\xd4\x16\xab\x17C\xab#\r\xeeQ\xf1\xaf\xa5\xfbu\x066<\xe2\x14\n\xa3\xf1\x93" Source Port: 31002 Target Port: 37608 Timestamp: 1753303305.1305623
<- (71) byte, b'_\xb2 \x9d\xea\x0f\x94J\xb9-I\x9d\xe9\xfb\xbf\xa2\x8fm\xeb\xb1\xa6\xc9\x18\x10\t\xd4\x83\xf3Tt\xed`\x16yHTBr\xb2F=\xe7S\x10\xa7\xeb\xbc\xee\xb4A\\|wD\xe3\xe9\x8d\xfd\xd3\x87T\x97V-\xe6\\\xa6Bc\xb3\xaa' Source Port: 31002 Target Port: 37608 Timestamp: 1753303305.132723
<- (39) byte, b"\xeb\xf8\x89\xcb\xd3\x8c\xedf#\x0f\x19\x1e\x1e\xeb>\xdc\x18\xbdJ\x13'\xcc\xf2G\x15\x1dr-:\xba\x8a\xd7\xa5\xeej\xed'0\x1d" Source Port: 31002 Target Port: 37608 Timestamp: 1753303306.1348104
-> (0) byte, b'' Source Port: 31002 Target Port: 37608 Timestamp: 1753303306.139771
Connection closed from (apparently) out

serverProxyMITM:
Starting MITM: 31003 -> 31004
Received connection: <socket.socket fd=4, family=AddressFamily.AF_INET, type=SocketKind.SOCK_STREAM, proto=0, laddr=('127.0.0.1', 31003), raddr=('127.0.0.1', 44230)>
Connected to: 127.0.0.1, 31004 using ephemeral port 56272
<- (5) byte, b'XXXXX' Source Port: 31003 Target Port: 56272 Timestamp: 1753303305.1322348
<- (5) byte, b'YYYYY' Source Port: 31003 Target Port: 56272 Timestamp: 1753303306.1338425
-> (0) byte, b'' Source Port: 31003 Target Port: 56272 Timestamp: 1753303306.1414208
Connection closed from (apparently) out

Client:
Mode 4 - start experiment
Received 1st 5 byte: b'XXXXX'
Received 2nd 5 byte: b'YYYYY'
Connection closed

Server:
sent 5 byte of X
sent 5 byte of Y
Completed iteration 7 for mode 4 with msg size 5 at 20250723-204140
----------------------------------------
Starting iteration 8 for mode 4 with msg size 5 at 20250723-204148
Results extracted:
Name: Start test ./logs/mode4_size5.log --mode 4 --send-size 5 
	Frames: 197
	Client got: 22 over 4 messages,  sent 13
	Server got: 0, over 0 messages, sent 10
	Terminated by FIN: CLIENT -> CLIENTPROXYMITM


clientProxyMITM:
Starting MITM: 31000 -> 31001
Received connection: <socket.socket fd=4, family=AddressFamily.AF_INET, type=SocketKind.SOCK_STREAM, proto=0, laddr=('127.0.0.1', 31000), raddr=('127.0.0.1', 49186)>
Connected to: 127.0.0.1, 31001 using ephemeral port 55522
-> (3) byte, b'\x05\x01\x00' Source Port: 31000 Target Port: 55522 Timestamp: 1753303312.3797524
<- (2) byte, b'\x05\x00' Source Port: 31000 Target Port: 55522 Timestamp: 1753303312.3799698
-> (4) byte, b'\x05\x01\x00\x01' Source Port: 31000 Target Port: 55522 Timestamp: 1753303312.380351
-> (6) byte, b'\x7f\x00\x00\x01y\x1b' Source Port: 31000 Target Port: 55522 Timestamp: 1753303312.4307528
<- (10) byte, b'\x05\x00\x00\x01\x00\x00\x00\x00\x00\x00' Source Port: 31000 Target Port: 55522 Timestamp: 1753303312.4311008
<- (5) byte, b'XXXXX' Source Port: 31000 Target Port: 55522 Timestamp: 1753303312.4875772
<- (5) byte, b'YYYYY' Source Port: 31000 Target Port: 55522 Timestamp: 1753303313.4914987
-> (0) byte, b'' Source Port: 31000 Target Port: 55522 Timestamp: 1753303313.492602
Connection closed from (apparently) out

mainMITM:
Starting MITM: 31002 -> 10086
Received connection: <socket.socket fd=4, family=AddressFamily.AF_INET, type=SocketKind.SOCK_STREAM, proto=0, laddr=('127.0.0.1', 31002), raddr=('127.0.0.1', 51120)>
Connected to: 127.0.0.1, 10086 using ephemeral port 57174
-> (73) byte, b'\x7f\x91d]\x05\xd8JI\xac\x12L\xa4I\xd5\xb0D\x8e\x8e\x0fx\xa1K\xed\xc1\x95\xf0\xbcfy\xc7 q?@CI\x91:\xdd\x00,\xcc_2\xeazZ\xe4\xc7\xd7\x8e\xda`\x19\xfdm7\xeaW\x18m\x98\xcb)H\xe9\xc8\x9c\xaf\xe7\xfc\x17&' Source Port: 31002 Target Port: 57174 Timestamp: 1753303312.482796
<- (71) byte, b'\x97]\xc3\xb3\x80-\xa5\x83\xc8\xb5U\x87l\xdd\x1cn|\x80\x8d\xc7\x01z\x11"\xd3^S\x18K%=Gv\x8a\\\x88"\x94F|as8\xbb\n\x9d\x03\r\xb7\xa2\x0fL\xecx\xd3\x9c\x051E\xd4\xc9\xdd\xd6\xa8\x9cRs!\x91\xbd\xf8' Source Port: 31002 Target Port: 57174 Timestamp: 1753303312.4871798
<- (39) byte, b'\xfd\x1f\x8d\xb7,\x98a\xa0\xf3\xb0\xbd\x01\xe3h\xc7\x92\xcecX\x8c|*\x98\x8b[Z|\x00\x88\xee+\xc6T\x03tK)\x87&' Source Port: 31002 Target Port: 57174 Timestamp: 1753303313.4903378
-> (0) byte, b'' Source Port: 31002 Target Port: 57174 Timestamp: 1753303313.4934626
Connection closed from (apparently) out

serverProxyMITM:
Starting MITM: 31003 -> 31004
Received connection: <socket.socket fd=4, family=AddressFamily.AF_INET, type=SocketKind.SOCK_STREAM, proto=0, laddr=('127.0.0.1', 31003), raddr=('127.0.0.1', 45200)>
Connected to: 127.0.0.1, 31004 using ephemeral port 41366
<- (5) byte, b'XXXXX' Source Port: 31003 Target Port: 41366 Timestamp: 1753303312.4866655
<- (5) byte, b'YYYYY' Source Port: 31003 Target Port: 41366 Timestamp: 1753303313.489424
-> (0) byte, b'' Source Port: 31003 Target Port: 41366 Timestamp: 1753303313.4943929
Connection closed from (apparently) out

Client:
Mode 4 - start experiment
Received 1st 5 byte: b'XXXXX'
Received 2nd 5 byte: b'YYYYY'
Connection closed

Server:
sent 5 byte of X
sent 5 byte of Y
Completed iteration 8 for mode 4 with msg size 5 at 20250723-204148
----------------------------------------
Starting iteration 9 for mode 4 with msg size 5 at 20250723-204155
Results extracted:
Name: Start test ./logs/mode4_size5.log --mode 4 --send-size 5 
	Frames: 200
	Client got: 22 over 4 messages,  sent 13
	Server got: 0, over 0 messages, sent 10
	Terminated by FIN: CLIENT -> CLIENTPROXYMITM


clientProxyMITM:
Starting MITM: 31000 -> 31001
Received connection: <socket.socket fd=4, family=AddressFamily.AF_INET, type=SocketKind.SOCK_STREAM, proto=0, laddr=('127.0.0.1', 31000), raddr=('127.0.0.1', 54394)>
Connected to: 127.0.0.1, 31001 using ephemeral port 53764
-> (3) byte, b'\x05\x01\x00' Source Port: 31000 Target Port: 53764 Timestamp: 1753303319.727526
<- (2) byte, b'\x05\x00' Source Port: 31000 Target Port: 53764 Timestamp: 1753303319.7279708
-> (4) byte, b'\x05\x01\x00\x01' Source Port: 31000 Target Port: 53764 Timestamp: 1753303319.7282832
-> (6) byte, b'\x7f\x00\x00\x01y\x1b' Source Port: 31000 Target Port: 53764 Timestamp: 1753303319.7786896
<- (10) byte, b'\x05\x00\x00\x01\x00\x00\x00\x00\x00\x00' Source Port: 31000 Target Port: 53764 Timestamp: 1753303319.77888
<- (5) byte, b'XXXXX' Source Port: 31000 Target Port: 53764 Timestamp: 1753303319.8374805
<- (5) byte, b'YYYYY' Source Port: 31000 Target Port: 53764 Timestamp: 1753303320.8415375
-> (0) byte, b'' Source Port: 31000 Target Port: 53764 Timestamp: 1753303320.8428833
Connection closed from (apparently) out

mainMITM:
Starting MITM: 31002 -> 10086
Received connection: <socket.socket fd=4, family=AddressFamily.AF_INET, type=SocketKind.SOCK_STREAM, proto=0, laddr=('127.0.0.1', 31002), raddr=('127.0.0.1', 48552)>
Connected to: 127.0.0.1, 10086 using ephemeral port 40092
-> (73) byte, b'\x89\xb0\xb1\xc7\x94x\x80u\xf1\x15!^m\x88Z<o\xd3r\xa8*\xc6\xfb\x1f,\x1d\x85V\xc5\\\x18\x85i\xaf\xfa!\x02\xa6X\xac\xa5_\n\x15i\xec\xd6\xfb\x81\xafgp\x1a\xd5B\xa2}u \xcb\xbd\xd9o\xef\xdc\x90\x1c+\xb72\x90\xa4.' Source Port: 31002 Target Port: 40092 Timestamp: 1753303319.8346527
<- (71) byte, b'\xb5\xe6"yd\xd2\xdc\x11_\xf2I\xaf+`\x07\x1c\x8f\x95\x15\xae>\\\xc0Miw\xd0~\x91\x06l\xb2T\xdb\xc7\x02\x0e\xccj\xd5_a\xc0\xa9jR\x9a\x91\x08\x02d\xfd\x05\x9f\xe4O\x14|\xd2\x06\xe1hs\xb5\xc7\xbe+\x01\x94\xc1\x1b' Source Port: 31002 Target Port: 40092 Timestamp: 1753303319.836929
<- (39) byte, b'L\xd6\xf4J\xaa\xd80p4\xe7B\xb2\xf1\x0cj2\xffV\xf5?\xe4\x93\xa4>\x13_\x99\xca\x99\xa3:\xc5\xb9\x87\x98\x14\xb9X\xdb' Source Port: 31002 Target Port: 40092 Timestamp: 1753303320.840425
-> (0) byte, b'' Source Port: 31002 Target Port: 40092 Timestamp: 1753303320.8497548
Connection closed from (apparently) out

serverProxyMITM:
Starting MITM: 31003 -> 31004
Received connection: <socket.socket fd=4, family=AddressFamily.AF_INET, type=SocketKind.SOCK_STREAM, proto=0, laddr=('127.0.0.1', 31003), raddr=('127.0.0.1', 58016)>
Connected to: 127.0.0.1, 31004 using ephemeral port 40420
<- (5) byte, b'XXXXX' Source Port: 31003 Target Port: 40420 Timestamp: 1753303319.8364947
<- (5) byte, b'YYYYY' Source Port: 31003 Target Port: 40420 Timestamp: 1753303320.839613
-> (0) byte, b'' Source Port: 31003 Target Port: 40420 Timestamp: 1753303320.8512943
Connection closed from (apparently) out

Client:
Mode 4 - start experiment
Received 1st 5 byte: b'XXXXX'
Received 2nd 5 byte: b'YYYYY'
Connection closed

Server:
sent 5 byte of X
sent 5 byte of Y
Completed iteration 9 for mode 4 with msg size 5 at 20250723-204155
----------------------------------------
Starting iteration 10 for mode 4 with msg size 5 at 20250723-204202
Results extracted:
Name: Start test ./logs/mode4_size5.log --mode 4 --send-size 5 
	Frames: 192
	Client got: 22 over 4 messages,  sent 13
	Server got: 0, over 0 messages, sent 10
	Terminated by FIN: CLIENT -> CLIENTPROXYMITM


clientProxyMITM:
Starting MITM: 31000 -> 31001
Received connection: <socket.socket fd=4, family=AddressFamily.AF_INET, type=SocketKind.SOCK_STREAM, proto=0, laddr=('127.0.0.1', 31000), raddr=('127.0.0.1', 54406)>
Connected to: 127.0.0.1, 31001 using ephemeral port 53776
-> (3) byte, b'\x05\x01\x00' Source Port: 31000 Target Port: 53776 Timestamp: 1753303327.048289
<- (2) byte, b'\x05\x00' Source Port: 31000 Target Port: 53776 Timestamp: 1753303327.0484264
-> (4) byte, b'\x05\x01\x00\x01' Source Port: 31000 Target Port: 53776 Timestamp: 1753303327.0486064
-> (6) byte, b'\x7f\x00\x00\x01y\x1b' Source Port: 31000 Target Port: 53776 Timestamp: 1753303327.0904806
<- (10) byte, b'\x05\x00\x00\x01\x00\x00\x00\x00\x00\x00' Source Port: 31000 Target Port: 53776 Timestamp: 1753303327.0907433
<- (5) byte, b'XXXXX' Source Port: 31000 Target Port: 53776 Timestamp: 1753303327.1483254
<- (5) byte, b'YYYYY' Source Port: 31000 Target Port: 53776 Timestamp: 1753303328.1565003
-> (0) byte, b'' Source Port: 31000 Target Port: 53776 Timestamp: 1753303328.157794
Connection closed from (apparently) out

mainMITM:
Starting MITM: 31002 -> 10086
Received connection: <socket.socket fd=4, family=AddressFamily.AF_INET, type=SocketKind.SOCK_STREAM, proto=0, laddr=('127.0.0.1', 31002), raddr=('127.0.0.1', 48556)>
Connected to: 127.0.0.1, 10086 using ephemeral port 40104
-> (73) byte, b'R\x1cx\xa5\x8d\x16<\x95\x0eg\xef\xd3k\xc2|a\xfd\xe9\x9aI\x9e\xf2"J\x07\xd3\x89.(Z\xc6\xbc\xf0\x00y\x87e\xdal\xbb\xe3C`[\x18\x05Y\xf1\x1b\xc7\xee\x94"\x96\xde\x95\xeb\x98\xec\x83\x17\xa1"\xb3\x84a\xa2\x97s\xe4~xH' Source Port: 31002 Target Port: 40104 Timestamp: 1753303327.1457767
<- (71) byte, b'\xbe\x8e\x1c\xf9\x02\x04`\xae\xb9\xc8\xb3\xc5@\xc4\x99\xf6K\x7f2nX.,\xd6\xe6\xd1fKrM\xdb\xf6(\xecB\xae\xd4K<&\xf5\x00\xae\x16\xc0\xd6\x0c\x1e\xa7 E\x80\x96T\xb1AvB\x90\xd5\xd7J7%\xa2M1\x83$\xa2\x00' Source Port: 31002 Target Port: 40104 Timestamp: 1753303327.1478314
<- (39) byte, b'^\xfe\x1d\xd4\xa1\xfe\xffl\x8e\x95\x83\x04\x0e\xfc|\xdc\\\xfe\xa2\x86\xf4Eh\x91\xc57\xe5;\xb2j\x1d\x85\x19#F\x04\xbc\x03F' Source Port: 31002 Target Port: 40104 Timestamp: 1753303328.1556234
-> (0) byte, b'' Source Port: 31002 Target Port: 40104 Timestamp: 1753303328.1589217
Connection closed from (apparently) out

serverProxyMITM:
Starting MITM: 31003 -> 31004
Received connection: <socket.socket fd=4, family=AddressFamily.AF_INET, type=SocketKind.SOCK_STREAM, proto=0, laddr=('127.0.0.1', 31003), raddr=('127.0.0.1', 58018)>
Connected to: 127.0.0.1, 31004 using ephemeral port 40436
<- (5) byte, b'XXXXX' Source Port: 31003 Target Port: 40436 Timestamp: 1753303327.1475325
<- (5) byte, b'YYYYY' Source Port: 31003 Target Port: 40436 Timestamp: 1753303328.154651
-> (0) byte, b'' Source Port: 31003 Target Port: 40436 Timestamp: 1753303328.1599562
Connection closed from (apparently) out

Client:
Mode 4 - start experiment
Received 1st 5 byte: b'XXXXX'
Received 2nd 5 byte: b'YYYYY'
Connection closed

Server:
sent 5 byte of X
sent 5 byte of Y
Completed iteration 10 for mode 4 with msg size 5 at 20250723-204202
----------------------------------------
Starting iteration 11 for mode 4 with msg size 5 at 20250723-204210
Results extracted:
Name: Start test ./logs/mode4_size5.log --mode 4 --send-size 5 
	Frames: 199
	Client got: 22 over 4 messages,  sent 13
	Server got: 0, over 0 messages, sent 10
	Terminated by FIN: CLIENT -> CLIENTPROXYMITM


clientProxyMITM:
Starting MITM: 31000 -> 31001
Received connection: <socket.socket fd=4, family=AddressFamily.AF_INET, type=SocketKind.SOCK_STREAM, proto=0, laddr=('127.0.0.1', 31000), raddr=('127.0.0.1', 40038)>
Connected to: 127.0.0.1, 31001 using ephemeral port 48356
-> (3) byte, b'\x05\x01\x00' Source Port: 31000 Target Port: 48356 Timestamp: 1753303334.3657932
<- (2) byte, b'\x05\x00' Source Port: 31000 Target Port: 48356 Timestamp: 1753303334.3661323
-> (4) byte, b'\x05\x01\x00\x01' Source Port: 31000 Target Port: 48356 Timestamp: 1753303334.3663237
-> (6) byte, b'\x7f\x00\x00\x01y\x1b' Source Port: 31000 Target Port: 48356 Timestamp: 1753303334.409742
<- (10) byte, b'\x05\x00\x00\x01\x00\x00\x00\x00\x00\x00' Source Port: 31000 Target Port: 48356 Timestamp: 1753303334.4099243
<- (5) byte, b'XXXXX' Source Port: 31000 Target Port: 48356 Timestamp: 1753303334.4650836
<- (5) byte, b'YYYYY' Source Port: 31000 Target Port: 48356 Timestamp: 1753303335.4758954
-> (0) byte, b'' Source Port: 31000 Target Port: 48356 Timestamp: 1753303335.47692
Connection closed from (apparently) out

mainMITM:
Starting MITM: 31002 -> 10086
Received connection: <socket.socket fd=4, family=AddressFamily.AF_INET, type=SocketKind.SOCK_STREAM, proto=0, laddr=('127.0.0.1', 31002), raddr=('127.0.0.1', 39718)>
Connected to: 127.0.0.1, 10086 using ephemeral port 42874
-> (73) byte, b'\xa44\xce\x97D\xa8v\x0bf3\x15\x1fF\x91\x07\x9f\xe2;\x97Y\xac\x96\x1fp\x12\\&b\xcc\xc7y\xee\x9f\xb0\xf7\xb1"\x04\x1a4\xec\x80H\xc8i\x0c5\xbc@\xeb\x8fk\xcaJ{\x97\x9aSEJc\xb6\xf9\xcf2\xa5\x82B\xe0v\xe6\xdaf' Source Port: 31002 Target Port: 42874 Timestamp: 1753303334.4627738
<- (71) byte, b'\xe5\x8d\xdd\xf8\xd1_Q+\xa98\x81aH\xf4\x1f\xc9X\xa3\x86):U\xc440\xbfkI"\x9d\x94\\.\xe8\xc5\xdb\xea\xb9\xdf\xf7-4\xa7\xf1\xfbQ\x14hXt\xf5r\x8e\xec\x83\xec\x12\x97\x01\xca\x11\x1a\x87\xcf\xbf\xa9\x85\xff\x90\xc2f' Source Port: 31002 Target Port: 42874 Timestamp: 1753303334.4647818
<- (39) byte, b"y\x9a\x91'q\x15\x8dh4Y\x9f\xf8wi\xce\xb8\xf1\x7f\x88\x96P\xc2\x0e\xc2\xf8\x96hsg\x8b\xba\xf60ISW\xf5\x83\x01" Source Port: 31002 Target Port: 42874 Timestamp: 1753303335.475299
-> (0) byte, b'' Source Port: 31002 Target Port: 42874 Timestamp: 1753303335.478449
Connection closed from (apparently) out

serverProxyMITM:
Starting MITM: 31003 -> 31004
Received connection: <socket.socket fd=4, family=AddressFamily.AF_INET, type=SocketKind.SOCK_STREAM, proto=0, laddr=('127.0.0.1', 31003), raddr=('127.0.0.1', 38558)>
Connected to: 127.0.0.1, 31004 using ephemeral port 46924
<- (5) byte, b'XXXXX' Source Port: 31003 Target Port: 46924 Timestamp: 1753303334.4643655
<- (5) byte, b'YYYYY' Source Port: 31003 Target Port: 46924 Timestamp: 1753303335.4744902
-> (0) byte, b'' Source Port: 31003 Target Port: 46924 Timestamp: 1753303335.4791753
Connection closed from (apparently) out

Client:
Mode 4 - start experiment
Received 1st 5 byte: b'XXXXX'
Received 2nd 5 byte: b'YYYYY'
Connection closed

Server:
sent 5 byte of X
sent 5 byte of Y
Completed iteration 11 for mode 4 with msg size 5 at 20250723-204210
----------------------------------------
Starting iteration 12 for mode 4 with msg size 5 at 20250723-204217
Results extracted:
Name: Start test ./logs/mode4_size5.log --mode 4 --send-size 5 
	Frames: 195
	Client got: 22 over 4 messages,  sent 13
	Server got: 0, over 0 messages, sent 10
	Terminated by FIN: CLIENT -> CLIENTPROXYMITM


clientProxyMITM:
Starting MITM: 31000 -> 31001
Received connection: <socket.socket fd=4, family=AddressFamily.AF_INET, type=SocketKind.SOCK_STREAM, proto=0, laddr=('127.0.0.1', 31000), raddr=('127.0.0.1', 43726)>
Connected to: 127.0.0.1, 31001 using ephemeral port 57240
-> (3) byte, b'\x05\x01\x00' Source Port: 31000 Target Port: 57240 Timestamp: 1753303341.723277
<- (2) byte, b'\x05\x00' Source Port: 31000 Target Port: 57240 Timestamp: 1753303341.7235785
-> (4) byte, b'\x05\x01\x00\x01' Source Port: 31000 Target Port: 57240 Timestamp: 1753303341.7238135
-> (6) byte, b'\x7f\x00\x00\x01y\x1b' Source Port: 31000 Target Port: 57240 Timestamp: 1753303341.7672188
<- (10) byte, b'\x05\x00\x00\x01\x00\x00\x00\x00\x00\x00' Source Port: 31000 Target Port: 57240 Timestamp: 1753303341.7675648
<- (5) byte, b'XXXXX' Source Port: 31000 Target Port: 57240 Timestamp: 1753303341.8235376
<- (5) byte, b'YYYYY' Source Port: 31000 Target Port: 57240 Timestamp: 1753303342.832998
-> (0) byte, b'' Source Port: 31000 Target Port: 57240 Timestamp: 1753303342.8340132
Connection closed from (apparently) out

mainMITM:
Starting MITM: 31002 -> 10086
Received connection: <socket.socket fd=4, family=AddressFamily.AF_INET, type=SocketKind.SOCK_STREAM, proto=0, laddr=('127.0.0.1', 31002), raddr=('127.0.0.1', 55770)>
Connected to: 127.0.0.1, 10086 using ephemeral port 40248
-> (73) byte, b'\xad\xb9\x15\xd1\xc7=~2\x02u\x9c\x08\x84\x9c-\xf1dFh\xc3\xb7\xe1\xe9\xa5\xe3R\x0f9\x11jn\x98\xb3\xa5d\xfe\x13\xb4\x08\x8f\xc9]I\xff\x93\xfej\xb2\xaa\xc4\x01\x86\xc0\x85\xb4\xf3\xe5\x01\xa4r\x04k\xf2\x8b\xbeB\xec\x83\xcf\x0bw y' Source Port: 31002 Target Port: 40248 Timestamp: 1753303341.8196232
<- (71) byte, b'z\x8dE\x1d\x93\x06\x1d3\x8c)\xb8\xfa\xe0!\xd0\xf5x\x88\x7fz\x8d\x85\xf0Z\n<\xc9\xbe\x15\xb8\x18\xfc\xe0\x1f`X/p\xf5\xb2\x80;\x80u_\xd9\x0c\x00\x8c\x92\x9a-\xc38Xa\xfb%s\\3((k\xf7O\xf0w\x1d\xd1$' Source Port: 31002 Target Port: 40248 Timestamp: 1753303341.8229742
<- (39) byte, b'\x13\xd6t\xfbS-iu|\xd4\xed\xd2\xf3\xd8o\x964\x03\x95\x9a\xa6N\x8d\xb9\xc15\x08 \x04\x18\xf5\xc29u\x07\xd2\xb0p\xf7' Source Port: 31002 Target Port: 40248 Timestamp: 1753303342.8323674
-> (0) byte, b'' Source Port: 31002 Target Port: 40248 Timestamp: 1753303342.835375
Connection closed from (apparently) out

serverProxyMITM:
Starting MITM: 31003 -> 31004
Received connection: <socket.socket fd=4, family=AddressFamily.AF_INET, type=SocketKind.SOCK_STREAM, proto=0, laddr=('127.0.0.1', 31003), raddr=('127.0.0.1', 34172)>
Connected to: 127.0.0.1, 31004 using ephemeral port 50624
<- (5) byte, b'XXXXX' Source Port: 31003 Target Port: 50624 Timestamp: 1753303341.8224366
<- (5) byte, b'YYYYY' Source Port: 31003 Target Port: 50624 Timestamp: 1753303342.8317013
-> (0) byte, b'' Source Port: 31003 Target Port: 50624 Timestamp: 1753303342.8373742
Connection closed from (apparently) out

Client:
Mode 4 - start experiment
Received 1st 5 byte: b'XXXXX'
Received 2nd 5 byte: b'YYYYY'
Connection closed

Server:
sent 5 byte of X
sent 5 byte of Y
Completed iteration 12 for mode 4 with msg size 5 at 20250723-204217
----------------------------------------
Starting iteration 13 for mode 4 with msg size 5 at 20250723-204224
Results extracted:
Name: Start test ./logs/mode4_size5.log --mode 4 --send-size 5 
	Frames: 203
	Client got: 22 over 4 messages,  sent 13
	Server got: 0, over 0 messages, sent 10
	Terminated by FIN: CLIENT -> CLIENTPROXYMITM


clientProxyMITM:
Starting MITM: 31000 -> 31001
Received connection: <socket.socket fd=4, family=AddressFamily.AF_INET, type=SocketKind.SOCK_STREAM, proto=0, laddr=('127.0.0.1', 31000), raddr=('127.0.0.1', 49226)>
Connected to: 127.0.0.1, 31001 using ephemeral port 50898
-> (3) byte, b'\x05\x01\x00' Source Port: 31000 Target Port: 50898 Timestamp: 1753303349.045244
<- (2) byte, b'\x05\x00' Source Port: 31000 Target Port: 50898 Timestamp: 1753303349.045513
-> (4) byte, b'\x05\x01\x00\x01' Source Port: 31000 Target Port: 50898 Timestamp: 1753303349.0457904
-> (6) byte, b'\x7f\x00\x00\x01y\x1b' Source Port: 31000 Target Port: 50898 Timestamp: 1753303349.0948448
<- (10) byte, b'\x05\x00\x00\x01\x00\x00\x00\x00\x00\x00' Source Port: 31000 Target Port: 50898 Timestamp: 1753303349.095382
<- (5) byte, b'XXXXX' Source Port: 31000 Target Port: 50898 Timestamp: 1753303349.1498702
<- (5) byte, b'YYYYY' Source Port: 31000 Target Port: 50898 Timestamp: 1753303350.155684
-> (0) byte, b'' Source Port: 31000 Target Port: 50898 Timestamp: 1753303350.1565042
Connection closed from (apparently) out

mainMITM:
Starting MITM: 31002 -> 10086
Received connection: <socket.socket fd=4, family=AddressFamily.AF_INET, type=SocketKind.SOCK_STREAM, proto=0, laddr=('127.0.0.1', 31002), raddr=('127.0.0.1', 48564)>
Connected to: 127.0.0.1, 10086 using ephemeral port 48530
-> (73) byte, b'\xed\xb4=}\xac\xbd\xd6\x87\xd1J\xc9T\tQ\xbdm\x9b<98\x88t\xf4\xefi\xb1\x17\xc0Q$\xee\xdc\xb0X7\xc6%\x92,\xc7;)\x82h-\xd0\x1a\xa9\x0bhT\x1c6\xfd\xf8\x85n\xe9\x94E\x99\xc6\x9d\xe1\x16Z\xe3c J\xb4(I' Source Port: 31002 Target Port: 48530 Timestamp: 1753303349.1466494
<- (71) byte, b"[^\xb8O\xd3\x16(\xca$v*WZ\x1e\xb4\xf3\xeeVcj,)_W\xf5Ay\xdf\xc1wo\xa3*M\xc7\xff\xc6\xbe@\xa6\xa7\x81\x96\x0c&\x8e\xbf\xe5E\xd2*\xa0n\xbeN]}#\xdc'\n\xa2\x9f\xde\xd6\xb0\xc6Z\x99n\xac" Source Port: 31002 Target Port: 48530 Timestamp: 1753303349.1495059
<- (39) byte, b"'{\x95\xc2\xf41r\xb0\xae\x82\xa6\xc3y\x99\xabL\xa0!\x0c\x94\xda\\C\x9b\x16\xb2H\x84\x03Kd\xaf|\x80\xcaL\xf3jh" Source Port: 31002 Target Port: 48530 Timestamp: 1753303350.1552274
-> (0) byte, b'' Source Port: 31002 Target Port: 48530 Timestamp: 1753303350.157312
Connection closed from (apparently) out

serverProxyMITM:
Starting MITM: 31003 -> 31004
Received connection: <socket.socket fd=4, family=AddressFamily.AF_INET, type=SocketKind.SOCK_STREAM, proto=0, laddr=('127.0.0.1', 31003), raddr=('127.0.0.1', 60390)>
Connected to: 127.0.0.1, 31004 using ephemeral port 40718
<- (5) byte, b'XXXXX' Source Port: 31003 Target Port: 40718 Timestamp: 1753303349.1487644
<- (5) byte, b'YYYYY' Source Port: 31003 Target Port: 40718 Timestamp: 1753303350.1547174
-> (0) byte, b'' Source Port: 31003 Target Port: 40718 Timestamp: 1753303350.1586344
Connection closed from (apparently) out

Client:
Mode 4 - start experiment
Received 1st 5 byte: b'XXXXX'
Received 2nd 5 byte: b'YYYYY'
Connection closed

Server:
sent 5 byte of X
sent 5 byte of Y
Completed iteration 13 for mode 4 with msg size 5 at 20250723-204224
----------------------------------------
Starting iteration 14 for mode 4 with msg size 5 at 20250723-204232
Results extracted:
Name: Start test ./logs/mode4_size5.log --mode 4 --send-size 5 
	Frames: 188
	Client got: 22 over 4 messages,  sent 13
	Server got: 0, over 0 messages, sent 10
	Terminated by FIN: CLIENT -> CLIENTPROXYMITM


clientProxyMITM:
Starting MITM: 31000 -> 31001
Received connection: <socket.socket fd=4, family=AddressFamily.AF_INET, type=SocketKind.SOCK_STREAM, proto=0, laddr=('127.0.0.1', 31000), raddr=('127.0.0.1', 49232)>
Connected to: 127.0.0.1, 31001 using ephemeral port 50910
-> (3) byte, b'\x05\x01\x00' Source Port: 31000 Target Port: 50910 Timestamp: 1753303356.4042082
<- (2) byte, b'\x05\x00' Source Port: 31000 Target Port: 50910 Timestamp: 1753303356.404494
-> (4) byte, b'\x05\x01\x00\x01' Source Port: 31000 Target Port: 50910 Timestamp: 1753303356.4047787
-> (6) byte, b'\x7f\x00\x00\x01y\x1b' Source Port: 31000 Target Port: 50910 Timestamp: 1753303356.4548657
<- (10) byte, b'\x05\x00\x00\x01\x00\x00\x00\x00\x00\x00' Source Port: 31000 Target Port: 50910 Timestamp: 1753303356.4552946
<- (5) byte, b'XXXXX' Source Port: 31000 Target Port: 50910 Timestamp: 1753303356.512625
<- (5) byte, b'YYYYY' Source Port: 31000 Target Port: 50910 Timestamp: 1753303357.5185063
-> (0) byte, b'' Source Port: 31000 Target Port: 50910 Timestamp: 1753303357.5196133
Connection closed from (apparently) out

mainMITM:
Starting MITM: 31002 -> 10086
Received connection: <socket.socket fd=4, family=AddressFamily.AF_INET, type=SocketKind.SOCK_STREAM, proto=0, laddr=('127.0.0.1', 31002), raddr=('127.0.0.1', 48566)>
Connected to: 127.0.0.1, 10086 using ephemeral port 48546
-> (73) byte, b'O*\x9f\\nxD\xf7\xee\xa1\xc0[\xcc\xbe\xc1^\xa6 \x9aF\x9b\xc6V\xa2B\xdb\x8a\xacTQ\x80\xf7=\xf5+\xcb\x16\xa8\xf7[,%\xdd~\x13\x8c`7\xd4ua\xef\xa2\x96\xe8\x1d\xf7#\x00\xe4\xfe\x94W\x15t\x06\x9e\xaa\xf5\x86c\x1a\x14' Source Port: 31002 Target Port: 48546 Timestamp: 1753303356.5084946
<- (71) byte, b'\x89\xbd\xa7\x1cc[Y*j\xec\x93\x83\xf8vj\xd1\xf2\xefjQ\rg\xa50\x1dJ\xe3\x89\x8a\xda0\xb18\xe8\xa4\xf9a\xa63\xfe\xd3\xef\xb3\xfe%uW\x13\xb7\x97Hy\x9am\xf2\xb2\xca)J\xde|\xb2\xb7D\x1f\xefL\xea}\xc86' Source Port: 31002 Target Port: 48546 Timestamp: 1753303356.5122933
<- (39) byte, b'\x93^g\xda\x04\xc2\xa5\xe1`\x93\x8f\x05\xb0\xc9\x93\xfao;7\xe7[\xaav7f\xc7\xdd\x8c\x9d\x83\xcf\x1b\xc7\x16\xc9%\xde\xc3o' Source Port: 31002 Target Port: 48546 Timestamp: 1753303357.5178542
-> (0) byte, b'' Source Port: 31002 Target Port: 48546 Timestamp: 1753303357.5217505
Connection closed from (apparently) out

serverProxyMITM:
Starting MITM: 31003 -> 31004
Received connection: <socket.socket fd=4, family=AddressFamily.AF_INET, type=SocketKind.SOCK_STREAM, proto=0, laddr=('127.0.0.1', 31003), raddr=('127.0.0.1', 60406)>
Connected to: 127.0.0.1, 31004 using ephemeral port 40724
<- (5) byte, b'XXXXX' Source Port: 31003 Target Port: 40724 Timestamp: 1753303356.5116355
<- (5) byte, b'YYYYY' Source Port: 31003 Target Port: 40724 Timestamp: 1753303357.5172246
-> (0) byte, b'' Source Port: 31003 Target Port: 40724 Timestamp: 1753303357.5229363
Connection closed from (apparently) out

Client:
Mode 4 - start experiment
Received 1st 5 byte: b'XXXXX'
Received 2nd 5 byte: b'YYYYY'
Connection closed

Server:
sent 5 byte of X
sent 5 byte of Y
Completed iteration 14 for mode 4 with msg size 5 at 20250723-204232
----------------------------------------
Starting iteration 15 for mode 4 with msg size 5 at 20250723-204239
Results extracted:
Name: Start test ./logs/mode4_size5.log --mode 4 --send-size 5 
	Frames: 206
	Client got: 22 over 4 messages,  sent 13
	Server got: 0, over 0 messages, sent 10
	Terminated by FIN: CLIENT -> CLIENTPROXYMITM


clientProxyMITM:
Starting MITM: 31000 -> 31001
Received connection: <socket.socket fd=4, family=AddressFamily.AF_INET, type=SocketKind.SOCK_STREAM, proto=0, laddr=('127.0.0.1', 31000), raddr=('127.0.0.1', 34462)>
Connected to: 127.0.0.1, 31001 using ephemeral port 47678
-> (3) byte, b'\x05\x01\x00' Source Port: 31000 Target Port: 47678 Timestamp: 1753303363.7514687
<- (2) byte, b'\x05\x00' Source Port: 31000 Target Port: 47678 Timestamp: 1753303363.7516458
-> (4) byte, b'\x05\x01\x00\x01' Source Port: 31000 Target Port: 47678 Timestamp: 1753303363.7518897
-> (6) byte, b'\x7f\x00\x00\x01y\x1b' Source Port: 31000 Target Port: 47678 Timestamp: 1753303363.8013508
<- (10) byte, b'\x05\x00\x00\x01\x00\x00\x00\x00\x00\x00' Source Port: 31000 Target Port: 47678 Timestamp: 1753303363.801757
<- (5) byte, b'XXXXX' Source Port: 31000 Target Port: 47678 Timestamp: 1753303363.8568747
<- (5) byte, b'YYYYY' Source Port: 31000 Target Port: 47678 Timestamp: 1753303364.8658614
-> (0) byte, b'' Source Port: 31000 Target Port: 47678 Timestamp: 1753303364.8669517
Connection closed from (apparently) out

mainMITM:
Starting MITM: 31002 -> 10086
Received connection: <socket.socket fd=4, family=AddressFamily.AF_INET, type=SocketKind.SOCK_STREAM, proto=0, laddr=('127.0.0.1', 31002), raddr=('127.0.0.1', 47978)>
Connected to: 127.0.0.1, 10086 using ephemeral port 58608
-> (73) byte, b"\xca\x8f,\xf7\xb3\x05\x1a\x1c-\xac\xa1\xe6\xee\xce\x082\x98\xabw\xcb\xc6\x04\xa0\xa3\xfd\xce\xda\x98\xcc5\x11d\x12K\xad\xe9D\xceD'\xa6\xd8\x0c\xcf\x0e5\xcd\xe5!L\x9b\xf06\xde\x9d\xcc\xd2\xe2\xb2\x9fR\xaa\xdf\xc1\x1a\x91(\xd0\xbd>\xcc\xfe\xe7" Source Port: 31002 Target Port: 58608 Timestamp: 1753303363.8545628
<- (71) byte, b'\xc9\x19-G\xe3e\xd7\x0e\x07%\x9b9\xf5\x1b\x1b\xdaR\xe86H\xd0\x87\xe5|#&\xa2\xe0\xb5\xba\xa9\x17l\n\xf1h\xe9g\x02}\xd90SM\xd2\x18\xf0[\xb0\tC\xee\xad\xb2\xe5\xdc\x16\xe8\x18\xd0\x81r\xaaD\xd2\xf2\x196\xe8\xe67' Source Port: 31002 Target Port: 58608 Timestamp: 1753303363.856623
<- (39) byte, b'\xb11\xe5\xff\xcc\xdd\xb8\xdd\xa1 \x91\xdf\xf4l\xa9\xdf\xaf\xa1I\xe95\xc1\xf4\x1asb$\xcc6\x04\xba\x13\xc7:\x8e)_\\\xa3' Source Port: 31002 Target Port: 58608 Timestamp: 1753303364.8651698
-> (0) byte, b'' Source Port: 31002 Target Port: 58608 Timestamp: 1753303364.8694484
Connection closed from (apparently) out

serverProxyMITM:
Starting MITM: 31003 -> 31004
Received connection: <socket.socket fd=4, family=AddressFamily.AF_INET, type=SocketKind.SOCK_STREAM, proto=0, laddr=('127.0.0.1', 31003), raddr=('127.0.0.1', 33382)>
Connected to: 127.0.0.1, 31004 using ephemeral port 51712
<- (5) byte, b'XXXXX' Source Port: 31003 Target Port: 51712 Timestamp: 1753303363.8562076
<- (5) byte, b'YYYYY' Source Port: 31003 Target Port: 51712 Timestamp: 1753303364.864258
-> (0) byte, b'' Source Port: 31003 Target Port: 51712 Timestamp: 1753303364.870562
Connection closed from (apparently) out

Client:
Mode 4 - start experiment
Received 1st 5 byte: b'XXXXX'
Received 2nd 5 byte: b'YYYYY'
Connection closed

Server:
sent 5 byte of X
sent 5 byte of Y
Completed iteration 15 for mode 4 with msg size 5 at 20250723-204239
----------------------------------------
Starting iteration 16 for mode 4 with msg size 5 at 20250723-204247
Results extracted:
Name: Start test ./logs/mode4_size5.log --mode 4 --send-size 5 
	Frames: 187
	Client got: 22 over 4 messages,  sent 13
	Server got: 0, over 0 messages, sent 10
	Terminated by FIN: CLIENT -> CLIENTPROXYMITM


clientProxyMITM:
Starting MITM: 31000 -> 31001
Received connection: <socket.socket fd=4, family=AddressFamily.AF_INET, type=SocketKind.SOCK_STREAM, proto=0, laddr=('127.0.0.1', 31000), raddr=('127.0.0.1', 49488)>
Connected to: 127.0.0.1, 31001 using ephemeral port 60666
-> (3) byte, b'\x05\x01\x00' Source Port: 31000 Target Port: 60666 Timestamp: 1753303371.1136048
<- (2) byte, b'\x05\x00' Source Port: 31000 Target Port: 60666 Timestamp: 1753303371.1139219
-> (4) byte, b'\x05\x01\x00\x01' Source Port: 31000 Target Port: 60666 Timestamp: 1753303371.1142464
-> (6) byte, b'\x7f\x00\x00\x01y\x1b' Source Port: 31000 Target Port: 60666 Timestamp: 1753303371.164902
<- (10) byte, b'\x05\x00\x00\x01\x00\x00\x00\x00\x00\x00' Source Port: 31000 Target Port: 60666 Timestamp: 1753303371.1651695
<- (5) byte, b'XXXXX' Source Port: 31000 Target Port: 60666 Timestamp: 1753303371.222319
<- (5) byte, b'YYYYY' Source Port: 31000 Target Port: 60666 Timestamp: 1753303372.22677
-> (0) byte, b'' Source Port: 31000 Target Port: 60666 Timestamp: 1753303372.228462
Connection closed from (apparently) out

mainMITM:
Starting MITM: 31002 -> 10086
Received connection: <socket.socket fd=4, family=AddressFamily.AF_INET, type=SocketKind.SOCK_STREAM, proto=0, laddr=('127.0.0.1', 31002), raddr=('127.0.0.1', 48378)>
Connected to: 127.0.0.1, 10086 using ephemeral port 39392
-> (73) byte, b'\xd0J\xd1\xe9)\xa6\xbd\xa7\xadK\xbb\x82\x15>J\xe0\xf4oQ\x93\x19\xd5ci\xb0\x00K\x03\xe3\xb3,\x05\xba\x96P\xb2\x9f\xa7\x02\xb4\xea\xd9\xf2Z\x80\xea\x10l\xcf\xb4a)8\xeb]rFd$\xcaJ\xd1\x88\xfdk\xd8\x8e\xb41\xf7\xe5\x1e4' Source Port: 31002 Target Port: 39392 Timestamp: 1753303371.2186165
<- (71) byte, b'\xae\xefy\x18\x8c\x8c\xac\x14.#\x86\xd4:e\xd0\x99\x90\xb2\x1cf\xcf\xcb\x80\x04\x1e\'u\x95"PD\x86G\x0f`\xa6\x01w\r\xddR\xe3\xf8\xf9-V~\x86{+ .\xe6&\x0f\\V\xfe\x7f\xe9\x01\x93\xb2\n\x8a\x93[\x83\xa1=\x0b' Source Port: 31002 Target Port: 39392 Timestamp: 1753303371.2217193
<- (39) byte, b'\x9c\xe4x \xdd3\x17lA\x93"KbJ\xd0\xfd:\xa4LUQ\xb1\xb3\xb0O\x01\x95V=&E\xa15.H7\xba\xd6\xb7' Source Port: 31002 Target Port: 39392 Timestamp: 1753303372.2256353
-> (0) byte, b'' Source Port: 31002 Target Port: 39392 Timestamp: 1753303372.2295928
Connection closed from (apparently) out

serverProxyMITM:
Starting MITM: 31003 -> 31004
Received connection: <socket.socket fd=4, family=AddressFamily.AF_INET, type=SocketKind.SOCK_STREAM, proto=0, laddr=('127.0.0.1', 31003), raddr=('127.0.0.1', 55266)>
Connected to: 127.0.0.1, 31004 using ephemeral port 51772
<- (5) byte, b'XXXXX' Source Port: 31003 Target Port: 51772 Timestamp: 1753303371.2212338
<- (5) byte, b'YYYYY' Source Port: 31003 Target Port: 51772 Timestamp: 1753303372.2228673
-> (0) byte, b'' Source Port: 31003 Target Port: 51772 Timestamp: 1753303372.2307239
Connection closed from (apparently) out

Client:
Mode 4 - start experiment
Received 1st 5 byte: b'XXXXX'
Received 2nd 5 byte: b'YYYYY'
Connection closed

Server:
sent 5 byte of X
sent 5 byte of Y
Completed iteration 16 for mode 4 with msg size 5 at 20250723-204247
----------------------------------------
Starting iteration 17 for mode 4 with msg size 5 at 20250723-204254
Results extracted:
Name: Start test ./logs/mode4_size5.log --mode 4 --send-size 5 
	Frames: 189
	Client got: 22 over 4 messages,  sent 13
	Server got: 0, over 0 messages, sent 10
	Terminated by FIN: CLIENT -> CLIENTPROXYMITM


clientProxyMITM:
Starting MITM: 31000 -> 31001
Received connection: <socket.socket fd=4, family=AddressFamily.AF_INET, type=SocketKind.SOCK_STREAM, proto=0, laddr=('127.0.0.1', 31000), raddr=('127.0.0.1', 35100)>
Connected to: 127.0.0.1, 31001 using ephemeral port 60108
-> (3) byte, b'\x05\x01\x00' Source Port: 31000 Target Port: 60108 Timestamp: 1753303378.4488049
<- (2) byte, b'\x05\x00' Source Port: 31000 Target Port: 60108 Timestamp: 1753303378.4491513
-> (4) byte, b'\x05\x01\x00\x01' Source Port: 31000 Target Port: 60108 Timestamp: 1753303378.4495587
-> (6) byte, b'\x7f\x00\x00\x01y\x1b' Source Port: 31000 Target Port: 60108 Timestamp: 1753303378.4935563
<- (10) byte, b'\x05\x00\x00\x01\x00\x00\x00\x00\x00\x00' Source Port: 31000 Target Port: 60108 Timestamp: 1753303378.493953
<- (5) byte, b'XXXXX' Source Port: 31000 Target Port: 60108 Timestamp: 1753303378.552715
<- (5) byte, b'YYYYY' Source Port: 31000 Target Port: 60108 Timestamp: 1753303379.5555706
-> (0) byte, b'' Source Port: 31000 Target Port: 60108 Timestamp: 1753303379.5565934
Connection closed from (apparently) out

mainMITM:
Starting MITM: 31002 -> 10086
Received connection: <socket.socket fd=4, family=AddressFamily.AF_INET, type=SocketKind.SOCK_STREAM, proto=0, laddr=('127.0.0.1', 31002), raddr=('127.0.0.1', 57914)>
Connected to: 127.0.0.1, 10086 using ephemeral port 56300
-> (73) byte, b'\xbc&\xc7{\x0c\xe0\\.\x16#"J5\tE\xc0\xec\xfe{h\tOSU\xac\x99\xf5K\xcf\x1d\x98\x9c\xb1\xd2\xbcCh}\x95lA\x81\xb9]\xa2N\xac\xc6\xe8.\xfcg\xca\xbd\xfc\xbeK_uC\x12\x9b\xd3\x97\'3\xdc\x07\xcd\xfbgg\x80' Source Port: 31002 Target Port: 56300 Timestamp: 1753303378.5494223
<- (71) byte, b'%\x08v\x1ar#\xed*\x80\x84\xbc\xf6\xae\x0c+n\xcd\xc5\x93Q\x91P\xa7\n\xf5k\xcd\xae\xc0\xe6EwDo\xcfv\x7f\r\x11\xe1\x85\xaf\xac\xd0\xd9zk\xb5\xec\x9f\x166\xfa4~\xc3\xb5?\xf5B\x17\x82\x03\x9f\x10\x84\x03\x10\xb1\x19v' Source Port: 31002 Target Port: 56300 Timestamp: 1753303378.5523832
<- (39) byte, b'\xf1\xcf\x83\x97\xc85w6\x9d\x83"\x12\x0eb\x1d\xf9(\x99P\x13\x12WR\xc6\x86\xd8l<\xb7Z\xc8\xd38\xce\xf6\x1b\x98\xea\xb0' Source Port: 31002 Target Port: 56300 Timestamp: 1753303379.5548167
-> (0) byte, b'' Source Port: 31002 Target Port: 56300 Timestamp: 1753303379.5577092
Connection closed from (apparently) out

serverProxyMITM:
Starting MITM: 31003 -> 31004
Received connection: <socket.socket fd=4, family=AddressFamily.AF_INET, type=SocketKind.SOCK_STREAM, proto=0, laddr=('127.0.0.1', 31003), raddr=('127.0.0.1', 40176)>
Connected to: 127.0.0.1, 31004 using ephemeral port 40000
<- (5) byte, b'XXXXX' Source Port: 31003 Target Port: 40000 Timestamp: 1753303378.5517533
<- (5) byte, b'YYYYY' Source Port: 31003 Target Port: 40000 Timestamp: 1753303379.553605
-> (0) byte, b'' Source Port: 31003 Target Port: 40000 Timestamp: 1753303379.559954
Connection closed from (apparently) out

Client:
Mode 4 - start experiment
Received 1st 5 byte: b'XXXXX'
Received 2nd 5 byte: b'YYYYY'
Connection closed

Server:
sent 5 byte of X
sent 5 byte of Y
Completed iteration 17 for mode 4 with msg size 5 at 20250723-204254
----------------------------------------
Starting iteration 18 for mode 4 with msg size 5 at 20250723-204301
Results extracted:
Name: Start test ./logs/mode4_size5.log --mode 4 --send-size 5 
	Frames: 202
	Client got: 22 over 4 messages,  sent 13
	Server got: 0, over 0 messages, sent 10
	Terminated by FIN: CLIENT -> CLIENTPROXYMITM


clientProxyMITM:
Starting MITM: 31000 -> 31001
Received connection: <socket.socket fd=4, family=AddressFamily.AF_INET, type=SocketKind.SOCK_STREAM, proto=0, laddr=('127.0.0.1', 31000), raddr=('127.0.0.1', 35106)>
Connected to: 127.0.0.1, 31001 using ephemeral port 60122
-> (3) byte, b'\x05\x01\x00' Source Port: 31000 Target Port: 60122 Timestamp: 1753303385.8014574
<- (2) byte, b'\x05\x00' Source Port: 31000 Target Port: 60122 Timestamp: 1753303385.8016772
-> (4) byte, b'\x05\x01\x00\x01' Source Port: 31000 Target Port: 60122 Timestamp: 1753303385.8018894
-> (6) byte, b'\x7f\x00\x00\x01y\x1b' Source Port: 31000 Target Port: 60122 Timestamp: 1753303385.8482103
<- (10) byte, b'\x05\x00\x00\x01\x00\x00\x00\x00\x00\x00' Source Port: 31000 Target Port: 60122 Timestamp: 1753303385.8485837
<- (5) byte, b'XXXXX' Source Port: 31000 Target Port: 60122 Timestamp: 1753303385.910512
<- (5) byte, b'YYYYY' Source Port: 31000 Target Port: 60122 Timestamp: 1753303386.9230287
-> (0) byte, b'' Source Port: 31000 Target Port: 60122 Timestamp: 1753303386.9283786
Connection closed from (apparently) out

mainMITM:
Starting MITM: 31002 -> 10086
Received connection: <socket.socket fd=4, family=AddressFamily.AF_INET, type=SocketKind.SOCK_STREAM, proto=0, laddr=('127.0.0.1', 31002), raddr=('127.0.0.1', 57918)>
Connected to: 127.0.0.1, 10086 using ephemeral port 56306
-> (73) byte, b'\xab5\xfc\xab\xbc\xf0;\x00\xfbG\x15\xd7\xcb\x98\xc4R\xce\xe3J\xd59\xb1x\x93\xe8\xfa\x90/\xad\xba\x05O\x00/\x9b\xd4\xfcBf\xc1\xd2\x8ev1\xb3\nT\xa4\xc7z\xcd)|$a\xe9\xcd\xb3\x0fN\x05\x02\xdd\xe01e#\x8dHF\xde\xce}' Source Port: 31002 Target Port: 56306 Timestamp: 1753303385.9062002
<- (71) byte, b'\xd40\xabEX\xcf\x01\x8b\xda\xe2\xd92S\xfc\xb8|P\xdd\xfeU\x7f\xf5\x9b\x84\x1a\xc2\xb1\xd2\x06\x8b\x04\xdc\xb4\xa8rI\xfa\xd1\xb6\xfb\xc3\xbdZ\xab\x95\xb0\x88\x8d\xb0\xa2z\xedvG\rN\xf1W2f#\xe5\x98\xdd\xb3N=\x1f\x17s%' Source Port: 31002 Target Port: 56306 Timestamp: 1753303385.9098916
<- (39) byte, b"\x99\xedy5\x9eQCQ*\xa2\x8b \xcer\xc0\x9d\x05\x8dn\xe3'0\xa8\xca\x85R\x0er\x0b\xf5\xf2_,i\x03;\xdb8M" Source Port: 31002 Target Port: 56306 Timestamp: 1753303386.9206443
-> (0) byte, b'' Source Port: 31002 Target Port: 56306 Timestamp: 1753303386.9313524
Connection closed from (apparently) out

serverProxyMITM:
Starting MITM: 31003 -> 31004
Received connection: <socket.socket fd=4, family=AddressFamily.AF_INET, type=SocketKind.SOCK_STREAM, proto=0, laddr=('127.0.0.1', 31003), raddr=('127.0.0.1', 40192)>
Connected to: 127.0.0.1, 31004 using ephemeral port 40008
<- (5) byte, b'XXXXX' Source Port: 31003 Target Port: 40008 Timestamp: 1753303385.9090044
<- (5) byte, b'YYYYY' Source Port: 31003 Target Port: 40008 Timestamp: 1753303386.91968
-> (0) byte, b'' Source Port: 31003 Target Port: 40008 Timestamp: 1753303386.933479
Connection closed from (apparently) out

Client:
Mode 4 - start experiment
Received 1st 5 byte: b'XXXXX'
Received 2nd 5 byte: b'YYYYY'
Connection closed

Server:
sent 5 byte of X
sent 5 byte of Y
Completed iteration 18 for mode 4 with msg size 5 at 20250723-204301
----------------------------------------
Starting iteration 19 for mode 4 with msg size 5 at 20250723-204309
Results extracted:
Name: Start test ./logs/mode4_size5.log --mode 4 --send-size 5 
	Frames: 192
	Client got: 22 over 4 messages,  sent 13
	Server got: 0, over 0 messages, sent 10
	Terminated by FIN: CLIENT -> CLIENTPROXYMITM


clientProxyMITM:
Starting MITM: 31000 -> 31001
Received connection: <socket.socket fd=4, family=AddressFamily.AF_INET, type=SocketKind.SOCK_STREAM, proto=0, laddr=('127.0.0.1', 31000), raddr=('127.0.0.1', 55292)>
Connected to: 127.0.0.1, 31001 using ephemeral port 39536
-> (3) byte, b'\x05\x01\x00' Source Port: 31000 Target Port: 39536 Timestamp: 1753303393.155297
<- (2) byte, b'\x05\x00' Source Port: 31000 Target Port: 39536 Timestamp: 1753303393.1554892
-> (4) byte, b'\x05\x01\x00\x01' Source Port: 31000 Target Port: 39536 Timestamp: 1753303393.1557395
-> (6) byte, b'\x7f\x00\x00\x01y\x1b' Source Port: 31000 Target Port: 39536 Timestamp: 1753303393.2005415
<- (10) byte, b'\x05\x00\x00\x01\x00\x00\x00\x00\x00\x00' Source Port: 31000 Target Port: 39536 Timestamp: 1753303393.200825
<- (5) byte, b'XXXXX' Source Port: 31000 Target Port: 39536 Timestamp: 1753303393.256821
<- (5) byte, b'YYYYY' Source Port: 31000 Target Port: 39536 Timestamp: 1753303394.2636402
-> (0) byte, b'' Source Port: 31000 Target Port: 39536 Timestamp: 1753303394.2649677
Connection closed from (apparently) out

mainMITM:
Starting MITM: 31002 -> 10086
Received connection: <socket.socket fd=4, family=AddressFamily.AF_INET, type=SocketKind.SOCK_STREAM, proto=0, laddr=('127.0.0.1', 31002), raddr=('127.0.0.1', 54454)>
Connected to: 127.0.0.1, 10086 using ephemeral port 56792
-> (73) byte, b'V\x9f\x16\xc2\xfb\x9b\x95\xdc8\x90+\xba\xdf_;:\x1b\xb1N\x11\x92\xb7\x97\x1cc;\xcb\x0e\x0c\xd5\xb4)1\xccD@\xa5\x13q\x0f1\xde\xca\xb5\xe6\xee\xc0<n5UA\xd6\x98\xab \xf0\x0e_\x8e\x06\xaf\x07Zu\xb8|\xaf\xc5\xed\x83\xa7\xa3' Source Port: 31002 Target Port: 56792 Timestamp: 1753303393.2539425
<- (71) byte, b'4n\x01\xd3\\\xf5JM\xa5\xc3\xab\xac<\xed"\xefb\x15\x9dF\xcd\x91\xf5uC\xf4\x8fu\xaf\xf0+\xbcU\x81O\xe0\x95\xf9*\xfd=\x9b\x8f\xe8\xdfq\xc4\xf0\x8b\xd2\x0e\x07\xc6s6\x18h\xbb\x95\xc8\xde\xc1\xc2\x0c\xb5\x13\xd0)1_\x85' Source Port: 31002 Target Port: 56792 Timestamp: 1753303393.2564554
<- (39) byte, b'\xec\xccN\x830nR\xe4\x12Qz\xcc\t*\xb0\x13U`v\xd1\xd4}\x84\x8du\tsM\x10@\xa8"u\xd5\x897FG\x1f' Source Port: 31002 Target Port: 56792 Timestamp: 1753303394.2627904
-> (0) byte, b'' Source Port: 31002 Target Port: 56792 Timestamp: 1753303394.2664318
Connection closed from (apparently) out

serverProxyMITM:
Starting MITM: 31003 -> 31004
Received connection: <socket.socket fd=4, family=AddressFamily.AF_INET, type=SocketKind.SOCK_STREAM, proto=0, laddr=('127.0.0.1', 31003), raddr=('127.0.0.1', 42938)>
Connected to: 127.0.0.1, 31004 using ephemeral port 48662
<- (5) byte, b'XXXXX' Source Port: 31003 Target Port: 48662 Timestamp: 1753303393.2559114
<- (5) byte, b'YYYYY' Source Port: 31003 Target Port: 48662 Timestamp: 1753303394.2617798
-> (0) byte, b'' Source Port: 31003 Target Port: 48662 Timestamp: 1753303394.2676709
Connection closed from (apparently) out

Client:
Mode 4 - start experiment
Received 1st 5 byte: b'XXXXX'
Received 2nd 5 byte: b'YYYYY'
Connection closed

Server:
sent 5 byte of X
sent 5 byte of Y
Completed iteration 19 for mode 4 with msg size 5 at 20250723-204309
----------------------------------------
Starting iteration 20 for mode 4 with msg size 5 at 20250723-204316
Results extracted:
Name: Start test ./logs/mode4_size5.log --mode 4 --send-size 5 
	Frames: 194
	Client got: 22 over 4 messages,  sent 13
	Server got: 0, over 0 messages, sent 10
	Terminated by FIN: CLIENT -> CLIENTPROXYMITM


clientProxyMITM:
Starting MITM: 31000 -> 31001
Received connection: <socket.socket fd=4, family=AddressFamily.AF_INET, type=SocketKind.SOCK_STREAM, proto=0, laddr=('127.0.0.1', 31000), raddr=('127.0.0.1', 34852)>
Connected to: 127.0.0.1, 31001 using ephemeral port 58622
-> (3) byte, b'\x05\x01\x00' Source Port: 31000 Target Port: 58622 Timestamp: 1753303400.474883
<- (2) byte, b'\x05\x00' Source Port: 31000 Target Port: 58622 Timestamp: 1753303400.4752438
-> (4) byte, b'\x05\x01\x00\x01' Source Port: 31000 Target Port: 58622 Timestamp: 1753303400.4754796
-> (6) byte, b'\x7f\x00\x00\x01y\x1b' Source Port: 31000 Target Port: 58622 Timestamp: 1753303400.5190911
<- (10) byte, b'\x05\x00\x00\x01\x00\x00\x00\x00\x00\x00' Source Port: 31000 Target Port: 58622 Timestamp: 1753303400.5195038
<- (5) byte, b'XXXXX' Source Port: 31000 Target Port: 58622 Timestamp: 1753303400.5746872
<- (5) byte, b'YYYYY' Source Port: 31000 Target Port: 58622 Timestamp: 1753303401.5847585
-> (0) byte, b'' Source Port: 31000 Target Port: 58622 Timestamp: 1753303401.5858142
Connection closed from (apparently) out

mainMITM:
Starting MITM: 31002 -> 10086
Received connection: <socket.socket fd=4, family=AddressFamily.AF_INET, type=SocketKind.SOCK_STREAM, proto=0, laddr=('127.0.0.1', 31002), raddr=('127.0.0.1', 46530)>
Connected to: 127.0.0.1, 10086 using ephemeral port 47798
-> (73) byte, b'\xd1\xfbGR\xfc\xcfW\xc7`\xb7OF\x03q\xb0\xfc\x91\xbb\xbe~\x1ad\xc8\xe4\xc86\xb8H\xd1\x15c\xe7^\xd13\xd4\x9bEZyL\x9aw8j=T\x1d\x89kK\x98D\xd0}\x10UAj\xb6\xd2P\x85\xaf3\x9d\x1c1\xb7\xa0\x06\xde\x99' Source Port: 31002 Target Port: 47798 Timestamp: 1753303400.5708618
<- (71) byte, b"\xd0\x8bV?\xe9\x86\x0c\x82\x98\xd0\xc4\xb0\xbf\xd6\x91:*\x86^\xe9\xa5D?\x1e\xe8\xcc\x00\x88\x10\x1d'\xe2\xda\xe0\xc1g\xc8'\xdc2\xd8?W\xba=\x01\x11\x16\xb4?5K\x91E\xbb\xa2*\x82\x9b\x1c\xfc\x11C\xe9\xd1\x86\xb7v\xdd\xd1\xae" Source Port: 31002 Target Port: 47798 Timestamp: 1753303400.5742915
<- (39) byte, b'\x7fnK[\xea\x1f\xe9\xb4\x8a\xf4U\xc6}\xccQ\xc1\x1b\x9b\x8c\xe6g\xe7\xcb\xd9S\x95\xb1\xdcU\xc5\xd7\xddH*G\x06\xe1\x9by' Source Port: 31002 Target Port: 47798 Timestamp: 1753303401.5838313
-> (0) byte, b'' Source Port: 31002 Target Port: 47798 Timestamp: 1753303401.589502
Connection closed from (apparently) out

serverProxyMITM:
Starting MITM: 31003 -> 31004
Received connection: <socket.socket fd=4, family=AddressFamily.AF_INET, type=SocketKind.SOCK_STREAM, proto=0, laddr=('127.0.0.1', 31003), raddr=('127.0.0.1', 55882)>
Connected to: 127.0.0.1, 31004 using ephemeral port 33870
<- (5) byte, b'XXXXX' Source Port: 31003 Target Port: 33870 Timestamp: 1753303400.5736625
<- (5) byte, b'YYYYY' Source Port: 31003 Target Port: 33870 Timestamp: 1753303401.582817
-> (0) byte, b'' Source Port: 31003 Target Port: 33870 Timestamp: 1753303401.5909216
Connection closed from (apparently) out

Client:
Mode 4 - start experiment
Received 1st 5 byte: b'XXXXX'
Received 2nd 5 byte: b'YYYYY'
Connection closed

Server:
sent 5 byte of X
sent 5 byte of Y
Completed iteration 20 for mode 4 with msg size 5 at 20250723-204316
----------------------------------------
