Starting iteration 1 for mode 2 with msg size 5 at 20250723-202207
Results extracted:
Name: Start test ./logs/mode2_size5.log --mode 2 --send-size 5 
	Frames: 163
	Client got: 17 over 3 messages,  sent 18
	Server got: 5, over 1 messages, sent 5
	Terminated by FIN: CLIENT -> CLIENTPROXYMITM


clientProxyMITM:
Starting MITM: 31000 -> 31001
Received connection: <socket.socket fd=4, family=AddressFamily.AF_INET, type=SocketKind.SOCK_STREAM, proto=0, laddr=('127.0.0.1', 31000), raddr=('127.0.0.1', 42804)>
Connected to: 127.0.0.1, 31001 using ephemeral port 32910
-> (3) byte, b'\x05\x01\x00' Source Port: 31000 Target Port: 32910 Timestamp: 1753302131.895633
<- (2) byte, b'\x05\x00' Source Port: 31000 Target Port: 32910 Timestamp: 1753302131.8957973
-> (4) byte, b'\x05\x01\x00\x01' Source Port: 31000 Target Port: 32910 Timestamp: 1753302131.8959658
-> (6) byte, b'\x7f\x00\x00\x01y\x1b' Source Port: 31000 Target Port: 32910 Timestamp: 1753302131.9412808
<- (10) byte, b'\x05\x00\x00\x01\x00\x00\x00\x00\x00\x00' Source Port: 31000 Target Port: 32910 Timestamp: 1753302131.9415896
-> (5) byte, b'AAAAA' Source Port: 31000 Target Port: 32910 Timestamp: 1753302131.9421635
<- (5) byte, b'YYYYY' Source Port: 31000 Target Port: 32910 Timestamp: 1753302131.9455678
-> (0) byte, b'' Source Port: 31000 Target Port: 32910 Timestamp: 1753302131.9458952
Connection closed from (apparently) out

mainMITM:
Starting MITM: 31002 -> 10086
Received connection: <socket.socket fd=4, family=AddressFamily.AF_INET, type=SocketKind.SOCK_STREAM, proto=0, laddr=('127.0.0.1', 31002), raddr=('127.0.0.1', 42418)>
Connected to: 127.0.0.1, 10086 using ephemeral port 54352
-> (112) byte, b"\x82\xad\x8c\x15\x98\xf0|\xe9&\x0f%f\xe5'\xfe\x1b\x9e\xb9\xff\xa7\xdeK\xfc\x91\xb9\x94P\x07|O\xbe\x0b%\x9d\x87q_\x91\xe7|M<\xad\x81p0}\xe6\xa15Dv\xc1\xefi\x11>\x97L\xf9.H\xf6\xa1\xce*\xcd\x83\x94\x95a'\x89\x14\xe7-n\xe11\xda\x91\xd7l\x96\x9f$\x11/\xdf4)\x8b\x83\x00\x9d5.\xc0(KC\xe7\xcf`}\xcbezt\xaf\xd6\xff" Source Port: 31002 Target Port: 54352 Timestamp: 1753302131.9430215
<- (71) byte, b'\xce=h\x9d\x03\xe2\xf7!\xb4C\xb7K\x87U\xf3"\x93;>Z"\xdb\x08\xe2v\xc32\xfc\xc2\xa2\x04\xfa\x10\x9c\x7f\xe6\x90\x86\xa1\x81\xd3\xb5~<\x15\x92x\xabj^\xc7\xcd\xbex\xc8\x04\xc47\xdf\x82\x1ej\xb2H\xdf\xd6\x7f\x03\xd3\xfb\x13' Source Port: 31002 Target Port: 54352 Timestamp: 1753302131.945336
-> (0) byte, b'' Source Port: 31002 Target Port: 54352 Timestamp: 1753302131.9461837
Connection closed from (apparently) out

serverProxyMITM:
Starting MITM: 31003 -> 31004
Received connection: <socket.socket fd=4, family=AddressFamily.AF_INET, type=SocketKind.SOCK_STREAM, proto=0, laddr=('127.0.0.1', 31003), raddr=('127.0.0.1', 35064)>
Connected to: 127.0.0.1, 31004 using ephemeral port 35304
-> (5) byte, b'AAAAA' Source Port: 31003 Target Port: 35304 Timestamp: 1753302131.9442391
<- (5) byte, b'YYYYY' Source Port: 31003 Target Port: 35304 Timestamp: 1753302131.9448242
-> (0) byte, b'' Source Port: 31003 Target Port: 35304 Timestamp: 1753302131.948213
Connection closed from (apparently) out

Client:
Mode 2 - start experiment
Sent 5 byte of A
Received 5 byte: b'YYYYY'
Connection closed

Server:
recv 5 bytes: b'AAAAA'
sent 5 byte of Y
Completed iteration 1 for mode 2 with msg size 5 at 20250723-202207
----------------------------------------
Starting iteration 2 for mode 2 with msg size 5 at 20250723-202214
Results extracted:
Name: Start test ./logs/mode2_size5.log --mode 2 --send-size 5 
	Frames: 154
	Client got: 17 over 3 messages,  sent 18
	Server got: 5, over 1 messages, sent 5
	Terminated by FIN: CLIENT -> CLIENTPROXYMITM


clientProxyMITM:
Starting MITM: 31000 -> 31001
Received connection: <socket.socket fd=4, family=AddressFamily.AF_INET, type=SocketKind.SOCK_STREAM, proto=0, laddr=('127.0.0.1', 31000), raddr=('127.0.0.1', 58164)>
Connected to: 127.0.0.1, 31001 using ephemeral port 44618
-> (3) byte, b'\x05\x01\x00' Source Port: 31000 Target Port: 44618 Timestamp: 1753302138.1419992
<- (2) byte, b'\x05\x00' Source Port: 31000 Target Port: 44618 Timestamp: 1753302138.142388
-> (4) byte, b'\x05\x01\x00\x01' Source Port: 31000 Target Port: 44618 Timestamp: 1753302138.142641
-> (6) byte, b'\x7f\x00\x00\x01y\x1b' Source Port: 31000 Target Port: 44618 Timestamp: 1753302138.1871688
<- (10) byte, b'\x05\x00\x00\x01\x00\x00\x00\x00\x00\x00' Source Port: 31000 Target Port: 44618 Timestamp: 1753302138.1873524
-> (5) byte, b'AAAAA' Source Port: 31000 Target Port: 44618 Timestamp: 1753302138.1876116
<- (5) byte, b'YYYYY' Source Port: 31000 Target Port: 44618 Timestamp: 1753302138.1906214
-> (0) byte, b'' Source Port: 31000 Target Port: 44618 Timestamp: 1753302138.190892
Connection closed from (apparently) out

mainMITM:
Starting MITM: 31002 -> 10086
Received connection: <socket.socket fd=4, family=AddressFamily.AF_INET, type=SocketKind.SOCK_STREAM, proto=0, laddr=('127.0.0.1', 31002), raddr=('127.0.0.1', 48832)>
Connected to: 127.0.0.1, 10086 using ephemeral port 52914
-> (112) byte, b'z\xcf[(=q\xc01\xe8\x9f\x05]\xf6k\x8c\x86|,\x97}:\x1c\xfa\xfc_HC\xa8\x06\xcdA\xc56n\x88\xb9\x91\xf8_\xa9\x02}\xe5\xf2\x12A_\xedj@2&\xf7~\x19\x9fK\x12\xbf\x1exa7\xeb|1\xa2\xdcs\xf2\\\x89\x92_W\x93\xae\xdb\x84|#\x18\xcc\x14zTby\x8d\x1a\xf6\x98S\xfdxz\xb0D\x8fv\xad\x92\x9d\xf7\x18j\x94\xce_\xb8\x8cO' Source Port: 31002 Target Port: 52914 Timestamp: 1753302138.1885555
<- (71) byte, b"\xe67\x87\x9f\xb0\xeb]\xa1 \x0c\x8aO\x06\xefk\x11N+\xe1\x91\xc6\x94S\xb5\xd7\x8a:'\xc1\xe07CvJSL\xe4q\x1d\xff\xbc\\W~K\xa4\xd6\xca\x94\x92\x01QU\x81\x83*\xb3\x9f2\x10\xee\xa6_a\xd4\x06\xc16\xaa\xaa\x8a" Source Port: 31002 Target Port: 52914 Timestamp: 1753302138.1904163
-> (0) byte, b'' Source Port: 31002 Target Port: 52914 Timestamp: 1753302138.1911988
Connection closed from (apparently) out

serverProxyMITM:
Starting MITM: 31003 -> 31004
Received connection: <socket.socket fd=4, family=AddressFamily.AF_INET, type=SocketKind.SOCK_STREAM, proto=0, laddr=('127.0.0.1', 31003), raddr=('127.0.0.1', 55132)>
Connected to: 127.0.0.1, 31004 using ephemeral port 42318
-> (5) byte, b'AAAAA' Source Port: 31003 Target Port: 42318 Timestamp: 1753302138.1895506
<- (5) byte, b'YYYYY' Source Port: 31003 Target Port: 42318 Timestamp: 1753302138.1900012
-> (0) byte, b'' Source Port: 31003 Target Port: 42318 Timestamp: 1753302138.1914136
Connection closed from (apparently) out

Client:
Mode 2 - start experiment
Sent 5 byte of A
Received 5 byte: b'YYYYY'
Connection closed

Server:
recv 5 bytes: b'AAAAA'
sent 5 byte of Y
Completed iteration 2 for mode 2 with msg size 5 at 20250723-202214
----------------------------------------
Starting iteration 3 for mode 2 with msg size 5 at 20250723-202220
Results extracted:
Name: Start test ./logs/mode2_size5.log --mode 2 --send-size 5 
	Frames: 162
	Client got: 17 over 3 messages,  sent 18
	Server got: 5, over 1 messages, sent 5
	Terminated by FIN: CLIENT -> CLIENTPROXYMITM


clientProxyMITM:
Starting MITM: 31000 -> 31001
Received connection: <socket.socket fd=4, family=AddressFamily.AF_INET, type=SocketKind.SOCK_STREAM, proto=0, laddr=('127.0.0.1', 31000), raddr=('127.0.0.1', 58180)>
Connected to: 127.0.0.1, 31001 using ephemeral port 44624
-> (3) byte, b'\x05\x01\x00' Source Port: 31000 Target Port: 44624 Timestamp: 1753302144.3959508
<- (2) byte, b'\x05\x00' Source Port: 31000 Target Port: 44624 Timestamp: 1753302144.396194
-> (4) byte, b'\x05\x01\x00\x01' Source Port: 31000 Target Port: 44624 Timestamp: 1753302144.396481
-> (6) byte, b'\x7f\x00\x00\x01y\x1b' Source Port: 31000 Target Port: 44624 Timestamp: 1753302144.446705
<- (10) byte, b'\x05\x00\x00\x01\x00\x00\x00\x00\x00\x00' Source Port: 31000 Target Port: 44624 Timestamp: 1753302144.4469068
-> (5) byte, b'AAAAA' Source Port: 31000 Target Port: 44624 Timestamp: 1753302144.4472744
<- (5) byte, b'YYYYY' Source Port: 31000 Target Port: 44624 Timestamp: 1753302144.4516082
-> (0) byte, b'' Source Port: 31000 Target Port: 44624 Timestamp: 1753302144.4524198
Connection closed from (apparently) out

mainMITM:
Starting MITM: 31002 -> 10086
Received connection: <socket.socket fd=4, family=AddressFamily.AF_INET, type=SocketKind.SOCK_STREAM, proto=0, laddr=('127.0.0.1', 31002), raddr=('127.0.0.1', 48836)>
Connected to: 127.0.0.1, 10086 using ephemeral port 52924
-> (112) byte, b"]1L3\x9adM\xa80C\x1fT=R\xfe'\xf8\x9d^\x1c\xdb\xfcsYP4\xd5\tW\x1dy\xc5bE\x07z\xc9'\x0ej\xae6\xa7\xe3\x9e\xa8L\xff\x8b\xa8\xae\x00\xc8\xed\xf0\x9e\xd8\xe1\xcf\x98\r\xfds'Xn\x95F\x9fK\xa6#\x98\x8b\xaa\x93\x01\xad\xc4\xc1\xc5$>@\xb2\xfe\x99U\x04%/&\x8a\x7f\xa9\xe9|\x834\xfc\x10\xfeqJ\xcf\xae\xc1\xe0\xbez\xae\xeb" Source Port: 31002 Target Port: 52924 Timestamp: 1753302144.448401
<- (71) byte, b' \x8ff\xfa/e\xff\x93\xaa\x10\xbd\xb9Ca3\xe7p-s\x96\xf7\x9b\x02#!\xcc\nY#\x8e\xc0\x13\x9c9c\xf3\x8a\xd3F5?l\xb2=\xc6V\xd0\xa1u\xf3\xa6\xa3`\xd0\xff\x7f\xbc~j)\x99\xb9n\x0e\xa4\xcc\xab:\x8b\x80\xe3' Source Port: 31002 Target Port: 52924 Timestamp: 1753302144.4508915
-> (0) byte, b'' Source Port: 31002 Target Port: 52924 Timestamp: 1753302144.452788
Connection closed from (apparently) out

serverProxyMITM:
Starting MITM: 31003 -> 31004
Received connection: <socket.socket fd=4, family=AddressFamily.AF_INET, type=SocketKind.SOCK_STREAM, proto=0, laddr=('127.0.0.1', 31003), raddr=('127.0.0.1', 55138)>
Connected to: 127.0.0.1, 31004 using ephemeral port 42332
-> (5) byte, b'AAAAA' Source Port: 31003 Target Port: 42332 Timestamp: 1753302144.4496095
<- (5) byte, b'YYYYY' Source Port: 31003 Target Port: 42332 Timestamp: 1753302144.4503472
-> (0) byte, b'' Source Port: 31003 Target Port: 42332 Timestamp: 1753302144.4534123
Connection closed from (apparently) out

Client:
Mode 2 - start experiment
Sent 5 byte of A
Received 5 byte: b'YYYYY'
Connection closed

Server:
recv 5 bytes: b'AAAAA'
sent 5 byte of Y
Completed iteration 3 for mode 2 with msg size 5 at 20250723-202220
----------------------------------------
Starting iteration 4 for mode 2 with msg size 5 at 20250723-202226
Results extracted:
Name: Start test ./logs/mode2_size5.log --mode 2 --send-size 5 
	Frames: 150
	Client got: 17 over 3 messages,  sent 18
	Server got: 5, over 1 messages, sent 5
	Terminated by FIN: CLIENT -> CLIENTPROXYMITM


clientProxyMITM:
Starting MITM: 31000 -> 31001
Received connection: <socket.socket fd=4, family=AddressFamily.AF_INET, type=SocketKind.SOCK_STREAM, proto=0, laddr=('127.0.0.1', 31000), raddr=('127.0.0.1', 51844)>
Connected to: 127.0.0.1, 31001 using ephemeral port 47612
-> (3) byte, b'\x05\x01\x00' Source Port: 31000 Target Port: 47612 Timestamp: 1753302150.6423752
<- (2) byte, b'\x05\x00' Source Port: 31000 Target Port: 47612 Timestamp: 1753302150.6425898
-> (4) byte, b'\x05\x01\x00\x01' Source Port: 31000 Target Port: 47612 Timestamp: 1753302150.6428633
-> (6) byte, b'\x7f\x00\x00\x01y\x1b' Source Port: 31000 Target Port: 47612 Timestamp: 1753302150.6896124
<- (10) byte, b'\x05\x00\x00\x01\x00\x00\x00\x00\x00\x00' Source Port: 31000 Target Port: 47612 Timestamp: 1753302150.6899846
-> (5) byte, b'AAAAA' Source Port: 31000 Target Port: 47612 Timestamp: 1753302150.6905897
<- (5) byte, b'YYYYY' Source Port: 31000 Target Port: 47612 Timestamp: 1753302150.6951046
-> (0) byte, b'' Source Port: 31000 Target Port: 47612 Timestamp: 1753302150.695469
Connection closed from (apparently) out

mainMITM:
Starting MITM: 31002 -> 10086
Received connection: <socket.socket fd=4, family=AddressFamily.AF_INET, type=SocketKind.SOCK_STREAM, proto=0, laddr=('127.0.0.1', 31002), raddr=('127.0.0.1', 55910)>
Connected to: 127.0.0.1, 10086 using ephemeral port 50274
-> (112) byte, b'\xe7\x99\xff\xc6 V\xb7\xab\xab\xfdqM\xbf\xb4\xbcaT/q;\xf5y\xc4&~@\t\xdfI\xfc\xd2N\xe1P\xa4P\xdew\x0e[f=\xa7`a\xef\xf8"l\xcb\xbb\xdbU\xd5\xc5\x8aOA b\xf9\xd2\xb5\xed\x7f(#\xfa\x11\xc7B\x0f\x10\xbaR\x88\x9cP\xceE]\xf0Q\t\xf5\xccz\x90}\r\xbf\xa4\xdd9t\xec\xea\xd6\x95\x90t\xc6\xf5\xc0\x9c2\x83\x08P\xf6e\xdc' Source Port: 31002 Target Port: 50274 Timestamp: 1753302150.6921537
<- (71) byte, b'\xdd\xf1r/"\xac\xaar\x19d(\xa3\x01\xef\xefZ\x02\xfe\xebDh\xd5\xccU\xcc\x80B\x0b\x10%o\x92\xfe\xbd\xc5\xf9_x\xdd\xfc\x1c\xbcy\xa1A\xdf\xc8\x05\xb0*\x9c\xab\x02%\x8e$f\xab\x14H"\x13\xd7Gi\xa0W\xcb\xb6\xdb\xf2' Source Port: 31002 Target Port: 50274 Timestamp: 1753302150.6947858
-> (0) byte, b'' Source Port: 31002 Target Port: 50274 Timestamp: 1753302150.695745
Connection closed from (apparently) out

serverProxyMITM:
Starting MITM: 31003 -> 31004
Received connection: <socket.socket fd=4, family=AddressFamily.AF_INET, type=SocketKind.SOCK_STREAM, proto=0, laddr=('127.0.0.1', 31003), raddr=('127.0.0.1', 47898)>
Connected to: 127.0.0.1, 31004 using ephemeral port 33986
-> (5) byte, b'AAAAA' Source Port: 31003 Target Port: 33986 Timestamp: 1753302150.6934805
<- (5) byte, b'YYYYY' Source Port: 31003 Target Port: 33986 Timestamp: 1753302150.6943932
-> (0) byte, b'' Source Port: 31003 Target Port: 33986 Timestamp: 1753302150.6959276
Connection closed from (apparently) out

Client:
Mode 2 - start experiment
Sent 5 byte of A
Received 5 byte: b'YYYYY'
Connection closed

Server:
recv 5 bytes: b'AAAAA'
sent 5 byte of Y
Completed iteration 4 for mode 2 with msg size 5 at 20250723-202226
----------------------------------------
Starting iteration 5 for mode 2 with msg size 5 at 20250723-202232
Results extracted:
Name: Start test ./logs/mode2_size5.log --mode 2 --send-size 5 
	Frames: 163
	Client got: 17 over 3 messages,  sent 18
	Server got: 5, over 1 messages, sent 5
	Terminated by FIN: CLIENT -> CLIENTPROXYMITM


clientProxyMITM:
Starting MITM: 31000 -> 31001
Received connection: <socket.socket fd=4, family=AddressFamily.AF_INET, type=SocketKind.SOCK_STREAM, proto=0, laddr=('127.0.0.1', 31000), raddr=('127.0.0.1', 51858)>
Connected to: 127.0.0.1, 31001 using ephemeral port 47626
-> (3) byte, b'\x05\x01\x00' Source Port: 31000 Target Port: 47626 Timestamp: 1753302156.8909395
<- (2) byte, b'\x05\x00' Source Port: 31000 Target Port: 47626 Timestamp: 1753302156.8912323
-> (4) byte, b'\x05\x01\x00\x01' Source Port: 31000 Target Port: 47626 Timestamp: 1753302156.8914328
-> (6) byte, b'\x7f\x00\x00\x01y\x1b' Source Port: 31000 Target Port: 47626 Timestamp: 1753302156.9323452
<- (10) byte, b'\x05\x00\x00\x01\x00\x00\x00\x00\x00\x00' Source Port: 31000 Target Port: 47626 Timestamp: 1753302156.9327073
-> (5) byte, b'AAAAA' Source Port: 31000 Target Port: 47626 Timestamp: 1753302156.9332542
<- (5) byte, b'YYYYY' Source Port: 31000 Target Port: 47626 Timestamp: 1753302156.9376044
-> (0) byte, b'' Source Port: 31000 Target Port: 47626 Timestamp: 1753302156.9379537
Connection closed from (apparently) out

mainMITM:
Starting MITM: 31002 -> 10086
Received connection: <socket.socket fd=4, family=AddressFamily.AF_INET, type=SocketKind.SOCK_STREAM, proto=0, laddr=('127.0.0.1', 31002), raddr=('127.0.0.1', 55918)>
Connected to: 127.0.0.1, 10086 using ephemeral port 50280
-> (112) byte, b'\x81\x9a"=\x97\x8c\xecs\x9b\xb0\x84\x18U\x98r\xe7s\xbe\x06p\x00\xeac\xe2w\xe1\xa8\xfe-\x06\x90\xaf\x03\xae,\x94H%\xb6\xdb\xf7\xf2u\xd6\x04\x85%\xb9\x1e\t\x1b\x98!6\xf5\xe0\xcc\xe0l\x1fQ\xbb\xf6\xde\xe8\xbc\x08\xc0j;-\\B\xec\xc7\x7f\x1a\x0en\x87\xad\\0\x8c\xa0Z\x02\x1ai1i\x8f\x08\xcb\x97\x0c\x11\r\xbcfI\x9b\x1e^\xde\x1d~\t)\xf9\xcc\xbd' Source Port: 31002 Target Port: 50280 Timestamp: 1753302156.934741
<- (71) byte, b'-In2\x0ev|Z\xe6\x9d7\xeb\xfbE\xb6\xbeWQ\x8d\xc1\x98\x92M\x0c"\xc0r\xc2\x15M\x8dR\xe5\xc6\xf73\xe52\xf2\xa0\x8b\xb1\x14j\x9d\x11\x0c\xe6\xc4\xde\xd2\xcc\xcb\x0e\xf6\xd6\x12|\x80\x0b\x1a\x0eC\xd2\x9f\xf1]\xdd\x08V\xbe' Source Port: 31002 Target Port: 50280 Timestamp: 1753302156.9374
-> (0) byte, b'' Source Port: 31002 Target Port: 50280 Timestamp: 1753302156.9392955
Connection closed from (apparently) out

serverProxyMITM:
Starting MITM: 31003 -> 31004
Received connection: <socket.socket fd=4, family=AddressFamily.AF_INET, type=SocketKind.SOCK_STREAM, proto=0, laddr=('127.0.0.1', 31003), raddr=('127.0.0.1', 47910)>
Connected to: 127.0.0.1, 31004 using ephemeral port 33994
-> (5) byte, b'AAAAA' Source Port: 31003 Target Port: 33994 Timestamp: 1753302156.9364989
<- (5) byte, b'YYYYY' Source Port: 31003 Target Port: 33994 Timestamp: 1753302156.9370852
-> (0) byte, b'' Source Port: 31003 Target Port: 33994 Timestamp: 1753302156.9395182
Connection closed from (apparently) out

Client:
Mode 2 - start experiment
Sent 5 byte of A
Received 5 byte: b'YYYYY'
Connection closed

Server:
recv 5 bytes: b'AAAAA'
sent 5 byte of Y
Completed iteration 5 for mode 2 with msg size 5 at 20250723-202232
----------------------------------------
Starting iteration 6 for mode 2 with msg size 5 at 20250723-202239
Results extracted:
Name: Start test ./logs/mode2_size5.log --mode 2 --send-size 5 
	Frames: 160
	Client got: 17 over 3 messages,  sent 18
	Server got: 5, over 1 messages, sent 5
	Terminated by FIN: CLIENT -> CLIENTPROXYMITM


clientProxyMITM:
Starting MITM: 31000 -> 31001
Received connection: <socket.socket fd=4, family=AddressFamily.AF_INET, type=SocketKind.SOCK_STREAM, proto=0, laddr=('127.0.0.1', 31000), raddr=('127.0.0.1', 51368)>
Connected to: 127.0.0.1, 31001 using ephemeral port 43250
-> (3) byte, b'\x05\x01\x00' Source Port: 31000 Target Port: 43250 Timestamp: 1753302163.1150024
<- (2) byte, b'\x05\x00' Source Port: 31000 Target Port: 43250 Timestamp: 1753302163.115379
-> (4) byte, b'\x05\x01\x00\x01' Source Port: 31000 Target Port: 43250 Timestamp: 1753302163.1156497
-> (6) byte, b'\x7f\x00\x00\x01y\x1b' Source Port: 31000 Target Port: 43250 Timestamp: 1753302163.156202
<- (10) byte, b'\x05\x00\x00\x01\x00\x00\x00\x00\x00\x00' Source Port: 31000 Target Port: 43250 Timestamp: 1753302163.157372
-> (5) byte, b'AAAAA' Source Port: 31000 Target Port: 43250 Timestamp: 1753302163.157771
<- (5) byte, b'YYYYY' Source Port: 31000 Target Port: 43250 Timestamp: 1753302163.1610138
-> (0) byte, b'' Source Port: 31000 Target Port: 43250 Timestamp: 1753302163.1614153
Connection closed from (apparently) out

mainMITM:
Starting MITM: 31002 -> 10086
Received connection: <socket.socket fd=4, family=AddressFamily.AF_INET, type=SocketKind.SOCK_STREAM, proto=0, laddr=('127.0.0.1', 31002), raddr=('127.0.0.1', 58390)>
Connected to: 127.0.0.1, 10086 using ephemeral port 51968
-> (112) byte, b'(\xd5\x1b \xe6W\xde@\xfeX\x1d{\xc7\xferZTg>N\xd2D\x11\x82di\x9d\x89\x88k\xb7\xfaG\x11\xcdK\x0f\x14\x96\xe2\xd2\xd1DL&\xdf\xde\xc1\xc2\xa6\x9a>\xb0\x1e\x8d\xa3\xee\xb9g\x8ax\xb5V\xdb\xc1\x12\x89\x03\xd8\x08\xbd\xe0\n\xbf\xb7r\x8e/\x8bxJ\xfd\xb8C\\\xc9\x17\xf4*\x8b\x85p\xc7\xdd\t\x0c\x1bh\x9f"\x1a\x80,\xbf\x89\xa7[vo\xc7\xea\x8f' Source Port: 31002 Target Port: 51968 Timestamp: 1753302163.158602
<- (71) byte, b'\x16\xde\xa8\x82\x11o\xb1\x1c\x9c\xcb\xed\xb9\xc2"P\xab\xcc\x9c\xe1[F\xc5\x13\xcb\xf3/\xb8\x03P\x059\x7f\x02]\xb96\xb3`\xc9h`\xb1\x14\x9e\x87\x92\x96j\xf4\xf9I\x7f\xb6)\xc49\xea\x9e\xbf\xa8d0\xdf\r_\x83\xf4\xaeJ\xb7"' Source Port: 31002 Target Port: 51968 Timestamp: 1753302163.1607776
-> (0) byte, b'' Source Port: 31002 Target Port: 51968 Timestamp: 1753302163.16172
Connection closed from (apparently) out

serverProxyMITM:
Starting MITM: 31003 -> 31004
Received connection: <socket.socket fd=4, family=AddressFamily.AF_INET, type=SocketKind.SOCK_STREAM, proto=0, laddr=('127.0.0.1', 31003), raddr=('127.0.0.1', 40386)>
Connected to: 127.0.0.1, 31004 using ephemeral port 47754
-> (5) byte, b'AAAAA' Source Port: 31003 Target Port: 47754 Timestamp: 1753302163.159744
<- (5) byte, b'YYYYY' Source Port: 31003 Target Port: 47754 Timestamp: 1753302163.1604166
-> (0) byte, b'' Source Port: 31003 Target Port: 47754 Timestamp: 1753302163.161942
Connection closed from (apparently) out

Client:
Mode 2 - start experiment
Sent 5 byte of A
Received 5 byte: b'YYYYY'
Connection closed

Server:
recv 5 bytes: b'AAAAA'
sent 5 byte of Y
Completed iteration 6 for mode 2 with msg size 5 at 20250723-202239
----------------------------------------
Starting iteration 7 for mode 2 with msg size 5 at 20250723-202245
Results extracted:
Name: Start test ./logs/mode2_size5.log --mode 2 --send-size 5 
	Frames: 154
	Client got: 17 over 3 messages,  sent 18
	Server got: 5, over 1 messages, sent 5
	Terminated by FIN: CLIENT -> CLIENTPROXYMITM


clientProxyMITM:
Starting MITM: 31000 -> 31001
Received connection: <socket.socket fd=4, family=AddressFamily.AF_INET, type=SocketKind.SOCK_STREAM, proto=0, laddr=('127.0.0.1', 31000), raddr=('127.0.0.1', 41878)>
Connected to: 127.0.0.1, 31001 using ephemeral port 41604
-> (3) byte, b'\x05\x01\x00' Source Port: 31000 Target Port: 41604 Timestamp: 1753302169.3364298
<- (2) byte, b'\x05\x00' Source Port: 31000 Target Port: 41604 Timestamp: 1753302169.336619
-> (4) byte, b'\x05\x01\x00\x01' Source Port: 31000 Target Port: 41604 Timestamp: 1753302169.3367708
-> (6) byte, b'\x7f\x00\x00\x01y\x1b' Source Port: 31000 Target Port: 41604 Timestamp: 1753302169.3865633
<- (10) byte, b'\x05\x00\x00\x01\x00\x00\x00\x00\x00\x00' Source Port: 31000 Target Port: 41604 Timestamp: 1753302169.386918
-> (5) byte, b'AAAAA' Source Port: 31000 Target Port: 41604 Timestamp: 1753302169.3873565
<- (5) byte, b'YYYYY' Source Port: 31000 Target Port: 41604 Timestamp: 1753302169.3912852
-> (0) byte, b'' Source Port: 31000 Target Port: 41604 Timestamp: 1753302169.3916283
Connection closed from (apparently) out

mainMITM:
Starting MITM: 31002 -> 10086
Received connection: <socket.socket fd=4, family=AddressFamily.AF_INET, type=SocketKind.SOCK_STREAM, proto=0, laddr=('127.0.0.1', 31002), raddr=('127.0.0.1', 58432)>
Connected to: 127.0.0.1, 10086 using ephemeral port 33928
-> (112) byte, b"\xdf\xf2\x98\xa0\x0f\x8e\xaa\xdb\xc4\x8dR\xf0\x97\xb9k\xcfqy\xfbk\xa5\x92\x03\ttP\xe8]\xcep\xe4\xb1\xad_\xc30s5B\x99%'/\x0fN\x18^\xe4#U->U#\x96\r v}\x99\xbdt\xa1 h@`q\xed\xa0\x8eK\x92\xc74Op\xf91Bc\xa0\x82\x1c\xd1\x80l?!\x9ad]#x,\xd6\xc1\xaaCt\x8a\xf9\x95\xe6L]\xa0w\xf7*\xbdG" Source Port: 31002 Target Port: 33928 Timestamp: 1753302169.3886464
<- (71) byte, b"'*\xcc\xf2\x9f\x8b\x1bA1\x18NLi\xe3j\xc1\xe7\xac\r.\xdfl\x89\xdf\xe0\xc3\xed>\x08\xe3\xdb\xcck\x1a\xe5ED_J\xfd\xe6\xd8\t`\xe2\xe6\xf7Y\xbbJq\xe3\xcd\xb7\\\x87\x06\xe2\xa3\xea1R\xb7X\xdf\xeev\xda\xb5)i" Source Port: 31002 Target Port: 33928 Timestamp: 1753302169.3908482
-> (0) byte, b'' Source Port: 31002 Target Port: 33928 Timestamp: 1753302169.3918674
Connection closed from (apparently) out

serverProxyMITM:
Starting MITM: 31003 -> 31004
Received connection: <socket.socket fd=4, family=AddressFamily.AF_INET, type=SocketKind.SOCK_STREAM, proto=0, laddr=('127.0.0.1', 31003), raddr=('127.0.0.1', 54016)>
Connected to: 127.0.0.1, 31004 using ephemeral port 46764
-> (5) byte, b'AAAAA' Source Port: 31003 Target Port: 46764 Timestamp: 1753302169.3897634
<- (5) byte, b'YYYYY' Source Port: 31003 Target Port: 46764 Timestamp: 1753302169.39045
-> (0) byte, b'' Source Port: 31003 Target Port: 46764 Timestamp: 1753302169.3922791
Connection closed from (apparently) out

Client:
Mode 2 - start experiment
Sent 5 byte of A
Received 5 byte: b'YYYYY'
Connection closed

Server:
recv 5 bytes: b'AAAAA'
sent 5 byte of Y
Completed iteration 7 for mode 2 with msg size 5 at 20250723-202245
----------------------------------------
Starting iteration 8 for mode 2 with msg size 5 at 20250723-202251
Results extracted:
Name: Start test ./logs/mode2_size5.log --mode 2 --send-size 5 
	Frames: 157
	Client got: 17 over 3 messages,  sent 18
	Server got: 5, over 1 messages, sent 5
	Terminated by FIN: CLIENT -> CLIENTPROXYMITM


clientProxyMITM:
Starting MITM: 31000 -> 31001
Received connection: <socket.socket fd=4, family=AddressFamily.AF_INET, type=SocketKind.SOCK_STREAM, proto=0, laddr=('127.0.0.1', 31000), raddr=('127.0.0.1', 41886)>
Connected to: 127.0.0.1, 31001 using ephemeral port 41614
-> (3) byte, b'\x05\x01\x00' Source Port: 31000 Target Port: 41614 Timestamp: 1753302175.5892828
<- (2) byte, b'\x05\x00' Source Port: 31000 Target Port: 41614 Timestamp: 1753302175.589572
-> (4) byte, b'\x05\x01\x00\x01' Source Port: 31000 Target Port: 41614 Timestamp: 1753302175.5897832
-> (6) byte, b'\x7f\x00\x00\x01y\x1b' Source Port: 31000 Target Port: 41614 Timestamp: 1753302175.6397908
<- (10) byte, b'\x05\x00\x00\x01\x00\x00\x00\x00\x00\x00' Source Port: 31000 Target Port: 41614 Timestamp: 1753302175.6400979
-> (5) byte, b'AAAAA' Source Port: 31000 Target Port: 41614 Timestamp: 1753302175.6405702
<- (5) byte, b'YYYYY' Source Port: 31000 Target Port: 41614 Timestamp: 1753302175.6468155
-> (0) byte, b'' Source Port: 31000 Target Port: 41614 Timestamp: 1753302175.6474655
Connection closed from (apparently) out

mainMITM:
Starting MITM: 31002 -> 10086
Received connection: <socket.socket fd=4, family=AddressFamily.AF_INET, type=SocketKind.SOCK_STREAM, proto=0, laddr=('127.0.0.1', 31002), raddr=('127.0.0.1', 58440)>
Connected to: 127.0.0.1, 10086 using ephemeral port 33930
-> (112) byte, b'3\xe4\xdbM\x05\x97\xc8\x04-\x90.f\x11\xe3/\xbe\x02\xe9b\xf3T-\xe6\xe7\xa7\xd1fi\xda\x90k\x02]\xfc\x98h\x1a"yKN\xd1\x17\xe92(j\xcc\xf0\x9a\xb4\xf3T\xac\x80\xaf.\x0b\xca-\x1c\x0f$\x18\xeeT\x8fP|\xe6\xcbid\xa3d\xe1\xf3\x83\x8bL\xee`Q\xcaz:\xe9\xba\x96h\x045\xadg\x08N|\xbdt\xe9\x8c"\xfbM\xe1-\\\xfd\n\xb5\xc7\xf7' Source Port: 31002 Target Port: 33930 Timestamp: 1753302175.6422992
<- (71) byte, b'\x03i\x15\xec\xaf\x05\x952\x7f\xb1\x90\xdb\x88Va\xa3\xcfF\xed^\x114\xd6\xbdB\x93%c\xf6\x16\xd7\xc2\xec\t\xfdx:{v\xefa\xc4\xaf9\xa3\x91\x10G\xeb)v7\xac\xe0\xf7\xf0x.1LE\xa48\x97\x13\x8a,:\x8a^\xb7' Source Port: 31002 Target Port: 33930 Timestamp: 1753302175.6464562
-> (0) byte, b'' Source Port: 31002 Target Port: 33930 Timestamp: 1753302175.647969
Connection closed from (apparently) out

serverProxyMITM:
Starting MITM: 31003 -> 31004
Received connection: <socket.socket fd=4, family=AddressFamily.AF_INET, type=SocketKind.SOCK_STREAM, proto=0, laddr=('127.0.0.1', 31003), raddr=('127.0.0.1', 54028)>
Connected to: 127.0.0.1, 31004 using ephemeral port 46774
-> (5) byte, b'AAAAA' Source Port: 31003 Target Port: 46774 Timestamp: 1753302175.6439097
<- (5) byte, b'YYYYY' Source Port: 31003 Target Port: 46774 Timestamp: 1753302175.6458926
-> (0) byte, b'' Source Port: 31003 Target Port: 46774 Timestamp: 1753302175.648377
Connection closed from (apparently) out

Client:
Mode 2 - start experiment
Sent 5 byte of A
Received 5 byte: b'YYYYY'
Connection closed

Server:
recv 5 bytes: b'AAAAA'
sent 5 byte of Y
Completed iteration 8 for mode 2 with msg size 5 at 20250723-202251
----------------------------------------
Starting iteration 9 for mode 2 with msg size 5 at 20250723-202257
Results extracted:
Name: Start test ./logs/mode2_size5.log --mode 2 --send-size 5 
	Frames: 163
	Client got: 17 over 3 messages,  sent 18
	Server got: 5, over 1 messages, sent 5
	Terminated by FIN: CLIENT -> CLIENTPROXYMITM


clientProxyMITM:
Starting MITM: 31000 -> 31001
Received connection: <socket.socket fd=4, family=AddressFamily.AF_INET, type=SocketKind.SOCK_STREAM, proto=0, laddr=('127.0.0.1', 31000), raddr=('127.0.0.1', 45118)>
Connected to: 127.0.0.1, 31001 using ephemeral port 34298
-> (3) byte, b'\x05\x01\x00' Source Port: 31000 Target Port: 34298 Timestamp: 1753302181.8753023
<- (2) byte, b'\x05\x00' Source Port: 31000 Target Port: 34298 Timestamp: 1753302181.8756442
-> (4) byte, b'\x05\x01\x00\x01' Source Port: 31000 Target Port: 34298 Timestamp: 1753302181.8758545
-> (6) byte, b'\x7f\x00\x00\x01y\x1b' Source Port: 31000 Target Port: 34298 Timestamp: 1753302181.9223688
<- (10) byte, b'\x05\x00\x00\x01\x00\x00\x00\x00\x00\x00' Source Port: 31000 Target Port: 34298 Timestamp: 1753302181.9226754
-> (5) byte, b'AAAAA' Source Port: 31000 Target Port: 34298 Timestamp: 1753302181.9231777
<- (5) byte, b'YYYYY' Source Port: 31000 Target Port: 34298 Timestamp: 1753302181.9273498
-> (0) byte, b'' Source Port: 31000 Target Port: 34298 Timestamp: 1753302181.9276812
Connection closed from (apparently) out

mainMITM:
Starting MITM: 31002 -> 10086
Received connection: <socket.socket fd=4, family=AddressFamily.AF_INET, type=SocketKind.SOCK_STREAM, proto=0, laddr=('127.0.0.1', 31002), raddr=('127.0.0.1', 37692)>
Connected to: 127.0.0.1, 10086 using ephemeral port 36416
-> (112) byte, b'kI\xddGe\x91Th\xae{3@\xcba\xdbk\xb4\x8e\x84\xc5\xfc}\xeeF\x99\x8f \xc1\xff\x11=OE\x93\xe66&Y\xe4\x9a\xd7\xcf4\xdb0V\xa8\x7f\x9e\xe4\xc5\xb8\xa8c\x92P\xa9@\xcdLN\xf6\x7f\xaf\xc2=\x16\x8f\xfc\x00\xc5RPh\x0bX\xf2\xe9\xb4\x06\xdb\xde#\xbf\x032=\x03\t\xcc\xed\x1c\x01\x02eV\xd0\x034w|0\xa7v\x13\x8b\x0e!1\xd0X*' Source Port: 31002 Target Port: 36416 Timestamp: 1753302181.9245706
<- (71) byte, b'\xba:\x9e~F\xe2\x9a\xd2\xdb;\x9f\x0b\x05n\xabF(\x17\xec[\xe9\xfbH3\xe6\xb6x\xc5\x07T4L\xbbl\x82\xb5\xd2\x8e\x042\xa4\xfah\x1e\xa0\xa6|r\xfe\xe6\x88\x19\xf5M\xf7\x99\x82) 3\xd7\xf4\xb7\xe1\xc6\x8e_\xa5+\xcc:' Source Port: 31002 Target Port: 36416 Timestamp: 1753302181.927108
-> (0) byte, b'' Source Port: 31002 Target Port: 36416 Timestamp: 1753302181.930161
Connection closed from (apparently) out

serverProxyMITM:
Starting MITM: 31003 -> 31004
Received connection: <socket.socket fd=4, family=AddressFamily.AF_INET, type=SocketKind.SOCK_STREAM, proto=0, laddr=('127.0.0.1', 31003), raddr=('127.0.0.1', 48628)>
Connected to: 127.0.0.1, 31004 using ephemeral port 41552
-> (5) byte, b'AAAAA' Source Port: 31003 Target Port: 41552 Timestamp: 1753302181.925954
<- (5) byte, b'YYYYY' Source Port: 31003 Target Port: 41552 Timestamp: 1753302181.92676
-> (0) byte, b'' Source Port: 31003 Target Port: 41552 Timestamp: 1753302181.930506
Connection closed from (apparently) out

Client:
Mode 2 - start experiment
Sent 5 byte of A
Received 5 byte: b'YYYYY'
Connection closed

Server:
recv 5 bytes: b'AAAAA'
sent 5 byte of Y
Completed iteration 9 for mode 2 with msg size 5 at 20250723-202257
----------------------------------------
Starting iteration 10 for mode 2 with msg size 5 at 20250723-202304
Results extracted:
Name: Start test ./logs/mode2_size5.log --mode 2 --send-size 5 
	Frames: 152
	Client got: 17 over 3 messages,  sent 18
	Server got: 5, over 1 messages, sent 5
	Terminated by FIN: CLIENT -> CLIENTPROXYMITM


clientProxyMITM:
Starting MITM: 31000 -> 31001
Received connection: <socket.socket fd=4, family=AddressFamily.AF_INET, type=SocketKind.SOCK_STREAM, proto=0, laddr=('127.0.0.1', 31000), raddr=('127.0.0.1', 35586)>
Connected to: 127.0.0.1, 31001 using ephemeral port 34962
-> (3) byte, b'\x05\x01\x00' Source Port: 31000 Target Port: 34962 Timestamp: 1753302188.1328027
<- (2) byte, b'\x05\x00' Source Port: 31000 Target Port: 34962 Timestamp: 1753302188.1330245
-> (4) byte, b'\x05\x01\x00\x01' Source Port: 31000 Target Port: 34962 Timestamp: 1753302188.1335592
-> (6) byte, b'\x7f\x00\x00\x01y\x1b' Source Port: 31000 Target Port: 34962 Timestamp: 1753302188.18241
<- (10) byte, b'\x05\x00\x00\x01\x00\x00\x00\x00\x00\x00' Source Port: 31000 Target Port: 34962 Timestamp: 1753302188.1827905
-> (5) byte, b'AAAAA' Source Port: 31000 Target Port: 34962 Timestamp: 1753302188.1833882
<- (5) byte, b'YYYYY' Source Port: 31000 Target Port: 34962 Timestamp: 1753302188.1898046
-> (0) byte, b'' Source Port: 31000 Target Port: 34962 Timestamp: 1753302188.1902347
Connection closed from (apparently) out

mainMITM:
Starting MITM: 31002 -> 10086
Received connection: <socket.socket fd=4, family=AddressFamily.AF_INET, type=SocketKind.SOCK_STREAM, proto=0, laddr=('127.0.0.1', 31002), raddr=('127.0.0.1', 41194)>
Connected to: 127.0.0.1, 10086 using ephemeral port 55562
-> (112) byte, b'g\x9a\x8a\xcah0\xe9p\x15\xa6o\xebc\x02\xa9\xfb\xea\xf1`\x97\xe3K\x9e\xd4Y\xb7\xb0\xf48\x10\xc6Nb\xd4\xa2<\x04:U#(\x90k\x9c8f\x8f\x7f\x0b\xeef\t!\xc5\xbc\x14q\xcaV\xa8\x9br\x05f\xb0\x1a\x1d\xfd\xf5\x81Qq\x8e\xf3\x99\xd0a\xe5\r\xb6\x19F\x03R\xb0\xb2\xf6<\x1e(\xdd\xd5\xb5\xf3G\x01Y\xe5vz\xb9\xfd\x85\x8ef\xc6\xe5\xcf\xbb\xc4\xda\xf6' Source Port: 31002 Target Port: 55562 Timestamp: 1753302188.1855664
<- (71) byte, b'\x0f\xc0\x14\xf0\x18\x1c\x89\xeb\x8b?\xdd\x1a\xcc\x9fay\xa8\xb7Y\x94\xd6\x82\x93\xa53\xad\r\x83A\xe0[\x8f\x12e\xfe\x99\x90\xb6\xddX;\x19\x8e\xde2\xad\xbc\x94\x7f\x04\xa76\xd6\x00E<q-z\xac\x0cim\xeb\\C\xdd\xde(}\x1f' Source Port: 31002 Target Port: 55562 Timestamp: 1753302188.189439
-> (0) byte, b'' Source Port: 31002 Target Port: 55562 Timestamp: 1753302188.1906028
Connection closed from (apparently) out

serverProxyMITM:
Starting MITM: 31003 -> 31004
Received connection: <socket.socket fd=4, family=AddressFamily.AF_INET, type=SocketKind.SOCK_STREAM, proto=0, laddr=('127.0.0.1', 31003), raddr=('127.0.0.1', 51860)>
Connected to: 127.0.0.1, 31004 using ephemeral port 49924
-> (5) byte, b'AAAAA' Source Port: 31003 Target Port: 49924 Timestamp: 1753302188.187833
<- (5) byte, b'YYYYY' Source Port: 31003 Target Port: 49924 Timestamp: 1753302188.1889825
-> (0) byte, b'' Source Port: 31003 Target Port: 49924 Timestamp: 1753302188.190938
Connection closed from (apparently) out

Client:
Mode 2 - start experiment
Sent 5 byte of A
Received 5 byte: b'YYYYY'
Connection closed

Server:
recv 5 bytes: b'AAAAA'
sent 5 byte of Y
Completed iteration 10 for mode 2 with msg size 5 at 20250723-202304
----------------------------------------
Starting iteration 11 for mode 2 with msg size 5 at 20250723-202310
Results extracted:
Name: Start test ./logs/mode2_size5.log --mode 2 --send-size 5 
	Frames: 144
	Client got: 17 over 3 messages,  sent 18
	Server got: 5, over 1 messages, sent 5
	Terminated by FIN: CLIENT -> CLIENTPROXYMITM


clientProxyMITM:
Starting MITM: 31000 -> 31001
Received connection: <socket.socket fd=4, family=AddressFamily.AF_INET, type=SocketKind.SOCK_STREAM, proto=0, laddr=('127.0.0.1', 31000), raddr=('127.0.0.1', 35588)>
Connected to: 127.0.0.1, 31001 using ephemeral port 34966
-> (3) byte, b'\x05\x01\x00' Source Port: 31000 Target Port: 34966 Timestamp: 1753302194.3946009
<- (2) byte, b'\x05\x00' Source Port: 31000 Target Port: 34966 Timestamp: 1753302194.3948765
-> (4) byte, b'\x05\x01\x00\x01' Source Port: 31000 Target Port: 34966 Timestamp: 1753302194.3952467
-> (6) byte, b'\x7f\x00\x00\x01y\x1b' Source Port: 31000 Target Port: 34966 Timestamp: 1753302194.4459395
<- (10) byte, b'\x05\x00\x00\x01\x00\x00\x00\x00\x00\x00' Source Port: 31000 Target Port: 34966 Timestamp: 1753302194.4463592
-> (5) byte, b'AAAAA' Source Port: 31000 Target Port: 34966 Timestamp: 1753302194.44686
<- (5) byte, b'YYYYY' Source Port: 31000 Target Port: 34966 Timestamp: 1753302194.4510028
-> (0) byte, b'' Source Port: 31000 Target Port: 34966 Timestamp: 1753302194.4516284
Connection closed from (apparently) out

mainMITM:
Starting MITM: 31002 -> 10086
Received connection: <socket.socket fd=4, family=AddressFamily.AF_INET, type=SocketKind.SOCK_STREAM, proto=0, laddr=('127.0.0.1', 31002), raddr=('127.0.0.1', 41210)>
Connected to: 127.0.0.1, 10086 using ephemeral port 55570
-> (112) byte, b's\xd3\xbc\xd5\xff\xde:\n}\xe9\xd1>\xd68\x07\xb8s*\xe8\xf8\x9bQ#\xa64\xce\x04\xcd\x1f\x92\xe9\xb1\xeb\x80&\x17\xdcB%\x02\xb2\x95\x85=\x1c\x0b\x8f\xb8,\x14\x9b\x96\xda\x08f\xe4^\xadE\x9bI\xfc\x84k\x92\x9ck\xb9H"\x01\xe8;"\xd5\xba_\xab\xa3\xf2\xfc\xc1)\x9f\xb8\xf2\xa3G\x94\x9f\xb1\xbfu\xf3+w\xbb\x99\xd9\xdd\xech/!K\xfdY\xeb\xe6\xaf\x16\xaf' Source Port: 31002 Target Port: 55570 Timestamp: 1753302194.448109
<- (71) byte, b'\xcb\xa8\x93D\n\xb8O\xde\xc6y\xb45\x9dK\x0fc\xeb\x82\xbb{\xb8\x93\x90\xe5v\xc4\x1eR\xed\x9fl3\x99\x1c\xdf\x1aK\xfd\x00\x84\x18L\xb53\xdat9J:\x8ck\x87\x1b\xd8\xd4\xd9\xad=\xc1"\x93\x15\xd7\xdb\xcd\xce\xfc\xa5\xa2\x83j' Source Port: 31002 Target Port: 55570 Timestamp: 1753302194.4506962
-> (0) byte, b'' Source Port: 31002 Target Port: 55570 Timestamp: 1753302194.452172
Connection closed from (apparently) out

serverProxyMITM:
Starting MITM: 31003 -> 31004
Received connection: <socket.socket fd=4, family=AddressFamily.AF_INET, type=SocketKind.SOCK_STREAM, proto=0, laddr=('127.0.0.1', 31003), raddr=('127.0.0.1', 51872)>
Connected to: 127.0.0.1, 31004 using ephemeral port 49930
-> (5) byte, b'AAAAA' Source Port: 31003 Target Port: 49930 Timestamp: 1753302194.4493842
<- (5) byte, b'YYYYY' Source Port: 31003 Target Port: 49930 Timestamp: 1753302194.4501693
-> (0) byte, b'' Source Port: 31003 Target Port: 49930 Timestamp: 1753302194.453782
Connection closed from (apparently) out

Client:
Mode 2 - start experiment
Sent 5 byte of A
Received 5 byte: b'YYYYY'
Connection closed

Server:
recv 5 bytes: b'AAAAA'
sent 5 byte of Y
Completed iteration 11 for mode 2 with msg size 5 at 20250723-202310
----------------------------------------
Starting iteration 12 for mode 2 with msg size 5 at 20250723-202316
Results extracted:
Name: Start test ./logs/mode2_size5.log --mode 2 --send-size 5 
	Frames: 159
	Client got: 17 over 3 messages,  sent 18
	Server got: 5, over 1 messages, sent 5
	Terminated by FIN: CLIENT -> CLIENTPROXYMITM


clientProxyMITM:
Starting MITM: 31000 -> 31001
Received connection: <socket.socket fd=4, family=AddressFamily.AF_INET, type=SocketKind.SOCK_STREAM, proto=0, laddr=('127.0.0.1', 31000), raddr=('127.0.0.1', 50338)>
Connected to: 127.0.0.1, 31001 using ephemeral port 46766
-> (3) byte, b'\x05\x01\x00' Source Port: 31000 Target Port: 46766 Timestamp: 1753302200.6453896
<- (2) byte, b'\x05\x00' Source Port: 31000 Target Port: 46766 Timestamp: 1753302200.645719
-> (4) byte, b'\x05\x01\x00\x01' Source Port: 31000 Target Port: 46766 Timestamp: 1753302200.6460295
-> (6) byte, b'\x7f\x00\x00\x01y\x1b' Source Port: 31000 Target Port: 46766 Timestamp: 1753302200.689204
<- (10) byte, b'\x05\x00\x00\x01\x00\x00\x00\x00\x00\x00' Source Port: 31000 Target Port: 46766 Timestamp: 1753302200.6895401
-> (5) byte, b'AAAAA' Source Port: 31000 Target Port: 46766 Timestamp: 1753302200.6899638
<- (5) byte, b'YYYYY' Source Port: 31000 Target Port: 46766 Timestamp: 1753302200.6949725
-> (0) byte, b'' Source Port: 31000 Target Port: 46766 Timestamp: 1753302200.6954284
Connection closed from (apparently) out

mainMITM:
Starting MITM: 31002 -> 10086
Received connection: <socket.socket fd=4, family=AddressFamily.AF_INET, type=SocketKind.SOCK_STREAM, proto=0, laddr=('127.0.0.1', 31002), raddr=('127.0.0.1', 50134)>
Connected to: 127.0.0.1, 10086 using ephemeral port 48956
-> (112) byte, b',R1ov\xae\xd5\x05\xa9\x8e0\xe2\x7f}\xd3\x04\xad\x14\x0f\xb5\x19\xd3\xaar\xb36\x9f\x1e\n%Q\xac1\x0f\xc0\xa6\xb3l\xc6\xfe\xa8"\x11\xfca\xb1\xcelO\xd6>7+\xb3\xacK\x02Jk\xc5\x90\x02\xb4\xce\x9b\x89v:\x02\xe3\x9e\xb3\x1e\ns\xa5\xf5\xb4\xb3\x12W\x93\x87v\xb7,2\xd5\r\xea\xfaO\xa0\xd0\xae\xf7\x10\x8d$!\x18\x9f\xe6\x11\xd6\xe3\xbd-\xce\xa0\x12\xfb' Source Port: 31002 Target Port: 48956 Timestamp: 1753302200.6915808
<- (71) byte, b'jh\x89QN;\xf3X1O\xd4u\xd3\x05\xda\'\xd3k\x1f\xf7\x92\xc3\xee\xb9\x03\r\x1f\x8a\x960rdR\xe7@\xa5\xe2\x99\xfeu\xd7\xebENB"\xd3\x93\xaf\x82\xdfa\xec\xb5Cc!\x15-\x93\xbb\xb2\xd0\xfa\x1cSw\x9e\xbe\xeb\x1e' Source Port: 31002 Target Port: 48956 Timestamp: 1753302200.6947262
-> (0) byte, b'' Source Port: 31002 Target Port: 48956 Timestamp: 1753302200.6958525
Connection closed from (apparently) out

serverProxyMITM:
Starting MITM: 31003 -> 31004
Received connection: <socket.socket fd=4, family=AddressFamily.AF_INET, type=SocketKind.SOCK_STREAM, proto=0, laddr=('127.0.0.1', 31003), raddr=('127.0.0.1', 40328)>
Connected to: 127.0.0.1, 31004 using ephemeral port 35212
-> (5) byte, b'AAAAA' Source Port: 31003 Target Port: 35212 Timestamp: 1753302200.693314
<- (5) byte, b'YYYYY' Source Port: 31003 Target Port: 35212 Timestamp: 1753302200.694394
-> (0) byte, b'' Source Port: 31003 Target Port: 35212 Timestamp: 1753302200.696228
Connection closed from (apparently) out

Client:
Mode 2 - start experiment
Sent 5 byte of A
Received 5 byte: b'YYYYY'
Connection closed

Server:
recv 5 bytes: b'AAAAA'
sent 5 byte of Y
Completed iteration 12 for mode 2 with msg size 5 at 20250723-202316
----------------------------------------
Starting iteration 13 for mode 2 with msg size 5 at 20250723-202322
Results extracted:
Name: Start test ./logs/mode2_size5.log --mode 2 --send-size 5 
	Frames: 164
	Client got: 17 over 3 messages,  sent 18
	Server got: 5, over 1 messages, sent 5
	Terminated by FIN: CLIENT -> CLIENTPROXYMITM


clientProxyMITM:
Starting MITM: 31000 -> 31001
Received connection: <socket.socket fd=4, family=AddressFamily.AF_INET, type=SocketKind.SOCK_STREAM, proto=0, laddr=('127.0.0.1', 31000), raddr=('127.0.0.1', 50354)>
Connected to: 127.0.0.1, 31001 using ephemeral port 46772
-> (3) byte, b'\x05\x01\x00' Source Port: 31000 Target Port: 46772 Timestamp: 1753302206.8818734
<- (2) byte, b'\x05\x00' Source Port: 31000 Target Port: 46772 Timestamp: 1753302206.8822381
-> (4) byte, b'\x05\x01\x00\x01' Source Port: 31000 Target Port: 46772 Timestamp: 1753302206.8824868
-> (6) byte, b'\x7f\x00\x00\x01y\x1b' Source Port: 31000 Target Port: 46772 Timestamp: 1753302206.9242516
<- (10) byte, b'\x05\x00\x00\x01\x00\x00\x00\x00\x00\x00' Source Port: 31000 Target Port: 46772 Timestamp: 1753302206.9245381
-> (5) byte, b'AAAAA' Source Port: 31000 Target Port: 46772 Timestamp: 1753302206.9248931
<- (5) byte, b'YYYYY' Source Port: 31000 Target Port: 46772 Timestamp: 1753302206.9280624
-> (0) byte, b'' Source Port: 31000 Target Port: 46772 Timestamp: 1753302206.9283633
Connection closed from (apparently) out

mainMITM:
Starting MITM: 31002 -> 10086
Received connection: <socket.socket fd=4, family=AddressFamily.AF_INET, type=SocketKind.SOCK_STREAM, proto=0, laddr=('127.0.0.1', 31002), raddr=('127.0.0.1', 50150)>
Connected to: 127.0.0.1, 10086 using ephemeral port 48968
-> (112) byte, b'c8\x9c\xe7\xddMV\xb4\\\x9c8\xbeE\xc8(\xb8\xf98o\xf6\x9c\xa44\x86\xfb7\x19\xdf \xbf\xed1]\xc2\x9f\xedL\x0cxa\xe8\xa2\x87*\xf8\x0bx\xbar\xfe\xc2\x8e\x87\xa3\xf6\xc2\xc3\xcb0\n\xa1\xce\xf5zwR)\xd2\x02\xae\xec\n\x1a\xb3\xfeZ\xaa\xd7K#\x1a\xe5\xfe\xad\xfb\xb4\x03\xff\x0bqY%\xaa9_\xd5\x13\xb0OED\x8cpv\xa9\xff\xa6\x86_8k:' Source Port: 31002 Target Port: 48968 Timestamp: 1753302206.9258657
<- (71) byte, b't\xa2\x07C/\x9a\x92\xd9i\x9e\xdd\xd9U\xdd\x1f\xc2\x8a\xcd\xe0\x81\xc6\xf6\xe6pW\xbbY\x10\xbaO\xf8\x93\xb0kh\x8b\x07\x1a(\xef\x00\xfeW\xc3\xc7\xc7\xae\x13\xe7]!\xc8z\xaa\x90d\xc06BE\xdd\xbf~\xb6\x9b4\x91\xfd\x18\xdf\x8c' Source Port: 31002 Target Port: 48968 Timestamp: 1753302206.9278822
-> (0) byte, b'' Source Port: 31002 Target Port: 48968 Timestamp: 1753302206.9285226
Connection closed from (apparently) out

serverProxyMITM:
Starting MITM: 31003 -> 31004
Received connection: <socket.socket fd=4, family=AddressFamily.AF_INET, type=SocketKind.SOCK_STREAM, proto=0, laddr=('127.0.0.1', 31003), raddr=('127.0.0.1', 40330)>
Connected to: 127.0.0.1, 31004 using ephemeral port 35216
-> (5) byte, b'AAAAA' Source Port: 31003 Target Port: 35216 Timestamp: 1753302206.926889
<- (5) byte, b'YYYYY' Source Port: 31003 Target Port: 35216 Timestamp: 1753302206.9275353
-> (0) byte, b'' Source Port: 31003 Target Port: 35216 Timestamp: 1753302206.928819
Connection closed from (apparently) out

Client:
Mode 2 - start experiment
Sent 5 byte of A
Received 5 byte: b'YYYYY'
Connection closed

Server:
recv 5 bytes: b'AAAAA'
sent 5 byte of Y
Completed iteration 13 for mode 2 with msg size 5 at 20250723-202322
----------------------------------------
Starting iteration 14 for mode 2 with msg size 5 at 20250723-202329
Results extracted:
Name: Start test ./logs/mode2_size5.log --mode 2 --send-size 5 
	Frames: 160
	Client got: 17 over 3 messages,  sent 18
	Server got: 5, over 1 messages, sent 5
	Terminated by FIN: CLIENT -> CLIENTPROXYMITM


clientProxyMITM:
Starting MITM: 31000 -> 31001
Received connection: <socket.socket fd=4, family=AddressFamily.AF_INET, type=SocketKind.SOCK_STREAM, proto=0, laddr=('127.0.0.1', 31000), raddr=('127.0.0.1', 50996)>
Connected to: 127.0.0.1, 31001 using ephemeral port 54562
-> (3) byte, b'\x05\x01\x00' Source Port: 31000 Target Port: 54562 Timestamp: 1753302213.1279244
<- (2) byte, b'\x05\x00' Source Port: 31000 Target Port: 54562 Timestamp: 1753302213.1282735
-> (4) byte, b'\x05\x01\x00\x01' Source Port: 31000 Target Port: 54562 Timestamp: 1753302213.1284754
-> (6) byte, b'\x7f\x00\x00\x01y\x1b' Source Port: 31000 Target Port: 54562 Timestamp: 1753302213.171938
<- (10) byte, b'\x05\x00\x00\x01\x00\x00\x00\x00\x00\x00' Source Port: 31000 Target Port: 54562 Timestamp: 1753302213.172129
-> (5) byte, b'AAAAA' Source Port: 31000 Target Port: 54562 Timestamp: 1753302213.1725118
<- (5) byte, b'YYYYY' Source Port: 31000 Target Port: 54562 Timestamp: 1753302213.175955
-> (0) byte, b'' Source Port: 31000 Target Port: 54562 Timestamp: 1753302213.1764116
Connection closed from (apparently) out

mainMITM:
Starting MITM: 31002 -> 10086
Received connection: <socket.socket fd=4, family=AddressFamily.AF_INET, type=SocketKind.SOCK_STREAM, proto=0, laddr=('127.0.0.1', 31002), raddr=('127.0.0.1', 47268)>
Connected to: 127.0.0.1, 10086 using ephemeral port 55380
-> (112) byte, b'\x973\x1e\xb7\x81`K7K\xd1}\x16\xe5\xa8\xc4\xc30\x96\x05\xb2\xc5\x86\x9a\x1c\x06\x06L\xa2\x1f\xa2\x7f\x8c(\xd5"\x85iUB\xb3{\xceiA\xb9\x17\xaek\xad\xce\x151\x91^\xf7\x96\x0e\xda\xc30\xbdy\xb1\xb8\xfc\xf5\x07\xd7\xbf:\\\x07\x8f\x859\xc21>\x138\xb2w\x1b\r\xc3)\xc84\x9a"F\xddXo\xd3#\xa2,\xdd\xb2Z\xfb\xbb\x9e\xbd\xcc\n^9\xdb\x02\xba' Source Port: 31002 Target Port: 55380 Timestamp: 1753302213.1737287
<- (71) byte, b"\x8b\xb3'\x8f[v\x98\x9f \x92=#\xa8\xcbe\xee)\x0e\xab\xf8P\xbe\n\xcb!\x01\xf9\xfd\xdd\x16\x8a\xc6\x1d\xf8K\xb9b\xf0\x86\x8e2\xee\xb3D2\r\x1d/\xe4\t\xf4\xbb(\xeam\x8aC\xf2\xe1\xbf\xbf\xb2\x8b\x989\x12\xc1\x98\xc8\xf1;" Source Port: 31002 Target Port: 55380 Timestamp: 1753302213.1757078
-> (0) byte, b'' Source Port: 31002 Target Port: 55380 Timestamp: 1753302213.1765938
Connection closed from (apparently) out

serverProxyMITM:
Starting MITM: 31003 -> 31004
Received connection: <socket.socket fd=4, family=AddressFamily.AF_INET, type=SocketKind.SOCK_STREAM, proto=0, laddr=('127.0.0.1', 31003), raddr=('127.0.0.1', 45610)>
Connected to: 127.0.0.1, 31004 using ephemeral port 46768
-> (5) byte, b'AAAAA' Source Port: 31003 Target Port: 46768 Timestamp: 1753302213.1747663
<- (5) byte, b'YYYYY' Source Port: 31003 Target Port: 46768 Timestamp: 1753302213.175273
-> (0) byte, b'' Source Port: 31003 Target Port: 46768 Timestamp: 1753302213.1768215
Connection closed from (apparently) out

Client:
Mode 2 - start experiment
Sent 5 byte of A
Received 5 byte: b'YYYYY'
Connection closed

Server:
recv 5 bytes: b'AAAAA'
sent 5 byte of Y
Completed iteration 14 for mode 2 with msg size 5 at 20250723-202329
----------------------------------------
Starting iteration 15 for mode 2 with msg size 5 at 20250723-202335
Results extracted:
Name: Start test ./logs/mode2_size5.log --mode 2 --send-size 5 
	Frames: 155
	Client got: 17 over 3 messages,  sent 18
	Server got: 5, over 1 messages, sent 5
	Terminated by FIN: CLIENT -> CLIENTPROXYMITM


clientProxyMITM:
Starting MITM: 31000 -> 31001
Received connection: <socket.socket fd=4, family=AddressFamily.AF_INET, type=SocketKind.SOCK_STREAM, proto=0, laddr=('127.0.0.1', 31000), raddr=('127.0.0.1', 55330)>
Connected to: 127.0.0.1, 31001 using ephemeral port 50366
-> (3) byte, b'\x05\x01\x00' Source Port: 31000 Target Port: 50366 Timestamp: 1753302219.3526342
<- (2) byte, b'\x05\x00' Source Port: 31000 Target Port: 50366 Timestamp: 1753302219.3528821
-> (4) byte, b'\x05\x01\x00\x01' Source Port: 31000 Target Port: 50366 Timestamp: 1753302219.3531907
-> (6) byte, b'\x7f\x00\x00\x01y\x1b' Source Port: 31000 Target Port: 50366 Timestamp: 1753302219.4013207
<- (10) byte, b'\x05\x00\x00\x01\x00\x00\x00\x00\x00\x00' Source Port: 31000 Target Port: 50366 Timestamp: 1753302219.4015155
-> (5) byte, b'AAAAA' Source Port: 31000 Target Port: 50366 Timestamp: 1753302219.4018908
<- (5) byte, b'YYYYY' Source Port: 31000 Target Port: 50366 Timestamp: 1753302219.4054182
-> (0) byte, b'' Source Port: 31000 Target Port: 50366 Timestamp: 1753302219.4057994
Connection closed from (apparently) out

mainMITM:
Starting MITM: 31002 -> 10086
Received connection: <socket.socket fd=4, family=AddressFamily.AF_INET, type=SocketKind.SOCK_STREAM, proto=0, laddr=('127.0.0.1', 31002), raddr=('127.0.0.1', 37298)>
Connected to: 127.0.0.1, 10086 using ephemeral port 46098
-> (112) byte, b'\xe8wp9^J\xa6\t\xab\xc1\xc7\x1f\x8aL\x9b\xf8\xb7<d8\x8f\x9aN\\\\d\xaf\xf7n\r=n\xd0k0y\x88\xe4\xecjp\xe4\x8c}\xbc\xa0\xbc:\xd9\xc2\t\xd0)\xe4\xe7+X\x9d\xc6\x0f\xaf\x0b\x9dl\xd4q\x0b\x8f\xfd%\xda\x02\xf2\xa8\xa6\xbf\x9c\x9d\x96\xfb\x91\x87.\xdf\xd2<q\x00\xb6h\xcb\x844\xf1j8\xd9\x13l}\xb5\xb7]A]\xdc\x98Z\x7f\x9cj\x1b' Source Port: 31002 Target Port: 46098 Timestamp: 1753302219.4032147
<- (71) byte, b'\x1eJ\xc4_\x04\xf7\x96\x91$\xdf_\x16\x81\xef\xc4B\xf2+b\x17h\x1d\x8c\xfc\xdf\x81\x9d\n?-@ l*\xcb\x11\x8a\x85\xd7\xf2y\xdb#\x83\xa2\xa8^\x1e\xaeM\x02\xca\x9e[\xc0_\xf1\xde\x110EK\xdc\xf0\x0c\xb2\x00\x0b0(r' Source Port: 31002 Target Port: 46098 Timestamp: 1753302219.4051425
-> (0) byte, b'' Source Port: 31002 Target Port: 46098 Timestamp: 1753302219.406281
Connection closed from (apparently) out

serverProxyMITM:
Starting MITM: 31003 -> 31004
Received connection: <socket.socket fd=4, family=AddressFamily.AF_INET, type=SocketKind.SOCK_STREAM, proto=0, laddr=('127.0.0.1', 31003), raddr=('127.0.0.1', 46240)>
Connected to: 127.0.0.1, 31004 using ephemeral port 57988
-> (5) byte, b'AAAAA' Source Port: 31003 Target Port: 57988 Timestamp: 1753302219.40429
<- (5) byte, b'YYYYY' Source Port: 31003 Target Port: 57988 Timestamp: 1753302219.404715
-> (0) byte, b'' Source Port: 31003 Target Port: 57988 Timestamp: 1753302219.4064775
Connection closed from (apparently) out

Client:
Mode 2 - start experiment
Sent 5 byte of A
Received 5 byte: b'YYYYY'
Connection closed

Server:
recv 5 bytes: b'AAAAA'
sent 5 byte of Y
Completed iteration 15 for mode 2 with msg size 5 at 20250723-202335
----------------------------------------
Starting iteration 16 for mode 2 with msg size 5 at 20250723-202341
Results extracted:
Name: Start test ./logs/mode2_size5.log --mode 2 --send-size 5 
	Frames: 165
	Client got: 17 over 3 messages,  sent 18
	Server got: 5, over 1 messages, sent 5
	Terminated by FIN: CLIENT -> CLIENTPROXYMITM


clientProxyMITM:
Starting MITM: 31000 -> 31001
Received connection: <socket.socket fd=4, family=AddressFamily.AF_INET, type=SocketKind.SOCK_STREAM, proto=0, laddr=('127.0.0.1', 31000), raddr=('127.0.0.1', 55342)>
Connected to: 127.0.0.1, 31001 using ephemeral port 50382
-> (3) byte, b'\x05\x01\x00' Source Port: 31000 Target Port: 50382 Timestamp: 1753302225.6172438
<- (2) byte, b'\x05\x00' Source Port: 31000 Target Port: 50382 Timestamp: 1753302225.6176293
-> (4) byte, b'\x05\x01\x00\x01' Source Port: 31000 Target Port: 50382 Timestamp: 1753302225.6177964
-> (6) byte, b'\x7f\x00\x00\x01y\x1b' Source Port: 31000 Target Port: 50382 Timestamp: 1753302225.6584623
<- (10) byte, b'\x05\x00\x00\x01\x00\x00\x00\x00\x00\x00' Source Port: 31000 Target Port: 50382 Timestamp: 1753302225.6588492
-> (5) byte, b'AAAAA' Source Port: 31000 Target Port: 50382 Timestamp: 1753302225.6593924
<- (5) byte, b'YYYYY' Source Port: 31000 Target Port: 50382 Timestamp: 1753302225.6636927
-> (0) byte, b'' Source Port: 31000 Target Port: 50382 Timestamp: 1753302225.6642344
Connection closed from (apparently) out

mainMITM:
Starting MITM: 31002 -> 10086
Received connection: <socket.socket fd=4, family=AddressFamily.AF_INET, type=SocketKind.SOCK_STREAM, proto=0, laddr=('127.0.0.1', 31002), raddr=('127.0.0.1', 37302)>
Connected to: 127.0.0.1, 10086 using ephemeral port 46114
-> (112) byte, b'\x877E\xa4\x0ehu\xa7_=\x96\xc2\xc38F=a\xa0\x9f\x88\xbc"dR\xc4\xe4\x86\xce\x1a\xfd\x1b\xfe4\xa7d\xa8\xc1be\x93\xdc\xba\x07\xf1[([\x9c\x83!\xc46\xbe\xf7\xb8\x9cN]\xd4|\xecV\xff\xe1\x01\x86\xf2\xc8-\xe3\xb7f\xf4\x04\x08\x91>\xd8\xba\x9cP\xb5\xbd\xbc]\xbb>K\x92\xcc\\z\x94>\xbc\x11\x83t\x0e\xaaB\x81\xaf\x8d\xf9\x92m\xebH\x15\xf6\xc4' Source Port: 31002 Target Port: 46114 Timestamp: 1753302225.660581
<- (71) byte, b'\xc2\x98\xd0\x9a\xf9\xe1[\xc6Wt\xc2eys\xfa\xba\x1e\x01CR}k\xec\x00\xd2\x93\x073\x1e\xebiV\xf5\x8c\xae\xe2$\xc22\xa3\xb2\xf7\x01\xe6\x08-\xf7\x0e\x89U<\xf0~\xe3\x98G\xc2\xc5`\xf5\xef\xca\xb6\x08\x8dQ\xbeik\xa4\x82' Source Port: 31002 Target Port: 46114 Timestamp: 1753302225.663432
-> (0) byte, b'' Source Port: 31002 Target Port: 46114 Timestamp: 1753302225.667268
Connection closed from (apparently) out

serverProxyMITM:
Starting MITM: 31003 -> 31004
Received connection: <socket.socket fd=4, family=AddressFamily.AF_INET, type=SocketKind.SOCK_STREAM, proto=0, laddr=('127.0.0.1', 31003), raddr=('127.0.0.1', 46252)>
Connected to: 127.0.0.1, 31004 using ephemeral port 57996
-> (5) byte, b'AAAAA' Source Port: 31003 Target Port: 57996 Timestamp: 1753302225.662226
<- (5) byte, b'YYYYY' Source Port: 31003 Target Port: 57996 Timestamp: 1753302225.6628308
-> (0) byte, b'' Source Port: 31003 Target Port: 57996 Timestamp: 1753302225.66782
Connection closed from (apparently) out

Client:
Mode 2 - start experiment
Sent 5 byte of A
Received 5 byte: b'YYYYY'
Connection closed

Server:
recv 5 bytes: b'AAAAA'
sent 5 byte of Y
Completed iteration 16 for mode 2 with msg size 5 at 20250723-202341
----------------------------------------
Starting iteration 17 for mode 2 with msg size 5 at 20250723-202347
Results extracted:
Name: Start test ./logs/mode2_size5.log --mode 2 --send-size 5 
	Frames: 162
	Client got: 17 over 3 messages,  sent 18
	Server got: 5, over 1 messages, sent 5
	Terminated by FIN: CLIENT -> CLIENTPROXYMITM


clientProxyMITM:
Starting MITM: 31000 -> 31001
Received connection: <socket.socket fd=4, family=AddressFamily.AF_INET, type=SocketKind.SOCK_STREAM, proto=0, laddr=('127.0.0.1', 31000), raddr=('127.0.0.1', 47808)>
Connected to: 127.0.0.1, 31001 using ephemeral port 43120
-> (3) byte, b'\x05\x01\x00' Source Port: 31000 Target Port: 43120 Timestamp: 1753302231.8609574
<- (2) byte, b'\x05\x00' Source Port: 31000 Target Port: 43120 Timestamp: 1753302231.8613136
-> (4) byte, b'\x05\x01\x00\x01' Source Port: 31000 Target Port: 43120 Timestamp: 1753302231.8616958
-> (6) byte, b'\x7f\x00\x00\x01y\x1b' Source Port: 31000 Target Port: 43120 Timestamp: 1753302231.902242
<- (10) byte, b'\x05\x00\x00\x01\x00\x00\x00\x00\x00\x00' Source Port: 31000 Target Port: 43120 Timestamp: 1753302231.902664
-> (5) byte, b'AAAAA' Source Port: 31000 Target Port: 43120 Timestamp: 1753302231.9032836
<- (5) byte, b'YYYYY' Source Port: 31000 Target Port: 43120 Timestamp: 1753302231.9082394
-> (0) byte, b'' Source Port: 31000 Target Port: 43120 Timestamp: 1753302231.9086118
Connection closed from (apparently) out

mainMITM:
Starting MITM: 31002 -> 10086
Received connection: <socket.socket fd=4, family=AddressFamily.AF_INET, type=SocketKind.SOCK_STREAM, proto=0, laddr=('127.0.0.1', 31002), raddr=('127.0.0.1', 44602)>
Connected to: 127.0.0.1, 10086 using ephemeral port 50352
-> (112) byte, b'\x8d\xdd\x17\xc2B\x94z\xa3\x83^\x0c\xb3\x0e}\x9fye\xf4\xecH\x86\xc0\xbe\x9b\xb4\xa0\x95\xf66~\xf2\x1adaL\xa8\xb2|\xfa\xca\x8b<\xfc\xa4L6?w\x899\x03y\xef\xb7\xca\xc4\xff\xf0\xaf\xb8z\xc8\xe3\x12\xcc\x9b\xc3\xc6\xbc\x18\x12\x98:J\xc0\xff\xbf\x04\x9a\xb8w\xf8\x04\xfb\x8eG\x83\x95,T\\\xcb\xfbp\x01\xb6\xfdm\xd0\x83\xb6\r\xa4\xbf\xf1\x85!\xc4\xa6A\x1f\xec' Source Port: 31002 Target Port: 50352 Timestamp: 1753302231.9047353
<- (71) byte, b'>N\xa0\xdc\xc6N\x17\xef\xda\xf9-\xf5\x9b\xe8\x89.\xe3Lv\x84,T\xa8\xd0\xa4\xc55\xa9\x9e\xfd\x9b>\xac5f\xa3\xa0\xab\x1a\x05\x85\xe8\x897\xc9\xab\x00\xee\x90l\x07\x1fn$\xc1,\x1co\xfaV\xfbC\xf3\xd6\xbaEC\x86\x88\xa1\x01' Source Port: 31002 Target Port: 50352 Timestamp: 1753302231.9078443
-> (0) byte, b'' Source Port: 31002 Target Port: 50352 Timestamp: 1753302231.9088738
Connection closed from (apparently) out

serverProxyMITM:
Starting MITM: 31003 -> 31004
Received connection: <socket.socket fd=4, family=AddressFamily.AF_INET, type=SocketKind.SOCK_STREAM, proto=0, laddr=('127.0.0.1', 31003), raddr=('127.0.0.1', 41668)>
Connected to: 127.0.0.1, 31004 using ephemeral port 43740
-> (5) byte, b'AAAAA' Source Port: 31003 Target Port: 43740 Timestamp: 1753302231.9063265
<- (5) byte, b'YYYYY' Source Port: 31003 Target Port: 43740 Timestamp: 1753302231.90743
-> (0) byte, b'' Source Port: 31003 Target Port: 43740 Timestamp: 1753302231.909508
Connection closed from (apparently) out

Client:
Mode 2 - start experiment
Sent 5 byte of A
Received 5 byte: b'YYYYY'
Connection closed

Server:
recv 5 bytes: b'AAAAA'
sent 5 byte of Y
Completed iteration 17 for mode 2 with msg size 5 at 20250723-202347
----------------------------------------
Starting iteration 18 for mode 2 with msg size 5 at 20250723-202354
Results extracted:
Name: Start test ./logs/mode2_size5.log --mode 2 --send-size 5 
	Frames: 153
	Client got: 17 over 3 messages,  sent 18
	Server got: 5, over 1 messages, sent 5
	Terminated by FIN: CLIENT -> CLIENTPROXYMITM


clientProxyMITM:
Starting MITM: 31000 -> 31001
Received connection: <socket.socket fd=4, family=AddressFamily.AF_INET, type=SocketKind.SOCK_STREAM, proto=0, laddr=('127.0.0.1', 31000), raddr=('127.0.0.1', 52116)>
Connected to: 127.0.0.1, 31001 using ephemeral port 50262
-> (3) byte, b'\x05\x01\x00' Source Port: 31000 Target Port: 50262 Timestamp: 1753302238.0796876
<- (2) byte, b'\x05\x00' Source Port: 31000 Target Port: 50262 Timestamp: 1753302238.0799918
-> (4) byte, b'\x05\x01\x00\x01' Source Port: 31000 Target Port: 50262 Timestamp: 1753302238.0803936
-> (6) byte, b'\x7f\x00\x00\x01y\x1b' Source Port: 31000 Target Port: 50262 Timestamp: 1753302238.129678
<- (10) byte, b'\x05\x00\x00\x01\x00\x00\x00\x00\x00\x00' Source Port: 31000 Target Port: 50262 Timestamp: 1753302238.1301694
-> (5) byte, b'AAAAA' Source Port: 31000 Target Port: 50262 Timestamp: 1753302238.130786
<- (5) byte, b'YYYYY' Source Port: 31000 Target Port: 50262 Timestamp: 1753302238.137541
-> (0) byte, b'' Source Port: 31000 Target Port: 50262 Timestamp: 1753302238.1379614
Connection closed from (apparently) out

mainMITM:
Starting MITM: 31002 -> 10086
Received connection: <socket.socket fd=4, family=AddressFamily.AF_INET, type=SocketKind.SOCK_STREAM, proto=0, laddr=('127.0.0.1', 31002), raddr=('127.0.0.1', 42326)>
Connected to: 127.0.0.1, 10086 using ephemeral port 45638
-> (112) byte, b"\xcfO\x03\x8a\xf5[\x98\xf9\x01\xe0\x07\xb6A\x80\x90C\xa0@\xa4\x10\xbc5}\x84\xe9\x060Nm\x0c7\x1d\xda5\xf3\xe8@\x12=_\x95\xda\xf9\xf7\xb4\xf4\xdd7\xec62a\xe3?IR\xdc\x93\x01\x97\x1c\x92\xc3dWk:\x8e\xf3\xa6J\xeb\n8P\xa5\xf1\xfd\x91;\xa9'\xe0\xfb&\xe5\xf6\x99\x8c\x89\x8e\xa3'I9\x0c\x94\xa86@*`\x9e\xd2m\xf19^\x06\xf4\x9a\x11" Source Port: 31002 Target Port: 45638 Timestamp: 1753302238.133212
<- (71) byte, b"\xfab\xed\xf9i\xcc\xbatn\xf0\xd2;/I\xec/\xf0\xd4\xf6\x8dk7\xe7\x8a\xfdJa\x96\x80p\x83\xaf\xb7\x94CB+\x12\xbbx\xd3\xb2\x86\x98-\xe8\x01~/\xdf\xc9~O3\xd4\xe0\n\xa2\x02\x15\xc4\x9d'\xe6vR\x0b\xfc\x05\xbc\xed" Source Port: 31002 Target Port: 45638 Timestamp: 1753302238.1370132
-> (0) byte, b'' Source Port: 31002 Target Port: 45638 Timestamp: 1753302238.1387193
Connection closed from (apparently) out

serverProxyMITM:
Starting MITM: 31003 -> 31004
Received connection: <socket.socket fd=4, family=AddressFamily.AF_INET, type=SocketKind.SOCK_STREAM, proto=0, laddr=('127.0.0.1', 31003), raddr=('127.0.0.1', 33336)>
Connected to: 127.0.0.1, 31004 using ephemeral port 39428
-> (5) byte, b'AAAAA' Source Port: 31003 Target Port: 39428 Timestamp: 1753302238.1355472
<- (5) byte, b'YYYYY' Source Port: 31003 Target Port: 39428 Timestamp: 1753302238.1364863
-> (0) byte, b'' Source Port: 31003 Target Port: 39428 Timestamp: 1753302238.1389487
Connection closed from (apparently) out

Client:
Mode 2 - start experiment
Sent 5 byte of A
Received 5 byte: b'YYYYY'
Connection closed

Server:
recv 5 bytes: b'AAAAA'
sent 5 byte of Y
Completed iteration 18 for mode 2 with msg size 5 at 20250723-202354
----------------------------------------
Starting iteration 19 for mode 2 with msg size 5 at 20250723-202400
Results extracted:
Name: Start test ./logs/mode2_size5.log --mode 2 --send-size 5 
	Frames: 153
	Client got: 17 over 3 messages,  sent 18
	Server got: 5, over 1 messages, sent 5
	Terminated by FIN: CLIENT -> CLIENTPROXYMITM


clientProxyMITM:
Starting MITM: 31000 -> 31001
Received connection: <socket.socket fd=4, family=AddressFamily.AF_INET, type=SocketKind.SOCK_STREAM, proto=0, laddr=('127.0.0.1', 31000), raddr=('127.0.0.1', 52128)>
Connected to: 127.0.0.1, 31001 using ephemeral port 50268
-> (3) byte, b'\x05\x01\x00' Source Port: 31000 Target Port: 50268 Timestamp: 1753302244.3214097
<- (2) byte, b'\x05\x00' Source Port: 31000 Target Port: 50268 Timestamp: 1753302244.3216305
-> (4) byte, b'\x05\x01\x00\x01' Source Port: 31000 Target Port: 50268 Timestamp: 1753302244.321855
-> (6) byte, b'\x7f\x00\x00\x01y\x1b' Source Port: 31000 Target Port: 50268 Timestamp: 1753302244.3719997
<- (10) byte, b'\x05\x00\x00\x01\x00\x00\x00\x00\x00\x00' Source Port: 31000 Target Port: 50268 Timestamp: 1753302244.3727922
-> (5) byte, b'AAAAA' Source Port: 31000 Target Port: 50268 Timestamp: 1753302244.3732162
<- (5) byte, b'YYYYY' Source Port: 31000 Target Port: 50268 Timestamp: 1753302244.3769622
-> (0) byte, b'' Source Port: 31000 Target Port: 50268 Timestamp: 1753302244.3773253
Connection closed from (apparently) out

mainMITM:
Starting MITM: 31002 -> 10086
Received connection: <socket.socket fd=4, family=AddressFamily.AF_INET, type=SocketKind.SOCK_STREAM, proto=0, laddr=('127.0.0.1', 31002), raddr=('127.0.0.1', 42328)>
Connected to: 127.0.0.1, 10086 using ephemeral port 45640
-> (112) byte, b'O\xc3sw.Suy\xe0\x95\x16\xbb\xe9O&y\xd6\x80\xdf7\x15\x90*Y\xd7e\x94I\xa0\x12\xaeXe\x85&\x8d\xd9\xa7\x81\x81k\xb9\xe9\xc3{\xfa\x9c=D\xd6"\x8eB\n9\x95,5HV\xff\x9d\x0f\xdf\x1d\xa9\x06N\xa07(\xf5\xbe1l\x1f\xfa\xbb\xc2\xa7j\xd9\x1ao\xec\x80\xae\xf5\xa4Bn7\x97\x00\x0b\xf3\x8b\xderZ\x87\xe4\xfbu.\'O\xc2"\x91\n\x03' Source Port: 31002 Target Port: 45640 Timestamp: 1753302244.3747172
<- (71) byte, b'\x8c\xe88\x15\x1e\x0bo\x11\xe2\xea\xffU\xd0\xa1gq\x10\xb73\xbe-im\xc7oHG\xa8\xe6~\xb2N\xd3\xe6\xe9\x98*\xfc\xa64\xed\xfa\xa0\x7f\xf5\xd7\xaf\x81\xf3\xc0\xa4\x1e\xca\x8aQe\x8f\xef\xb7D_m\xdaq\xaf\x02\xe2\xe9P\xf6\xb6' Source Port: 31002 Target Port: 45640 Timestamp: 1753302244.3766956
-> (0) byte, b'' Source Port: 31002 Target Port: 45640 Timestamp: 1753302244.3775284
Connection closed from (apparently) out

serverProxyMITM:
Starting MITM: 31003 -> 31004
Received connection: <socket.socket fd=4, family=AddressFamily.AF_INET, type=SocketKind.SOCK_STREAM, proto=0, laddr=('127.0.0.1', 31003), raddr=('127.0.0.1', 33346)>
Connected to: 127.0.0.1, 31004 using ephemeral port 39436
-> (5) byte, b'AAAAA' Source Port: 31003 Target Port: 39436 Timestamp: 1753302244.3758404
<- (5) byte, b'YYYYY' Source Port: 31003 Target Port: 39436 Timestamp: 1753302244.3763752
-> (0) byte, b'' Source Port: 31003 Target Port: 39436 Timestamp: 1753302244.377804
Connection closed from (apparently) out

Client:
Mode 2 - start experiment
Sent 5 byte of A
Received 5 byte: b'YYYYY'
Connection closed

Server:
recv 5 bytes: b'AAAAA'
sent 5 byte of Y
Completed iteration 19 for mode 2 with msg size 5 at 20250723-202400
----------------------------------------
Starting iteration 20 for mode 2 with msg size 5 at 20250723-202406
Results extracted:
Name: Start test ./logs/mode2_size5.log --mode 2 --send-size 5 
	Frames: 163
	Client got: 17 over 3 messages,  sent 18
	Server got: 5, over 1 messages, sent 5
	Terminated by FIN: CLIENT -> CLIENTPROXYMITM


clientProxyMITM:
Starting MITM: 31000 -> 31001
Received connection: <socket.socket fd=4, family=AddressFamily.AF_INET, type=SocketKind.SOCK_STREAM, proto=0, laddr=('127.0.0.1', 31000), raddr=('127.0.0.1', 34402)>
Connected to: 127.0.0.1, 31001 using ephemeral port 56822
-> (3) byte, b'\x05\x01\x00' Source Port: 31000 Target Port: 56822 Timestamp: 1753302250.5707357
<- (2) byte, b'\x05\x00' Source Port: 31000 Target Port: 56822 Timestamp: 1753302250.5710254
-> (4) byte, b'\x05\x01\x00\x01' Source Port: 31000 Target Port: 56822 Timestamp: 1753302250.5713446
-> (6) byte, b'\x7f\x00\x00\x01y\x1b' Source Port: 31000 Target Port: 56822 Timestamp: 1753302250.6153994
<- (10) byte, b'\x05\x00\x00\x01\x00\x00\x00\x00\x00\x00' Source Port: 31000 Target Port: 56822 Timestamp: 1753302250.6156366
-> (5) byte, b'AAAAA' Source Port: 31000 Target Port: 56822 Timestamp: 1753302250.6161067
<- (5) byte, b'YYYYY' Source Port: 31000 Target Port: 56822 Timestamp: 1753302250.619885
-> (0) byte, b'' Source Port: 31000 Target Port: 56822 Timestamp: 1753302250.6203198
Connection closed from (apparently) out

mainMITM:
Starting MITM: 31002 -> 10086
Received connection: <socket.socket fd=4, family=AddressFamily.AF_INET, type=SocketKind.SOCK_STREAM, proto=0, laddr=('127.0.0.1', 31002), raddr=('127.0.0.1', 48314)>
Connected to: 127.0.0.1, 10086 using ephemeral port 34706
-> (112) byte, b"[\x1dfD\xd2\x0f\xdf\x07_ya-y\xbeWR\x94\xac\xd7]\x156\x00\x8c\x95\x91%*y+\xbb\xce\x83\x1e$1[Q\x15\x13C\xc005*\x1b\xac_\x89_\xab\xceO\xeet\xbd\x88\xdc7\xdd\x8d'\x02\xd4\xf4\xab\x8e2/\x00x\xde\xf4\xd7\x02\xf6\x96f;\xbb\x0e\x00\xe3\xa8\x17\xcaCnk\xd1\xc2\x03=\xa8kv\xe5\xc6p\xfa\x18\xc7mMz\xe6\xb3\x85\xc5\x07\xaa\x0e" Source Port: 31002 Target Port: 34706 Timestamp: 1753302250.61703
<- (71) byte, b'\xa93Z\xdb\xc6\x84\x81?\x87\xbc\x9cY\xb1)\x9cl\\\xa3\xd4\x9e\x8f\x82\xcf\x8dD\xfe\xbb\x8d\xc9\x05I\x95\xdc%\x03P\xd5\xf7c/\x0fq\xbc\xaaB\x00\xf4\x95yS\x87\xe5;S\xfe\xac\xd8\x8c\xdd\xac>)\t(Now\x8f8\xf5\xa7' Source Port: 31002 Target Port: 34706 Timestamp: 1753302250.6195357
-> (0) byte, b'' Source Port: 31002 Target Port: 34706 Timestamp: 1753302250.6205523
Connection closed from (apparently) out

serverProxyMITM:
Starting MITM: 31003 -> 31004
Received connection: <socket.socket fd=4, family=AddressFamily.AF_INET, type=SocketKind.SOCK_STREAM, proto=0, laddr=('127.0.0.1', 31003), raddr=('127.0.0.1', 44766)>
Connected to: 127.0.0.1, 31004 using ephemeral port 52556
-> (5) byte, b'AAAAA' Source Port: 31003 Target Port: 52556 Timestamp: 1753302250.618196
<- (5) byte, b'YYYYY' Source Port: 31003 Target Port: 52556 Timestamp: 1753302250.6189666
-> (0) byte, b'' Source Port: 31003 Target Port: 52556 Timestamp: 1753302250.6208339
Connection closed from (apparently) out

Client:
Mode 2 - start experiment
Sent 5 byte of A
Received 5 byte: b'YYYYY'
Connection closed

Server:
recv 5 bytes: b'AAAAA'
sent 5 byte of Y
Completed iteration 20 for mode 2 with msg size 5 at 20250723-202406
----------------------------------------
