Starting iteration 1 for mode 4 with msg size 8 at 20250723-204323
Results extracted:
Name: Start test ./logs/mode4_size8.log --mode 4 --send-size 8 
	Frames: 199
	Client got: 28 over 4 messages,  sent 13
	Server got: 0, over 0 messages, sent 16
	Terminated by FIN: CLIENT -> CLIENTPROXYMITM


clientProxyMITM:
Starting MITM: 31000 -> 31001
Received connection: <socket.socket fd=4, family=AddressFamily.AF_INET, type=SocketKind.SOCK_STREAM, proto=0, laddr=('127.0.0.1', 31000), raddr=('127.0.0.1', 34860)>
Connected to: 127.0.0.1, 31001 using ephemeral port 58638
-> (3) byte, b'\x05\x01\x00' Source Port: 31000 Target Port: 58638 Timestamp: 1753303407.8275235
<- (2) byte, b'\x05\x00' Source Port: 31000 Target Port: 58638 Timestamp: 1753303407.8279111
-> (4) byte, b'\x05\x01\x00\x01' Source Port: 31000 Target Port: 58638 Timestamp: 1753303407.828247
-> (6) byte, b'\x7f\x00\x00\x01y\x1b' Source Port: 31000 Target Port: 58638 Timestamp: 1753303407.8787687
<- (10) byte, b'\x05\x00\x00\x01\x00\x00\x00\x00\x00\x00' Source Port: 31000 Target Port: 58638 Timestamp: 1753303407.879149
<- (8) byte, b'XXXXXXXX' Source Port: 31000 Target Port: 58638 Timestamp: 1753303407.9335885
<- (8) byte, b'YYYYYYYY' Source Port: 31000 Target Port: 58638 Timestamp: 1753303408.9409509
-> (0) byte, b'' Source Port: 31000 Target Port: 58638 Timestamp: 1753303408.9422536
Connection closed from (apparently) out

mainMITM:
Starting MITM: 31002 -> 10086
Received connection: <socket.socket fd=4, family=AddressFamily.AF_INET, type=SocketKind.SOCK_STREAM, proto=0, laddr=('127.0.0.1', 31002), raddr=('127.0.0.1', 46542)>
Connected to: 127.0.0.1, 10086 using ephemeral port 47802
-> (73) byte, b'B\xb4\xa5o\\\xf8=\x8c\xc0\x8a\x8bg\x94-\xcb\xd6\x919\xc0\xabIl\xdc\xbe\x93CM\xd8\xdfzEPV\x00\x15[\xcbg\xc8\xc0\xea\xdc\x02\xe4\xbfb\x0b\x15h\xff\x9d\rY\x80\xa7\xff\xa4l6\xd7\x03\x11\x89[\x01\xa48B\xf7\xdaQB\x92' Source Port: 31002 Target Port: 47802 Timestamp: 1753303407.9303637
<- (74) byte, b'X3\xc3\x0c~\xb7w\xf4\xec\x88a\xe7\xd5t\x83h\xff\xb5(,\x15\xb7\x01\x8d\xb3r\x84s\xe9\x9a\x165\x10\x18\xf6\xecbo\xb8\xd97\x9e\x87-\xcf\x95 X\xfc\x99\x9a\xadJK \xc7\x12+\x8f\xd2\xceE]\x86\xeb\xcf\x08\x16OyG@u\xdb' Source Port: 31002 Target Port: 47802 Timestamp: 1753303407.933252
<- (42) byte, b'\xe6\xb6\x0e\x8c+\xe5sID\xcf\xfa\xd7\xbeum\xc6X9\xcf\x7f}\x05J\xd0#"\x94\x08J\xd5\xed\x12\xa1\x06\x8d\x97L\xaa2il-' Source Port: 31002 Target Port: 47802 Timestamp: 1753303408.940181
-> (0) byte, b'' Source Port: 31002 Target Port: 47802 Timestamp: 1753303408.9435768
Connection closed from (apparently) out

serverProxyMITM:
Starting MITM: 31003 -> 31004
Received connection: <socket.socket fd=4, family=AddressFamily.AF_INET, type=SocketKind.SOCK_STREAM, proto=0, laddr=('127.0.0.1', 31003), raddr=('127.0.0.1', 55886)>
Connected to: 127.0.0.1, 31004 using ephemeral port 50104
<- (8) byte, b'XXXXXXXX' Source Port: 31003 Target Port: 50104 Timestamp: 1753303407.9324162
<- (8) byte, b'YYYYYYYY' Source Port: 31003 Target Port: 50104 Timestamp: 1753303408.9393015
-> (0) byte, b'' Source Port: 31003 Target Port: 50104 Timestamp: 1753303408.9447973
Connection closed from (apparently) out

Client:
Mode 4 - start experiment
Received 1st 8 byte: b'XXXXXXXX'
Received 2nd 8 byte: b'YYYYYYYY'
Connection closed

Server:
sent 8 byte of X
sent 8 byte of Y
Completed iteration 1 for mode 4 with msg size 8 at 20250723-204323
----------------------------------------
Starting iteration 2 for mode 4 with msg size 8 at 20250723-204331
Results extracted:
Name: Start test ./logs/mode4_size8.log --mode 4 --send-size 8 
	Frames: 185
	Client got: 28 over 4 messages,  sent 13
	Server got: 0, over 0 messages, sent 16
	Terminated by FIN: CLIENT -> CLIENTPROXYMITM


clientProxyMITM:
Starting MITM: 31000 -> 31001
Received connection: <socket.socket fd=4, family=AddressFamily.AF_INET, type=SocketKind.SOCK_STREAM, proto=0, laddr=('127.0.0.1', 31000), raddr=('127.0.0.1', 40336)>
Connected to: 127.0.0.1, 31001 using ephemeral port 47110
-> (3) byte, b'\x05\x01\x00' Source Port: 31000 Target Port: 47110 Timestamp: 1753303415.1709242
<- (2) byte, b'\x05\x00' Source Port: 31000 Target Port: 47110 Timestamp: 1753303415.1712816
-> (4) byte, b'\x05\x01\x00\x01' Source Port: 31000 Target Port: 47110 Timestamp: 1753303415.1716902
-> (6) byte, b'\x7f\x00\x00\x01y\x1b' Source Port: 31000 Target Port: 47110 Timestamp: 1753303415.2184398
<- (10) byte, b'\x05\x00\x00\x01\x00\x00\x00\x00\x00\x00' Source Port: 31000 Target Port: 47110 Timestamp: 1753303415.2188246
<- (8) byte, b'XXXXXXXX' Source Port: 31000 Target Port: 47110 Timestamp: 1753303415.2736132
<- (8) byte, b'YYYYYYYY' Source Port: 31000 Target Port: 47110 Timestamp: 1753303416.278108
-> (0) byte, b'' Source Port: 31000 Target Port: 47110 Timestamp: 1753303416.2795653
Connection closed from (apparently) out

mainMITM:
Starting MITM: 31002 -> 10086
Received connection: <socket.socket fd=4, family=AddressFamily.AF_INET, type=SocketKind.SOCK_STREAM, proto=0, laddr=('127.0.0.1', 31002), raddr=('127.0.0.1', 44176)>
Connected to: 127.0.0.1, 10086 using ephemeral port 52548
-> (73) byte, b'h\xe6\xc0\xf8H\x1e3\x94l\xc0\x1e\xcd?\xe7\x19\x88\x81X\xcf\xafx0\xa7\x80\xd6#\xcap\xf3L\x82!\xedu\x9f\xda\x84\xa0\xe9C\xe8\xd9w\x82\x87\xe4\xb3\x8f5\x12\xde\xf173\xce\xb9\xd9\xdf\x11\x027\x1e\xd2e\xe0\x03\x02\xe2\x1cs+o\x97' Source Port: 31002 Target Port: 52548 Timestamp: 1753303415.270775
<- (74) byte, b'\xbfA"n\xa9}j\xf8\x9d%T\xbd\x99\xd3 #\r;\x0e\xfd\xf0b\x9c\x16\xba\xe9\xbd\xfb\x1e\'\xa7\x1f\xcd\xf8\xcfSJ\x82;\xe4\x1ayZ\x7f\xdc\x02\x07\x12\x0b,0%D\x90!\xd9\x99R\xea\x82\x11\xd4\x80^\x83\x0e\xbe\xe3\x90\x88\xf6UU\x03' Source Port: 31002 Target Port: 52548 Timestamp: 1753303415.2733176
<- (42) byte, b'7\xe8\'\x87\xc5"\x89[U\x9fE\xe3\xee\xadX{x\xd2\xadwD\xa7\x0b\x00\x1e\xfeW\xa8\xbe\xb64\xd9q\xb6;\x03\xed\x00\xf6|m\xb1' Source Port: 31002 Target Port: 52548 Timestamp: 1753303416.2772958
-> (0) byte, b'' Source Port: 31002 Target Port: 52548 Timestamp: 1753303416.2845023
Connection closed from (apparently) out

serverProxyMITM:
Starting MITM: 31003 -> 31004
Received connection: <socket.socket fd=4, family=AddressFamily.AF_INET, type=SocketKind.SOCK_STREAM, proto=0, laddr=('127.0.0.1', 31003), raddr=('127.0.0.1', 38234)>
Connected to: 127.0.0.1, 31004 using ephemeral port 50118
<- (8) byte, b'XXXXXXXX' Source Port: 31003 Target Port: 50118 Timestamp: 1753303415.2726579
<- (8) byte, b'YYYYYYYY' Source Port: 31003 Target Port: 50118 Timestamp: 1753303416.2764006
-> (0) byte, b'' Source Port: 31003 Target Port: 50118 Timestamp: 1753303416.2853196
Connection closed from (apparently) out

Client:
Mode 4 - start experiment
Received 1st 8 byte: b'XXXXXXXX'
Received 2nd 8 byte: b'YYYYYYYY'
Connection closed

Server:
sent 8 byte of X
sent 8 byte of Y
Completed iteration 2 for mode 4 with msg size 8 at 20250723-204331
----------------------------------------
Starting iteration 3 for mode 4 with msg size 8 at 20250723-204338
Results extracted:
Name: Start test ./logs/mode4_size8.log --mode 4 --send-size 8 
	Frames: 194
	Client got: 28 over 4 messages,  sent 13
	Server got: 0, over 0 messages, sent 16
	Terminated by FIN: CLIENT -> CLIENTPROXYMITM


clientProxyMITM:
Starting MITM: 31000 -> 31001
Received connection: <socket.socket fd=4, family=AddressFamily.AF_INET, type=SocketKind.SOCK_STREAM, proto=0, laddr=('127.0.0.1', 31000), raddr=('127.0.0.1', 60538)>
Connected to: 127.0.0.1, 31001 using ephemeral port 38632
-> (3) byte, b'\x05\x01\x00' Source Port: 31000 Target Port: 38632 Timestamp: 1753303422.5263238
<- (2) byte, b'\x05\x00' Source Port: 31000 Target Port: 38632 Timestamp: 1753303422.5266402
-> (4) byte, b'\x05\x01\x00\x01' Source Port: 31000 Target Port: 38632 Timestamp: 1753303422.526856
-> (6) byte, b'\x7f\x00\x00\x01y\x1b' Source Port: 31000 Target Port: 38632 Timestamp: 1753303422.5768945
<- (10) byte, b'\x05\x00\x00\x01\x00\x00\x00\x00\x00\x00' Source Port: 31000 Target Port: 38632 Timestamp: 1753303422.5771687
<- (8) byte, b'XXXXXXXX' Source Port: 31000 Target Port: 38632 Timestamp: 1753303422.636862
<- (8) byte, b'YYYYYYYY' Source Port: 31000 Target Port: 38632 Timestamp: 1753303423.6418936
-> (0) byte, b'' Source Port: 31000 Target Port: 38632 Timestamp: 1753303423.6457539
Connection closed from (apparently) out

mainMITM:
Starting MITM: 31002 -> 10086
Received connection: <socket.socket fd=4, family=AddressFamily.AF_INET, type=SocketKind.SOCK_STREAM, proto=0, laddr=('127.0.0.1', 31002), raddr=('127.0.0.1', 41466)>
Connected to: 127.0.0.1, 10086 using ephemeral port 35428
-> (73) byte, b'\x02"\xbf\xc1\x11\x87\\\xfcY\xb2\xe1\xdb\x1a\x04\xb0N\x88\xaa\xd7\x7f\xee\xa4Aai\x8aq\'\x86\x88\x13\xc3B\xd7[\xed3\xd7\xb6:\x1a\xd4K\xcf_\xde$yu\x9a\x8e-\xe1\x82\xf7\'\x11\xd9\x14\x06\xb2ip\xd6\xee#~\xc0Ry\xf1I\xd7' Source Port: 31002 Target Port: 35428 Timestamp: 1753303422.6325839
<- (74) byte, b'T\xdcI\xd5\xafM\n:\xe10\xd7u>0D\x8apZ\x96\x04`\x83\xf7\xab\xffsu\xfa\x82\x92z{\x07\x0e\x9f\x14\xe5yd\xbfjU\xee\x08\xb5O\x0e\x18\xdb[\xf5=\x99\x06\x94N\x19\n\x8fO\xf8\xe6\xb5\x00\xae\x7f5\xe8\xd1\xa5\xba!\xc7P' Source Port: 31002 Target Port: 35428 Timestamp: 1753303422.6364732
<- (42) byte, b'\xc9\x0c\xa7mc\xcf\xd9s\xa1\xd9\xba~\xa0\xa3\xdaV\x8fv\x1et\x8b\xb3\x03\xb5\xff@\x18\xe0\xb7\xca\x05H\x84{\xda\xe9z-q\x7f[ ' Source Port: 31002 Target Port: 35428 Timestamp: 1753303423.6409411
-> (0) byte, b'' Source Port: 31002 Target Port: 35428 Timestamp: 1753303423.6483736
Connection closed from (apparently) out

serverProxyMITM:
Starting MITM: 31003 -> 31004
Received connection: <socket.socket fd=4, family=AddressFamily.AF_INET, type=SocketKind.SOCK_STREAM, proto=0, laddr=('127.0.0.1', 31003), raddr=('127.0.0.1', 59946)>
Connected to: 127.0.0.1, 31004 using ephemeral port 41296
<- (8) byte, b'XXXXXXXX' Source Port: 31003 Target Port: 41296 Timestamp: 1753303422.6359084
<- (8) byte, b'YYYYYYYY' Source Port: 31003 Target Port: 41296 Timestamp: 1753303423.6399014
-> (0) byte, b'' Source Port: 31003 Target Port: 41296 Timestamp: 1753303423.651328
Connection closed from (apparently) out

Client:
Mode 4 - start experiment
Received 1st 8 byte: b'XXXXXXXX'
Received 2nd 8 byte: b'YYYYYYYY'
Connection closed

Server:
sent 8 byte of X
sent 8 byte of Y
Completed iteration 3 for mode 4 with msg size 8 at 20250723-204338
----------------------------------------
Starting iteration 4 for mode 4 with msg size 8 at 20250723-204345
Results extracted:
Name: Start test ./logs/mode4_size8.log --mode 4 --send-size 8 
	Frames: 203
	Client got: 28 over 4 messages,  sent 13
	Server got: 0, over 0 messages, sent 16
	Terminated by FIN: CLIENT -> CLIENTPROXYMITM


clientProxyMITM:
Starting MITM: 31000 -> 31001
Received connection: <socket.socket fd=4, family=AddressFamily.AF_INET, type=SocketKind.SOCK_STREAM, proto=0, laddr=('127.0.0.1', 31000), raddr=('127.0.0.1', 38638)>
Connected to: 127.0.0.1, 31001 using ephemeral port 58282
-> (3) byte, b'\x05\x01\x00' Source Port: 31000 Target Port: 58282 Timestamp: 1753303429.9423904
<- (2) byte, b'\x05\x00' Source Port: 31000 Target Port: 58282 Timestamp: 1753303429.9426801
-> (4) byte, b'\x05\x01\x00\x01' Source Port: 31000 Target Port: 58282 Timestamp: 1753303429.9429457
-> (6) byte, b'\x7f\x00\x00\x01y\x1b' Source Port: 31000 Target Port: 58282 Timestamp: 1753303429.993143
<- (10) byte, b'\x05\x00\x00\x01\x00\x00\x00\x00\x00\x00' Source Port: 31000 Target Port: 58282 Timestamp: 1753303429.9937587
<- (8) byte, b'XXXXXXXX' Source Port: 31000 Target Port: 58282 Timestamp: 1753303430.049665
<- (8) byte, b'YYYYYYYY' Source Port: 31000 Target Port: 58282 Timestamp: 1753303431.0574996
-> (0) byte, b'' Source Port: 31000 Target Port: 58282 Timestamp: 1753303431.0584764
Connection closed from (apparently) out

mainMITM:
Starting MITM: 31002 -> 10086
Received connection: <socket.socket fd=4, family=AddressFamily.AF_INET, type=SocketKind.SOCK_STREAM, proto=0, laddr=('127.0.0.1', 31002), raddr=('127.0.0.1', 45184)>
Connected to: 127.0.0.1, 10086 using ephemeral port 52262
-> (73) byte, b'\xc2\xdc ;\xde\xe5z+\xe2\xeb7\x1c\x84\xb8\xb8\xd1\xe8\xaa\xb4\xf9\xe6x\x04md\xee\xd1+\x86\xa3)\x85\xa1\x05x(\xf7\x1b\x0f\x0e\xa7\xee\xdez\xd6\xe1S6\xee\x07\xbe\x06s(\xa4\rp\xffp\xf7\x07X>\xd1u\xbf\x0f\xf9\xa2w\x08\xc6\xff' Source Port: 31002 Target Port: 52262 Timestamp: 1753303430.0459368
<- (74) byte, b'k\x83fV\xff\xda%\x04<m\x9a\x0e\xd9\\\x18a\x9f&\xfc\xcb\xa1\x86\xd8\xbd\xdd\xe7\xa4\x1f\x82\xaf2\xfc-\xb7>\x8c\xb3"H*\xb9\x19D\xc7\xf0\x01\x99\xb8:\x988\x05S\xb1\x94pF\xec5zf\xebw]\xcc#\xe2z\x14*\x10 (\x9b' Source Port: 31002 Target Port: 52262 Timestamp: 1753303430.049354
<- (42) byte, b'R\xbc\x0e\x12=yJ\xce\x99E\xba\xf8~\xa9\xf8\x8c\xff\xbbw\x98\xb8Y.L\xb9\xfd/\xa5\xe4Tw\xa1\xd3\x12\xf4\xce\x8b\xc6 *\x11\x15' Source Port: 31002 Target Port: 52262 Timestamp: 1753303431.0567698
-> (0) byte, b'' Source Port: 31002 Target Port: 52262 Timestamp: 1753303431.0593781
Connection closed from (apparently) out

serverProxyMITM:
Starting MITM: 31003 -> 31004
Received connection: <socket.socket fd=4, family=AddressFamily.AF_INET, type=SocketKind.SOCK_STREAM, proto=0, laddr=('127.0.0.1', 31003), raddr=('127.0.0.1', 37294)>
Connected to: 127.0.0.1, 31004 using ephemeral port 32988
<- (8) byte, b'XXXXXXXX' Source Port: 31003 Target Port: 32988 Timestamp: 1753303430.048822
<- (8) byte, b'YYYYYYYY' Source Port: 31003 Target Port: 32988 Timestamp: 1753303431.0555832
-> (0) byte, b'' Source Port: 31003 Target Port: 32988 Timestamp: 1753303431.0604074
Connection closed from (apparently) out

Client:
Mode 4 - start experiment
Received 1st 8 byte: b'XXXXXXXX'
Received 2nd 8 byte: b'YYYYYYYY'
Connection closed

Server:
sent 8 byte of X
sent 8 byte of Y
Completed iteration 4 for mode 4 with msg size 8 at 20250723-204345
----------------------------------------
Starting iteration 5 for mode 4 with msg size 8 at 20250723-204353
Results extracted:
Name: Start test ./logs/mode4_size8.log --mode 4 --send-size 8 
	Frames: 191
	Client got: 28 over 4 messages,  sent 13
	Server got: 0, over 0 messages, sent 16
	Terminated by FIN: CLIENT -> CLIENTPROXYMITM


clientProxyMITM:
Starting MITM: 31000 -> 31001
Received connection: <socket.socket fd=4, family=AddressFamily.AF_INET, type=SocketKind.SOCK_STREAM, proto=0, laddr=('127.0.0.1', 31000), raddr=('127.0.0.1', 38640)>
Connected to: 127.0.0.1, 31001 using ephemeral port 58294
-> (3) byte, b'\x05\x01\x00' Source Port: 31000 Target Port: 58294 Timestamp: 1753303437.280865
<- (2) byte, b'\x05\x00' Source Port: 31000 Target Port: 58294 Timestamp: 1753303437.281174
-> (4) byte, b'\x05\x01\x00\x01' Source Port: 31000 Target Port: 58294 Timestamp: 1753303437.2813582
-> (6) byte, b'\x7f\x00\x00\x01y\x1b' Source Port: 31000 Target Port: 58294 Timestamp: 1753303437.325017
<- (10) byte, b'\x05\x00\x00\x01\x00\x00\x00\x00\x00\x00' Source Port: 31000 Target Port: 58294 Timestamp: 1753303437.3253906
<- (8) byte, b'XXXXXXXX' Source Port: 31000 Target Port: 58294 Timestamp: 1753303437.3844855
<- (8) byte, b'YYYYYYYY' Source Port: 31000 Target Port: 58294 Timestamp: 1753303438.3859854
-> (0) byte, b'' Source Port: 31000 Target Port: 58294 Timestamp: 1753303438.3867981
Connection closed from (apparently) out

mainMITM:
Starting MITM: 31002 -> 10086
Received connection: <socket.socket fd=4, family=AddressFamily.AF_INET, type=SocketKind.SOCK_STREAM, proto=0, laddr=('127.0.0.1', 31002), raddr=('127.0.0.1', 45192)>
Connected to: 127.0.0.1, 10086 using ephemeral port 52278
-> (73) byte, b'E@H\xc6\xc3\xc2\xb1\xb0\x82\xc5U\xdc\x81\x0b\xc4\x85\xfeT8[\xb6\x89\xb3$\xde\x8b\xcd\xbbR\xd2\xac\xd5r\xdf\xc7\x9c\xfe?/0na\xee\xc57\xb6_X\xb01\x04a\x97\xdeP\xb3\xfb\xf1\x1cO\xc7h\xc0\x84[\x1d>T(\x8c\xdc}\xf6' Source Port: 31002 Target Port: 52278 Timestamp: 1753303437.3798172
<- (74) byte, b"'Q\xa1\xde\xd5\xa2\x96\xe9\xb5\xe1#\x96\x0f\x93_\xe6l\x90\x10c\xac\x19B4$\xfd\xe31>\x9f\xcc\xe6\xf5\xc8\x8e)L\xf0\xba\xc8/U\xdb\xd2\xcc\xbf\x14L\x1cr'(\xebr\xe8\x95 }\xb3L\xe8_\x18\xaf\x877z\xfe;\xa6\x1f\tF\xec" Source Port: 31002 Target Port: 52278 Timestamp: 1753303437.3839626
<- (42) byte, b'~\xbek\x8a\x80\xbe\xf0{\xd4\x9c\xf7\xedy\x86\x1d\xea\x84\x97\xd52\x87\x9f\x0e\xbe\xf6S\x82\xc5t\x11+\x9f\xb4b\xe8\x1c5\xfc\x85\n"\x8a' Source Port: 31002 Target Port: 52278 Timestamp: 1753303438.3854084
-> (0) byte, b'' Source Port: 31002 Target Port: 52278 Timestamp: 1753303438.3877668
Connection closed from (apparently) out

serverProxyMITM:
Starting MITM: 31003 -> 31004
Received connection: <socket.socket fd=4, family=AddressFamily.AF_INET, type=SocketKind.SOCK_STREAM, proto=0, laddr=('127.0.0.1', 31003), raddr=('127.0.0.1', 37304)>
Connected to: 127.0.0.1, 31004 using ephemeral port 32992
<- (8) byte, b'XXXXXXXX' Source Port: 31003 Target Port: 32992 Timestamp: 1753303437.3835917
<- (8) byte, b'YYYYYYYY' Source Port: 31003 Target Port: 32992 Timestamp: 1753303438.384619
-> (0) byte, b'' Source Port: 31003 Target Port: 32992 Timestamp: 1753303438.3884199
Connection closed from (apparently) out

Client:
Mode 4 - start experiment
Received 1st 8 byte: b'XXXXXXXX'
Received 2nd 8 byte: b'YYYYYYYY'
Connection closed

Server:
sent 8 byte of X
sent 8 byte of Y
Completed iteration 5 for mode 4 with msg size 8 at 20250723-204353
----------------------------------------
Starting iteration 6 for mode 4 with msg size 8 at 20250723-204400
Results extracted:
Name: Start test ./logs/mode4_size8.log --mode 4 --send-size 8 
	Frames: 200
	Client got: 28 over 4 messages,  sent 13
	Server got: 0, over 0 messages, sent 16
	Terminated by FIN: CLIENT -> CLIENTPROXYMITM


clientProxyMITM:
Starting MITM: 31000 -> 31001
Received connection: <socket.socket fd=4, family=AddressFamily.AF_INET, type=SocketKind.SOCK_STREAM, proto=0, laddr=('127.0.0.1', 31000), raddr=('127.0.0.1', 48162)>
Connected to: 127.0.0.1, 31001 using ephemeral port 41604
-> (3) byte, b'\x05\x01\x00' Source Port: 31000 Target Port: 41604 Timestamp: 1753303444.6457515
<- (2) byte, b'\x05\x00' Source Port: 31000 Target Port: 41604 Timestamp: 1753303444.6464543
-> (4) byte, b'\x05\x01\x00\x01' Source Port: 31000 Target Port: 41604 Timestamp: 1753303444.6466923
-> (6) byte, b'\x7f\x00\x00\x01y\x1b' Source Port: 31000 Target Port: 41604 Timestamp: 1753303444.6875858
<- (10) byte, b'\x05\x00\x00\x01\x00\x00\x00\x00\x00\x00' Source Port: 31000 Target Port: 41604 Timestamp: 1753303444.6881955
<- (8) byte, b'XXXXXXXX' Source Port: 31000 Target Port: 41604 Timestamp: 1753303444.7631543
<- (8) byte, b'YYYYYYYY' Source Port: 31000 Target Port: 41604 Timestamp: 1753303445.765871
-> (0) byte, b'' Source Port: 31000 Target Port: 41604 Timestamp: 1753303445.767725
Connection closed from (apparently) out

mainMITM:
Starting MITM: 31002 -> 10086
Received connection: <socket.socket fd=4, family=AddressFamily.AF_INET, type=SocketKind.SOCK_STREAM, proto=0, laddr=('127.0.0.1', 31002), raddr=('127.0.0.1', 33128)>
Connected to: 127.0.0.1, 10086 using ephemeral port 47328
-> (73) byte, b'\xcd\xee\x8a\x01\xd8\xbeu\x1c\x08G\xde17\x0c\x8c\n\x19\x00\x9e\x1a\x02XIF\x94?\x01\x82}u\xfb\xba\xedq\xcc\r@d\xa4\xdb)L\x11\xdf\x01M`f\x8fD\xe6\xd1P\xb3R\x18\x91\x81\xce\xbfA\xf1\xb3e\x9f+\xc8\x18\xb0\x17Yp\xf1' Source Port: 31002 Target Port: 47328 Timestamp: 1753303444.7467623
<- (74) byte, b'\xf2?M\xff\xb6jg\x0f\xe0\x87\x83\x8f\x80\xbd\x118\x06S\x10\x1e\xcf\xaa\xbb\xe6\x1e\xc3r\x11\xed\x13\x1e\xd9\x17\x11ut\x0e\xf0\x90\x86\xc0\xa2\x1d\x17*fC\x9d\x06\x9c\x0f\xdf2,@\xf6\xdbp\x83\xa9R)2\x1f`k\xd4Uq-\x03\x1f0\xa2' Source Port: 31002 Target Port: 47328 Timestamp: 1753303444.762399
<- (42) byte, b's\xed\x87\xa8N\xa2G\xff\xff\xbd\xf3Y\xee\xfe\xca8\xb8\x1b\xf2\x1f\xabn/#\xe0P\xe5aT2Z\xd1\xef\xb8h\xf1|\xcb\xd6o\x11\x8d' Source Port: 31002 Target Port: 47328 Timestamp: 1753303445.7647266
-> (0) byte, b'' Source Port: 31002 Target Port: 47328 Timestamp: 1753303445.7697723
Connection closed from (apparently) out

serverProxyMITM:
Starting MITM: 31003 -> 31004
Received connection: <socket.socket fd=4, family=AddressFamily.AF_INET, type=SocketKind.SOCK_STREAM, proto=0, laddr=('127.0.0.1', 31003), raddr=('127.0.0.1', 50234)>
Connected to: 127.0.0.1, 31004 using ephemeral port 54760
<- (8) byte, b'XXXXXXXX' Source Port: 31003 Target Port: 54760 Timestamp: 1753303444.7602313
<- (8) byte, b'YYYYYYYY' Source Port: 31003 Target Port: 54760 Timestamp: 1753303445.7629364
-> (0) byte, b'' Source Port: 31003 Target Port: 54760 Timestamp: 1753303445.7727182
Connection closed from (apparently) out

Client:
Mode 4 - start experiment
Received 1st 8 byte: b'XXXXXXXX'
Received 2nd 8 byte: b'YYYYYYYY'
Connection closed

Server:
sent 8 byte of X
sent 8 byte of Y
Completed iteration 6 for mode 4 with msg size 8 at 20250723-204400
----------------------------------------
Starting iteration 7 for mode 4 with msg size 8 at 20250723-204407
Results extracted:
Name: Start test ./logs/mode4_size8.log --mode 4 --send-size 8 
	Frames: 199
	Client got: 28 over 4 messages,  sent 13
	Server got: 0, over 0 messages, sent 16
	Terminated by FIN: CLIENT -> CLIENTPROXYMITM


clientProxyMITM:
Starting MITM: 31000 -> 31001
Received connection: <socket.socket fd=4, family=AddressFamily.AF_INET, type=SocketKind.SOCK_STREAM, proto=0, laddr=('127.0.0.1', 31000), raddr=('127.0.0.1', 53128)>
Connected to: 127.0.0.1, 31001 using ephemeral port 43086
-> (3) byte, b'\x05\x01\x00' Source Port: 31000 Target Port: 43086 Timestamp: 1753303452.039974
<- (2) byte, b'\x05\x00' Source Port: 31000 Target Port: 43086 Timestamp: 1753303452.0403974
-> (4) byte, b'\x05\x01\x00\x01' Source Port: 31000 Target Port: 43086 Timestamp: 1753303452.0406036
-> (6) byte, b'\x7f\x00\x00\x01y\x1b' Source Port: 31000 Target Port: 43086 Timestamp: 1753303452.084789
<- (10) byte, b'\x05\x00\x00\x01\x00\x00\x00\x00\x00\x00' Source Port: 31000 Target Port: 43086 Timestamp: 1753303452.0850255
<- (8) byte, b'XXXXXXXX' Source Port: 31000 Target Port: 43086 Timestamp: 1753303452.1396787
<- (8) byte, b'YYYYYYYY' Source Port: 31000 Target Port: 43086 Timestamp: 1753303453.14602
-> (0) byte, b'' Source Port: 31000 Target Port: 43086 Timestamp: 1753303453.1465652
Connection closed from (apparently) out

mainMITM:
Starting MITM: 31002 -> 10086
Received connection: <socket.socket fd=4, family=AddressFamily.AF_INET, type=SocketKind.SOCK_STREAM, proto=0, laddr=('127.0.0.1', 31002), raddr=('127.0.0.1', 47972)>
Connected to: 127.0.0.1, 10086 using ephemeral port 57534
-> (73) byte, b'Vu\x97w{\x8b\xaeXb\xd7\xc8\xcfP7H\xad#\x81I\xd0+\xdd\x8c\x0cm\xffn\xf2NAn\x014\xf6y\xb3K<$\x00?BQ\xd3\xade\xa2^\xf2d\xe5\xc0\xeat\xa8\xdafY\xc9\x00\xdc\xb04\xdd\x9f\x00\x11K\x04^w\xb6f' Source Port: 31002 Target Port: 57534 Timestamp: 1753303452.1373484
<- (74) byte, b'~\x97\xe1\xaa\xa8p\xd87@\x8c\xc7\xff\xa5b\xf4T\x08R[\xe8\xc8\xcf\xf2\x18,\xe1\xae\xb3\xda\x85>\x80!\x06e\x8dE~7\xa9\xb0}7\x84/\x15J8\x8aG\xbc\x1b\x85)eV\x9a\xe9\x97ba\xe6\x17\x83\x84\x93z\x8d\xfb11\xfc\xa4\xc9' Source Port: 31002 Target Port: 57534 Timestamp: 1753303452.1394541
<- (42) byte, b'C\x98\xa6?\xaeU\x07z<8\xc6O\xafu\xe7K\x83\x1f\x87\x83 |UCu\xfb\xbb0\x01rd\xadCc=\xfdb\xf4\x83\x96\xd9\x03' Source Port: 31002 Target Port: 57534 Timestamp: 1753303453.145658
-> (0) byte, b'' Source Port: 31002 Target Port: 57534 Timestamp: 1753303453.147015
Connection closed from (apparently) out

serverProxyMITM:
Starting MITM: 31003 -> 31004
Received connection: <socket.socket fd=4, family=AddressFamily.AF_INET, type=SocketKind.SOCK_STREAM, proto=0, laddr=('127.0.0.1', 31003), raddr=('127.0.0.1', 47100)>
Connected to: 127.0.0.1, 31004 using ephemeral port 36200
<- (8) byte, b'XXXXXXXX' Source Port: 31003 Target Port: 36200 Timestamp: 1753303452.13903
<- (8) byte, b'YYYYYYYY' Source Port: 31003 Target Port: 36200 Timestamp: 1753303453.14492
-> (0) byte, b'' Source Port: 31003 Target Port: 36200 Timestamp: 1753303453.1477787
Connection closed from (apparently) out

Client:
Mode 4 - start experiment
Received 1st 8 byte: b'XXXXXXXX'
Received 2nd 8 byte: b'YYYYYYYY'
Connection closed

Server:
sent 8 byte of X
sent 8 byte of Y
Completed iteration 7 for mode 4 with msg size 8 at 20250723-204407
----------------------------------------
Starting iteration 8 for mode 4 with msg size 8 at 20250723-204415
Results extracted:
Name: Start test ./logs/mode4_size8.log --mode 4 --send-size 8 
	Frames: 186
	Client got: 28 over 4 messages,  sent 13
	Server got: 0, over 0 messages, sent 16
	Terminated by FIN: CLIENT -> CLIENTPROXYMITM


clientProxyMITM:
Starting MITM: 31000 -> 31001
Received connection: <socket.socket fd=4, family=AddressFamily.AF_INET, type=SocketKind.SOCK_STREAM, proto=0, laddr=('127.0.0.1', 31000), raddr=('127.0.0.1', 49526)>
Connected to: 127.0.0.1, 31001 using ephemeral port 51964
-> (3) byte, b'\x05\x01\x00' Source Port: 31000 Target Port: 51964 Timestamp: 1753303459.3768406
<- (2) byte, b'\x05\x00' Source Port: 31000 Target Port: 51964 Timestamp: 1753303459.377123
-> (4) byte, b'\x05\x01\x00\x01' Source Port: 31000 Target Port: 51964 Timestamp: 1753303459.3773074
-> (6) byte, b'\x7f\x00\x00\x01y\x1b' Source Port: 31000 Target Port: 51964 Timestamp: 1753303459.418985
<- (10) byte, b'\x05\x00\x00\x01\x00\x00\x00\x00\x00\x00' Source Port: 31000 Target Port: 51964 Timestamp: 1753303459.4197896
<- (8) byte, b'XXXXXXXX' Source Port: 31000 Target Port: 51964 Timestamp: 1753303459.4729533
<- (8) byte, b'YYYYYYYY' Source Port: 31000 Target Port: 51964 Timestamp: 1753303460.478719
-> (0) byte, b'' Source Port: 31000 Target Port: 51964 Timestamp: 1753303460.4803243
Connection closed from (apparently) out

mainMITM:
Starting MITM: 31002 -> 10086
Received connection: <socket.socket fd=4, family=AddressFamily.AF_INET, type=SocketKind.SOCK_STREAM, proto=0, laddr=('127.0.0.1', 31002), raddr=('127.0.0.1', 39012)>
Connected to: 127.0.0.1, 10086 using ephemeral port 50894
-> (73) byte, b'\x98T\x01\xf4\x10D\x85\x17\x95m\xb4\xca_\x8aPL}=\x95?\x9bVI\xcc\x19T\xef\xbb\xaf4\xc9\x92\x13S\x02arw\xa0\xe2\x8c\xbf\xd2\x1a\x9b\xed\x18K\xc4\x95\xd5\xb4\x8eR\x15\xce\xff\x9c\x88\x1e0\x82\x8aT\x84xkj\x1a`{\x17\xa3' Source Port: 31002 Target Port: 50894 Timestamp: 1753303459.470687
<- (74) byte, b'\xff\x88\xe5\xc1n\xc7[>\xb0\x94\x85\x16\x83\xe6\xaf\xa4\xe96\x14j\xff\x91\x12~\xd4\x80ddZ\xc5\xfek\xb9\x14\x1d\x8f\x17\xd4\xbf\xdc\xcf\x9d\xa6K\x9bz\xaf"\xee\xf3\xb5w\xf0\x8f\x96\xe0R\xde\x16\xd6E\xd3\xceC&L\xd9\xd9NkC\xbd%\x1e' Source Port: 31002 Target Port: 50894 Timestamp: 1753303459.4726279
<- (42) byte, b'\x8b\x01\x10V\xe0\x0cO\xe1(\xd2\xe9\xbc\x1d\x1f\xb3\x06\xb4\xde\x1e\x82\x97b\xfc\x14Y\xe9-\xfb\x1f}\xb6,\nz:\xfe)L\x928\x1d\xaa' Source Port: 31002 Target Port: 50894 Timestamp: 1753303460.477779
-> (0) byte, b'' Source Port: 31002 Target Port: 50894 Timestamp: 1753303460.4838364
Connection closed from (apparently) out

serverProxyMITM:
Starting MITM: 31003 -> 31004
Received connection: <socket.socket fd=4, family=AddressFamily.AF_INET, type=SocketKind.SOCK_STREAM, proto=0, laddr=('127.0.0.1', 31003), raddr=('127.0.0.1', 43986)>
Connected to: 127.0.0.1, 31004 using ephemeral port 43194
<- (8) byte, b'XXXXXXXX' Source Port: 31003 Target Port: 43194 Timestamp: 1753303459.472237
<- (8) byte, b'YYYYYYYY' Source Port: 31003 Target Port: 43194 Timestamp: 1753303460.4767866
-> (0) byte, b'' Source Port: 31003 Target Port: 43194 Timestamp: 1753303460.4851916
Connection closed from (apparently) out

Client:
Mode 4 - start experiment
Received 1st 8 byte: b'XXXXXXXX'
Received 2nd 8 byte: b'YYYYYYYY'
Connection closed

Server:
sent 8 byte of X
sent 8 byte of Y
Completed iteration 8 for mode 4 with msg size 8 at 20250723-204415
----------------------------------------
Starting iteration 9 for mode 4 with msg size 8 at 20250723-204422
Results extracted:
Name: Start test ./logs/mode4_size8.log --mode 4 --send-size 8 
	Frames: 198
	Client got: 28 over 4 messages,  sent 13
	Server got: 0, over 0 messages, sent 16
	Terminated by FIN: CLIENT -> CLIENTPROXYMITM


clientProxyMITM:
Starting MITM: 31000 -> 31001
Received connection: <socket.socket fd=4, family=AddressFamily.AF_INET, type=SocketKind.SOCK_STREAM, proto=0, laddr=('127.0.0.1', 31000), raddr=('127.0.0.1', 49528)>
Connected to: 127.0.0.1, 31001 using ephemeral port 51966
-> (3) byte, b'\x05\x01\x00' Source Port: 31000 Target Port: 51966 Timestamp: 1753303466.7063785
<- (2) byte, b'\x05\x00' Source Port: 31000 Target Port: 51966 Timestamp: 1753303466.7066848
-> (4) byte, b'\x05\x01\x00\x01' Source Port: 31000 Target Port: 51966 Timestamp: 1753303466.7069476
-> (6) byte, b'\x7f\x00\x00\x01y\x1b' Source Port: 31000 Target Port: 51966 Timestamp: 1753303466.7502768
<- (10) byte, b'\x05\x00\x00\x01\x00\x00\x00\x00\x00\x00' Source Port: 31000 Target Port: 51966 Timestamp: 1753303466.7507334
<- (8) byte, b'XXXXXXXX' Source Port: 31000 Target Port: 51966 Timestamp: 1753303466.8065321
<- (8) byte, b'YYYYYYYY' Source Port: 31000 Target Port: 51966 Timestamp: 1753303467.8119245
-> (0) byte, b'' Source Port: 31000 Target Port: 51966 Timestamp: 1753303467.813018
Connection closed from (apparently) out

mainMITM:
Starting MITM: 31002 -> 10086
Received connection: <socket.socket fd=4, family=AddressFamily.AF_INET, type=SocketKind.SOCK_STREAM, proto=0, laddr=('127.0.0.1', 31002), raddr=('127.0.0.1', 39020)>
Connected to: 127.0.0.1, 10086 using ephemeral port 50908
-> (73) byte, b"\x84\x8f5\xc3\x18\x1dx\xe3\xb9f\xe3\xd2\xa2\xf5uT\x01\xe0\xefR0\xaf\xad\x07\xa8h\x95\xa2\xdb\x8a\x93\xe7keO\xf5\xb5\xd4\xa3\x1e\x8cq\xa3\xe7\x0b\xeb\xf7\x06\xff\xad\x99\x84j\x1f\xe3\x9f\xfbJX\x0e\xffq\x05\xa1\xe4I\xbd\t'\x11\xda'\xda" Source Port: 31002 Target Port: 50908 Timestamp: 1753303466.8035238
<- (74) byte, b"2*A\xc9\xa1\x06\x8b\x177K.p\x95\xb3\xee/@D\xe6jf\x8d\xd5\xbd\xbc\xed\xbcU\xbee\x80+X\xc8\xc6*\xc6\xe4\x8a\x8do\xce\xce\xef\xd5\xe2\xe5'\x18l\xf6<\xac\x01\xc54\x15\xd7\xab\xcd\xb1\x10\xbbf\x0c\xf3 \xec\x03Y\xf7i\xa9f" Source Port: 31002 Target Port: 50908 Timestamp: 1753303466.8059704
<- (42) byte, b'\x06;x6:N\x06RY\x81\xcf{\x01\x0f\x04.\xc33\x9f~\xb7\\ \x83\xc1\xf7\xe20\x1a\xe0\xbe\xbb\xa2\xb9$\x90,,n \xec\xd8' Source Port: 31002 Target Port: 50908 Timestamp: 1753303467.8112228
-> (0) byte, b'' Source Port: 31002 Target Port: 50908 Timestamp: 1753303467.8144743
Connection closed from (apparently) out

serverProxyMITM:
Starting MITM: 31003 -> 31004
Received connection: <socket.socket fd=4, family=AddressFamily.AF_INET, type=SocketKind.SOCK_STREAM, proto=0, laddr=('127.0.0.1', 31003), raddr=('127.0.0.1', 43988)>
Connected to: 127.0.0.1, 31004 using ephemeral port 43202
<- (8) byte, b'XXXXXXXX' Source Port: 31003 Target Port: 43202 Timestamp: 1753303466.8055665
<- (8) byte, b'YYYYYYYY' Source Port: 31003 Target Port: 43202 Timestamp: 1753303467.8103616
-> (0) byte, b'' Source Port: 31003 Target Port: 43202 Timestamp: 1753303467.8156433
Connection closed from (apparently) out

Client:
Mode 4 - start experiment
Received 1st 8 byte: b'XXXXXXXX'
Received 2nd 8 byte: b'YYYYYYYY'
Connection closed

Server:
sent 8 byte of X
sent 8 byte of Y
Completed iteration 9 for mode 4 with msg size 8 at 20250723-204422
----------------------------------------
Starting iteration 10 for mode 4 with msg size 8 at 20250723-204429
Results extracted:
Name: Start test ./logs/mode4_size8.log --mode 4 --send-size 8 
	Frames: 204
	Client got: 28 over 4 messages,  sent 13
	Server got: 0, over 0 messages, sent 16
	Terminated by FIN: CLIENT -> CLIENTPROXYMITM


clientProxyMITM:
Starting MITM: 31000 -> 31001
Received connection: <socket.socket fd=4, family=AddressFamily.AF_INET, type=SocketKind.SOCK_STREAM, proto=0, laddr=('127.0.0.1', 31000), raddr=('127.0.0.1', 55782)>
Connected to: 127.0.0.1, 31001 using ephemeral port 43142
-> (3) byte, b'\x05\x01\x00' Source Port: 31000 Target Port: 43142 Timestamp: 1753303474.0452373
<- (2) byte, b'\x05\x00' Source Port: 31000 Target Port: 43142 Timestamp: 1753303474.0454926
-> (4) byte, b'\x05\x01\x00\x01' Source Port: 31000 Target Port: 43142 Timestamp: 1753303474.0457463
-> (6) byte, b'\x7f\x00\x00\x01y\x1b' Source Port: 31000 Target Port: 43142 Timestamp: 1753303474.087973
<- (10) byte, b'\x05\x00\x00\x01\x00\x00\x00\x00\x00\x00' Source Port: 31000 Target Port: 43142 Timestamp: 1753303474.088264
<- (8) byte, b'XXXXXXXX' Source Port: 31000 Target Port: 43142 Timestamp: 1753303474.1448708
<- (8) byte, b'YYYYYYYY' Source Port: 31000 Target Port: 43142 Timestamp: 1753303475.1476402
-> (0) byte, b'' Source Port: 31000 Target Port: 43142 Timestamp: 1753303475.1487236
Connection closed from (apparently) out

mainMITM:
Starting MITM: 31002 -> 10086
Received connection: <socket.socket fd=4, family=AddressFamily.AF_INET, type=SocketKind.SOCK_STREAM, proto=0, laddr=('127.0.0.1', 31002), raddr=('127.0.0.1', 57230)>
Connected to: 127.0.0.1, 10086 using ephemeral port 49096
-> (73) byte, b'\x0f7J\\\x90\xfe\xa9a\x16d\x88\xd2%d\xa6\xed\x1f\xf0\xf6\xd4\xdf\x99\x13\xbb\xccom\x8f\x92\x1a\xe0-#\x83\xf0t&\xce\xa3F\xf9h\x89O\xb7\xa5\xf9_\xf1\xder\xadI\xc3\xa8\xf7\xf6\x96G\xcb\x158H\x99/\x03O\x9e\xa77(X.' Source Port: 31002 Target Port: 49096 Timestamp: 1753303474.1415029
<- (74) byte, b'\x9e\xb7\x13c;\xc9\x14\xa3\xce\xa9\x07\x93\xe7N\xdf\x0b_\xd2PS\xfcij\xb0}\xf1\xa7\x16\x96\x1eV\xa3\xc0\x17\xde\xd8)\xb3\xc6\\\x18A\xa8\xa6=\xb6\xdf\xc5C,v\x04\xcd\xda\xe9\xf5Q\xa9\x04(\xc0\x1c\x83z%u\x8e5\xa4b\xf9\xac\xce\xc6' Source Port: 31002 Target Port: 49096 Timestamp: 1753303474.1445458
<- (42) byte, b"b(\xd2\xb2\xb4uz\x88\x153W>\x89\xff\x1a\xeeRJ\xcf'\xc5\xca\xe3/\xef\xdd\x8cY\x12\x14+\xf6\xec}\xe8\xba\xeb\xa6\xd7\xc4vP" Source Port: 31002 Target Port: 49096 Timestamp: 1753303475.146852
-> (0) byte, b'' Source Port: 31002 Target Port: 49096 Timestamp: 1753303475.1499236
Connection closed from (apparently) out

serverProxyMITM:
Starting MITM: 31003 -> 31004
Received connection: <socket.socket fd=4, family=AddressFamily.AF_INET, type=SocketKind.SOCK_STREAM, proto=0, laddr=('127.0.0.1', 31003), raddr=('127.0.0.1', 42260)>
Connected to: 127.0.0.1, 31004 using ephemeral port 44282
<- (8) byte, b'XXXXXXXX' Source Port: 31003 Target Port: 44282 Timestamp: 1753303474.1439042
<- (8) byte, b'YYYYYYYY' Source Port: 31003 Target Port: 44282 Timestamp: 1753303475.14572
-> (0) byte, b'' Source Port: 31003 Target Port: 44282 Timestamp: 1753303475.151357
Connection closed from (apparently) out

Client:
Mode 4 - start experiment
Received 1st 8 byte: b'XXXXXXXX'
Received 2nd 8 byte: b'YYYYYYYY'
Connection closed

Server:
sent 8 byte of X
sent 8 byte of Y
Completed iteration 10 for mode 4 with msg size 8 at 20250723-204429
----------------------------------------
Starting iteration 11 for mode 4 with msg size 8 at 20250723-204437
Results extracted:
Name: Start test ./logs/mode4_size8.log --mode 4 --send-size 8 
	Frames: 191
	Client got: 28 over 4 messages,  sent 13
	Server got: 0, over 0 messages, sent 16
	Terminated by FIN: CLIENT -> CLIENTPROXYMITM


clientProxyMITM:
Starting MITM: 31000 -> 31001
Received connection: <socket.socket fd=4, family=AddressFamily.AF_INET, type=SocketKind.SOCK_STREAM, proto=0, laddr=('127.0.0.1', 31000), raddr=('127.0.0.1', 57948)>
Connected to: 127.0.0.1, 31001 using ephemeral port 58926
-> (3) byte, b'\x05\x01\x00' Source Port: 31000 Target Port: 58926 Timestamp: 1753303481.362018
<- (2) byte, b'\x05\x00' Source Port: 31000 Target Port: 58926 Timestamp: 1753303481.362461
-> (4) byte, b'\x05\x01\x00\x01' Source Port: 31000 Target Port: 58926 Timestamp: 1753303481.3626978
-> (6) byte, b'\x7f\x00\x00\x01y\x1b' Source Port: 31000 Target Port: 58926 Timestamp: 1753303481.4038405
<- (10) byte, b'\x05\x00\x00\x01\x00\x00\x00\x00\x00\x00' Source Port: 31000 Target Port: 58926 Timestamp: 1753303481.4042563
<- (8) byte, b'XXXXXXXX' Source Port: 31000 Target Port: 58926 Timestamp: 1753303481.460443
<- (8) byte, b'YYYYYYYY' Source Port: 31000 Target Port: 58926 Timestamp: 1753303482.467881
-> (0) byte, b'' Source Port: 31000 Target Port: 58926 Timestamp: 1753303482.4692893
Connection closed from (apparently) out

mainMITM:
Starting MITM: 31002 -> 10086
Received connection: <socket.socket fd=4, family=AddressFamily.AF_INET, type=SocketKind.SOCK_STREAM, proto=0, laddr=('127.0.0.1', 31002), raddr=('127.0.0.1', 57420)>
Connected to: 127.0.0.1, 10086 using ephemeral port 36182
-> (73) byte, b'D\xfcx\x0e\x92y\xe3\xe7Y\xee\xfc\x9b\xbc\x12"\x03A~c\xf9Q\x98j\xc1!\x1b\x10\xf0\x82\xfb\x82\rO.\xd1[\xa80M7A\x85B\xcec\x95\t\xfa\x80\xd83\xe0p\xffH\x0c\xb2\x19\xcfBy,\xb4+Gk\xf0\xd0s\xee\xdd\x95\xfe' Source Port: 31002 Target Port: 36182 Timestamp: 1753303481.4559555
<- (74) byte, b"?\xec:.\xf5\xe7\xbc>)\x06g<\xa5\xf7\x15\xe9\xf0\xe3\xd1h\xf5Q\x0f\x9flV\x1aF\xb6\x85\xef\xa03\xc06ca\x90a\xda7|\xe0]\xb1\xf2u\x94\x93#\xcd|'\xcc\xabs\xcfu\x99`\x19\xab/\xd01\xfe\x9f\x1c2\xa1\xf6n\xb8k" Source Port: 31002 Target Port: 36182 Timestamp: 1753303481.4597955
<- (42) byte, b'\xee\x90\xdc\xdd\x08]\xd8\xc8\xd9\x9c(\xb8\xeb\xbd7+K\xc2Ov\xba\xf3\xb0\x04]\xb3B\xf6S)\x81\xb9l\xe7\x05\xdb\xd5\xb6\xf4\xcd|Z' Source Port: 31002 Target Port: 36182 Timestamp: 1753303482.466932
-> (0) byte, b'' Source Port: 31002 Target Port: 36182 Timestamp: 1753303482.472356
Connection closed from (apparently) out

serverProxyMITM:
Starting MITM: 31003 -> 31004
Received connection: <socket.socket fd=4, family=AddressFamily.AF_INET, type=SocketKind.SOCK_STREAM, proto=0, laddr=('127.0.0.1', 31003), raddr=('127.0.0.1', 47538)>
Connected to: 127.0.0.1, 31004 using ephemeral port 57528
<- (8) byte, b'XXXXXXXX' Source Port: 31003 Target Port: 57528 Timestamp: 1753303481.4588804
<- (8) byte, b'YYYYYYYY' Source Port: 31003 Target Port: 57528 Timestamp: 1753303482.4659083
-> (0) byte, b'' Source Port: 31003 Target Port: 57528 Timestamp: 1753303482.4735665
Connection closed from (apparently) out

Client:
Mode 4 - start experiment
Received 1st 8 byte: b'XXXXXXXX'
Received 2nd 8 byte: b'YYYYYYYY'
Connection closed

Server:
sent 8 byte of X
sent 8 byte of Y
Completed iteration 11 for mode 4 with msg size 8 at 20250723-204437
----------------------------------------
Starting iteration 12 for mode 4 with msg size 8 at 20250723-204444
Results extracted:
Name: Start test ./logs/mode4_size8.log --mode 4 --send-size 8 
	Frames: 201
	Client got: 28 over 4 messages,  sent 13
	Server got: 0, over 0 messages, sent 16
	Terminated by FIN: CLIENT -> CLIENTPROXYMITM


clientProxyMITM:
Starting MITM: 31000 -> 31001
Received connection: <socket.socket fd=4, family=AddressFamily.AF_INET, type=SocketKind.SOCK_STREAM, proto=0, laddr=('127.0.0.1', 31000), raddr=('127.0.0.1', 33030)>
Connected to: 127.0.0.1, 31001 using ephemeral port 48206
-> (3) byte, b'\x05\x01\x00' Source Port: 31000 Target Port: 48206 Timestamp: 1753303488.6870096
<- (2) byte, b'\x05\x00' Source Port: 31000 Target Port: 48206 Timestamp: 1753303488.6872933
-> (4) byte, b'\x05\x01\x00\x01' Source Port: 31000 Target Port: 48206 Timestamp: 1753303488.687455
-> (6) byte, b'\x7f\x00\x00\x01y\x1b' Source Port: 31000 Target Port: 48206 Timestamp: 1753303488.7327628
<- (10) byte, b'\x05\x00\x00\x01\x00\x00\x00\x00\x00\x00' Source Port: 31000 Target Port: 48206 Timestamp: 1753303488.733106
<- (8) byte, b'XXXXXXXX' Source Port: 31000 Target Port: 48206 Timestamp: 1753303488.7904122
<- (8) byte, b'YYYYYYYY' Source Port: 31000 Target Port: 48206 Timestamp: 1753303489.794449
-> (0) byte, b'' Source Port: 31000 Target Port: 48206 Timestamp: 1753303489.7955527
Connection closed from (apparently) out

mainMITM:
Starting MITM: 31002 -> 10086
Received connection: <socket.socket fd=4, family=AddressFamily.AF_INET, type=SocketKind.SOCK_STREAM, proto=0, laddr=('127.0.0.1', 31002), raddr=('127.0.0.1', 50218)>
Connected to: 127.0.0.1, 10086 using ephemeral port 56862
-> (73) byte, b'\x183\x9b\xa0y\xb9\xeb\x13\xd8\x16\x93\x11\x94\x15\xf8\r\x1a\xa0\x108\xcd\xc5H\xd1B\xbc\xca\xa2\xac\xac\x8c\x04\x06\xe33N\xed\xdd\xd3\x9d\x13f\xaf\xd7\x18l\x8bv.\x18\x8a\xde\xd4\xc5\x1fRfG+VnGj\xff\xf3\xd0\x989\xf3\x86\xe8\xbf\x16' Source Port: 31002 Target Port: 56862 Timestamp: 1753303488.7868526
<- (74) byte, b"\xa7\xaa\xd8\xd8L\x98AC\xaa\xac\x8bTJ\x8a\xeet\x0b\xb0\x1foU\xd10\x05\xd6\xb9\xbf\x0fq,W\xa7\x1cN\x86\x831&_N\xafH\x8by\x8a\xc8o\xd3\xbc\xf3V\xf7\x8b\x93\xfeH\x16'\x84\x18\x86\xa9\x87-\xb7|\x9e~\xf3\xa7C\x87n\xa5" Source Port: 31002 Target Port: 56862 Timestamp: 1753303488.7899554
<- (42) byte, b'\xa7\xf7\x1c\x8a\x19\xa2\x8a[t\x9as\xa4gl<\xc2il I\\\xf8\x8d@UA\x1d\xde\x8d\xda\xff\x8dt@\xb8\xa8\xe8qTAB\xf7' Source Port: 31002 Target Port: 56862 Timestamp: 1753303489.793619
-> (0) byte, b'' Source Port: 31002 Target Port: 56862 Timestamp: 1753303489.796687
Connection closed from (apparently) out

serverProxyMITM:
Starting MITM: 31003 -> 31004
Received connection: <socket.socket fd=4, family=AddressFamily.AF_INET, type=SocketKind.SOCK_STREAM, proto=0, laddr=('127.0.0.1', 31003), raddr=('127.0.0.1', 32968)>
Connected to: 127.0.0.1, 31004 using ephemeral port 48686
<- (8) byte, b'XXXXXXXX' Source Port: 31003 Target Port: 48686 Timestamp: 1753303488.7895124
<- (8) byte, b'YYYYYYYY' Source Port: 31003 Target Port: 48686 Timestamp: 1753303489.7927158
-> (0) byte, b'' Source Port: 31003 Target Port: 48686 Timestamp: 1753303489.7976015
Connection closed from (apparently) out

Client:
Mode 4 - start experiment
Received 1st 8 byte: b'XXXXXXXX'
Received 2nd 8 byte: b'YYYYYYYY'
Connection closed

Server:
sent 8 byte of X
sent 8 byte of Y
Completed iteration 12 for mode 4 with msg size 8 at 20250723-204444
----------------------------------------
Starting iteration 13 for mode 4 with msg size 8 at 20250723-204451
Results extracted:
Name: Start test ./logs/mode4_size8.log --mode 4 --send-size 8 
	Frames: 203
	Client got: 28 over 4 messages,  sent 13
	Server got: 0, over 0 messages, sent 16
	Terminated by FIN: CLIENT -> CLIENTPROXYMITM


clientProxyMITM:
Starting MITM: 31000 -> 31001
Received connection: <socket.socket fd=4, family=AddressFamily.AF_INET, type=SocketKind.SOCK_STREAM, proto=0, laddr=('127.0.0.1', 31000), raddr=('127.0.0.1', 33040)>
Connected to: 127.0.0.1, 31001 using ephemeral port 48220
-> (3) byte, b'\x05\x01\x00' Source Port: 31000 Target Port: 48220 Timestamp: 1753303496.0354872
<- (2) byte, b'\x05\x00' Source Port: 31000 Target Port: 48220 Timestamp: 1753303496.035789
-> (4) byte, b'\x05\x01\x00\x01' Source Port: 31000 Target Port: 48220 Timestamp: 1753303496.0361352
-> (6) byte, b'\x7f\x00\x00\x01y\x1b' Source Port: 31000 Target Port: 48220 Timestamp: 1753303496.0790188
<- (10) byte, b'\x05\x00\x00\x01\x00\x00\x00\x00\x00\x00' Source Port: 31000 Target Port: 48220 Timestamp: 1753303496.079393
<- (8) byte, b'XXXXXXXX' Source Port: 31000 Target Port: 48220 Timestamp: 1753303496.1377695
<- (8) byte, b'YYYYYYYY' Source Port: 31000 Target Port: 48220 Timestamp: 1753303497.139424
-> (0) byte, b'' Source Port: 31000 Target Port: 48220 Timestamp: 1753303497.1397474
Connection closed from (apparently) out

mainMITM:
Starting MITM: 31002 -> 10086
Received connection: <socket.socket fd=4, family=AddressFamily.AF_INET, type=SocketKind.SOCK_STREAM, proto=0, laddr=('127.0.0.1', 31002), raddr=('127.0.0.1', 50232)>
Connected to: 127.0.0.1, 10086 using ephemeral port 56874
-> (73) byte, b'O\xfb\x8d\x8f\x17g\xb9N2\x83}F\xa6\x7f\x07\x9a\xd1\x18\x08\xaekt-\n#\xcc\x9f\x9c\x8b\xc4#\xa5\x0c\x0e\x97\xb3el@\xd8\x14\xe0\x8a\x18\x8f\xec4L\x8b\x83\xaa\x8e\x04\xe1\xa4\x93\xa4G\xaf\xfa\xd9\xa3\xef\x86\x1c\x98\xe1X\x8ct9\xeaz' Source Port: 31002 Target Port: 56874 Timestamp: 1753303496.1336918
<- (74) byte, b':\xb3\x84=\x14\x80\ry\x14\xe3(G\x8d\x04\xe2Z\x8e\x17>\x10\xf4F\xeb\x9d\xef\xf8\xf1\xe0s\xde\xbd\x9b\x97\x10\\k\x8f\xab\xbaj\x9e=\xd3^.\x15\x08k\xee\xcfz\x06\xb8\xcd\xe7\x92\xe0>A\xcb\xc2\xd1]\xcd\x1f\xdb\x18)\\\xf5\xba7\xf2K' Source Port: 31002 Target Port: 56874 Timestamp: 1753303496.1373765
<- (42) byte, b"\x16*\x87\xf3_[\x9dF\x02\xce[\xaa{\xa5\xeb\x95\xdciNB\xee\xf7\xd5\xea=\xa2\xfcO\x99q\xc0\xe6\r\x1f\x8d\xfb[\x7f\xb1'\xdd\xae" Source Port: 31002 Target Port: 56874 Timestamp: 1753303497.1391988
-> (0) byte, b'' Source Port: 31002 Target Port: 56874 Timestamp: 1753303497.1400273
Connection closed from (apparently) out

serverProxyMITM:
Starting MITM: 31003 -> 31004
Received connection: <socket.socket fd=4, family=AddressFamily.AF_INET, type=SocketKind.SOCK_STREAM, proto=0, laddr=('127.0.0.1', 31003), raddr=('127.0.0.1', 32982)>
Connected to: 127.0.0.1, 31004 using ephemeral port 48696
<- (8) byte, b'XXXXXXXX' Source Port: 31003 Target Port: 48696 Timestamp: 1753303496.1366618
<- (8) byte, b'YYYYYYYY' Source Port: 31003 Target Port: 48696 Timestamp: 1753303497.1389372
-> (0) byte, b'' Source Port: 31003 Target Port: 48696 Timestamp: 1753303497.1403553
Connection closed from (apparently) out

Client:
Mode 4 - start experiment
Received 1st 8 byte: b'XXXXXXXX'
Received 2nd 8 byte: b'YYYYYYYY'
Connection closed

Server:
sent 8 byte of X
sent 8 byte of Y
Completed iteration 13 for mode 4 with msg size 8 at 20250723-204451
----------------------------------------
Starting iteration 14 for mode 4 with msg size 8 at 20250723-204459
Results extracted:
Name: Start test ./logs/mode4_size8.log --mode 4 --send-size 8 
	Frames: 200
	Client got: 28 over 4 messages,  sent 13
	Server got: 0, over 0 messages, sent 16
	Terminated by FIN: CLIENT -> CLIENTPROXYMITM


clientProxyMITM:
Starting MITM: 31000 -> 31001
Received connection: <socket.socket fd=4, family=AddressFamily.AF_INET, type=SocketKind.SOCK_STREAM, proto=0, laddr=('127.0.0.1', 31000), raddr=('127.0.0.1', 52960)>
Connected to: 127.0.0.1, 31001 using ephemeral port 57976
-> (3) byte, b'\x05\x01\x00' Source Port: 31000 Target Port: 57976 Timestamp: 1753303503.3774788
<- (2) byte, b'\x05\x00' Source Port: 31000 Target Port: 57976 Timestamp: 1753303503.3777206
-> (4) byte, b'\x05\x01\x00\x01' Source Port: 31000 Target Port: 57976 Timestamp: 1753303503.3780193
-> (6) byte, b'\x7f\x00\x00\x01y\x1b' Source Port: 31000 Target Port: 57976 Timestamp: 1753303503.4182007
<- (10) byte, b'\x05\x00\x00\x01\x00\x00\x00\x00\x00\x00' Source Port: 31000 Target Port: 57976 Timestamp: 1753303503.4202156
<- (8) byte, b'XXXXXXXX' Source Port: 31000 Target Port: 57976 Timestamp: 1753303503.4749272
<- (8) byte, b'YYYYYYYY' Source Port: 31000 Target Port: 57976 Timestamp: 1753303504.4801784
-> (0) byte, b'' Source Port: 31000 Target Port: 57976 Timestamp: 1753303504.4810145
Connection closed from (apparently) out

mainMITM:
Starting MITM: 31002 -> 10086
Received connection: <socket.socket fd=4, family=AddressFamily.AF_INET, type=SocketKind.SOCK_STREAM, proto=0, laddr=('127.0.0.1', 31002), raddr=('127.0.0.1', 44644)>
Connected to: 127.0.0.1, 10086 using ephemeral port 59058
-> (73) byte, b'\n\x8b\x06\xf8\xa5\xca\xa6\xb2\xb3\xad\x01\x0cq\xc3d=^\x90\x8dY\xa0\xaejz\xf8$\x80\xe8\xf6\r\x93\xb4\xbb+\x8c\xf1\x84\xf6k\xcb\x80\x83w\xde\x19\x88q\xe0\x90(\xc7\x7fjh\x13J\x8f\x98\xcb\xea\xc5\x9f\x00E<,\xa5\x97\xb6\xc6\xdd`x' Source Port: 31002 Target Port: 59058 Timestamp: 1753303503.4724538
<- (74) byte, b'^1\x0b\x17\xed\x86\x95\x02c(\x83\xae\x13\xbe\x90[I\xfc\xae\x83\xb1\x12\x19.\xf7(\xcd\xd0\xee\xf6\xbf\x0b\xda\xf5F\x15\xa8_0\x10\n\x12\xeb)\x06\x0c@T\\Y\xe6\x90\xd4_\x18\xb7\r\x86\x122\x8d\xed\xac\x87\x91MU\xc4\x05\x97H\xc8\xe7<' Source Port: 31002 Target Port: 59058 Timestamp: 1753303503.4746723
<- (42) byte, b"\x89\xb5\\\x18c\xd2\x92\xab0%D\xd6\x01\x87\xb9\xdatP'\xe6~\x02\xa9:\x19\xff\x9d\x05#\xb6\xc4\x01 \xbb\xd4\x86\x97M\xbej*\x1d" Source Port: 31002 Target Port: 59058 Timestamp: 1753303504.4796047
-> (0) byte, b'' Source Port: 31002 Target Port: 59058 Timestamp: 1753303504.4817388
Connection closed from (apparently) out

serverProxyMITM:
Starting MITM: 31003 -> 31004
Received connection: <socket.socket fd=4, family=AddressFamily.AF_INET, type=SocketKind.SOCK_STREAM, proto=0, laddr=('127.0.0.1', 31003), raddr=('127.0.0.1', 40452)>
Connected to: 127.0.0.1, 31004 using ephemeral port 43200
<- (8) byte, b'XXXXXXXX' Source Port: 31003 Target Port: 43200 Timestamp: 1753303503.4742975
<- (8) byte, b'YYYYYYYY' Source Port: 31003 Target Port: 43200 Timestamp: 1753303504.4788442
-> (0) byte, b'' Source Port: 31003 Target Port: 43200 Timestamp: 1753303504.4827938
Connection closed from (apparently) out

Client:
Mode 4 - start experiment
Received 1st 8 byte: b'XXXXXXXX'
Received 2nd 8 byte: b'YYYYYYYY'
Connection closed

Server:
sent 8 byte of X
sent 8 byte of Y
Completed iteration 14 for mode 4 with msg size 8 at 20250723-204459
----------------------------------------
Starting iteration 15 for mode 4 with msg size 8 at 20250723-204506
Results extracted:
Name: Start test ./logs/mode4_size8.log --mode 4 --send-size 8 
	Frames: 205
	Client got: 28 over 4 messages,  sent 13
	Server got: 0, over 0 messages, sent 16
	Terminated by FIN: CLIENT -> CLIENTPROXYMITM


clientProxyMITM:
Starting MITM: 31000 -> 31001
Received connection: <socket.socket fd=4, family=AddressFamily.AF_INET, type=SocketKind.SOCK_STREAM, proto=0, laddr=('127.0.0.1', 31000), raddr=('127.0.0.1', 37954)>
Connected to: 127.0.0.1, 31001 using ephemeral port 56842
-> (3) byte, b'\x05\x01\x00' Source Port: 31000 Target Port: 56842 Timestamp: 1753303510.724584
<- (2) byte, b'\x05\x00' Source Port: 31000 Target Port: 56842 Timestamp: 1753303510.7249615
-> (4) byte, b'\x05\x01\x00\x01' Source Port: 31000 Target Port: 56842 Timestamp: 1753303510.7254827
-> (6) byte, b'\x7f\x00\x00\x01y\x1b' Source Port: 31000 Target Port: 56842 Timestamp: 1753303510.7709785
<- (10) byte, b'\x05\x00\x00\x01\x00\x00\x00\x00\x00\x00' Source Port: 31000 Target Port: 56842 Timestamp: 1753303510.7714534
<- (8) byte, b'XXXXXXXX' Source Port: 31000 Target Port: 56842 Timestamp: 1753303510.830792
<- (8) byte, b'YYYYYYYY' Source Port: 31000 Target Port: 56842 Timestamp: 1753303511.8393865
-> (0) byte, b'' Source Port: 31000 Target Port: 56842 Timestamp: 1753303511.840989
Connection closed from (apparently) out

mainMITM:
Starting MITM: 31002 -> 10086
Received connection: <socket.socket fd=4, family=AddressFamily.AF_INET, type=SocketKind.SOCK_STREAM, proto=0, laddr=('127.0.0.1', 31002), raddr=('127.0.0.1', 58012)>
Connected to: 127.0.0.1, 10086 using ephemeral port 43600
-> (73) byte, b"\xedJ>A$\x93\xe9\x92s~_\x03\xfc\xcd=\x03\x90\xc0\x064\xab\x92Or\x03\xdaZ\xb4M\xeb>\xa7'\x8d\x01\x05\xe4\x10AxB\xd7\x9f\xa6\\\xc4Z1UjU\x9dp\xaaL\x10\xae\xdb\xa2\xd4+\xfc#\xe1\xb1\xb3f0\x94\xc7\xc3\xb9o" Source Port: 31002 Target Port: 43600 Timestamp: 1753303510.8257794
<- (74) byte, b"\x1f\xdf\x10\xc1@\xbb?)\xd8HBA\xa6\x81\x87\x0c\xf1#('\xdf\xffoH\x9b\x07\x9c~?\xee\x1e\x12| \x0f\xde4ME\xe9\xf1!\xb3\xc2\t\xd2\xd2\xbe9'U\x1fG\xd4\x8d\x1e\x07rc\xcd)\x80U:;bhT_\xe2Umt\xcf" Source Port: 31002 Target Port: 43600 Timestamp: 1753303510.8302958
<- (42) byte, b'\xfc\xaac\x96\xbb\xc9}\x0f$+|}\x11\xb4\x98\t\xea\xa6\x15B\xa7b\xd0L\xab\xb5\xe6\xdd\x88N\xc8cSx\xf3\xe6\xc9\xdfl\xb7\xc9w' Source Port: 31002 Target Port: 43600 Timestamp: 1753303511.83715
-> (0) byte, b'' Source Port: 31002 Target Port: 43600 Timestamp: 1753303511.8425233
Connection closed from (apparently) out

serverProxyMITM:
Starting MITM: 31003 -> 31004
Received connection: <socket.socket fd=4, family=AddressFamily.AF_INET, type=SocketKind.SOCK_STREAM, proto=0, laddr=('127.0.0.1', 31003), raddr=('127.0.0.1', 35834)>
Connected to: 127.0.0.1, 31004 using ephemeral port 37640
<- (8) byte, b'XXXXXXXX' Source Port: 31003 Target Port: 37640 Timestamp: 1753303510.8295135
<- (8) byte, b'YYYYYYYY' Source Port: 31003 Target Port: 37640 Timestamp: 1753303511.8354182
-> (0) byte, b'' Source Port: 31003 Target Port: 37640 Timestamp: 1753303511.8446915
Connection closed from (apparently) out

Client:
Mode 4 - start experiment
Received 1st 8 byte: b'XXXXXXXX'
Received 2nd 8 byte: b'YYYYYYYY'
Connection closed

Server:
sent 8 byte of X
sent 8 byte of Y
Completed iteration 15 for mode 4 with msg size 8 at 20250723-204506
----------------------------------------
Starting iteration 16 for mode 4 with msg size 8 at 20250723-204513
Results extracted:
Name: Start test ./logs/mode4_size8.log --mode 4 --send-size 8 
	Frames: 197
	Client got: 28 over 4 messages,  sent 13
	Server got: 0, over 0 messages, sent 16
	Terminated by FIN: CLIENT -> CLIENTPROXYMITM


clientProxyMITM:
Starting MITM: 31000 -> 31001
Received connection: <socket.socket fd=4, family=AddressFamily.AF_INET, type=SocketKind.SOCK_STREAM, proto=0, laddr=('127.0.0.1', 31000), raddr=('127.0.0.1', 49796)>
Connected to: 127.0.0.1, 31001 using ephemeral port 57492
-> (3) byte, b'\x05\x01\x00' Source Port: 31000 Target Port: 57492 Timestamp: 1753303518.0708418
<- (2) byte, b'\x05\x00' Source Port: 31000 Target Port: 57492 Timestamp: 1753303518.071029
-> (4) byte, b'\x05\x01\x00\x01' Source Port: 31000 Target Port: 57492 Timestamp: 1753303518.0713832
-> (6) byte, b'\x7f\x00\x00\x01y\x1b' Source Port: 31000 Target Port: 57492 Timestamp: 1753303518.1122456
<- (10) byte, b'\x05\x00\x00\x01\x00\x00\x00\x00\x00\x00' Source Port: 31000 Target Port: 57492 Timestamp: 1753303518.1125417
<- (8) byte, b'XXXXXXXX' Source Port: 31000 Target Port: 57492 Timestamp: 1753303518.1668372
<- (8) byte, b'YYYYYYYY' Source Port: 31000 Target Port: 57492 Timestamp: 1753303519.1737897
-> (0) byte, b'' Source Port: 31000 Target Port: 57492 Timestamp: 1753303519.174543
Connection closed from (apparently) out

mainMITM:
Starting MITM: 31002 -> 10086
Received connection: <socket.socket fd=4, family=AddressFamily.AF_INET, type=SocketKind.SOCK_STREAM, proto=0, laddr=('127.0.0.1', 31002), raddr=('127.0.0.1', 53148)>
Connected to: 127.0.0.1, 10086 using ephemeral port 41156
-> (73) byte, b'B\xc6\xf4\xc9M\xd5\xe3\xee\xc4\xee7|U\xcd\xfb\xe7\xadm3\xcd\x988J\x8c\xee\xc9\xea\xd5$\xd5i\xb7qi\xd8z\xd6\xbf\xd2\x16\x01\x90\xd4\xe2\x88\xa1l\xa3\xafQ\xcb\xaf\x1b\xc1\x10T\xec\xabr\xc0}\xdb\x8f\xabM\x00\r]*\x89\x98`\xd8' Source Port: 31002 Target Port: 41156 Timestamp: 1753303518.164533
<- (74) byte, b'Bi/b\xd3\x89\xa7\xf0\x11v\x89aQ\xebg\n\xa4\x8a\xd3uBv\x83\xdb\x12\xb5l\x19l\xf2[D\xd4?\x12^\xdf\xa3\xfc\xec\x91\xcd/\t\x82h!\xe8y\x19\xef\x88\xf8\x82\x16^\x96\nh\xad\xc6;=\xbf\xd3\xd4\x00\xc3m\xbd:3[\xe5' Source Port: 31002 Target Port: 41156 Timestamp: 1753303518.1665676
<- (42) byte, b'\x87\xd7\xed\x17*3\x9b{eC\xbc\xaf\x1d\xe1N\xd5gp\x9f\xbf\x03\x14*\x05\xd2iH\xc0\xd98\xdd)\xa7\x08L\xa2:\x95*o\\`' Source Port: 31002 Target Port: 41156 Timestamp: 1753303519.1732447
-> (0) byte, b'' Source Port: 31002 Target Port: 41156 Timestamp: 1753303519.1752903
Connection closed from (apparently) out

serverProxyMITM:
Starting MITM: 31003 -> 31004
Received connection: <socket.socket fd=4, family=AddressFamily.AF_INET, type=SocketKind.SOCK_STREAM, proto=0, laddr=('127.0.0.1', 31003), raddr=('127.0.0.1', 60678)>
Connected to: 127.0.0.1, 31004 using ephemeral port 36506
<- (8) byte, b'XXXXXXXX' Source Port: 31003 Target Port: 36506 Timestamp: 1753303518.1662018
<- (8) byte, b'YYYYYYYY' Source Port: 31003 Target Port: 36506 Timestamp: 1753303519.172673
-> (0) byte, b'' Source Port: 31003 Target Port: 36506 Timestamp: 1753303519.1764488
Connection closed from (apparently) out

Client:
Mode 4 - start experiment
Received 1st 8 byte: b'XXXXXXXX'
Received 2nd 8 byte: b'YYYYYYYY'
Connection closed

Server:
sent 8 byte of X
sent 8 byte of Y
Completed iteration 16 for mode 4 with msg size 8 at 20250723-204513
----------------------------------------
Starting iteration 17 for mode 4 with msg size 8 at 20250723-204521
Results extracted:
Name: Start test ./logs/mode4_size8.log --mode 4 --send-size 8 
	Frames: 196
	Client got: 28 over 4 messages,  sent 13
	Server got: 0, over 0 messages, sent 16
	Terminated by FIN: CLIENT -> CLIENTPROXYMITM


clientProxyMITM:
Starting MITM: 31000 -> 31001
Received connection: <socket.socket fd=4, family=AddressFamily.AF_INET, type=SocketKind.SOCK_STREAM, proto=0, laddr=('127.0.0.1', 31000), raddr=('127.0.0.1', 49806)>
Connected to: 127.0.0.1, 31001 using ephemeral port 57494
-> (3) byte, b'\x05\x01\x00' Source Port: 31000 Target Port: 57494 Timestamp: 1753303525.4078965
<- (2) byte, b'\x05\x00' Source Port: 31000 Target Port: 57494 Timestamp: 1753303525.4081929
-> (4) byte, b'\x05\x01\x00\x01' Source Port: 31000 Target Port: 57494 Timestamp: 1753303525.408421
-> (6) byte, b'\x7f\x00\x00\x01y\x1b' Source Port: 31000 Target Port: 57494 Timestamp: 1753303525.4533718
<- (10) byte, b'\x05\x00\x00\x01\x00\x00\x00\x00\x00\x00' Source Port: 31000 Target Port: 57494 Timestamp: 1753303525.453653
<- (8) byte, b'XXXXXXXX' Source Port: 31000 Target Port: 57494 Timestamp: 1753303525.5092943
<- (8) byte, b'YYYYYYYY' Source Port: 31000 Target Port: 57494 Timestamp: 1753303526.515861
-> (0) byte, b'' Source Port: 31000 Target Port: 57494 Timestamp: 1753303526.5173788
Connection closed from (apparently) out

mainMITM:
Starting MITM: 31002 -> 10086
Received connection: <socket.socket fd=4, family=AddressFamily.AF_INET, type=SocketKind.SOCK_STREAM, proto=0, laddr=('127.0.0.1', 31002), raddr=('127.0.0.1', 53156)>
Connected to: 127.0.0.1, 10086 using ephemeral port 41164
-> (73) byte, b'\x8a\xcf\x8b\xde\tx\xeb\xb7\r\xfd\x89\xcaS(\x86\xaa\x97\xb9\xc3\x88\x9c\xaa+\n\xa3\xff\x00\xf3:]\x93\x12 \x02Z9t\x1a\xdb\rQ\x1e\xa5\x84B\x81X9\xb9r\xa4\x0b\xc58\x91\x8f\x8cq\xbe\x7fK7X\xc6\x93\xed;\xec\x16\xd4\xf1\xe6K' Source Port: 31002 Target Port: 41164 Timestamp: 1753303525.5063088
<- (74) byte, b'"\xa0S\xfd\xcd^C\xc7_(\xe0\xe4\x13\x02\x8a\xf7\xd7\xa7&*\xe4a\xe3\xba\x97\x189x4L\x15\x87S+\x84\xa9\xd4\x9e\x16f\xb0iUJ\x9e\xf8*\x9f\xab\xef\xe8M`\xd9\xcfTxZ1\xd9t\xf0L\xbe\x8f\xe4i\xffoA\xbf\xe1}9' Source Port: 31002 Target Port: 41164 Timestamp: 1753303525.50877
<- (42) byte, b'9\xd7\x7fQo\x10L*\xc3F-\xb7\x0b\xdd9\x8f\xb1"\xef\x1aa\r\n\x9b\xfc\xa3v\x02\xa2{\xe9h\x88\xf0\x9c\x84\xfeV\x17\x96\x13\xf9' Source Port: 31002 Target Port: 41164 Timestamp: 1753303526.5151563
-> (0) byte, b'' Source Port: 31002 Target Port: 41164 Timestamp: 1753303526.5184102
Connection closed from (apparently) out

serverProxyMITM:
Starting MITM: 31003 -> 31004
Received connection: <socket.socket fd=4, family=AddressFamily.AF_INET, type=SocketKind.SOCK_STREAM, proto=0, laddr=('127.0.0.1', 31003), raddr=('127.0.0.1', 60682)>
Connected to: 127.0.0.1, 31004 using ephemeral port 36518
<- (8) byte, b'XXXXXXXX' Source Port: 31003 Target Port: 36518 Timestamp: 1753303525.5083516
<- (8) byte, b'YYYYYYYY' Source Port: 31003 Target Port: 36518 Timestamp: 1753303526.5143273
-> (0) byte, b'' Source Port: 31003 Target Port: 36518 Timestamp: 1753303526.519806
Connection closed from (apparently) out

Client:
Mode 4 - start experiment
Received 1st 8 byte: b'XXXXXXXX'
Received 2nd 8 byte: b'YYYYYYYY'
Connection closed

Server:
sent 8 byte of X
sent 8 byte of Y
Completed iteration 17 for mode 4 with msg size 8 at 20250723-204521
----------------------------------------
Starting iteration 18 for mode 4 with msg size 8 at 20250723-204528
Results extracted:
Name: Start test ./logs/mode4_size8.log --mode 4 --send-size 8 
	Frames: 204
	Client got: 28 over 4 messages,  sent 13
	Server got: 0, over 0 messages, sent 16
	Terminated by FIN: CLIENT -> CLIENTPROXYMITM


clientProxyMITM:
Starting MITM: 31000 -> 31001
Received connection: <socket.socket fd=4, family=AddressFamily.AF_INET, type=SocketKind.SOCK_STREAM, proto=0, laddr=('127.0.0.1', 31000), raddr=('127.0.0.1', 57972)>
Connected to: 127.0.0.1, 31001 using ephemeral port 53022
-> (3) byte, b'\x05\x01\x00' Source Port: 31000 Target Port: 53022 Timestamp: 1753303532.7458308
<- (2) byte, b'\x05\x00' Source Port: 31000 Target Port: 53022 Timestamp: 1753303532.746203
-> (4) byte, b'\x05\x01\x00\x01' Source Port: 31000 Target Port: 53022 Timestamp: 1753303532.746465
-> (6) byte, b'\x7f\x00\x00\x01y\x1b' Source Port: 31000 Target Port: 53022 Timestamp: 1753303532.7918246
<- (10) byte, b'\x05\x00\x00\x01\x00\x00\x00\x00\x00\x00' Source Port: 31000 Target Port: 53022 Timestamp: 1753303532.792153
<- (8) byte, b'XXXXXXXX' Source Port: 31000 Target Port: 53022 Timestamp: 1753303532.8495076
<- (8) byte, b'YYYYYYYY' Source Port: 31000 Target Port: 53022 Timestamp: 1753303533.8552594
-> (0) byte, b'' Source Port: 31000 Target Port: 53022 Timestamp: 1753303533.8564196
Connection closed from (apparently) out

mainMITM:
Starting MITM: 31002 -> 10086
Received connection: <socket.socket fd=4, family=AddressFamily.AF_INET, type=SocketKind.SOCK_STREAM, proto=0, laddr=('127.0.0.1', 31002), raddr=('127.0.0.1', 53562)>
Connected to: 127.0.0.1, 10086 using ephemeral port 50256
-> (73) byte, b'\r;\x7f\t\xda\x18\x81\xdbC\xbfu<\x14\xb4\xa1\xce\xb8\x9c\xb3\xceBg\x07\xa2"\x15$\xc2\xc8\xdb.\xc6m\x89\x7f\xa7)\xff_,o\x15Z\r\xea\xaf;\xdfP\xe0r\x88\x8bH&\x9f\xfb\xd5\xb58_\x95\x12\x19<\x08\xa6U/"CDg' Source Port: 31002 Target Port: 50256 Timestamp: 1753303532.845875
<- (74) byte, b'FD\xc9\x1e\x87jQ`C\xb6S`|]\xf1J\xf0\xfdP\x1e\xf6K\xe1\xf5I\n\x1b2,\x8cP\xfel\xfc\x98o\xb6H\x17\xc9:\xeb\xda\xd06E\xc5\xf2\x0cL\x02\xa5\x19\xc6vG\x87\x145\x03\t\xf4\xe497\xcd\xeb\xd6~\xea0!\x95\xed' Source Port: 31002 Target Port: 50256 Timestamp: 1753303532.848725
<- (42) byte, b'\x92!\x91\xd2\xf7\x1c$_\x08\xb5\xdc\xf7\xbe\x01\x99\xa9.@@\xf8\xe3~F\x96>\xa5\x05\x04\xf8\x92\xd2\xe7B\x841\xd4\x9fi\x83D\xca\xff' Source Port: 31002 Target Port: 50256 Timestamp: 1753303533.854432
-> (0) byte, b'' Source Port: 31002 Target Port: 50256 Timestamp: 1753303533.85758
Connection closed from (apparently) out

serverProxyMITM:
Starting MITM: 31003 -> 31004
Received connection: <socket.socket fd=4, family=AddressFamily.AF_INET, type=SocketKind.SOCK_STREAM, proto=0, laddr=('127.0.0.1', 31003), raddr=('127.0.0.1', 51318)>
Connected to: 127.0.0.1, 31004 using ephemeral port 52934
<- (8) byte, b'XXXXXXXX' Source Port: 31003 Target Port: 52934 Timestamp: 1753303532.8482904
<- (8) byte, b'YYYYYYYY' Source Port: 31003 Target Port: 52934 Timestamp: 1753303533.8534248
-> (0) byte, b'' Source Port: 31003 Target Port: 52934 Timestamp: 1753303533.8586934
Connection closed from (apparently) out

Client:
Mode 4 - start experiment
Received 1st 8 byte: b'XXXXXXXX'
Received 2nd 8 byte: b'YYYYYYYY'
Connection closed

Server:
sent 8 byte of X
sent 8 byte of Y
Completed iteration 18 for mode 4 with msg size 8 at 20250723-204528
----------------------------------------
Starting iteration 19 for mode 4 with msg size 8 at 20250723-204536
Results extracted:
Name: Start test ./logs/mode4_size8.log --mode 4 --send-size 8 
	Frames: 194
	Client got: 28 over 4 messages,  sent 13
	Server got: 0, over 0 messages, sent 16
	Terminated by FIN: CLIENT -> CLIENTPROXYMITM


clientProxyMITM:
Starting MITM: 31000 -> 31001
Received connection: <socket.socket fd=4, family=AddressFamily.AF_INET, type=SocketKind.SOCK_STREAM, proto=0, laddr=('127.0.0.1', 31000), raddr=('127.0.0.1', 33728)>
Connected to: 127.0.0.1, 31001 using ephemeral port 47330
-> (3) byte, b'\x05\x01\x00' Source Port: 31000 Target Port: 47330 Timestamp: 1753303540.0912838
<- (2) byte, b'\x05\x00' Source Port: 31000 Target Port: 47330 Timestamp: 1753303540.0915241
-> (4) byte, b'\x05\x01\x00\x01' Source Port: 31000 Target Port: 47330 Timestamp: 1753303540.091789
-> (6) byte, b'\x7f\x00\x00\x01y\x1b' Source Port: 31000 Target Port: 47330 Timestamp: 1753303540.1337917
<- (10) byte, b'\x05\x00\x00\x01\x00\x00\x00\x00\x00\x00' Source Port: 31000 Target Port: 47330 Timestamp: 1753303540.1341872
<- (8) byte, b'XXXXXXXX' Source Port: 31000 Target Port: 47330 Timestamp: 1753303540.1895347
<- (8) byte, b'YYYYYYYY' Source Port: 31000 Target Port: 47330 Timestamp: 1753303541.2020144
-> (0) byte, b'' Source Port: 31000 Target Port: 47330 Timestamp: 1753303541.2082477
Connection closed from (apparently) out

mainMITM:
Starting MITM: 31002 -> 10086
Received connection: <socket.socket fd=4, family=AddressFamily.AF_INET, type=SocketKind.SOCK_STREAM, proto=0, laddr=('127.0.0.1', 31002), raddr=('127.0.0.1', 40642)>
Connected to: 127.0.0.1, 10086 using ephemeral port 59690
-> (73) byte, b'\xd7\xb2\x08\xbf\xfc\xc1\xde\x9f\xbd\x92\xc2\xfaY\xe2\xfe\x99\x80\xe1\x1aF\xb4\xc1\xa0\x19|"\'\x94\xfc.\'\x07\x90`\xeb\x11_\x9f\xe9\x0c\xf4\xb0d\xcf\xac\xbe\x9b0w\xea\x89Z\xc2\x8c&M\x14\xef\xb6\xf5~\x7f,\xa39\xfb\xc3\xe9O\xedvj\x02' Source Port: 31002 Target Port: 59690 Timestamp: 1753303540.1868236
<- (74) byte, b"\x123\x01\x8c\xa6\x06\xb1g\x071\xd9\xd8\x98.\xc0j\xf1u A\x12^\x00\xf6\xc0\x99\x80\xd1=F\x9e\xae\xd3\x92qb\xd0\xc9\xc4\xf7\x16\xba\x8bG\xce\xbcd\xe9Q\x7f\xf2\x0f\xf6\x16\xbc\x06\x07\xfc\xf9\xa2g4?+\xe5\xb3K\xe1\xd9\xbe'S\r|" Source Port: 31002 Target Port: 59690 Timestamp: 1753303540.1892264
<- (42) byte, b'j\x1a\xd7\xda\n\xe2\xc5b\x1c\xfe\xff\xe3\xfe\x81#\x92\xfc\x80u\xb9z\x800c\xf8\xc8j|\xc2i\xda\xb5\xa7\x99\xbd\xe7a\xa4\x04\xbe\xa3\x95' Source Port: 31002 Target Port: 59690 Timestamp: 1753303541.1948392
-> (0) byte, b'' Source Port: 31002 Target Port: 59690 Timestamp: 1753303541.2104106
Connection closed from (apparently) out

serverProxyMITM:
Starting MITM: 31003 -> 31004
Received connection: <socket.socket fd=4, family=AddressFamily.AF_INET, type=SocketKind.SOCK_STREAM, proto=0, laddr=('127.0.0.1', 31003), raddr=('127.0.0.1', 53490)>
Connected to: 127.0.0.1, 31004 using ephemeral port 44026
<- (8) byte, b'XXXXXXXX' Source Port: 31003 Target Port: 44026 Timestamp: 1753303540.1886723
<- (8) byte, b'YYYYYYYY' Source Port: 31003 Target Port: 44026 Timestamp: 1753303541.1921964
-> (0) byte, b'' Source Port: 31003 Target Port: 44026 Timestamp: 1753303541.2119575
Connection closed from (apparently) out

Client:
Mode 4 - start experiment
Received 1st 8 byte: b'XXXXXXXX'
Received 2nd 8 byte: b'YYYYYYYY'
Connection closed

Server:
sent 8 byte of X
sent 8 byte of Y
Completed iteration 19 for mode 4 with msg size 8 at 20250723-204536
----------------------------------------
Starting iteration 20 for mode 4 with msg size 8 at 20250723-204543
Results extracted:
Name: Start test ./logs/mode4_size8.log --mode 4 --send-size 8 
	Frames: 205
	Client got: 28 over 4 messages,  sent 13
	Server got: 0, over 0 messages, sent 16
	Terminated by FIN: CLIENT -> CLIENTPROXYMITM


clientProxyMITM:
Starting MITM: 31000 -> 31001
Received connection: <socket.socket fd=4, family=AddressFamily.AF_INET, type=SocketKind.SOCK_STREAM, proto=0, laddr=('127.0.0.1', 31000), raddr=('127.0.0.1', 33730)>
Connected to: 127.0.0.1, 31001 using ephemeral port 47340
-> (3) byte, b'\x05\x01\x00' Source Port: 31000 Target Port: 47340 Timestamp: 1753303547.455898
<- (2) byte, b'\x05\x00' Source Port: 31000 Target Port: 47340 Timestamp: 1753303547.4562452
-> (4) byte, b'\x05\x01\x00\x01' Source Port: 31000 Target Port: 47340 Timestamp: 1753303547.4564137
-> (6) byte, b'\x7f\x00\x00\x01y\x1b' Source Port: 31000 Target Port: 47340 Timestamp: 1753303547.501077
<- (10) byte, b'\x05\x00\x00\x01\x00\x00\x00\x00\x00\x00' Source Port: 31000 Target Port: 47340 Timestamp: 1753303547.5014074
<- (8) byte, b'XXXXXXXX' Source Port: 31000 Target Port: 47340 Timestamp: 1753303547.5618014
<- (8) byte, b'YYYYYYYY' Source Port: 31000 Target Port: 47340 Timestamp: 1753303548.5638633
-> (0) byte, b'' Source Port: 31000 Target Port: 47340 Timestamp: 1753303548.5647173
Connection closed from (apparently) out

mainMITM:
Starting MITM: 31002 -> 10086
Received connection: <socket.socket fd=4, family=AddressFamily.AF_INET, type=SocketKind.SOCK_STREAM, proto=0, laddr=('127.0.0.1', 31002), raddr=('127.0.0.1', 40658)>
Connected to: 127.0.0.1, 10086 using ephemeral port 59702
-> (73) byte, b'\x1dD\xb1\x0ciC\xda\xf7h}\xe4]\xe8\x17\xb2\xb4d\xdf(\xfb\x07O\x1c\x98?\xdc\x06c\xeb\xc8_HY&\x15\x93J\x19|\xd4E\x9en\x94O{\xaf\xaa\xaf\x06f\x1c\x11(\xe0\xb6R\xc3\xed\xd0*\x03\xf9m\xcb\x17\xc3rl\xea\xc8\xbc\xa9' Source Port: 31002 Target Port: 59702 Timestamp: 1753303547.5561557
<- (74) byte, b'/gv\xab\x94\x9d\xe6Qh\xd4Y9\xab\xed(0FK\x15\x1f\x1en\xc6\xbd\xed$\x1cr-W\xee\x15\xb6\xe2f\xcb\xeb\xc4\xd0E\xd6\x16\x81\xff\x10A>\x11I\xae\xc4\x17\x87\xb5\xe9\xd0\x7f6\xba\\ .\x1e\x1e\xae8e\x1b\xd9<\xff\xc9Uc' Source Port: 31002 Target Port: 59702 Timestamp: 1753303547.5612721
<- (42) byte, b'\xd9\xa4\x88\xc3d\x991\xa0>\xbc@<Y\x8dI\x84\xe9\x8c\x82m\xa4:|\x07\xa04\xee\x17\x8fM=!\x82;PMTf?\xe1\x17\x1a' Source Port: 31002 Target Port: 59702 Timestamp: 1753303548.5632005
-> (0) byte, b'' Source Port: 31002 Target Port: 59702 Timestamp: 1753303548.5662942
Connection closed from (apparently) out

serverProxyMITM:
Starting MITM: 31003 -> 31004
Received connection: <socket.socket fd=4, family=AddressFamily.AF_INET, type=SocketKind.SOCK_STREAM, proto=0, laddr=('127.0.0.1', 31003), raddr=('127.0.0.1', 53502)>
Connected to: 127.0.0.1, 31004 using ephemeral port 44042
<- (8) byte, b'XXXXXXXX' Source Port: 31003 Target Port: 44042 Timestamp: 1753303547.56032
<- (8) byte, b'YYYYYYYY' Source Port: 31003 Target Port: 44042 Timestamp: 1753303548.5619688
-> (0) byte, b'' Source Port: 31003 Target Port: 44042 Timestamp: 1753303548.5667217
Connection closed from (apparently) out

Client:
Mode 4 - start experiment
Received 1st 8 byte: b'XXXXXXXX'
Received 2nd 8 byte: b'YYYYYYYY'
Connection closed

Server:
sent 8 byte of X
sent 8 byte of Y
Completed iteration 20 for mode 4 with msg size 8 at 20250723-204543
----------------------------------------
