Starting iteration 1 for mode 2 with msg size 8 at 20250723-202412
Results extracted:
Name: Start test ./logs/mode2_size8.log --mode 2 --send-size 8 
	Frames: 162
	Client got: 20 over 3 messages,  sent 21
	Server got: 8, over 1 messages, sent 8
	Terminated by FIN: CLIENT -> CLIENTPROXYMITM


clientProxyMITM:
Starting MITM: 31000 -> 31001
Received connection: <socket.socket fd=4, family=AddressFamily.AF_INET, type=SocketKind.SOCK_STREAM, proto=0, laddr=('127.0.0.1', 31000), raddr=('127.0.0.1', 34418)>
Connected to: 127.0.0.1, 31001 using ephemeral port 56826
-> (3) byte, b'\x05\x01\x00' Source Port: 31000 Target Port: 56826 Timestamp: 1753302256.8181918
<- (2) byte, b'\x05\x00' Source Port: 31000 Target Port: 56826 Timestamp: 1753302256.818368
-> (4) byte, b'\x05\x01\x00\x01' Source Port: 31000 Target Port: 56826 Timestamp: 1753302256.8185847
-> (6) byte, b'\x7f\x00\x00\x01y\x1b' Source Port: 31000 Target Port: 56826 Timestamp: 1753302256.859223
<- (10) byte, b'\x05\x00\x00\x01\x00\x00\x00\x00\x00\x00' Source Port: 31000 Target Port: 56826 Timestamp: 1753302256.859507
-> (8) byte, b'AAAAAAAA' Source Port: 31000 Target Port: 56826 Timestamp: 1753302256.8598554
<- (8) byte, b'YYYYYYYY' Source Port: 31000 Target Port: 56826 Timestamp: 1753302256.8633258
-> (0) byte, b'' Source Port: 31000 Target Port: 56826 Timestamp: 1753302256.863657
Connection closed from (apparently) out

mainMITM:
Starting MITM: 31002 -> 10086
Received connection: <socket.socket fd=4, family=AddressFamily.AF_INET, type=SocketKind.SOCK_STREAM, proto=0, laddr=('127.0.0.1', 31002), raddr=('127.0.0.1', 48322)>
Connected to: 127.0.0.1, 10086 using ephemeral port 34714
-> (115) byte, b'}9\x9cp@x%N\xb7\x98\xd1\x8f\x87%O\xde\xa6\xe3\xfe\x06\x85\xa7`\xf8\x00\x88=\xd1\xd5NF;\x8e"\xdc\x8f\xdf\x90\xf2\x0f|\xef\x18\xffb\x84]\x1e\x1c_\r\xedC\x05n\xefyeF\xd6\xd2\x88\x83j\xa5*=K\xd5\xc4\x94k\xab\xe5m[\xf6}j\x814\xe6\xfff\xfb\xe0\xf7\xf9\x98\x17\x16b0\x92\xe5\r\xe3\xa2|+\x90\xe4\xcf\xfb=w\xfc2\xe71\x04\x14\xf5\x84>' Source Port: 31002 Target Port: 34714 Timestamp: 1753302256.8610127
<- (74) byte, b'\x93sk\xae\xa0\rm\x9a@%vJN\xa0\x95t.\xd3\x05i\xd2I\xd2,{j\xfbeOk\xf6\xf0Cy\x0c\xfc\xf4\xa25uB\x0b\x19\x8d\xd83\x96\xbf\xf4\x1e\xb5\xdf\x87]m9\xab\xfbD\x1b\x88B\xd8\x91B\xa9\xea\xf7\xd1\xd7\xc6m\xc7\x19' Source Port: 31002 Target Port: 34714 Timestamp: 1753302256.863001
-> (0) byte, b'' Source Port: 31002 Target Port: 34714 Timestamp: 1753302256.863913
Connection closed from (apparently) out

serverProxyMITM:
Starting MITM: 31003 -> 31004
Received connection: <socket.socket fd=4, family=AddressFamily.AF_INET, type=SocketKind.SOCK_STREAM, proto=0, laddr=('127.0.0.1', 31003), raddr=('127.0.0.1', 44782)>
Connected to: 127.0.0.1, 31004 using ephemeral port 52562
-> (8) byte, b'AAAAAAAA' Source Port: 31003 Target Port: 52562 Timestamp: 1753302256.8620162
<- (8) byte, b'YYYYYYYY' Source Port: 31003 Target Port: 52562 Timestamp: 1753302256.8626714
-> (0) byte, b'' Source Port: 31003 Target Port: 52562 Timestamp: 1753302256.8643463
Connection closed from (apparently) out

Client:
Mode 2 - start experiment
Sent 8 byte of A
Received 8 byte: b'YYYYYYYY'
Connection closed

Server:
recv 8 bytes: b'AAAAAAAA'
sent 8 byte of Y
Completed iteration 1 for mode 2 with msg size 8 at 20250723-202412
----------------------------------------
Starting iteration 2 for mode 2 with msg size 8 at 20250723-202418
Results extracted:
Name: Start test ./logs/mode2_size8.log --mode 2 --send-size 8 
	Frames: 168
	Client got: 20 over 3 messages,  sent 21
	Server got: 8, over 1 messages, sent 8
	Terminated by FIN: CLIENT -> CLIENTPROXYMITM


clientProxyMITM:
Starting MITM: 31000 -> 31001
Received connection: <socket.socket fd=4, family=AddressFamily.AF_INET, type=SocketKind.SOCK_STREAM, proto=0, laddr=('127.0.0.1', 31000), raddr=('127.0.0.1', 37210)>
Connected to: 127.0.0.1, 31001 using ephemeral port 38274
-> (3) byte, b'\x05\x01\x00' Source Port: 31000 Target Port: 38274 Timestamp: 1753302263.0176358
<- (2) byte, b'\x05\x00' Source Port: 31000 Target Port: 38274 Timestamp: 1753302263.0178447
-> (4) byte, b'\x05\x01\x00\x01' Source Port: 31000 Target Port: 38274 Timestamp: 1753302263.0181727
-> (6) byte, b'\x7f\x00\x00\x01y\x1b' Source Port: 31000 Target Port: 38274 Timestamp: 1753302263.0613136
<- (10) byte, b'\x05\x00\x00\x01\x00\x00\x00\x00\x00\x00' Source Port: 31000 Target Port: 38274 Timestamp: 1753302263.0615106
-> (8) byte, b'AAAAAAAA' Source Port: 31000 Target Port: 38274 Timestamp: 1753302263.06188
<- (8) byte, b'YYYYYYYY' Source Port: 31000 Target Port: 38274 Timestamp: 1753302263.0651858
-> (0) byte, b'' Source Port: 31000 Target Port: 38274 Timestamp: 1753302263.0655286
Connection closed from (apparently) out

mainMITM:
Starting MITM: 31002 -> 10086
Received connection: <socket.socket fd=4, family=AddressFamily.AF_INET, type=SocketKind.SOCK_STREAM, proto=0, laddr=('127.0.0.1', 31002), raddr=('127.0.0.1', 34554)>
Connected to: 127.0.0.1, 10086 using ephemeral port 46214
-> (115) byte, b"C]\x9b\xe5v>\xf6jx^}\x9c\x9f`\xcd\x94\xf3\x1bj\xe7D\xc7\xf4^n\xa6\xf2\x96iq\xd2\x84qE\n\x8d\x0b\xe7\xc9f\xac\x7f\xfc\x1e\xd2\x19?\xe3\x9aH~k\xac\x10\x0f\xba\x83?\xaaH\xcd\xad\x9e\xbf\x1f\x06\x12?\x91\xab\xae\x9bI!'`\xcc=A\xe3\xac\xa6J\xd0\x1d\xba\xcd\xd1\xe7DD\x84\x91\xdar\x9at\xdcg\xab\x90{\x98\x85\xf5\x06\x88\xe3\x9av\x97\x05\xe7Wh" Source Port: 31002 Target Port: 46214 Timestamp: 1753302263.062752
<- (74) byte, b'&?\xe7\x07\xad\x82>\x97\xe4t\xbaF|\xc0Z[6\xbf\xf2U\x0f\x17L\x1fHJ\x00\x8a\xa1-\xfc\x16.b\xec\x05\xaf\x8c\xec\xa3\xc0f\xa0\x9a&\x08\x00L\xfe\xd0\x14\xc4\x86\xb7\xd8\xad\xa6w&\xd0\x04\xbdP\x0e\xca;\xb5\n\xb5q\xe6\x92\x94\xda' Source Port: 31002 Target Port: 46214 Timestamp: 1753302263.0647454
-> (0) byte, b'' Source Port: 31002 Target Port: 46214 Timestamp: 1753302263.066205
Connection closed from (apparently) out

serverProxyMITM:
Starting MITM: 31003 -> 31004
Received connection: <socket.socket fd=4, family=AddressFamily.AF_INET, type=SocketKind.SOCK_STREAM, proto=0, laddr=('127.0.0.1', 31003), raddr=('127.0.0.1', 33580)>
Connected to: 127.0.0.1, 31004 using ephemeral port 45274
-> (8) byte, b'AAAAAAAA' Source Port: 31003 Target Port: 45274 Timestamp: 1753302263.0638657
<- (8) byte, b'YYYYYYYY' Source Port: 31003 Target Port: 45274 Timestamp: 1753302263.0643537
-> (0) byte, b'' Source Port: 31003 Target Port: 45274 Timestamp: 1753302263.0665004
Connection closed from (apparently) out

Client:
Mode 2 - start experiment
Sent 8 byte of A
Received 8 byte: b'YYYYYYYY'
Connection closed

Server:
recv 8 bytes: b'AAAAAAAA'
sent 8 byte of Y
Completed iteration 2 for mode 2 with msg size 8 at 20250723-202418
----------------------------------------
Starting iteration 3 for mode 2 with msg size 8 at 20250723-202425
Results extracted:
Name: Start test ./logs/mode2_size8.log --mode 2 --send-size 8 
	Frames: 152
	Client got: 20 over 3 messages,  sent 21
	Server got: 8, over 1 messages, sent 8
	Terminated by FIN: CLIENT -> CLIENTPROXYMITM


clientProxyMITM:
Starting MITM: 31000 -> 31001
Received connection: <socket.socket fd=4, family=AddressFamily.AF_INET, type=SocketKind.SOCK_STREAM, proto=0, laddr=('127.0.0.1', 31000), raddr=('127.0.0.1', 32788)>
Connected to: 127.0.0.1, 31001 using ephemeral port 41418
-> (3) byte, b'\x05\x01\x00' Source Port: 31000 Target Port: 41418 Timestamp: 1753302269.2648263
<- (2) byte, b'\x05\x00' Source Port: 31000 Target Port: 41418 Timestamp: 1753302269.2651582
-> (4) byte, b'\x05\x01\x00\x01' Source Port: 31000 Target Port: 41418 Timestamp: 1753302269.2654102
-> (6) byte, b'\x7f\x00\x00\x01y\x1b' Source Port: 31000 Target Port: 41418 Timestamp: 1753302269.3108041
<- (10) byte, b'\x05\x00\x00\x01\x00\x00\x00\x00\x00\x00' Source Port: 31000 Target Port: 41418 Timestamp: 1753302269.311165
-> (8) byte, b'AAAAAAAA' Source Port: 31000 Target Port: 41418 Timestamp: 1753302269.3115678
<- (8) byte, b'YYYYYYYY' Source Port: 31000 Target Port: 41418 Timestamp: 1753302269.31681
-> (0) byte, b'' Source Port: 31000 Target Port: 41418 Timestamp: 1753302269.317301
Connection closed from (apparently) out

mainMITM:
Starting MITM: 31002 -> 10086
Received connection: <socket.socket fd=4, family=AddressFamily.AF_INET, type=SocketKind.SOCK_STREAM, proto=0, laddr=('127.0.0.1', 31002), raddr=('127.0.0.1', 57546)>
Connected to: 127.0.0.1, 10086 using ephemeral port 57938
-> (115) byte, b"\xd0\x7f\x1e\x8bA\x1f\xe2\xac\xde\xa5\xe6$\x10\x9c=\xf1\x0b\xcf\x94[\xaa\x8a\t\xfe\xd4\xab\xb8\x96\xed\xd2\xc0\xa5\xd9\x83T9\x88\xaa\xaa\xce\xb9Z\x84\x96e\xa9z\xc2\x1f\xd6\x9a\xc1\xbeX~e*P\xbf5\xc6\xab\xe1\xf5DfF*\x8e\xe5\xe9\x1f\x85\xc9\xefG\xb1\xbflH\xa0L\r';\x84\x85\xdcr\xa6\nOt$\xfc\\\x00\x85\xa9&jT\xad\x01\x15*\xef\x16\xa4\xaa\xba\xb6\xa1\x19\xf5" Source Port: 31002 Target Port: 57938 Timestamp: 1753302269.313355
<- (74) byte, b'\xfb\xf3\xd3\xe2\xf7\x03\xd8C f3&\xc8\x1e\xa09\xb9\x1b\x05\xca\xd0\x0c\xce`\xa8\xd3)"\n\xb1\x1ez\x07\x04;\x06\xf2\x95\x0c\xe6\xb9\xf8 GtY Vk\x89\xe1v|\x82M\x8c\xeb\xa5\xf0\x0bX\xae\xde\x1b\x0cU\x1b\xfa\x83b\xa0F%\xa4' Source Port: 31002 Target Port: 57938 Timestamp: 1753302269.316464
-> (0) byte, b'' Source Port: 31002 Target Port: 57938 Timestamp: 1753302269.3175204
Connection closed from (apparently) out

serverProxyMITM:
Starting MITM: 31003 -> 31004
Received connection: <socket.socket fd=4, family=AddressFamily.AF_INET, type=SocketKind.SOCK_STREAM, proto=0, laddr=('127.0.0.1', 31003), raddr=('127.0.0.1', 49372)>
Connected to: 127.0.0.1, 31004 using ephemeral port 39468
-> (8) byte, b'AAAAAAAA' Source Port: 31003 Target Port: 39468 Timestamp: 1753302269.3149753
<- (8) byte, b'YYYYYYYY' Source Port: 31003 Target Port: 39468 Timestamp: 1753302269.3158755
-> (0) byte, b'' Source Port: 31003 Target Port: 39468 Timestamp: 1753302269.317785
Connection closed from (apparently) out

Client:
Mode 2 - start experiment
Sent 8 byte of A
Received 8 byte: b'YYYYYYYY'
Connection closed

Server:
recv 8 bytes: b'AAAAAAAA'
sent 8 byte of Y
Completed iteration 3 for mode 2 with msg size 8 at 20250723-202425
----------------------------------------
Starting iteration 4 for mode 2 with msg size 8 at 20250723-202431
Results extracted:
Name: Start test ./logs/mode2_size8.log --mode 2 --send-size 8 
	Frames: 157
	Client got: 20 over 3 messages,  sent 21
	Server got: 8, over 1 messages, sent 8
	Terminated by FIN: CLIENT -> CLIENTPROXYMITM


clientProxyMITM:
Starting MITM: 31000 -> 31001
Received connection: <socket.socket fd=4, family=AddressFamily.AF_INET, type=SocketKind.SOCK_STREAM, proto=0, laddr=('127.0.0.1', 31000), raddr=('127.0.0.1', 32800)>
Connected to: 127.0.0.1, 31001 using ephemeral port 41432
-> (3) byte, b'\x05\x01\x00' Source Port: 31000 Target Port: 41432 Timestamp: 1753302275.49457
<- (2) byte, b'\x05\x00' Source Port: 31000 Target Port: 41432 Timestamp: 1753302275.494802
-> (4) byte, b'\x05\x01\x00\x01' Source Port: 31000 Target Port: 41432 Timestamp: 1753302275.495019
-> (6) byte, b'\x7f\x00\x00\x01y\x1b' Source Port: 31000 Target Port: 41432 Timestamp: 1753302275.5447505
<- (10) byte, b'\x05\x00\x00\x01\x00\x00\x00\x00\x00\x00' Source Port: 31000 Target Port: 41432 Timestamp: 1753302275.5451727
-> (8) byte, b'AAAAAAAA' Source Port: 31000 Target Port: 41432 Timestamp: 1753302275.5456972
<- (8) byte, b'YYYYYYYY' Source Port: 31000 Target Port: 41432 Timestamp: 1753302275.5507615
-> (0) byte, b'' Source Port: 31000 Target Port: 41432 Timestamp: 1753302275.5511453
Connection closed from (apparently) out

mainMITM:
Starting MITM: 31002 -> 10086
Received connection: <socket.socket fd=4, family=AddressFamily.AF_INET, type=SocketKind.SOCK_STREAM, proto=0, laddr=('127.0.0.1', 31002), raddr=('127.0.0.1', 57560)>
Connected to: 127.0.0.1, 10086 using ephemeral port 57944
-> (115) byte, b'\x15\xb1\xb1\xd7R&\x11\xeb\xcd_<~\xc4\x98*\xe7P\xa6L\x95\xfa{lS\xb6\x04\x98\xdb\xa0\x85\xe0\x93/$\x00\xdd\xfe\xffO\x0b@\xd5\xdd6\x94\x17\\\xa9\x91\xf0\x8b\x04\x84Ih5G\xaf\xbb\x95x\xbd\xfd5\xf5\xb4Fi\xb9\x8d\xc4H\\nM>w\xc2\xa1\xd9~\x85\xa6r\xa7\x8d\x85\xca\x114\x87%".l\x1ds\xbcm\x8b\xcd=]\xee\x9c\xc1\x07\xbc\xa7\r \xdc9J\x0f' Source Port: 31002 Target Port: 57944 Timestamp: 1753302275.5475338
<- (74) byte, b"\x16\xdd\x85\xff\xfa\t\xce\xea\xcd\xf1\x94\x98[\xd3\xf2\xba{\xff:\xcd\xc9hU\xacl\xc4<n\xe2\xeb\xa8\xbf@\x067\xe1\xd9#\xc5\xaa'\xf7R\xb6\xd9]8WA\x8c\xac7\x89\xf0;(\xe7\x1f\x01\x07J\xafH\x95\xfe\x07N\x8c\xe2\xa7\xb1\x7fyG" Source Port: 31002 Target Port: 57944 Timestamp: 1753302275.5505416
-> (0) byte, b'' Source Port: 31002 Target Port: 57944 Timestamp: 1753302275.5542731
Connection closed from (apparently) out

serverProxyMITM:
Starting MITM: 31003 -> 31004
Received connection: <socket.socket fd=4, family=AddressFamily.AF_INET, type=SocketKind.SOCK_STREAM, proto=0, laddr=('127.0.0.1', 31003), raddr=('127.0.0.1', 49382)>
Connected to: 127.0.0.1, 31004 using ephemeral port 39472
-> (8) byte, b'AAAAAAAA' Source Port: 31003 Target Port: 39472 Timestamp: 1753302275.5491624
<- (8) byte, b'YYYYYYYY' Source Port: 31003 Target Port: 39472 Timestamp: 1753302275.5500233
-> (0) byte, b'' Source Port: 31003 Target Port: 39472 Timestamp: 1753302275.5546556
Connection closed from (apparently) out

Client:
Mode 2 - start experiment
Sent 8 byte of A
Received 8 byte: b'YYYYYYYY'
Connection closed

Server:
recv 8 bytes: b'AAAAAAAA'
sent 8 byte of Y
Completed iteration 4 for mode 2 with msg size 8 at 20250723-202431
----------------------------------------
Starting iteration 5 for mode 2 with msg size 8 at 20250723-202437
Results extracted:
Name: Start test ./logs/mode2_size8.log --mode 2 --send-size 8 
	Frames: 176
	Client got: 20 over 3 messages,  sent 21
	Server got: 8, over 1 messages, sent 8
	Terminated by FIN: CLIENT -> CLIENTPROXYMITM


clientProxyMITM:
Starting MITM: 31000 -> 31001
Received connection: <socket.socket fd=4, family=AddressFamily.AF_INET, type=SocketKind.SOCK_STREAM, proto=0, laddr=('127.0.0.1', 31000), raddr=('127.0.0.1', 48294)>
Connected to: 127.0.0.1, 31001 using ephemeral port 41386
-> (3) byte, b'\x05\x01\x00' Source Port: 31000 Target Port: 41386 Timestamp: 1753302281.7697525
<- (2) byte, b'\x05\x00' Source Port: 31000 Target Port: 41386 Timestamp: 1753302281.7700725
-> (4) byte, b'\x05\x01\x00\x01' Source Port: 31000 Target Port: 41386 Timestamp: 1753302281.7703826
-> (6) byte, b'\x7f\x00\x00\x01y\x1b' Source Port: 31000 Target Port: 41386 Timestamp: 1753302281.8208978
<- (10) byte, b'\x05\x00\x00\x01\x00\x00\x00\x00\x00\x00' Source Port: 31000 Target Port: 41386 Timestamp: 1753302281.8213334
-> (8) byte, b'AAAAAAAA' Source Port: 31000 Target Port: 41386 Timestamp: 1753302281.8218935
<- (8) byte, b'YYYYYYYY' Source Port: 31000 Target Port: 41386 Timestamp: 1753302281.8278687
-> (0) byte, b'' Source Port: 31000 Target Port: 41386 Timestamp: 1753302281.8283112
Connection closed from (apparently) out

mainMITM:
Starting MITM: 31002 -> 10086
Received connection: <socket.socket fd=4, family=AddressFamily.AF_INET, type=SocketKind.SOCK_STREAM, proto=0, laddr=('127.0.0.1', 31002), raddr=('127.0.0.1', 60176)>
Connected to: 127.0.0.1, 10086 using ephemeral port 34862
-> (115) byte, b'I\xc6\xc3\x9a\x03\x05\x850\xce\xca\'\xfab\xcf0\xa3\xfe\x08\x08_\x89\x94\x7fN\x9c\x914xkR\x04\xad/\xcfT\xa2\xfeGz\xc8T\xfeH\xba\xbe\xf8\xa0\x85z\n\x88%\xc1\xc3\x01\xee\xb0+\xe6o\xebf\xcc\r\xad\x98\xbd9\xdaK+\xf7|\xaab\xb3\xd6\x19$LY\xd6"\xaa\xbb\x16H|\xa1\xde[\'\xc3\xdaa\xdesw\x00\xb1\xd9\xb2M\xfd\xaf\x0c\xe7\xcb\x1e0\xf9\xc6\x03\x98\xbb' Source Port: 31002 Target Port: 34862 Timestamp: 1753302281.823897
<- (74) byte, b'#\xd6\xa9 \xc2H\x87\xca\xe0o/\xd5$\xfcx\x87J_\xbbS\x06\x1b\xc0\xc2\xbe\xc6\x10\xa1\xb6\xd6;\xa7;\xcc/\xc9\x83\x97g\xf9]\xb6\xd0+\xee\x11\xc6\x1f\xf5\x92\n\x00oq\\\x106\xa4\xe2\xfe\x85BE\xa4\xd5\xbdxN3zF\xba\x14%' Source Port: 31002 Target Port: 34862 Timestamp: 1753302281.8275816
-> (0) byte, b'' Source Port: 31002 Target Port: 34862 Timestamp: 1753302281.8287485
Connection closed from (apparently) out

serverProxyMITM:
Starting MITM: 31003 -> 31004
Received connection: <socket.socket fd=4, family=AddressFamily.AF_INET, type=SocketKind.SOCK_STREAM, proto=0, laddr=('127.0.0.1', 31003), raddr=('127.0.0.1', 46456)>
Connected to: 127.0.0.1, 31004 using ephemeral port 50614
-> (8) byte, b'AAAAAAAA' Source Port: 31003 Target Port: 50614 Timestamp: 1753302281.825867
<- (8) byte, b'YYYYYYYY' Source Port: 31003 Target Port: 50614 Timestamp: 1753302281.8270853
-> (0) byte, b'' Source Port: 31003 Target Port: 50614 Timestamp: 1753302281.8292031
Connection closed from (apparently) out

Client:
Mode 2 - start experiment
Sent 8 byte of A
Received 8 byte: b'YYYYYYYY'
Connection closed

Server:
recv 8 bytes: b'AAAAAAAA'
sent 8 byte of Y
Completed iteration 5 for mode 2 with msg size 8 at 20250723-202437
----------------------------------------
Starting iteration 6 for mode 2 with msg size 8 at 20250723-202443
Results extracted:
Name: Start test ./logs/mode2_size8.log --mode 2 --send-size 8 
	Frames: 175
	Client got: 20 over 3 messages,  sent 21
	Server got: 8, over 1 messages, sent 8
	Terminated by FIN: CLIENT -> CLIENTPROXYMITM


clientProxyMITM:
Starting MITM: 31000 -> 31001
Received connection: <socket.socket fd=4, family=AddressFamily.AF_INET, type=SocketKind.SOCK_STREAM, proto=0, laddr=('127.0.0.1', 31000), raddr=('127.0.0.1', 43490)>
Connected to: 127.0.0.1, 31001 using ephemeral port 44822
-> (3) byte, b'\x05\x01\x00' Source Port: 31000 Target Port: 44822 Timestamp: 1753302288.0447123
<- (2) byte, b'\x05\x00' Source Port: 31000 Target Port: 44822 Timestamp: 1753302288.0451543
-> (4) byte, b'\x05\x01\x00\x01' Source Port: 31000 Target Port: 44822 Timestamp: 1753302288.0453606
-> (6) byte, b'\x7f\x00\x00\x01y\x1b' Source Port: 31000 Target Port: 44822 Timestamp: 1753302288.0889204
<- (10) byte, b'\x05\x00\x00\x01\x00\x00\x00\x00\x00\x00' Source Port: 31000 Target Port: 44822 Timestamp: 1753302288.0892017
-> (8) byte, b'AAAAAAAA' Source Port: 31000 Target Port: 44822 Timestamp: 1753302288.089683
<- (8) byte, b'YYYYYYYY' Source Port: 31000 Target Port: 44822 Timestamp: 1753302288.0986545
-> (0) byte, b'' Source Port: 31000 Target Port: 44822 Timestamp: 1753302288.0992374
Connection closed from (apparently) out

mainMITM:
Starting MITM: 31002 -> 10086
Received connection: <socket.socket fd=4, family=AddressFamily.AF_INET, type=SocketKind.SOCK_STREAM, proto=0, laddr=('127.0.0.1', 31002), raddr=('127.0.0.1', 35380)>
Connected to: 127.0.0.1, 10086 using ephemeral port 47176
-> (115) byte, b'\xe4\xba\xdb\xe2)\xd6\xd9\xa3p\xa6\xcf$\xaf\xf3\xffT\x0c\x7fF\x18\xdf\x98\xd6\xec\x19\x11\xd3\xd08\x11\xdb\xe6$\xdf\x0ee\\\xb6\x9e\xef\xd0\xd1k\x85\r\xaf\x04\xba}\xe4\xb6\xd6|\xae5\xa4X\xf7t\xa2\x83\x86 \x9c.r\x91\xf1\x16\xba\xe3\xa0\xee\x08\xedz\xa6\xf1\xd6a\xd0np\xd3\x8a|\xff`r\xd4\xf2\x11\xb4 \xb8 \x1c\x01\xce\xd26h}m\xd4\x9a\xb2\xc5c\xfb-;\xfc\xb4k' Source Port: 31002 Target Port: 47176 Timestamp: 1753302288.0927868
<- (74) byte, b'\xe8\xa5\x02e\xbbn\xe6n\xbe\xdaN\xee\xfcZ\xfb\xe5\x9a\xfc\x06um\x96\x7f\x14\xe4\x13\x19O2\xcf\xcfZ\x86\x02\xd0\xd9\x0f\xa3jcVfa\xb9u)$\xd1,\x92\xbf\xf6\x16\xaa\xfe\xdd|8\xfc\xa0\x8a\x15\xb5D\xd1!qH7\x8e`\xb8\xe0\xc1' Source Port: 31002 Target Port: 47176 Timestamp: 1753302288.098326
-> (0) byte, b'' Source Port: 31002 Target Port: 47176 Timestamp: 1753302288.0995479
Connection closed from (apparently) out

serverProxyMITM:
Starting MITM: 31003 -> 31004
Received connection: <socket.socket fd=4, family=AddressFamily.AF_INET, type=SocketKind.SOCK_STREAM, proto=0, laddr=('127.0.0.1', 31003), raddr=('127.0.0.1', 58856)>
Connected to: 127.0.0.1, 31004 using ephemeral port 37284
-> (8) byte, b'AAAAAAAA' Source Port: 31003 Target Port: 37284 Timestamp: 1753302288.09568
<- (8) byte, b'YYYYYYYY' Source Port: 31003 Target Port: 37284 Timestamp: 1753302288.097719
-> (0) byte, b'' Source Port: 31003 Target Port: 37284 Timestamp: 1753302288.0998397
Connection closed from (apparently) out

Client:
Mode 2 - start experiment
Sent 8 byte of A
Received 8 byte: b'YYYYYYYY'
Connection closed

Server:
recv 8 bytes: b'AAAAAAAA'
sent 8 byte of Y
Completed iteration 6 for mode 2 with msg size 8 at 20250723-202443
----------------------------------------
Starting iteration 7 for mode 2 with msg size 8 at 20250723-202450
Results extracted:
Name: Start test ./logs/mode2_size8.log --mode 2 --send-size 8 
	Frames: 149
	Client got: 20 over 3 messages,  sent 21
	Server got: 8, over 1 messages, sent 8
	Terminated by FIN: CLIENT -> CLIENTPROXYMITM


clientProxyMITM:
Starting MITM: 31000 -> 31001
Received connection: <socket.socket fd=4, family=AddressFamily.AF_INET, type=SocketKind.SOCK_STREAM, proto=0, laddr=('127.0.0.1', 31000), raddr=('127.0.0.1', 43492)>
Connected to: 127.0.0.1, 31001 using ephemeral port 44836
-> (3) byte, b'\x05\x01\x00' Source Port: 31000 Target Port: 44836 Timestamp: 1753302294.324438
<- (2) byte, b'\x05\x00' Source Port: 31000 Target Port: 44836 Timestamp: 1753302294.324738
-> (4) byte, b'\x05\x01\x00\x01' Source Port: 31000 Target Port: 44836 Timestamp: 1753302294.324946
-> (6) byte, b'\x7f\x00\x00\x01y\x1b' Source Port: 31000 Target Port: 44836 Timestamp: 1753302294.3669062
<- (10) byte, b'\x05\x00\x00\x01\x00\x00\x00\x00\x00\x00' Source Port: 31000 Target Port: 44836 Timestamp: 1753302294.3671813
-> (8) byte, b'AAAAAAAA' Source Port: 31000 Target Port: 44836 Timestamp: 1753302294.367526
<- (8) byte, b'YYYYYYYY' Source Port: 31000 Target Port: 44836 Timestamp: 1753302294.3707097
-> (0) byte, b'' Source Port: 31000 Target Port: 44836 Timestamp: 1753302294.371152
Connection closed from (apparently) out

mainMITM:
Starting MITM: 31002 -> 10086
Received connection: <socket.socket fd=4, family=AddressFamily.AF_INET, type=SocketKind.SOCK_STREAM, proto=0, laddr=('127.0.0.1', 31002), raddr=('127.0.0.1', 35392)>
Connected to: 127.0.0.1, 10086 using ephemeral port 47186
-> (115) byte, b'\xb7\x93\xe0\x1f\xa7\x8f_^u\x94\xb5\xd4>x\xb7<\xc6d\xc4B\x7f\xc2\xd0\x9a\x8a\xc1\xc0\x87\xad\xa7,a\xf4s\xf3\x15\xc7\x8c\x05\xf215X\xb2`\x92T^\xba$\xcd\xafiH\x13\xbd\x06U\x99\x1b\x15P\x0b\xdb\x8c\xf1\x11b\xf9\x99m\x1b\x18&\x0f\xc2\x00\x076e\xde9\xcd#}\x90\xb9\x9e\xa5\xb6\xe3m\xdbI,!\x1e\xe6+>S\xe0\x7f\xbd\xe1\xb20W\\h[\xaa\x8c\x99\xe5' Source Port: 31002 Target Port: 47186 Timestamp: 1753302294.3686695
<- (74) byte, b"y\xaaCL\x9dl\xba\xcb\x1e\xad\xb5'\xcf\xd3\xe5\x07\xd0\xbc#\xc6\x0b\xdf7Oa\x84\x087\x8a\x05\xe6d*x\xf5m\xa8\xfa\xc4 a\xc7\xcfR\xd2\xc2\xb5&\xf0\\\x12\xf9L\x1fK\x05`\xa2\xbe_L&\xe0\x1a\x9f\xdf\xb7\x19!&\xd6}\x0b\xc8" Source Port: 31002 Target Port: 47186 Timestamp: 1753302294.3704772
-> (0) byte, b'' Source Port: 31002 Target Port: 47186 Timestamp: 1753302294.3714163
Connection closed from (apparently) out

serverProxyMITM:
Starting MITM: 31003 -> 31004
Received connection: <socket.socket fd=4, family=AddressFamily.AF_INET, type=SocketKind.SOCK_STREAM, proto=0, laddr=('127.0.0.1', 31003), raddr=('127.0.0.1', 58860)>
Connected to: 127.0.0.1, 31004 using ephemeral port 37288
-> (8) byte, b'AAAAAAAA' Source Port: 31003 Target Port: 37288 Timestamp: 1753302294.3696296
<- (8) byte, b'YYYYYYYY' Source Port: 31003 Target Port: 37288 Timestamp: 1753302294.370169
-> (0) byte, b'' Source Port: 31003 Target Port: 37288 Timestamp: 1753302294.3716142
Connection closed from (apparently) out

Client:
Mode 2 - start experiment
Sent 8 byte of A
Received 8 byte: b'YYYYYYYY'
Connection closed

Server:
recv 8 bytes: b'AAAAAAAA'
sent 8 byte of Y
Completed iteration 7 for mode 2 with msg size 8 at 20250723-202450
----------------------------------------
Starting iteration 8 for mode 2 with msg size 8 at 20250723-202456
Results extracted:
Name: Start test ./logs/mode2_size8.log --mode 2 --send-size 8 
	Frames: 158
	Client got: 20 over 3 messages,  sent 21
	Server got: 8, over 1 messages, sent 8
	Terminated by FIN: CLIENT -> CLIENTPROXYMITM


clientProxyMITM:
Starting MITM: 31000 -> 31001
Received connection: <socket.socket fd=4, family=AddressFamily.AF_INET, type=SocketKind.SOCK_STREAM, proto=0, laddr=('127.0.0.1', 31000), raddr=('127.0.0.1', 34588)>
Connected to: 127.0.0.1, 31001 using ephemeral port 45220
-> (3) byte, b'\x05\x01\x00' Source Port: 31000 Target Port: 45220 Timestamp: 1753302300.567765
<- (2) byte, b'\x05\x00' Source Port: 31000 Target Port: 45220 Timestamp: 1753302300.5682478
-> (4) byte, b'\x05\x01\x00\x01' Source Port: 31000 Target Port: 45220 Timestamp: 1753302300.5685515
-> (6) byte, b'\x7f\x00\x00\x01y\x1b' Source Port: 31000 Target Port: 45220 Timestamp: 1753302300.618677
<- (10) byte, b'\x05\x00\x00\x01\x00\x00\x00\x00\x00\x00' Source Port: 31000 Target Port: 45220 Timestamp: 1753302300.618964
-> (8) byte, b'AAAAAAAA' Source Port: 31000 Target Port: 45220 Timestamp: 1753302300.6195514
<- (8) byte, b'YYYYYYYY' Source Port: 31000 Target Port: 45220 Timestamp: 1753302300.626457
-> (0) byte, b'' Source Port: 31000 Target Port: 45220 Timestamp: 1753302300.6269417
Connection closed from (apparently) out

mainMITM:
Starting MITM: 31002 -> 10086
Received connection: <socket.socket fd=4, family=AddressFamily.AF_INET, type=SocketKind.SOCK_STREAM, proto=0, laddr=('127.0.0.1', 31002), raddr=('127.0.0.1', 49408)>
Connected to: 127.0.0.1, 10086 using ephemeral port 35880
-> (115) byte, b'\xbc\xc7(^N\x11\xeeC\x0c\xfe\x15J6Z\xb6\xea\xcdU\xfd\x8fZ)5s:$\xa2\x01>\x80\xb5bcP4?\x7fu\xc1F[>\x89\x98\xd2\xca\x14ei7y9\xe4hu\x7f\x99w\xe2\xc1\xc4\x1b\xb68H\t\xe5\x89,\xbc\x00]<z\x1a}\xc7\x0c\x0e+\\5\xa23\xb6u\x01\x896KCqk\xce\xc1D\xdfv\xeei\xaa\x02\xa0\xbf\x9f\x82\x8b\xc1\x82\x19h`\x83\xef\xaf' Source Port: 31002 Target Port: 35880 Timestamp: 1753302300.6216407
<- (74) byte, b'#\xb7\x12\xe9\x1b\xfbvj\x7f]\xbc\xdf\xfb,\xd7\x85#\x91:p\xe5\x0c\xe4\xb9\x913\xe1\x9a\x0c\xfa+*\x1ayIl\x0c\x12\x18#\xfd\xe5\x0b\xe5\xf8\x9b\xbd\x99S\x0c)\xb8\xf1\xc6\xe7\x89\xc6\xc3r\x8f\x10\xc5ON/\xb8\x92\x15\xb5\x90\xe0\xeb5t' Source Port: 31002 Target Port: 35880 Timestamp: 1753302300.6259294
-> (0) byte, b'' Source Port: 31002 Target Port: 35880 Timestamp: 1753302300.6274297
Connection closed from (apparently) out

serverProxyMITM:
Starting MITM: 31003 -> 31004
Received connection: <socket.socket fd=4, family=AddressFamily.AF_INET, type=SocketKind.SOCK_STREAM, proto=0, laddr=('127.0.0.1', 31003), raddr=('127.0.0.1', 41052)>
Connected to: 127.0.0.1, 31004 using ephemeral port 35348
-> (8) byte, b'AAAAAAAA' Source Port: 31003 Target Port: 35348 Timestamp: 1753302300.6239424
<- (8) byte, b'YYYYYYYY' Source Port: 31003 Target Port: 35348 Timestamp: 1753302300.625479
-> (0) byte, b'' Source Port: 31003 Target Port: 35348 Timestamp: 1753302300.6278734
Connection closed from (apparently) out

Client:
Mode 2 - start experiment
Sent 8 byte of A
Received 8 byte: b'YYYYYYYY'
Connection closed

Server:
recv 8 bytes: b'AAAAAAAA'
sent 8 byte of Y
Completed iteration 8 for mode 2 with msg size 8 at 20250723-202456
----------------------------------------
Starting iteration 9 for mode 2 with msg size 8 at 20250723-202502
Results extracted:
Name: Start test ./logs/mode2_size8.log --mode 2 --send-size 8 
	Frames: 164
	Client got: 20 over 3 messages,  sent 21
	Server got: 8, over 1 messages, sent 8
	Terminated by FIN: CLIENT -> CLIENTPROXYMITM


clientProxyMITM:
Starting MITM: 31000 -> 31001
Received connection: <socket.socket fd=4, family=AddressFamily.AF_INET, type=SocketKind.SOCK_STREAM, proto=0, laddr=('127.0.0.1', 31000), raddr=('127.0.0.1', 34594)>
Connected to: 127.0.0.1, 31001 using ephemeral port 45230
-> (3) byte, b'\x05\x01\x00' Source Port: 31000 Target Port: 45230 Timestamp: 1753302306.8343773
<- (2) byte, b'\x05\x00' Source Port: 31000 Target Port: 45230 Timestamp: 1753302306.8346329
-> (4) byte, b'\x05\x01\x00\x01' Source Port: 31000 Target Port: 45230 Timestamp: 1753302306.8348665
-> (6) byte, b'\x7f\x00\x00\x01y\x1b' Source Port: 31000 Target Port: 45230 Timestamp: 1753302306.8847866
<- (10) byte, b'\x05\x00\x00\x01\x00\x00\x00\x00\x00\x00' Source Port: 31000 Target Port: 45230 Timestamp: 1753302306.8851905
-> (8) byte, b'AAAAAAAA' Source Port: 31000 Target Port: 45230 Timestamp: 1753302306.8857105
<- (8) byte, b'YYYYYYYY' Source Port: 31000 Target Port: 45230 Timestamp: 1753302306.8907154
-> (0) byte, b'' Source Port: 31000 Target Port: 45230 Timestamp: 1753302306.891244
Connection closed from (apparently) out

mainMITM:
Starting MITM: 31002 -> 10086
Received connection: <socket.socket fd=4, family=AddressFamily.AF_INET, type=SocketKind.SOCK_STREAM, proto=0, laddr=('127.0.0.1', 31002), raddr=('127.0.0.1', 49420)>
Connected to: 127.0.0.1, 10086 using ephemeral port 35892
-> (115) byte, b'\xa8N\x16\xcd\xc7\x9eA\x82\xc6\x19\xb3\xb1\xa8\x80\x0f\xe7"\xa77\xaf^z\x02\x15\x840\x88T\x08\xf93\x9a\xc6$E\xdc1\xfa;\xc9\xf2\x86);\xf4\xd3\x12!\xf9\x1d\xa5\x8a(\xaf`\xcc\x9fcTJ4\xff\xc5\xeb\xae\xf6R\xb1\xdap\xfaN\x1c\x14\xb0\xd0\xb5\xe4\x02l\x15\xf7\x1f\xe37\x0f\xd8\x90\x02\x08\xd8\x0e\xd2\x8c\xebm5\xd275\xc7\t\xd4\x8f\x8dc\x89\xfa\xcd\xb4\xf1\x18<N\xaf' Source Port: 31002 Target Port: 35892 Timestamp: 1753302306.8874702
<- (74) byte, b'I\xb1\xb94\x9f\x98\xd8\xd2\xa1\x0e\x80?@\xf9\xab@h\xf1\xe3\x08\x96\xf6\x81\xf2\x8d\n5\xfacI\xa4\xa2\x1f\xe9\x8bY\xd8FW\xf1.\x95o)\xad\xe3z\xe0\xb4s\x98\x17\xbc7\xe6\x9a9\xaatm\x0fe&\x06@D\xda\x1f\x84%\xb2\xf1@\x91' Source Port: 31002 Target Port: 35892 Timestamp: 1753302306.8903651
-> (0) byte, b'' Source Port: 31002 Target Port: 35892 Timestamp: 1753302306.8915546
Connection closed from (apparently) out

serverProxyMITM:
Starting MITM: 31003 -> 31004
Received connection: <socket.socket fd=4, family=AddressFamily.AF_INET, type=SocketKind.SOCK_STREAM, proto=0, laddr=('127.0.0.1', 31003), raddr=('127.0.0.1', 41060)>
Connected to: 127.0.0.1, 31004 using ephemeral port 35362
-> (8) byte, b'AAAAAAAA' Source Port: 31003 Target Port: 35362 Timestamp: 1753302306.889362
<- (8) byte, b'YYYYYYYY' Source Port: 31003 Target Port: 35362 Timestamp: 1753302306.8899708
-> (0) byte, b'' Source Port: 31003 Target Port: 35362 Timestamp: 1753302306.89178
Connection closed from (apparently) out

Client:
Mode 2 - start experiment
Sent 8 byte of A
Received 8 byte: b'YYYYYYYY'
Connection closed

Server:
recv 8 bytes: b'AAAAAAAA'
sent 8 byte of Y
Completed iteration 9 for mode 2 with msg size 8 at 20250723-202502
----------------------------------------
Starting iteration 10 for mode 2 with msg size 8 at 20250723-202508
Results extracted:
Name: Start test ./logs/mode2_size8.log --mode 2 --send-size 8 
	Frames: 151
	Client got: 20 over 3 messages,  sent 21
	Server got: 8, over 1 messages, sent 8
	Terminated by FIN: CLIENT -> CLIENTPROXYMITM


clientProxyMITM:
Starting MITM: 31000 -> 31001
Received connection: <socket.socket fd=4, family=AddressFamily.AF_INET, type=SocketKind.SOCK_STREAM, proto=0, laddr=('127.0.0.1', 31000), raddr=('127.0.0.1', 41216)>
Connected to: 127.0.0.1, 31001 using ephemeral port 50572
-> (3) byte, b'\x05\x01\x00' Source Port: 31000 Target Port: 50572 Timestamp: 1753302313.0673409
<- (2) byte, b'\x05\x00' Source Port: 31000 Target Port: 50572 Timestamp: 1753302313.067582
-> (4) byte, b'\x05\x01\x00\x01' Source Port: 31000 Target Port: 50572 Timestamp: 1753302313.067837
-> (6) byte, b'\x7f\x00\x00\x01y\x1b' Source Port: 31000 Target Port: 50572 Timestamp: 1753302313.1107364
<- (10) byte, b'\x05\x00\x00\x01\x00\x00\x00\x00\x00\x00' Source Port: 31000 Target Port: 50572 Timestamp: 1753302313.1109347
-> (8) byte, b'AAAAAAAA' Source Port: 31000 Target Port: 50572 Timestamp: 1753302313.1112719
<- (8) byte, b'YYYYYYYY' Source Port: 31000 Target Port: 50572 Timestamp: 1753302313.114785
-> (0) byte, b'' Source Port: 31000 Target Port: 50572 Timestamp: 1753302313.1152527
Connection closed from (apparently) out

mainMITM:
Starting MITM: 31002 -> 10086
Received connection: <socket.socket fd=4, family=AddressFamily.AF_INET, type=SocketKind.SOCK_STREAM, proto=0, laddr=('127.0.0.1', 31002), raddr=('127.0.0.1', 41838)>
Connected to: 127.0.0.1, 10086 using ephemeral port 35760
-> (115) byte, b'm\x1c\xe8Va\x1d\x01\x87K\x14&q\x9f\x12\xe4\xe3];4h\x8b5\xb0#\xe3\x84\x85\x04%#,\x1f\x1c$6\x97\x0c\xbdC\xbeG\xac\x85\x8b\xd2F\xef\xa4\xc7\xec\xf2\xc1\x01\x15\xc2\xb9\xb2z\x8e\xf6+\xe1\xfe\x0e\xf4\x82\xb2\x1eY~9M\xddv0tn\x9b\xb0\xd6.\x05\xe3\x83I\x85\xc3\xa8\x00e\xd5\xc0:\x0e\x8a\xec\xae\xd7\xd0j-\x1a\xdf\x10\xfd\xfc\xc0Q"\x16\xa6\x1ar\xeee' Source Port: 31002 Target Port: 35760 Timestamp: 1753302313.1122663
<- (74) byte, b"\x8d\x84-#\x1bQ\xda\x7f\x00QpK\x83\x05'\x86\xa7+\xce\xa0\xf7V\x95\xca\x14\x1dz\x1f\xc4\x04\x12\xfd\xc4\xd59\r5\xfd=Z\xc6\xaf\xfb\x91\xf3\xb07K\x02\x82Sud\xbd\xba\xf5!\xad^\x84r\xa9\x82\xc6z\xc6\xef\xf9\x95&\xac\xbc\x92\x9f" Source Port: 31002 Target Port: 35760 Timestamp: 1753302313.114448
-> (0) byte, b'' Source Port: 31002 Target Port: 35760 Timestamp: 1753302313.1154313
Connection closed from (apparently) out

serverProxyMITM:
Starting MITM: 31003 -> 31004
Received connection: <socket.socket fd=4, family=AddressFamily.AF_INET, type=SocketKind.SOCK_STREAM, proto=0, laddr=('127.0.0.1', 31003), raddr=('127.0.0.1', 59894)>
Connected to: 127.0.0.1, 31004 using ephemeral port 42864
-> (8) byte, b'AAAAAAAA' Source Port: 31003 Target Port: 42864 Timestamp: 1753302313.113338
<- (8) byte, b'YYYYYYYY' Source Port: 31003 Target Port: 42864 Timestamp: 1753302313.1139104
-> (0) byte, b'' Source Port: 31003 Target Port: 42864 Timestamp: 1753302313.1156135
Connection closed from (apparently) out

Client:
Mode 2 - start experiment
Sent 8 byte of A
Received 8 byte: b'YYYYYYYY'
Connection closed

Server:
recv 8 bytes: b'AAAAAAAA'
sent 8 byte of Y
Completed iteration 10 for mode 2 with msg size 8 at 20250723-202508
----------------------------------------
Starting iteration 11 for mode 2 with msg size 8 at 20250723-202515
Results extracted:
Name: Start test ./logs/mode2_size8.log --mode 2 --send-size 8 
	Frames: 160
	Client got: 20 over 3 messages,  sent 21
	Server got: 8, over 1 messages, sent 8
	Terminated by FIN: CLIENT -> CLIENTPROXYMITM


clientProxyMITM:
Starting MITM: 31000 -> 31001
Received connection: <socket.socket fd=4, family=AddressFamily.AF_INET, type=SocketKind.SOCK_STREAM, proto=0, laddr=('127.0.0.1', 31000), raddr=('127.0.0.1', 48716)>
Connected to: 127.0.0.1, 31001 using ephemeral port 42396
-> (3) byte, b'\x05\x01\x00' Source Port: 31000 Target Port: 42396 Timestamp: 1753302319.319758
<- (2) byte, b'\x05\x00' Source Port: 31000 Target Port: 42396 Timestamp: 1753302319.3199427
-> (4) byte, b'\x05\x01\x00\x01' Source Port: 31000 Target Port: 42396 Timestamp: 1753302319.320273
-> (6) byte, b'\x7f\x00\x00\x01y\x1b' Source Port: 31000 Target Port: 42396 Timestamp: 1753302319.3649683
<- (10) byte, b'\x05\x00\x00\x01\x00\x00\x00\x00\x00\x00' Source Port: 31000 Target Port: 42396 Timestamp: 1753302319.365223
-> (8) byte, b'AAAAAAAA' Source Port: 31000 Target Port: 42396 Timestamp: 1753302319.3656058
<- (8) byte, b'YYYYYYYY' Source Port: 31000 Target Port: 42396 Timestamp: 1753302319.3695507
-> (0) byte, b'' Source Port: 31000 Target Port: 42396 Timestamp: 1753302319.3698897
Connection closed from (apparently) out

mainMITM:
Starting MITM: 31002 -> 10086
Received connection: <socket.socket fd=4, family=AddressFamily.AF_INET, type=SocketKind.SOCK_STREAM, proto=0, laddr=('127.0.0.1', 31002), raddr=('127.0.0.1', 46246)>
Connected to: 127.0.0.1, 10086 using ephemeral port 38530
-> (115) byte, b'\x14\xbbZ"8\x99y\x9d\x0e\xc6\xa9\x8b3s\x9e\xff\xb8\xab\xa3\xf9\xd5\xca\r\xe7\xc0\xb30\xc7\xa4\x13\xcb\x001\x10\x88\x0e\nO._!\x0cM\xfb\x17\xf6\xc8C\x7f\xcc.\x06W\xb1\xcd"YI\xdf\xb2\x04\xd4\xb7a5\t\xd4\xb5\xc2\xd2\xeb\x0e\xbe\xdf`;\x86\xcd\xd2Q\xe5\x86Fb\xf1\xa8\xc3U`gfQ\\\xae\x12\xf9\x1f\xa4\x83\xa09\xd6N\xcf5\xab\xd5>\x1e\xb6\x9e2\x8d\xd71' Source Port: 31002 Target Port: 38530 Timestamp: 1753302319.3673387
<- (74) byte, b'\xc1\x91a\xe6z\x81x-~\xee\xfeG*x\xb8\xfa\x98\x1cc\xaf}\x1b\xc5\xdbf7\x81\x97\x13\x01;i=\x93\xe3\x19\x8a\x12\x00S\x1d0-\x15\xb0f\x0cG+%\xbf\xe8{\xcfc\xda\xcd\xb5\xc7A\xd1\x93\xaf\xae\x0e\xcf\x030H\x0e&X\x7f\x92' Source Port: 31002 Target Port: 38530 Timestamp: 1753302319.3693113
-> (0) byte, b'' Source Port: 31002 Target Port: 38530 Timestamp: 1753302319.370516
Connection closed from (apparently) out

serverProxyMITM:
Starting MITM: 31003 -> 31004
Received connection: <socket.socket fd=4, family=AddressFamily.AF_INET, type=SocketKind.SOCK_STREAM, proto=0, laddr=('127.0.0.1', 31003), raddr=('127.0.0.1', 36852)>
Connected to: 127.0.0.1, 31004 using ephemeral port 60540
-> (8) byte, b'AAAAAAAA' Source Port: 31003 Target Port: 60540 Timestamp: 1753302319.3682554
<- (8) byte, b'YYYYYYYY' Source Port: 31003 Target Port: 60540 Timestamp: 1753302319.3687735
-> (0) byte, b'' Source Port: 31003 Target Port: 60540 Timestamp: 1753302319.3707104
Connection closed from (apparently) out

Client:
Mode 2 - start experiment
Sent 8 byte of A
Received 8 byte: b'YYYYYYYY'
Connection closed

Server:
recv 8 bytes: b'AAAAAAAA'
sent 8 byte of Y
Completed iteration 11 for mode 2 with msg size 8 at 20250723-202515
----------------------------------------
Starting iteration 12 for mode 2 with msg size 8 at 20250723-202521
Results extracted:
Name: Start test ./logs/mode2_size8.log --mode 2 --send-size 8 
	Frames: 154
	Client got: 20 over 3 messages,  sent 21
	Server got: 8, over 1 messages, sent 8
	Terminated by FIN: CLIENT -> CLIENTPROXYMITM


clientProxyMITM:
Starting MITM: 31000 -> 31001
Received connection: <socket.socket fd=4, family=AddressFamily.AF_INET, type=SocketKind.SOCK_STREAM, proto=0, laddr=('127.0.0.1', 31000), raddr=('127.0.0.1', 48728)>
Connected to: 127.0.0.1, 31001 using ephemeral port 42400
-> (3) byte, b'\x05\x01\x00' Source Port: 31000 Target Port: 42400 Timestamp: 1753302325.5645456
<- (2) byte, b'\x05\x00' Source Port: 31000 Target Port: 42400 Timestamp: 1753302325.5647936
-> (4) byte, b'\x05\x01\x00\x01' Source Port: 31000 Target Port: 42400 Timestamp: 1753302325.5650861
-> (6) byte, b'\x7f\x00\x00\x01y\x1b' Source Port: 31000 Target Port: 42400 Timestamp: 1753302325.6113365
<- (10) byte, b'\x05\x00\x00\x01\x00\x00\x00\x00\x00\x00' Source Port: 31000 Target Port: 42400 Timestamp: 1753302325.6116977
-> (8) byte, b'AAAAAAAA' Source Port: 31000 Target Port: 42400 Timestamp: 1753302325.6124208
<- (8) byte, b'YYYYYYYY' Source Port: 31000 Target Port: 42400 Timestamp: 1753302325.6159909
-> (0) byte, b'' Source Port: 31000 Target Port: 42400 Timestamp: 1753302325.6165428
Connection closed from (apparently) out

mainMITM:
Starting MITM: 31002 -> 10086
Received connection: <socket.socket fd=4, family=AddressFamily.AF_INET, type=SocketKind.SOCK_STREAM, proto=0, laddr=('127.0.0.1', 31002), raddr=('127.0.0.1', 46256)>
Connected to: 127.0.0.1, 10086 using ephemeral port 38546
-> (115) byte, b"\x11\x81<\x90&\xf91\xfe\x89\x1b\x05Pu\x07M\xb5\xbd\x97\x87\x8cD\xd7\xb6)\xa2\x9a\x0c_G\xe5\x1f\x81\xaeY\xc1\xa8K\x9b\r\x97{U\x9aX,\xf5T\xd0\xd5\xceU\x15X\xe50\\_\x03F\xadz\x99<\x02\xec\x04\xc5\x80w\xc3\xa2\x8eI\xb3\x8d\xe0q+\x98\xff\xae%P\xe9\x1d\x9e\x0e\xa6l\xb6\xe1\xc1\x0fa\x04hU\x8c\x85!\xd5\x8e\xe3\xa9Gb'i\xb7\xa1\x88\x8d\xa5\xf0\x06" Source Port: 31002 Target Port: 38546 Timestamp: 1753302325.6135416
<- (74) byte, b'\xb0\x1fcl!\x97Fiua\xfb\x8fxOF\x02\x80\x9c\x08R]\xbb\x14\xfe\x02\xd1\xc3\xafa\xb2\x14?\xe2N\xe1\xcb{g\xa1C\xf2\xbd\xa1\xfbi\x90\x1e\xfe~T3\xb0\xcd?\x95d-;pg\xdf\xe5\x7f\xb0&\x04\x1f\x05\xc6\xc5H-\xef\xf6' Source Port: 31002 Target Port: 38546 Timestamp: 1753302325.6157293
-> (0) byte, b'' Source Port: 31002 Target Port: 38546 Timestamp: 1753302325.6168225
Connection closed from (apparently) out

serverProxyMITM:
Starting MITM: 31003 -> 31004
Received connection: <socket.socket fd=4, family=AddressFamily.AF_INET, type=SocketKind.SOCK_STREAM, proto=0, laddr=('127.0.0.1', 31003), raddr=('127.0.0.1', 36856)>
Connected to: 127.0.0.1, 31004 using ephemeral port 60548
-> (8) byte, b'AAAAAAAA' Source Port: 31003 Target Port: 60548 Timestamp: 1753302325.6146579
<- (8) byte, b'YYYYYYYY' Source Port: 31003 Target Port: 60548 Timestamp: 1753302325.6153288
-> (0) byte, b'' Source Port: 31003 Target Port: 60548 Timestamp: 1753302325.6172018
Connection closed from (apparently) out

Client:
Mode 2 - start experiment
Sent 8 byte of A
Received 8 byte: b'YYYYYYYY'
Connection closed

Server:
recv 8 bytes: b'AAAAAAAA'
sent 8 byte of Y
Completed iteration 12 for mode 2 with msg size 8 at 20250723-202521
----------------------------------------
Starting iteration 13 for mode 2 with msg size 8 at 20250723-202527
Results extracted:
Name: Start test ./logs/mode2_size8.log --mode 2 --send-size 8 
	Frames: 159
	Client got: 20 over 3 messages,  sent 21
	Server got: 8, over 1 messages, sent 8
	Terminated by FIN: CLIENT -> CLIENTPROXYMITM


clientProxyMITM:
Starting MITM: 31000 -> 31001
Received connection: <socket.socket fd=4, family=AddressFamily.AF_INET, type=SocketKind.SOCK_STREAM, proto=0, laddr=('127.0.0.1', 31000), raddr=('127.0.0.1', 35776)>
Connected to: 127.0.0.1, 31001 using ephemeral port 60350
-> (3) byte, b'\x05\x01\x00' Source Port: 31000 Target Port: 60350 Timestamp: 1753302331.8202178
<- (2) byte, b'\x05\x00' Source Port: 31000 Target Port: 60350 Timestamp: 1753302331.8204596
-> (4) byte, b'\x05\x01\x00\x01' Source Port: 31000 Target Port: 60350 Timestamp: 1753302331.8207083
-> (6) byte, b'\x7f\x00\x00\x01y\x1b' Source Port: 31000 Target Port: 60350 Timestamp: 1753302331.8708951
<- (10) byte, b'\x05\x00\x00\x01\x00\x00\x00\x00\x00\x00' Source Port: 31000 Target Port: 60350 Timestamp: 1753302331.871297
-> (8) byte, b'AAAAAAAA' Source Port: 31000 Target Port: 60350 Timestamp: 1753302331.8717005
<- (8) byte, b'YYYYYYYY' Source Port: 31000 Target Port: 60350 Timestamp: 1753302331.8757927
-> (0) byte, b'' Source Port: 31000 Target Port: 60350 Timestamp: 1753302331.8762207
Connection closed from (apparently) out

mainMITM:
Starting MITM: 31002 -> 10086
Received connection: <socket.socket fd=4, family=AddressFamily.AF_INET, type=SocketKind.SOCK_STREAM, proto=0, laddr=('127.0.0.1', 31002), raddr=('127.0.0.1', 44486)>
Connected to: 127.0.0.1, 10086 using ephemeral port 44126
-> (115) byte, b'4\xa2\xb1j\xb4\xb6\x8b\xd4\xc2\x17\xd8\xa2\xb1\xb3o\xa3\xdf#\xce\xcf\x01\x80!pk$!\xc9\xea\xaf\xf1\xff\xfa\xc3\xd6\xa4\xaf\xa2lk\xe2|x\xca\xa9F\xf9vG,\xb2\xec\x17 SY\xe7\xe9\xc3cp\xae1[\xfc\\\xc3\xa5\x08\x18k\xf3i6\x1fd$4L{\x05y\x8a\xec\xafg\xde\xa0\x9fB\xe3\xbd\x95\x85\xbd\xc1\x81\xdeD\xee>\xe1\xd3\xd7\xe8\xe8\x94 \xe0\xf2[c\xb5\xaag' Source Port: 31002 Target Port: 44126 Timestamp: 1753302331.8728786
<- (74) byte, b'\xd8\x0b\xe7\x90\r\xc3\xe3J\xa8\x05E\xb6TX\x90\x1c\xc9U\xea\xa1c\x14\xcdM\xaa\xdf\xa1\xe5$\xd9\xd0\xcf\x98\xd2i\x8a\xac$\n\x8f#\xb6g\x9d\xa2s\xf8\xc9\x05\xec\x87\xdewUo\xf5\xa6T\x86\xd2\xf3C\x8e\x16\xa5\xfaSe\xce\x14\xdeI\xf2U' Source Port: 31002 Target Port: 44126 Timestamp: 1753302331.8755026
-> (0) byte, b'' Source Port: 31002 Target Port: 44126 Timestamp: 1753302331.8765917
Connection closed from (apparently) out

serverProxyMITM:
Starting MITM: 31003 -> 31004
Received connection: <socket.socket fd=4, family=AddressFamily.AF_INET, type=SocketKind.SOCK_STREAM, proto=0, laddr=('127.0.0.1', 31003), raddr=('127.0.0.1', 45928)>
Connected to: 127.0.0.1, 31004 using ephemeral port 49338
-> (8) byte, b'AAAAAAAA' Source Port: 31003 Target Port: 49338 Timestamp: 1753302331.87425
<- (8) byte, b'YYYYYYYY' Source Port: 31003 Target Port: 49338 Timestamp: 1753302331.875012
-> (0) byte, b'' Source Port: 31003 Target Port: 49338 Timestamp: 1753302331.876926
Connection closed from (apparently) out

Client:
Mode 2 - start experiment
Sent 8 byte of A
Received 8 byte: b'YYYYYYYY'
Connection closed

Server:
recv 8 bytes: b'AAAAAAAA'
sent 8 byte of Y
Completed iteration 13 for mode 2 with msg size 8 at 20250723-202527
----------------------------------------
Starting iteration 14 for mode 2 with msg size 8 at 20250723-202533
Results extracted:
Name: Start test ./logs/mode2_size8.log --mode 2 --send-size 8 
	Frames: 167
	Client got: 20 over 3 messages,  sent 21
	Server got: 8, over 1 messages, sent 8
	Terminated by FIN: CLIENT -> CLIENTPROXYMITM


clientProxyMITM:
Starting MITM: 31000 -> 31001
Received connection: <socket.socket fd=4, family=AddressFamily.AF_INET, type=SocketKind.SOCK_STREAM, proto=0, laddr=('127.0.0.1', 31000), raddr=('127.0.0.1', 56668)>
Connected to: 127.0.0.1, 31001 using ephemeral port 46720
-> (3) byte, b'\x05\x01\x00' Source Port: 31000 Target Port: 46720 Timestamp: 1753302338.0678742
<- (2) byte, b'\x05\x00' Source Port: 31000 Target Port: 46720 Timestamp: 1753302338.068244
-> (4) byte, b'\x05\x01\x00\x01' Source Port: 31000 Target Port: 46720 Timestamp: 1753302338.0684536
-> (6) byte, b'\x7f\x00\x00\x01y\x1b' Source Port: 31000 Target Port: 46720 Timestamp: 1753302338.1168997
<- (10) byte, b'\x05\x00\x00\x01\x00\x00\x00\x00\x00\x00' Source Port: 31000 Target Port: 46720 Timestamp: 1753302338.1171293
-> (8) byte, b'AAAAAAAA' Source Port: 31000 Target Port: 46720 Timestamp: 1753302338.117501
<- (8) byte, b'YYYYYYYY' Source Port: 31000 Target Port: 46720 Timestamp: 1753302338.1209748
-> (0) byte, b'' Source Port: 31000 Target Port: 46720 Timestamp: 1753302338.1214628
Connection closed from (apparently) out

mainMITM:
Starting MITM: 31002 -> 10086
Received connection: <socket.socket fd=4, family=AddressFamily.AF_INET, type=SocketKind.SOCK_STREAM, proto=0, laddr=('127.0.0.1', 31002), raddr=('127.0.0.1', 50374)>
Connected to: 127.0.0.1, 10086 using ephemeral port 47420
-> (115) byte, b'\xc4P\x00\xc3#\xe4|#\xdf\xffrP\xc9\xe9k\xe2\xd9\x05\xb7\x8e\xdd\xba\xa7\x0e|S\xc1\xb5\xa66c0>6[\x82".\x7f\xbc\x0c-\x01a\xcfb\xf7\n\xb8u\xa6\x97\xc3\xe5P\x11\xbc]B@\xf5\x18\xa7\xd9\x89\xf34q\xd4m\x91\x9c\xf7h\xaf\xc17=\xf6\r\xfd\xf4\xf9\x81\xe9\xe3X\xca\xa3\r\xe1\xfeM\t\x1d\xbe\xd3\x16:\x95\xe1\x93\x0e\xdc\xa5\xa8\xbf\xa2:\xf0mB\xcc\xc9Q' Source Port: 31002 Target Port: 47420 Timestamp: 1753302338.1185777
<- (74) byte, b'\x81^Z\xd9\x1e\xa1\xe8\xa1\xa5\xb5\x020\x12\xa9\x7f\xaa\x01\xba\xfc\xe32e4(Z\xa1\xec\x7f\x17\x9b\x87\xb0h4i%\xed\xc1\x90\xab\xd2\xb3\xc6\x89\x08\x1a\x01\xa1\x0f\xe6\x9f\xefC\xb6\x07D\xbf\x01"\xf6\n\x8fl\x80\xe3N\xc2\x04P\xfb\xc6\xc8a\xa6' Source Port: 31002 Target Port: 47420 Timestamp: 1753302338.1207583
-> (0) byte, b'' Source Port: 31002 Target Port: 47420 Timestamp: 1753302338.1217484
Connection closed from (apparently) out

serverProxyMITM:
Starting MITM: 31003 -> 31004
Received connection: <socket.socket fd=4, family=AddressFamily.AF_INET, type=SocketKind.SOCK_STREAM, proto=0, laddr=('127.0.0.1', 31003), raddr=('127.0.0.1', 50238)>
Connected to: 127.0.0.1, 31004 using ephemeral port 55418
-> (8) byte, b'AAAAAAAA' Source Port: 31003 Target Port: 55418 Timestamp: 1753302338.1198268
<- (8) byte, b'YYYYYYYY' Source Port: 31003 Target Port: 55418 Timestamp: 1753302338.1204069
-> (0) byte, b'' Source Port: 31003 Target Port: 55418 Timestamp: 1753302338.1220267
Connection closed from (apparently) out

Client:
Mode 2 - start experiment
Sent 8 byte of A
Received 8 byte: b'YYYYYYYY'
Connection closed

Server:
recv 8 bytes: b'AAAAAAAA'
sent 8 byte of Y
Completed iteration 14 for mode 2 with msg size 8 at 20250723-202533
----------------------------------------
Starting iteration 15 for mode 2 with msg size 8 at 20250723-202540
Results extracted:
Name: Start test ./logs/mode2_size8.log --mode 2 --send-size 8 
	Frames: 155
	Client got: 20 over 3 messages,  sent 21
	Server got: 8, over 1 messages, sent 8
	Terminated by FIN: CLIENT -> CLIENTPROXYMITM


clientProxyMITM:
Starting MITM: 31000 -> 31001
Received connection: <socket.socket fd=4, family=AddressFamily.AF_INET, type=SocketKind.SOCK_STREAM, proto=0, laddr=('127.0.0.1', 31000), raddr=('127.0.0.1', 56672)>
Connected to: 127.0.0.1, 31001 using ephemeral port 46730
-> (3) byte, b'\x05\x01\x00' Source Port: 31000 Target Port: 46730 Timestamp: 1753302344.3296628
<- (2) byte, b'\x05\x00' Source Port: 31000 Target Port: 46730 Timestamp: 1753302344.329994
-> (4) byte, b'\x05\x01\x00\x01' Source Port: 31000 Target Port: 46730 Timestamp: 1753302344.3303082
-> (6) byte, b'\x7f\x00\x00\x01y\x1b' Source Port: 31000 Target Port: 46730 Timestamp: 1753302344.3808577
<- (10) byte, b'\x05\x00\x00\x01\x00\x00\x00\x00\x00\x00' Source Port: 31000 Target Port: 46730 Timestamp: 1753302344.3811877
-> (8) byte, b'AAAAAAAA' Source Port: 31000 Target Port: 46730 Timestamp: 1753302344.381525
<- (8) byte, b'YYYYYYYY' Source Port: 31000 Target Port: 46730 Timestamp: 1753302344.3848586
-> (0) byte, b'' Source Port: 31000 Target Port: 46730 Timestamp: 1753302344.3854082
Connection closed from (apparently) out

mainMITM:
Starting MITM: 31002 -> 10086
Received connection: <socket.socket fd=4, family=AddressFamily.AF_INET, type=SocketKind.SOCK_STREAM, proto=0, laddr=('127.0.0.1', 31002), raddr=('127.0.0.1', 50376)>
Connected to: 127.0.0.1, 10086 using ephemeral port 47436
-> (115) byte, b"o\x1e\xa0\xcc33/@\x8a\xafQI\x17 \xfb5\x03\x1b\xee=\xed\x04y\xfe\x88\xab\x15\r\xdc\x82[Y\x81\xeb\x93\xfa`e\xeb\xd9U8\x92\\$\x1b\xe9'\x8ei\xdc\x92x\xbd \x87\x8a\xff\x9d\xe0t>\xc6\xc9X7g\xd6fa\xf5\xd4L\xf4h\xd9\xc0\xbc\xd1\xc7e\xb0[h\xce67\xd0J\xb6\x11Y\xafT\xbd\x9cK@_N\x9bu\xef\xd6H\xda\x97 \x87K\xdaUP\xc4\xde" Source Port: 31002 Target Port: 47436 Timestamp: 1753302344.3826568
<- (74) byte, b'\xdb\xb84;\xa0S+\xa0\x0b\xbfL\xfa\x11  \xab\xe5\x1fP\xab\x80=\xe9\x99P\xc6\xb9\x92\nn\xf3`\xe0E\xb5-\xec\xfb \x8d\xb6kU\xe0\xea\x04\xb9,\xe8_\x9aU\x00\xc4\x07MO\x01\x8d\xf3x\xf36\x0b)\x82\x7f/\xc1\x15\xa7;\xff\xfc' Source Port: 31002 Target Port: 47436 Timestamp: 1753302344.3846047
-> (0) byte, b'' Source Port: 31002 Target Port: 47436 Timestamp: 1753302344.3857844
Connection closed from (apparently) out

serverProxyMITM:
Starting MITM: 31003 -> 31004
Received connection: <socket.socket fd=4, family=AddressFamily.AF_INET, type=SocketKind.SOCK_STREAM, proto=0, laddr=('127.0.0.1', 31003), raddr=('127.0.0.1', 50244)>
Connected to: 127.0.0.1, 31004 using ephemeral port 55428
-> (8) byte, b'AAAAAAAA' Source Port: 31003 Target Port: 55428 Timestamp: 1753302344.3836467
<- (8) byte, b'YYYYYYYY' Source Port: 31003 Target Port: 55428 Timestamp: 1753302344.3842802
-> (0) byte, b'' Source Port: 31003 Target Port: 55428 Timestamp: 1753302344.3859396
Connection closed from (apparently) out

Client:
Mode 2 - start experiment
Sent 8 byte of A
Received 8 byte: b'YYYYYYYY'
Connection closed

Server:
recv 8 bytes: b'AAAAAAAA'
sent 8 byte of Y
Completed iteration 15 for mode 2 with msg size 8 at 20250723-202540
----------------------------------------
Starting iteration 16 for mode 2 with msg size 8 at 20250723-202546
Results extracted:
Name: Start test ./logs/mode2_size8.log --mode 2 --send-size 8 
	Frames: 160
	Client got: 20 over 3 messages,  sent 21
	Server got: 8, over 1 messages, sent 8
	Terminated by FIN: CLIENT -> CLIENTPROXYMITM


clientProxyMITM:
Starting MITM: 31000 -> 31001
Received connection: <socket.socket fd=4, family=AddressFamily.AF_INET, type=SocketKind.SOCK_STREAM, proto=0, laddr=('127.0.0.1', 31000), raddr=('127.0.0.1', 33242)>
Connected to: 127.0.0.1, 31001 using ephemeral port 42364
-> (3) byte, b'\x05\x01\x00' Source Port: 31000 Target Port: 42364 Timestamp: 1753302350.5817547
<- (2) byte, b'\x05\x00' Source Port: 31000 Target Port: 42364 Timestamp: 1753302350.5820007
-> (4) byte, b'\x05\x01\x00\x01' Source Port: 31000 Target Port: 42364 Timestamp: 1753302350.582376
-> (6) byte, b'\x7f\x00\x00\x01y\x1b' Source Port: 31000 Target Port: 42364 Timestamp: 1753302350.6272066
<- (10) byte, b'\x05\x00\x00\x01\x00\x00\x00\x00\x00\x00' Source Port: 31000 Target Port: 42364 Timestamp: 1753302350.6275797
-> (8) byte, b'AAAAAAAA' Source Port: 31000 Target Port: 42364 Timestamp: 1753302350.6280153
<- (8) byte, b'YYYYYYYY' Source Port: 31000 Target Port: 42364 Timestamp: 1753302350.6319845
-> (0) byte, b'' Source Port: 31000 Target Port: 42364 Timestamp: 1753302350.6325471
Connection closed from (apparently) out

mainMITM:
Starting MITM: 31002 -> 10086
Received connection: <socket.socket fd=4, family=AddressFamily.AF_INET, type=SocketKind.SOCK_STREAM, proto=0, laddr=('127.0.0.1', 31002), raddr=('127.0.0.1', 35014)>
Connected to: 127.0.0.1, 10086 using ephemeral port 43864
-> (115) byte, b'h9%\xa4<\\\x97\x85Uf\xfcqU\xa1\xe2OpVm\xd3o\xf2\x15\x9f\x11\x8e\xc2bv\xd9\xe4\x9f\x1c4~\xcd\xa5\xd0\xfa\xfd\xb1\xdd0\xeb\xcf\x8f81S\xa2\xa0=F\xd9\x86\x12H1V\xbd\x1a\x8a\xe1\xa4\xef\xc1K\x92a\xa2\x8c7\xc5NYC\xd80\xa3\x1c\xb0\xcf=\xbbUZ\x9c\x99\xf9\xb0\xaaGO\xccx\xa6\xef\xddkf\xe1l\xc5\r\x08&\xc8\x8eN\x87\xc9y\xd0\x94J' Source Port: 31002 Target Port: 43864 Timestamp: 1753302350.6294029
<- (74) byte, b'\xf1\x07p\xd2\x87\t1\xb4S!L\xc1\xeb\xb9/?<\xcbn\x85^\x17\xaa\r\x9b\xa6\x83\xca\xe1l\x89v\xbf\xb9\xad\x9e\xc4\xa1>2\xaf\xe24\xa9W0\xf91~\xd8\x91\xdav\x03\x0f\xe6^{\x1c$S\xd3\xc7C\x03"\xee\xad @:`\xf8\xe7' Source Port: 31002 Target Port: 43864 Timestamp: 1753302350.6317127
-> (0) byte, b'' Source Port: 31002 Target Port: 43864 Timestamp: 1753302350.6330178
Connection closed from (apparently) out

serverProxyMITM:
Starting MITM: 31003 -> 31004
Received connection: <socket.socket fd=4, family=AddressFamily.AF_INET, type=SocketKind.SOCK_STREAM, proto=0, laddr=('127.0.0.1', 31003), raddr=('127.0.0.1', 33944)>
Connected to: 127.0.0.1, 31004 using ephemeral port 58744
-> (8) byte, b'AAAAAAAA' Source Port: 31003 Target Port: 58744 Timestamp: 1753302350.630591
<- (8) byte, b'YYYYYYYY' Source Port: 31003 Target Port: 58744 Timestamp: 1753302350.6313503
-> (0) byte, b'' Source Port: 31003 Target Port: 58744 Timestamp: 1753302350.6333694
Connection closed from (apparently) out

Client:
Mode 2 - start experiment
Sent 8 byte of A
Received 8 byte: b'YYYYYYYY'
Connection closed

Server:
recv 8 bytes: b'AAAAAAAA'
sent 8 byte of Y
Completed iteration 16 for mode 2 with msg size 8 at 20250723-202546
----------------------------------------
Starting iteration 17 for mode 2 with msg size 8 at 20250723-202552
Results extracted:
Name: Start test ./logs/mode2_size8.log --mode 2 --send-size 8 
	Frames: 169
	Client got: 20 over 3 messages,  sent 21
	Server got: 8, over 1 messages, sent 8
	Terminated by FIN: CLIENT -> CLIENTPROXYMITM


clientProxyMITM:
Starting MITM: 31000 -> 31001
Received connection: <socket.socket fd=4, family=AddressFamily.AF_INET, type=SocketKind.SOCK_STREAM, proto=0, laddr=('127.0.0.1', 31000), raddr=('127.0.0.1', 33248)>
Connected to: 127.0.0.1, 31001 using ephemeral port 42380
-> (3) byte, b'\x05\x01\x00' Source Port: 31000 Target Port: 42380 Timestamp: 1753302356.828633
<- (2) byte, b'\x05\x00' Source Port: 31000 Target Port: 42380 Timestamp: 1753302356.828864
-> (4) byte, b'\x05\x01\x00\x01' Source Port: 31000 Target Port: 42380 Timestamp: 1753302356.8292341
-> (6) byte, b'\x7f\x00\x00\x01y\x1b' Source Port: 31000 Target Port: 42380 Timestamp: 1753302356.8726704
<- (10) byte, b'\x05\x00\x00\x01\x00\x00\x00\x00\x00\x00' Source Port: 31000 Target Port: 42380 Timestamp: 1753302356.8729963
-> (8) byte, b'AAAAAAAA' Source Port: 31000 Target Port: 42380 Timestamp: 1753302356.8735201
<- (8) byte, b'YYYYYYYY' Source Port: 31000 Target Port: 42380 Timestamp: 1753302356.8769574
-> (0) byte, b'' Source Port: 31000 Target Port: 42380 Timestamp: 1753302356.8774202
Connection closed from (apparently) out

mainMITM:
Starting MITM: 31002 -> 10086
Received connection: <socket.socket fd=4, family=AddressFamily.AF_INET, type=SocketKind.SOCK_STREAM, proto=0, laddr=('127.0.0.1', 31002), raddr=('127.0.0.1', 35016)>
Connected to: 127.0.0.1, 10086 using ephemeral port 43880
-> (115) byte, b'|w\x1f\x93H\xae\x80\xdaj\xd0fS\xbbr B\xe1\x11\xee\xbc]|\xd2\xa6+\x07\xde\xf4-5\xc6\r\xads^@\xf3*_I)\xe6\xe5\xcb\xe0\xe9\xa3\x86\\S1\x154\x965\xab\xce\xf2\xea\xa9\x93L\xf6\xbe\x87\x18\xe8\xc5\x06\xd4\xe7B\xd0\xfa\xe8\x87\xf6\xee\x98\xdfM\x9d7\xe0\x94\xf2Z\x1c\xf5\xca(\xfdv!\xc8\xbb}u\x15=T\xd1\x834\xdb\x95\x81\x92\xc4\xf0s\xb9\x03\xe33' Source Port: 31002 Target Port: 43880 Timestamp: 1753302356.8744583
<- (74) byte, b'Q\xba,}\xa4\x1b\t\x06\xde/\x92\xe4j=$\x18\x8c$=\xfby\x88\xde\t(2\x97X\x1ako\xba8\xd2\xb3\xe4\rL\xda\xff\xf8\xf9\xa6\xc4P\xbd\xcc\xb6\xa6o\x02y\xc73\xc0\xb8eS\x8emuW\xc7\xc9\x9c\xfe\xf5R\x91\xac.S\x8d\xcd' Source Port: 31002 Target Port: 43880 Timestamp: 1753302356.876628
-> (0) byte, b'' Source Port: 31002 Target Port: 43880 Timestamp: 1753302356.8778014
Connection closed from (apparently) out

serverProxyMITM:
Starting MITM: 31003 -> 31004
Received connection: <socket.socket fd=4, family=AddressFamily.AF_INET, type=SocketKind.SOCK_STREAM, proto=0, laddr=('127.0.0.1', 31003), raddr=('127.0.0.1', 33956)>
Connected to: 127.0.0.1, 31004 using ephemeral port 58760
-> (8) byte, b'AAAAAAAA' Source Port: 31003 Target Port: 58760 Timestamp: 1753302356.8756802
<- (8) byte, b'YYYYYYYY' Source Port: 31003 Target Port: 58760 Timestamp: 1753302356.8762565
-> (0) byte, b'' Source Port: 31003 Target Port: 58760 Timestamp: 1753302356.8781831
Connection closed from (apparently) out

Client:
Mode 2 - start experiment
Sent 8 byte of A
Received 8 byte: b'YYYYYYYY'
Connection closed

Server:
recv 8 bytes: b'AAAAAAAA'
sent 8 byte of Y
Completed iteration 17 for mode 2 with msg size 8 at 20250723-202552
----------------------------------------
Starting iteration 18 for mode 2 with msg size 8 at 20250723-202558
Results extracted:
Name: Start test ./logs/mode2_size8.log --mode 2 --send-size 8 
	Frames: 156
	Client got: 20 over 3 messages,  sent 21
	Server got: 8, over 1 messages, sent 8
	Terminated by FIN: CLIENT -> CLIENTPROXYMITM


clientProxyMITM:
Starting MITM: 31000 -> 31001
Received connection: <socket.socket fd=4, family=AddressFamily.AF_INET, type=SocketKind.SOCK_STREAM, proto=0, laddr=('127.0.0.1', 31000), raddr=('127.0.0.1', 51294)>
Connected to: 127.0.0.1, 31001 using ephemeral port 56088
-> (3) byte, b'\x05\x01\x00' Source Port: 31000 Target Port: 56088 Timestamp: 1753302363.0827777
<- (2) byte, b'\x05\x00' Source Port: 31000 Target Port: 56088 Timestamp: 1753302363.0831523
-> (4) byte, b'\x05\x01\x00\x01' Source Port: 31000 Target Port: 56088 Timestamp: 1753302363.0833514
-> (6) byte, b'\x7f\x00\x00\x01y\x1b' Source Port: 31000 Target Port: 56088 Timestamp: 1753302363.1267962
<- (10) byte, b'\x05\x00\x00\x01\x00\x00\x00\x00\x00\x00' Source Port: 31000 Target Port: 56088 Timestamp: 1753302363.127007
-> (8) byte, b'AAAAAAAA' Source Port: 31000 Target Port: 56088 Timestamp: 1753302363.1274762
<- (8) byte, b'YYYYYYYY' Source Port: 31000 Target Port: 56088 Timestamp: 1753302363.1309988
-> (0) byte, b'' Source Port: 31000 Target Port: 56088 Timestamp: 1753302363.1315548
Connection closed from (apparently) out

mainMITM:
Starting MITM: 31002 -> 10086
Received connection: <socket.socket fd=4, family=AddressFamily.AF_INET, type=SocketKind.SOCK_STREAM, proto=0, laddr=('127.0.0.1', 31002), raddr=('127.0.0.1', 43970)>
Connected to: 127.0.0.1, 10086 using ephemeral port 33244
-> (115) byte, b'\xcdY\r\xdf;f(\x88S!\xb6D\xc7d\xe4\rj\x1e\xe11:\x11\x87\xcd\x06)\xcb\x13mc\xb2\xa60\x06:\xb5L\x87\xf8\x7f\xe9\xee\xe1\x83\x00\xa3\xfbU\x06&\t\xf6\xaa\xcee\x1d\x83\xa2\x19\x0fR\xfa\x07\xdf\xcd\xedoZ\xe1\x83h\xf28~\xa5+\xa6\xeao"\x1c\xeb\xfd\x8d\x10+4\x04@\x9d\x96n\x90\xb5V\xa8a\x9f}\xd1\x0fD\xbd\xc4\x03\'r\xaa+\xfchA\x1c/\x89' Source Port: 31002 Target Port: 33244 Timestamp: 1753302363.128408
<- (74) byte, b"\xa5,\x07\xa0\xa6h\x1bo\x9eP*\x84\x0fW\x0fO\xfbq6Gr\x9dd\xec\xf4\x12\x1fx\x86\xb0<\x89\x0b\xa5\x07\xd1\xc9\x05\xb1\t%\xff\xbf\xcb\x0c@\xed'{\xce\xc9>\x97\x1c\xfcT\xb4\xec\x81\xfbO-\xd5\x1b]\xb7\xb8\xbc\xee\x1d\xd8\x8cU4" Source Port: 31002 Target Port: 33244 Timestamp: 1753302363.1307023
-> (0) byte, b'' Source Port: 31002 Target Port: 33244 Timestamp: 1753302363.1319203
Connection closed from (apparently) out

serverProxyMITM:
Starting MITM: 31003 -> 31004
Received connection: <socket.socket fd=4, family=AddressFamily.AF_INET, type=SocketKind.SOCK_STREAM, proto=0, laddr=('127.0.0.1', 31003), raddr=('127.0.0.1', 52950)>
Connected to: 127.0.0.1, 31004 using ephemeral port 46112
-> (8) byte, b'AAAAAAAA' Source Port: 31003 Target Port: 46112 Timestamp: 1753302363.129625
<- (8) byte, b'YYYYYYYY' Source Port: 31003 Target Port: 46112 Timestamp: 1753302363.1303368
-> (0) byte, b'' Source Port: 31003 Target Port: 46112 Timestamp: 1753302363.1331983
Connection closed from (apparently) out

Client:
Mode 2 - start experiment
Sent 8 byte of A
Received 8 byte: b'YYYYYYYY'
Connection closed

Server:
recv 8 bytes: b'AAAAAAAA'
sent 8 byte of Y
Completed iteration 18 for mode 2 with msg size 8 at 20250723-202558
----------------------------------------
Starting iteration 19 for mode 2 with msg size 8 at 20250723-202605
Results extracted:
Name: Start test ./logs/mode2_size8.log --mode 2 --send-size 8 
	Frames: 157
	Client got: 20 over 3 messages,  sent 21
	Server got: 8, over 1 messages, sent 8
	Terminated by FIN: CLIENT -> CLIENTPROXYMITM


clientProxyMITM:
Starting MITM: 31000 -> 31001
Received connection: <socket.socket fd=4, family=AddressFamily.AF_INET, type=SocketKind.SOCK_STREAM, proto=0, laddr=('127.0.0.1', 31000), raddr=('127.0.0.1', 33430)>
Connected to: 127.0.0.1, 31001 using ephemeral port 52224
-> (3) byte, b'\x05\x01\x00' Source Port: 31000 Target Port: 52224 Timestamp: 1753302369.3316846
<- (2) byte, b'\x05\x00' Source Port: 31000 Target Port: 52224 Timestamp: 1753302369.3319373
-> (4) byte, b'\x05\x01\x00\x01' Source Port: 31000 Target Port: 52224 Timestamp: 1753302369.332284
-> (6) byte, b'\x7f\x00\x00\x01y\x1b' Source Port: 31000 Target Port: 52224 Timestamp: 1753302369.3776674
<- (10) byte, b'\x05\x00\x00\x01\x00\x00\x00\x00\x00\x00' Source Port: 31000 Target Port: 52224 Timestamp: 1753302369.3780034
-> (8) byte, b'AAAAAAAA' Source Port: 31000 Target Port: 52224 Timestamp: 1753302369.3785465
<- (8) byte, b'YYYYYYYY' Source Port: 31000 Target Port: 52224 Timestamp: 1753302369.3824828
-> (0) byte, b'' Source Port: 31000 Target Port: 52224 Timestamp: 1753302369.3829262
Connection closed from (apparently) out

mainMITM:
Starting MITM: 31002 -> 10086
Received connection: <socket.socket fd=4, family=AddressFamily.AF_INET, type=SocketKind.SOCK_STREAM, proto=0, laddr=('127.0.0.1', 31002), raddr=('127.0.0.1', 46086)>
Connected to: 127.0.0.1, 10086 using ephemeral port 53054
-> (115) byte, b"\xd2\xb9\r\x8e\x0c\x8e\xc1\xc1\xaf\x9cS\xae\x859\x03\xc6@\x83\x9b=5\xc1\xbd'%bu\xa30\xb7\x00g\xcf\xd5\xb9\xa4c\x01\xa2\xe6R\x16\x97\x93\xfe;DF\xeb\xe4\xceZ\xb0\xc9\t\t?\xab\xa2\x13K\xe1$EU\x0b$WXn\xe7\xc1s\x7fte\x92\x80\x15i\xc3\x94S\xfe/'R\x9b\x8d\xa4j\x9bZ\xe2\xe6|\xc5\\0E>O\xb6\xeab\x98\x10sp\x17\xae`>b\xf6" Source Port: 31002 Target Port: 53054 Timestamp: 1753302369.379543
<- (74) byte, b"(Q\xca\x1bd\xfc\x89\xfb$z\t2X\xf0&\x03\x94g\x07'og\xc4,\xdc(\x0cZ'\x8c\xce\x1a.\x00\xf4\xee\xfew\xc8\xbbf\xad\x87\xc1\xa1\x19\x1debFWe%U\x03\r\x07\xb73\xfe\xdbCU?.\xd1\x82Y\xa1\xf1\x18{\xe4\x86" Source Port: 31002 Target Port: 53054 Timestamp: 1753302369.3821821
-> (0) byte, b'' Source Port: 31002 Target Port: 53054 Timestamp: 1753302369.3833375
Connection closed from (apparently) out

serverProxyMITM:
Starting MITM: 31003 -> 31004
Received connection: <socket.socket fd=4, family=AddressFamily.AF_INET, type=SocketKind.SOCK_STREAM, proto=0, laddr=('127.0.0.1', 31003), raddr=('127.0.0.1', 40632)>
Connected to: 127.0.0.1, 31004 using ephemeral port 55866
-> (8) byte, b'AAAAAAAA' Source Port: 31003 Target Port: 55866 Timestamp: 1753302369.3808413
<- (8) byte, b'YYYYYYYY' Source Port: 31003 Target Port: 55866 Timestamp: 1753302369.3815973
-> (0) byte, b'' Source Port: 31003 Target Port: 55866 Timestamp: 1753302369.383557
Connection closed from (apparently) out

Client:
Mode 2 - start experiment
Sent 8 byte of A
Received 8 byte: b'YYYYYYYY'
Connection closed

Server:
recv 8 bytes: b'AAAAAAAA'
sent 8 byte of Y
Completed iteration 19 for mode 2 with msg size 8 at 20250723-202605
----------------------------------------
Starting iteration 20 for mode 2 with msg size 8 at 20250723-202611
Results extracted:
Name: Start test ./logs/mode2_size8.log --mode 2 --send-size 8 
	Frames: 160
	Client got: 20 over 3 messages,  sent 21
	Server got: 8, over 1 messages, sent 8
	Terminated by FIN: CLIENT -> CLIENTPROXYMITM


clientProxyMITM:
Starting MITM: 31000 -> 31001
Received connection: <socket.socket fd=4, family=AddressFamily.AF_INET, type=SocketKind.SOCK_STREAM, proto=0, laddr=('127.0.0.1', 31000), raddr=('127.0.0.1', 33440)>
Connected to: 127.0.0.1, 31001 using ephemeral port 52234
-> (3) byte, b'\x05\x01\x00' Source Port: 31000 Target Port: 52234 Timestamp: 1753302375.578649
<- (2) byte, b'\x05\x00' Source Port: 31000 Target Port: 52234 Timestamp: 1753302375.5789192
-> (4) byte, b'\x05\x01\x00\x01' Source Port: 31000 Target Port: 52234 Timestamp: 1753302375.5792787
-> (6) byte, b'\x7f\x00\x00\x01y\x1b' Source Port: 31000 Target Port: 52234 Timestamp: 1753302375.6298566
<- (10) byte, b'\x05\x00\x00\x01\x00\x00\x00\x00\x00\x00' Source Port: 31000 Target Port: 52234 Timestamp: 1753302375.6301665
-> (8) byte, b'AAAAAAAA' Source Port: 31000 Target Port: 52234 Timestamp: 1753302375.6305351
<- (8) byte, b'YYYYYYYY' Source Port: 31000 Target Port: 52234 Timestamp: 1753302375.634739
-> (0) byte, b'' Source Port: 31000 Target Port: 52234 Timestamp: 1753302375.6352353
Connection closed from (apparently) out

mainMITM:
Starting MITM: 31002 -> 10086
Received connection: <socket.socket fd=4, family=AddressFamily.AF_INET, type=SocketKind.SOCK_STREAM, proto=0, laddr=('127.0.0.1', 31002), raddr=('127.0.0.1', 46094)>
Connected to: 127.0.0.1, 10086 using ephemeral port 53062
-> (115) byte, b'\xd6+\x07\xf3\xfcB\xb6\xc1\xe6\x1f\xed\xd9/\xe4\xf9\xf79\x94\x8cO,\xb3\xf4r\xb4\xe8\xa7\x1e\xf1`9\n\xca\x0c\xb0\xcc\x0cXI\xf7\xc0\xd3\xe6:\x13\xae\xb8\x1f\xb9c\x8c\xfd\xf7\x98\xa7)\xea\x17\xc6<\xbe\xf0\xb7\xec\x03\x9dZ\xc4\x9f3\x9d\xe7V\x04\x01\xd6,I\xb6\xcd^\xce\xd3D\xaf\x9f\x16\xbf\xe6%\x01\xfb\x1fT\x134\xb4\xd6\x85\x7f\x87h\x92\x81\x86\xfe\xdb\xba|B1\xf60\xfa\xff' Source Port: 31002 Target Port: 53062 Timestamp: 1753302375.6317718
<- (74) byte, b'\xc3"G\xcc2pN\xd1\x0bJK\xc7L\xbfW\xcdh\x1b#\xc3;\x04\x80\x94]\x00\xf5\xbb\xdf\x8e\x1b<l\x0f<Z\x07(\x13Tf5]C\x7f\x7f-\xed5o\xa7l7!4\xc1\x02\x80\xbf\xa16\xac\xef8\x13\x0c\xd5L.T\x9d\xd9\xf4 ' Source Port: 31002 Target Port: 53062 Timestamp: 1753302375.6344337
-> (0) byte, b'' Source Port: 31002 Target Port: 53062 Timestamp: 1753302375.635571
Connection closed from (apparently) out

serverProxyMITM:
Starting MITM: 31003 -> 31004
Received connection: <socket.socket fd=4, family=AddressFamily.AF_INET, type=SocketKind.SOCK_STREAM, proto=0, laddr=('127.0.0.1', 31003), raddr=('127.0.0.1', 40638)>
Connected to: 127.0.0.1, 31004 using ephemeral port 55882
-> (8) byte, b'AAAAAAAA' Source Port: 31003 Target Port: 55882 Timestamp: 1753302375.63326
<- (8) byte, b'YYYYYYYY' Source Port: 31003 Target Port: 55882 Timestamp: 1753302375.6338727
-> (0) byte, b'' Source Port: 31003 Target Port: 55882 Timestamp: 1753302375.63594
Connection closed from (apparently) out

Client:
Mode 2 - start experiment
Sent 8 byte of A
Received 8 byte: b'YYYYYYYY'
Connection closed

Server:
recv 8 bytes: b'AAAAAAAA'
sent 8 byte of Y
Completed iteration 20 for mode 2 with msg size 8 at 20250723-202611
----------------------------------------
