Starting iteration 1 for mode 4 with msg size 2 at 20250723-203830
Results extracted:
Name: Start test ./logs/mode4_size2.log --mode 4 --send-size 2 
	Frames: 190
	Client got: 16 over 4 messages,  sent 13
	Server got: 0, over 0 messages, sent 4
	Terminated by FIN: CLIENT -> CLIENTPROXYMITM


clientProxyMITM:
Starting MITM: 31000 -> 31001
Received connection: <socket.socket fd=4, family=AddressFamily.AF_INET, type=SocketKind.SOCK_STREAM, proto=0, laddr=('127.0.0.1', 31000), raddr=('127.0.0.1', 58926)>
Connected to: 127.0.0.1, 31001 using ephemeral port 43346
-> (3) byte, b'\x05\x01\x00' Source Port: 31000 Target Port: 43346 Timestamp: 1753303114.1232991
<- (2) byte, b'\x05\x00' Source Port: 31000 Target Port: 43346 Timestamp: 1753303114.1235812
-> (4) byte, b'\x05\x01\x00\x01' Source Port: 31000 Target Port: 43346 Timestamp: 1753303114.1238103
-> (6) byte, b'\x7f\x00\x00\x01y\x1b' Source Port: 31000 Target Port: 43346 Timestamp: 1753303114.1737561
<- (10) byte, b'\x05\x00\x00\x01\x00\x00\x00\x00\x00\x00' Source Port: 31000 Target Port: 43346 Timestamp: 1753303114.1739821
<- (2) byte, b'XX' Source Port: 31000 Target Port: 43346 Timestamp: 1753303114.229953
<- (2) byte, b'YY' Source Port: 31000 Target Port: 43346 Timestamp: 1753303115.242555
-> (0) byte, b'' Source Port: 31000 Target Port: 43346 Timestamp: 1753303115.2435398
Connection closed from (apparently) out

mainMITM:
Starting MITM: 31002 -> 10086
Received connection: <socket.socket fd=4, family=AddressFamily.AF_INET, type=SocketKind.SOCK_STREAM, proto=0, laddr=('127.0.0.1', 31002), raddr=('127.0.0.1', 37738)>
Connected to: 127.0.0.1, 10086 using ephemeral port 36550
-> (73) byte, b'j\xc5\xbe\x10\xf4\xce\x15\x8f*%\xb5:\xf3%\x13eN\xe2\xb4\x932\x1c}\xc5\x92S\xb0\\3l\x08\xbd%\xbfBY\x1a?\x9a\xe4m0\xdd/\x13\x03\xee\xe4\x95)DH6\xd9\xa42=M\x8c\xac\xbf\x97\x7f\t\x9e\x93)\xb7h\xb1\t\x14\xb2' Source Port: 31002 Target Port: 36550 Timestamp: 1753303114.226459
<- (68) byte, b'8\xd2\xbdC\xe9,f\x14\xb1\xcd\xdd\x18z\xf6V\x12\x88\x8fh\x19j\xaa?7\xe6>\xa3G\xe7`\x82\x82\x071\xcc\t\xa7r\x93\x93B3O\xb4\xc1\x82\xf9\xc6\xfflH\x0f(&v?\xc3T\xcf\xde\xf7\xc3f`a\x04cE' Source Port: 31002 Target Port: 36550 Timestamp: 1753303114.2296016
<- (36) byte, b'_6\xca\xf2\x93)\xe9\x01\x08\x03\xa6\x88\xb8k\x1b}u\xbe^\x02\x1e\xe6o\x16\x14\xa9[\tg6\x9c\xd4\xc7\xdd\xf1\xb7' Source Port: 31002 Target Port: 36550 Timestamp: 1753303115.241786
-> (0) byte, b'' Source Port: 31002 Target Port: 36550 Timestamp: 1753303115.2458258
Connection closed from (apparently) out

serverProxyMITM:
Starting MITM: 31003 -> 31004
Received connection: <socket.socket fd=4, family=AddressFamily.AF_INET, type=SocketKind.SOCK_STREAM, proto=0, laddr=('127.0.0.1', 31003), raddr=('127.0.0.1', 52528)>
Connected to: 127.0.0.1, 31004 using ephemeral port 44382
<- (2) byte, b'XX' Source Port: 31003 Target Port: 44382 Timestamp: 1753303114.2291517
<- (2) byte, b'YY' Source Port: 31003 Target Port: 44382 Timestamp: 1753303115.240854
-> (0) byte, b'' Source Port: 31003 Target Port: 44382 Timestamp: 1753303115.2478383
Connection closed from (apparently) out

Client:
Mode 4 - start experiment
Received 1st 2 byte: b'XX'
Received 2nd 2 byte: b'YY'
Connection closed

Server:
sent 2 byte of X
sent 2 byte of Y
Completed iteration 1 for mode 4 with msg size 2 at 20250723-203830
----------------------------------------
Starting iteration 2 for mode 4 with msg size 2 at 20250723-203837
Results extracted:
Name: Start test ./logs/mode4_size2.log --mode 4 --send-size 2 
	Frames: 199
	Client got: 16 over 4 messages,  sent 13
	Server got: 0, over 0 messages, sent 4
	Terminated by FIN: CLIENT -> CLIENTPROXYMITM


clientProxyMITM:
Starting MITM: 31000 -> 31001
Received connection: <socket.socket fd=4, family=AddressFamily.AF_INET, type=SocketKind.SOCK_STREAM, proto=0, laddr=('127.0.0.1', 31000), raddr=('127.0.0.1', 37784)>
Connected to: 127.0.0.1, 31001 using ephemeral port 59332
-> (3) byte, b'\x05\x01\x00' Source Port: 31000 Target Port: 59332 Timestamp: 1753303121.496239
<- (2) byte, b'\x05\x00' Source Port: 31000 Target Port: 59332 Timestamp: 1753303121.4964914
-> (4) byte, b'\x05\x01\x00\x01' Source Port: 31000 Target Port: 59332 Timestamp: 1753303121.4967961
-> (6) byte, b'\x7f\x00\x00\x01y\x1b' Source Port: 31000 Target Port: 59332 Timestamp: 1753303121.5447443
<- (10) byte, b'\x05\x00\x00\x01\x00\x00\x00\x00\x00\x00' Source Port: 31000 Target Port: 59332 Timestamp: 1753303121.5449514
<- (2) byte, b'XX' Source Port: 31000 Target Port: 59332 Timestamp: 1753303121.6045506
<- (2) byte, b'YY' Source Port: 31000 Target Port: 59332 Timestamp: 1753303122.609177
-> (0) byte, b'' Source Port: 31000 Target Port: 59332 Timestamp: 1753303122.6101375
Connection closed from (apparently) out

mainMITM:
Starting MITM: 31002 -> 10086
Received connection: <socket.socket fd=4, family=AddressFamily.AF_INET, type=SocketKind.SOCK_STREAM, proto=0, laddr=('127.0.0.1', 31002), raddr=('127.0.0.1', 41372)>
Connected to: 127.0.0.1, 10086 using ephemeral port 59742
-> (73) byte, b'\x1c\x98\x91\xd4B\xfcB\xde\x9c\x01\xbe\xaeP\xd6\x13\xaa\x97d#\xc1U\xf2\xd7\x9f\xe5\xd6\xdb\xed\xa5\xa1vu+d|\x9b\x8cn\xe1\r\xc8\x11-\x9e\xf3\x86\xd5foS,\xc1\xdd\xa3\xdb\x86@\xc1\xa2\xec\xe5\xd3U+>\x96\x7fWp\xf8\x92\xc0\xe3' Source Port: 31002 Target Port: 59742 Timestamp: 1753303121.5991864
<- (68) byte, b'1Zzns\xdf\xc0Qg\x93\x9d\xc2\xdc\xf7\xacNu4\x84\x81\xb7\x81;H\xa1\xdc\xd6\x0eZ\xfd\xad\x92\xb1\x92\x00\x83\xa26\x01\xf6\\r\xa6\xe2\xf29\xe8p\x90\x07\xce\xe5Ax\x00|\x0f\xcf\xc0]\xe8HG\xc6\xd7\x1d\x06y' Source Port: 31002 Target Port: 59742 Timestamp: 1753303121.604112
<- (36) byte, b"\x86\x80w\xd2\xcf`\x1b\xb6\x00\x80\xae\x1b4ie\xe3\xca'\xe1\x1e0m\x84\xaf\xaa]\x82=\xfb\x0b\xcc \x0b\xf9\x84\xac" Source Port: 31002 Target Port: 59742 Timestamp: 1753303122.6084452
-> (0) byte, b'' Source Port: 31002 Target Port: 59742 Timestamp: 1753303122.6107705
Connection closed from (apparently) out

serverProxyMITM:
Starting MITM: 31003 -> 31004
Received connection: <socket.socket fd=4, family=AddressFamily.AF_INET, type=SocketKind.SOCK_STREAM, proto=0, laddr=('127.0.0.1', 31003), raddr=('127.0.0.1', 47202)>
Connected to: 127.0.0.1, 31004 using ephemeral port 35626
<- (2) byte, b'XX' Source Port: 31003 Target Port: 35626 Timestamp: 1753303121.6033313
<- (2) byte, b'YY' Source Port: 31003 Target Port: 35626 Timestamp: 1753303122.605863
-> (0) byte, b'' Source Port: 31003 Target Port: 35626 Timestamp: 1753303122.6125352
Connection closed from (apparently) out

Client:
Mode 4 - start experiment
Received 1st 2 byte: b'XX'
Received 2nd 2 byte: b'YY'
Connection closed

Server:
sent 2 byte of X
sent 2 byte of Y
Completed iteration 2 for mode 4 with msg size 2 at 20250723-203837
----------------------------------------
Starting iteration 3 for mode 4 with msg size 2 at 20250723-203844
Results extracted:
Name: Start test ./logs/mode4_size2.log --mode 4 --send-size 2 
	Frames: 197
	Client got: 16 over 4 messages,  sent 13
	Server got: 0, over 0 messages, sent 4
	Terminated by FIN: CLIENT -> CLIENTPROXYMITM


clientProxyMITM:
Starting MITM: 31000 -> 31001
Received connection: <socket.socket fd=4, family=AddressFamily.AF_INET, type=SocketKind.SOCK_STREAM, proto=0, laddr=('127.0.0.1', 31000), raddr=('127.0.0.1', 51056)>
Connected to: 127.0.0.1, 31001 using ephemeral port 39824
-> (3) byte, b'\x05\x01\x00' Source Port: 31000 Target Port: 39824 Timestamp: 1753303128.8117588
<- (2) byte, b'\x05\x00' Source Port: 31000 Target Port: 39824 Timestamp: 1753303128.8119662
-> (4) byte, b'\x05\x01\x00\x01' Source Port: 31000 Target Port: 39824 Timestamp: 1753303128.8123524
-> (6) byte, b'\x7f\x00\x00\x01y\x1b' Source Port: 31000 Target Port: 39824 Timestamp: 1753303128.860972
<- (10) byte, b'\x05\x00\x00\x01\x00\x00\x00\x00\x00\x00' Source Port: 31000 Target Port: 39824 Timestamp: 1753303128.8612585
<- (2) byte, b'XX' Source Port: 31000 Target Port: 39824 Timestamp: 1753303128.9167128
<- (2) byte, b'YY' Source Port: 31000 Target Port: 39824 Timestamp: 1753303129.9232852
-> (0) byte, b'' Source Port: 31000 Target Port: 39824 Timestamp: 1753303129.9239933
Connection closed from (apparently) out

mainMITM:
Starting MITM: 31002 -> 10086
Received connection: <socket.socket fd=4, family=AddressFamily.AF_INET, type=SocketKind.SOCK_STREAM, proto=0, laddr=('127.0.0.1', 31002), raddr=('127.0.0.1', 57564)>
Connected to: 127.0.0.1, 10086 using ephemeral port 32986
-> (73) byte, b'N\xccJ\x1b8\x0bE\xa9\xe9\xd3\x08Wtl\xa3\xb4Z\x0b\xb9\x91)\x15\xab\xa6s\xf2\x86?\x93\xfa\xaa\xb6\xb5:\x9b\xd9bE\x92X\xdf\x1f\xb7\xd6i\x83T\x84O5ys\x94\xf4\x98zN\x1a\x13\x0c\x9c\xa4\x17\xf9\x93\xb98\xa9\xbf\x03\xcb<\xc6' Source Port: 31002 Target Port: 32986 Timestamp: 1753303128.9137237
<- (68) byte, b'\xac\x99\xe3\x95Z\xbc\xff\xd3\x8b-\xf2\x8cZ\xf5\x89\xe1\xf6\xa9\x8450g\x1b\xd8\xa6\xc5\x1e\xd9\xba\xe1N?\xa5+\xef\xabE\x036\xa0\x84\x0e\x88\xb8y&\x1f\x82j\x91m\x1a\x1c8\x9f \x1b\xde\x97\xda?(\xdc\x1c\xec\xd1\xa1!' Source Port: 31002 Target Port: 32986 Timestamp: 1753303128.916235
<- (36) byte, b'\xd0\x83\x1f\xeb*\xe7}K_\xeb\xe3\n5\xb2\xe2\xae\xc4V{\xa7l^\xd7\x19\xb1\xdcRY\x92\x99\xbd\xde\x06 \xcb\xc2' Source Port: 31002 Target Port: 32986 Timestamp: 1753303129.9227865
-> (0) byte, b'' Source Port: 31002 Target Port: 32986 Timestamp: 1753303129.925028
Connection closed from (apparently) out

serverProxyMITM:
Starting MITM: 31003 -> 31004
Received connection: <socket.socket fd=4, family=AddressFamily.AF_INET, type=SocketKind.SOCK_STREAM, proto=0, laddr=('127.0.0.1', 31003), raddr=('127.0.0.1', 46316)>
Connected to: 127.0.0.1, 31004 using ephemeral port 43446
<- (2) byte, b'XX' Source Port: 31003 Target Port: 43446 Timestamp: 1753303128.9156754
<- (2) byte, b'YY' Source Port: 31003 Target Port: 43446 Timestamp: 1753303129.9221952
-> (0) byte, b'' Source Port: 31003 Target Port: 43446 Timestamp: 1753303129.9257843
Connection closed from (apparently) out

Client:
Mode 4 - start experiment
Received 1st 2 byte: b'XX'
Received 2nd 2 byte: b'YY'
Connection closed

Server:
sent 2 byte of X
sent 2 byte of Y
Completed iteration 3 for mode 4 with msg size 2 at 20250723-203844
----------------------------------------
Starting iteration 4 for mode 4 with msg size 2 at 20250723-203852
Results extracted:
Name: Start test ./logs/mode4_size2.log --mode 4 --send-size 2 
	Frames: 189
	Client got: 16 over 4 messages,  sent 13
	Server got: 0, over 0 messages, sent 4
	Terminated by FIN: CLIENT -> CLIENTPROXYMITM


clientProxyMITM:
Starting MITM: 31000 -> 31001
Received connection: <socket.socket fd=4, family=AddressFamily.AF_INET, type=SocketKind.SOCK_STREAM, proto=0, laddr=('127.0.0.1', 31000), raddr=('127.0.0.1', 51068)>
Connected to: 127.0.0.1, 31001 using ephemeral port 39836
-> (3) byte, b'\x05\x01\x00' Source Port: 31000 Target Port: 39836 Timestamp: 1753303136.163017
<- (2) byte, b'\x05\x00' Source Port: 31000 Target Port: 39836 Timestamp: 1753303136.1633348
-> (4) byte, b'\x05\x01\x00\x01' Source Port: 31000 Target Port: 39836 Timestamp: 1753303136.1635377
-> (6) byte, b'\x7f\x00\x00\x01y\x1b' Source Port: 31000 Target Port: 39836 Timestamp: 1753303136.205892
<- (10) byte, b'\x05\x00\x00\x01\x00\x00\x00\x00\x00\x00' Source Port: 31000 Target Port: 39836 Timestamp: 1753303136.2061977
<- (2) byte, b'XX' Source Port: 31000 Target Port: 39836 Timestamp: 1753303136.2624135
<- (2) byte, b'YY' Source Port: 31000 Target Port: 39836 Timestamp: 1753303137.2636425
-> (0) byte, b'' Source Port: 31000 Target Port: 39836 Timestamp: 1753303137.266399
Connection closed from (apparently) out

mainMITM:
Starting MITM: 31002 -> 10086
Received connection: <socket.socket fd=4, family=AddressFamily.AF_INET, type=SocketKind.SOCK_STREAM, proto=0, laddr=('127.0.0.1', 31002), raddr=('127.0.0.1', 57570)>
Connected to: 127.0.0.1, 10086 using ephemeral port 32998
-> (73) byte, b'=2J\xf3B+\x0e\xc8s\x87F/\x05\x0e-\xc5\xcf\x90V\x8c}\xf5\xca\x9d[\x05\xf6(gn\x17mI\xb9\x9bhvh\xc8\x9aBx\x9d\xfb\x8a()\xf2\xb3\xc5E\x18#Z\xc5\xd9V.o30\xec)\xd3+\xbe\x14\xabA\xe9\x02\xbd\xfa' Source Port: 31002 Target Port: 32998 Timestamp: 1753303136.2577147
<- (68) byte, b'\xf3Y\xa4bE\x8ct;\\\xb5"\x1c\x9e\xd8\xd6pR\x9b\x94\xff\x12\x0fM\x1c\x06S\xfa\x9c\x9b\xbf\xe9E\x0bNQ\\\x8a\xac\xb5\x9f\x0f\x8e\xc2\xc4F\x89\xe4\xc3\x91F\xb0\x1et\x8d\xff;x\xfa|\xc3\xcc"J\x155+\x11!' Source Port: 31002 Target Port: 32998 Timestamp: 1753303136.2617786
<- (36) byte, b"\xe3\xa8\xdd>\xcb\x8c'\xfe\xedC\xac\xa9r\xc3\xda/X\xb3\xa3\xee]5\xd8\x9a\xdc\x80\xf3\xab\x04^e\xa2\xb1\xbe\x9e4" Source Port: 31002 Target Port: 32998 Timestamp: 1753303137.263165
-> (0) byte, b'' Source Port: 31002 Target Port: 32998 Timestamp: 1753303137.2674408
Connection closed from (apparently) out

serverProxyMITM:
Starting MITM: 31003 -> 31004
Received connection: <socket.socket fd=4, family=AddressFamily.AF_INET, type=SocketKind.SOCK_STREAM, proto=0, laddr=('127.0.0.1', 31003), raddr=('127.0.0.1', 46332)>
Connected to: 127.0.0.1, 31004 using ephemeral port 43460
<- (2) byte, b'XX' Source Port: 31003 Target Port: 43460 Timestamp: 1753303136.2609627
<- (2) byte, b'YY' Source Port: 31003 Target Port: 43460 Timestamp: 1753303137.2626066
-> (0) byte, b'' Source Port: 31003 Target Port: 43460 Timestamp: 1753303137.2680023
Connection closed from (apparently) out

Client:
Mode 4 - start experiment
Received 1st 2 byte: b'XX'
Received 2nd 2 byte: b'YY'
Connection closed

Server:
sent 2 byte of X
sent 2 byte of Y
Completed iteration 4 for mode 4 with msg size 2 at 20250723-203852
----------------------------------------
Starting iteration 5 for mode 4 with msg size 2 at 20250723-203859
Results extracted:
Name: Start test ./logs/mode4_size2.log --mode 4 --send-size 2 
	Frames: 191
	Client got: 16 over 4 messages,  sent 13
	Server got: 0, over 0 messages, sent 4
	Terminated by FIN: CLIENT -> CLIENTPROXYMITM


clientProxyMITM:
Starting MITM: 31000 -> 31001
Received connection: <socket.socket fd=4, family=AddressFamily.AF_INET, type=SocketKind.SOCK_STREAM, proto=0, laddr=('127.0.0.1', 31000), raddr=('127.0.0.1', 49928)>
Connected to: 127.0.0.1, 31001 using ephemeral port 35690
-> (3) byte, b'\x05\x01\x00' Source Port: 31000 Target Port: 35690 Timestamp: 1753303143.5148458
<- (2) byte, b'\x05\x00' Source Port: 31000 Target Port: 35690 Timestamp: 1753303143.5151384
-> (4) byte, b'\x05\x01\x00\x01' Source Port: 31000 Target Port: 35690 Timestamp: 1753303143.5153794
-> (6) byte, b'\x7f\x00\x00\x01y\x1b' Source Port: 31000 Target Port: 35690 Timestamp: 1753303143.556713
<- (10) byte, b'\x05\x00\x00\x01\x00\x00\x00\x00\x00\x00' Source Port: 31000 Target Port: 35690 Timestamp: 1753303143.556995
<- (2) byte, b'XX' Source Port: 31000 Target Port: 35690 Timestamp: 1753303143.6139414
<- (2) byte, b'YY' Source Port: 31000 Target Port: 35690 Timestamp: 1753303144.620891
-> (0) byte, b'' Source Port: 31000 Target Port: 35690 Timestamp: 1753303144.6222596
Connection closed from (apparently) out

mainMITM:
Starting MITM: 31002 -> 10086
Received connection: <socket.socket fd=4, family=AddressFamily.AF_INET, type=SocketKind.SOCK_STREAM, proto=0, laddr=('127.0.0.1', 31002), raddr=('127.0.0.1', 38848)>
Connected to: 127.0.0.1, 10086 using ephemeral port 53022
-> (73) byte, b'\xe0\xab\xd9*\x92^LD\xe7\t\xdac\x17\xb3\xc5\xdc.{\xe3\xf5S\xf9Y\x9b\xf98\xfb\x06\xf3\x1b\xe5A\xba\x97v\xdf\xea\xf2)\xe3\xd9\xe1\xacF\xb9\x16g\x07\xcc)U\xac;\xbb\xef\x0e\x99\x8c\xe8\x1c\xdb\xc5\xc5\xbe\xb0\x83\xed.\xd1\xfb\xac[\xa2' Source Port: 31002 Target Port: 53022 Timestamp: 1753303143.6092103
<- (68) byte, b'y\x18\x0c$(\xf6\n\xa7\xdf69\x05\x05<\x83\xe5\n\xde\xe8X\xd0o\n(\x9b\x1avW\xb1\xc8\x9f\xae\x0c`\x98\x82v\xab\xe1\xd1\xd2\x02\xfc\xd6\x14\xba0\x90\xc8\x8amU\xcas\x0f"\x9b\xd2v\x98\xf5H\x16\xdf\xc6\x0bI\xc6' Source Port: 31002 Target Port: 53022 Timestamp: 1753303143.6136374
<- (36) byte, b'\x86*\xb6\xfc\xd2#w4\xf8\xab&+\xdb7&w\\<bN\xb4\x10\xd1\xff\x08O\xed\xe5\xac)\xf42k\x83\xaa?' Source Port: 31002 Target Port: 53022 Timestamp: 1753303144.6202142
-> (0) byte, b'' Source Port: 31002 Target Port: 53022 Timestamp: 1753303144.6235876
Connection closed from (apparently) out

serverProxyMITM:
Starting MITM: 31003 -> 31004
Received connection: <socket.socket fd=4, family=AddressFamily.AF_INET, type=SocketKind.SOCK_STREAM, proto=0, laddr=('127.0.0.1', 31003), raddr=('127.0.0.1', 48892)>
Connected to: 127.0.0.1, 31004 using ephemeral port 39880
<- (2) byte, b'XX' Source Port: 31003 Target Port: 39880 Timestamp: 1753303143.61292
<- (2) byte, b'YY' Source Port: 31003 Target Port: 39880 Timestamp: 1753303144.6194458
-> (0) byte, b'' Source Port: 31003 Target Port: 39880 Timestamp: 1753303144.6243732
Connection closed from (apparently) out

Client:
Mode 4 - start experiment
Received 1st 2 byte: b'XX'
Received 2nd 2 byte: b'YY'
Connection closed

Server:
sent 2 byte of X
sent 2 byte of Y
Completed iteration 5 for mode 4 with msg size 2 at 20250723-203859
----------------------------------------
Starting iteration 6 for mode 4 with msg size 2 at 20250723-203906
Results extracted:
Name: Start test ./logs/mode4_size2.log --mode 4 --send-size 2 
	Frames: 206
	Client got: 16 over 4 messages,  sent 13
	Server got: 0, over 0 messages, sent 4
	Terminated by FIN: CLIENT -> CLIENTPROXYMITM


clientProxyMITM:
Starting MITM: 31000 -> 31001
Received connection: <socket.socket fd=4, family=AddressFamily.AF_INET, type=SocketKind.SOCK_STREAM, proto=0, laddr=('127.0.0.1', 31000), raddr=('127.0.0.1', 44822)>
Connected to: 127.0.0.1, 31001 using ephemeral port 32952
-> (3) byte, b'\x05\x01\x00' Source Port: 31000 Target Port: 32952 Timestamp: 1753303150.8632207
<- (2) byte, b'\x05\x00' Source Port: 31000 Target Port: 32952 Timestamp: 1753303150.8633575
-> (4) byte, b'\x05\x01\x00\x01' Source Port: 31000 Target Port: 32952 Timestamp: 1753303150.8637352
-> (6) byte, b'\x7f\x00\x00\x01y\x1b' Source Port: 31000 Target Port: 32952 Timestamp: 1753303150.913922
<- (10) byte, b'\x05\x00\x00\x01\x00\x00\x00\x00\x00\x00' Source Port: 31000 Target Port: 32952 Timestamp: 1753303150.91431
<- (2) byte, b'XX' Source Port: 31000 Target Port: 32952 Timestamp: 1753303150.972464
<- (2) byte, b'YY' Source Port: 31000 Target Port: 32952 Timestamp: 1753303151.9834409
-> (0) byte, b'' Source Port: 31000 Target Port: 32952 Timestamp: 1753303151.9843118
Connection closed from (apparently) out

mainMITM:
Starting MITM: 31002 -> 10086
Received connection: <socket.socket fd=4, family=AddressFamily.AF_INET, type=SocketKind.SOCK_STREAM, proto=0, laddr=('127.0.0.1', 31002), raddr=('127.0.0.1', 39338)>
Connected to: 127.0.0.1, 10086 using ephemeral port 48594
-> (73) byte, b'\x1f\xf5M\xebf\xba=\xd6i\xb4\xf0\xa0\xbefu\x81\xb9:x\x80\xcb+\x9d3*\xb8B\xd1aH\xc5\x18\x0c-\x86\xb4\xef:\xa2\xeeZUpM\xcbE\xbb\x06\xd0;\x92\xf2u\x96\x1a\x95\xa0\x1b\xdf(b\xa2M\xd1W\xbe`l\xe7\xf5\x16A.' Source Port: 31002 Target Port: 48594 Timestamp: 1753303150.9693322
<- (68) byte, b'\xa0\xc8\xf1\x1a\xe1\xbe\xdaE%\xe1\xe2\x86F\xcb\xe6\x16\xbdhO\xe7\xf4IVQ\xaf\xb4v\x8a\x8c\xeeds\xac\xa4`-\xba \xfa,\xe3\xf6\x07>\xf7b\x87nM\xc9\x8dA\x9d\xf7`[\xda\xb4N~\x15\x80\x93\xd9\xc4\x87\xb7w' Source Port: 31002 Target Port: 48594 Timestamp: 1753303150.9719062
<- (36) byte, b'\xe9\xaak\xc7\x9f\xc0I\x0b&\x96\x86\xf8\xf3\xa2To\xbe\xafz\\\xe9\x13\x92\xda\xbb\x98\xc0y\x81\xe4\xa2/\xf9\x05;F' Source Port: 31002 Target Port: 48594 Timestamp: 1753303151.9829574
-> (0) byte, b'' Source Port: 31002 Target Port: 48594 Timestamp: 1753303151.9869406
Connection closed from (apparently) out

serverProxyMITM:
Starting MITM: 31003 -> 31004
Received connection: <socket.socket fd=4, family=AddressFamily.AF_INET, type=SocketKind.SOCK_STREAM, proto=0, laddr=('127.0.0.1', 31003), raddr=('127.0.0.1', 32824)>
Connected to: 127.0.0.1, 31004 using ephemeral port 58962
<- (2) byte, b'XX' Source Port: 31003 Target Port: 58962 Timestamp: 1753303150.9715133
<- (2) byte, b'YY' Source Port: 31003 Target Port: 58962 Timestamp: 1753303151.9824293
-> (0) byte, b'' Source Port: 31003 Target Port: 58962 Timestamp: 1753303151.9883597
Connection closed from (apparently) out

Client:
Mode 4 - start experiment
Received 1st 2 byte: b'XX'
Received 2nd 2 byte: b'YY'
Connection closed

Server:
sent 2 byte of X
sent 2 byte of Y
Completed iteration 6 for mode 4 with msg size 2 at 20250723-203906
----------------------------------------
Starting iteration 7 for mode 4 with msg size 2 at 20250723-203914
Results extracted:
Name: Start test ./logs/mode4_size2.log --mode 4 --send-size 2 
	Frames: 195
	Client got: 16 over 4 messages,  sent 13
	Server got: 0, over 0 messages, sent 4
	Terminated by FIN: CLIENT -> CLIENTPROXYMITM


clientProxyMITM:
Starting MITM: 31000 -> 31001
Received connection: <socket.socket fd=4, family=AddressFamily.AF_INET, type=SocketKind.SOCK_STREAM, proto=0, laddr=('127.0.0.1', 31000), raddr=('127.0.0.1', 38946)>
Connected to: 127.0.0.1, 31001 using ephemeral port 55264
-> (3) byte, b'\x05\x01\x00' Source Port: 31000 Target Port: 55264 Timestamp: 1753303158.1861622
<- (2) byte, b'\x05\x00' Source Port: 31000 Target Port: 55264 Timestamp: 1753303158.1863663
-> (4) byte, b'\x05\x01\x00\x01' Source Port: 31000 Target Port: 55264 Timestamp: 1753303158.1865625
-> (6) byte, b'\x7f\x00\x00\x01y\x1b' Source Port: 31000 Target Port: 55264 Timestamp: 1753303158.227159
<- (10) byte, b'\x05\x00\x00\x01\x00\x00\x00\x00\x00\x00' Source Port: 31000 Target Port: 55264 Timestamp: 1753303158.2273192
<- (2) byte, b'XX' Source Port: 31000 Target Port: 55264 Timestamp: 1753303158.280493
<- (2) byte, b'YY' Source Port: 31000 Target Port: 55264 Timestamp: 1753303159.2875226
-> (0) byte, b'' Source Port: 31000 Target Port: 55264 Timestamp: 1753303159.28831
Connection closed from (apparently) out

mainMITM:
Starting MITM: 31002 -> 10086
Received connection: <socket.socket fd=4, family=AddressFamily.AF_INET, type=SocketKind.SOCK_STREAM, proto=0, laddr=('127.0.0.1', 31002), raddr=('127.0.0.1', 34906)>
Connected to: 127.0.0.1, 10086 using ephemeral port 57728
-> (73) byte, b"d\xed\xa9x1\x92Z\x88\xe6^Y\xe1'\xd1d\xe9.\x15\xd7\xc6\x95z<\xf6\xd2\x00\xe2|\xbc|\xe8\xec,{\xee\xe5C/\xa3\x8a\xdf\x0c[4\x8b\x0c\xcaL\xac\xdf\xc5\xc3LP\xbeEcuUb\xe2\x8d\x89\x10Pr\xf6\xff\x9a\xb3\xdf\xb84" Source Port: 31002 Target Port: 57728 Timestamp: 1753303158.2782776
<- (68) byte, b'\x0f\xe5\xea\x7f\x98\xf2a\xa0\x12\x02\x95G\x0e\x91\xccc\xa0\xa2\xb4\xc88\x89\x1d\xfa\xcc\xb9\x05\xed\xd6c:\x91\x12|\xfd\xdcH\xf2+&\x07\xb1b\xaaX\x94ta\xbf\xc5\x88l\xa1\\\xb0%\x1e\xe6\x83K\xd4\xf7\xecO\xa1\xdf\x06\xf6' Source Port: 31002 Target Port: 57728 Timestamp: 1753303158.2802556
<- (36) byte, b'24!8y\xa0;$\xd0\xa6r|\xc6\xd1v\xe6O\xceY\x87\xe2\xef\x7f=w\x10\xc0\x9f\xa8\xc2k\x14\x99\x06\x8d\x16' Source Port: 31002 Target Port: 57728 Timestamp: 1753303159.2869594
-> (0) byte, b'' Source Port: 31002 Target Port: 57728 Timestamp: 1753303159.292453
Connection closed from (apparently) out

serverProxyMITM:
Starting MITM: 31003 -> 31004
Received connection: <socket.socket fd=4, family=AddressFamily.AF_INET, type=SocketKind.SOCK_STREAM, proto=0, laddr=('127.0.0.1', 31003), raddr=('127.0.0.1', 34564)>
Connected to: 127.0.0.1, 31004 using ephemeral port 35446
<- (2) byte, b'XX' Source Port: 31003 Target Port: 35446 Timestamp: 1753303158.279478
<- (2) byte, b'YY' Source Port: 31003 Target Port: 35446 Timestamp: 1753303159.2864058
-> (0) byte, b'' Source Port: 31003 Target Port: 35446 Timestamp: 1753303159.2932205
Connection closed from (apparently) out

Client:
Mode 4 - start experiment
Received 1st 2 byte: b'XX'
Received 2nd 2 byte: b'YY'
Connection closed

Server:
sent 2 byte of X
sent 2 byte of Y
Completed iteration 7 for mode 4 with msg size 2 at 20250723-203914
----------------------------------------
Starting iteration 8 for mode 4 with msg size 2 at 20250723-203921
Results extracted:
Name: Start test ./logs/mode4_size2.log --mode 4 --send-size 2 
	Frames: 195
	Client got: 16 over 4 messages,  sent 13
	Server got: 0, over 0 messages, sent 4
	Terminated by FIN: CLIENT -> CLIENTPROXYMITM


clientProxyMITM:
Starting MITM: 31000 -> 31001
Received connection: <socket.socket fd=4, family=AddressFamily.AF_INET, type=SocketKind.SOCK_STREAM, proto=0, laddr=('127.0.0.1', 31000), raddr=('127.0.0.1', 38950)>
Connected to: 127.0.0.1, 31001 using ephemeral port 55270
-> (3) byte, b'\x05\x01\x00' Source Port: 31000 Target Port: 55270 Timestamp: 1753303165.509963
<- (2) byte, b'\x05\x00' Source Port: 31000 Target Port: 55270 Timestamp: 1753303165.5103638
-> (4) byte, b'\x05\x01\x00\x01' Source Port: 31000 Target Port: 55270 Timestamp: 1753303165.5106611
-> (6) byte, b'\x7f\x00\x00\x01y\x1b' Source Port: 31000 Target Port: 55270 Timestamp: 1753303165.5609753
<- (10) byte, b'\x05\x00\x00\x01\x00\x00\x00\x00\x00\x00' Source Port: 31000 Target Port: 55270 Timestamp: 1753303165.5613954
<- (2) byte, b'XX' Source Port: 31000 Target Port: 55270 Timestamp: 1753303165.6178694
<- (2) byte, b'YY' Source Port: 31000 Target Port: 55270 Timestamp: 1753303166.62961
-> (0) byte, b'' Source Port: 31000 Target Port: 55270 Timestamp: 1753303166.630654
Connection closed from (apparently) out

mainMITM:
Starting MITM: 31002 -> 10086
Received connection: <socket.socket fd=4, family=AddressFamily.AF_INET, type=SocketKind.SOCK_STREAM, proto=0, laddr=('127.0.0.1', 31002), raddr=('127.0.0.1', 34910)>
Connected to: 127.0.0.1, 10086 using ephemeral port 57732
-> (73) byte, b'/\xdf\xf8-\x06\xb7p\x14):`\xcc\xc6\x1e\x95/P\x17\xf91\x8c\xf3\xbb\xf47K\xf4\x8dA\xd2\x92\x94\x08Y_\xbaE%\x02\xb0;\xeb&\xfb~y\x11;\xbcS\xd9/\x1c\x0f\xa7t\xc4\xb36[\xe9\xcd]BZ\x9e\xb4b\xa8\xd2\xe3\xec/' Source Port: 31002 Target Port: 57732 Timestamp: 1753303165.6135156
<- (68) byte, b'\xba-\xa9\xcf\x9aS\xca\xc1\xf07\x8bwXh\xdeR\x84Q\xb5@\xa5F\xf7\xab\x87i\x8a\xd2\x1fO\x8d\x10\xac\xa0\tfz{o\x89oZf\x95\x8d\x1e;\xbe\x90\xbb\xe9\xc0\xa8\xc0#pA\xde?\x9f\xc5Fcn\x12\xa6\rF' Source Port: 31002 Target Port: 57732 Timestamp: 1753303165.6173327
<- (36) byte, b"\x14'-zw\x84\x9eAS\xf8\xe1\xc9Z\x91\xb1\xf3U|\xf6\xa3\xcc&\xd7\xd0G\xf4\xf6q\xe7\x82\x1c\xffla\xe3\x07" Source Port: 31002 Target Port: 57732 Timestamp: 1753303166.6288168
-> (0) byte, b'' Source Port: 31002 Target Port: 57732 Timestamp: 1753303166.6325917
Connection closed from (apparently) out

serverProxyMITM:
Starting MITM: 31003 -> 31004
Received connection: <socket.socket fd=4, family=AddressFamily.AF_INET, type=SocketKind.SOCK_STREAM, proto=0, laddr=('127.0.0.1', 31003), raddr=('127.0.0.1', 34574)>
Connected to: 127.0.0.1, 31004 using ephemeral port 35458
<- (2) byte, b'XX' Source Port: 31003 Target Port: 35458 Timestamp: 1753303165.6167316
<- (2) byte, b'YY' Source Port: 31003 Target Port: 35458 Timestamp: 1753303166.6278756
-> (0) byte, b'' Source Port: 31003 Target Port: 35458 Timestamp: 1753303166.6335523
Connection closed from (apparently) out

Client:
Mode 4 - start experiment
Received 1st 2 byte: b'XX'
Received 2nd 2 byte: b'YY'
Connection closed

Server:
sent 2 byte of X
sent 2 byte of Y
Completed iteration 8 for mode 4 with msg size 2 at 20250723-203921
----------------------------------------
Starting iteration 9 for mode 4 with msg size 2 at 20250723-203928
Results extracted:
Name: Start test ./logs/mode4_size2.log --mode 4 --send-size 2 
	Frames: 198
	Client got: 16 over 4 messages,  sent 13
	Server got: 0, over 0 messages, sent 4
	Terminated by FIN: CLIENT -> CLIENTPROXYMITM


clientProxyMITM:
Starting MITM: 31000 -> 31001
Received connection: <socket.socket fd=4, family=AddressFamily.AF_INET, type=SocketKind.SOCK_STREAM, proto=0, laddr=('127.0.0.1', 31000), raddr=('127.0.0.1', 32878)>
Connected to: 127.0.0.1, 31001 using ephemeral port 37612
-> (3) byte, b'\x05\x01\x00' Source Port: 31000 Target Port: 37612 Timestamp: 1753303172.8774884
<- (2) byte, b'\x05\x00' Source Port: 31000 Target Port: 37612 Timestamp: 1753303172.877797
-> (4) byte, b'\x05\x01\x00\x01' Source Port: 31000 Target Port: 37612 Timestamp: 1753303172.8780818
-> (6) byte, b'\x7f\x00\x00\x01y\x1b' Source Port: 31000 Target Port: 37612 Timestamp: 1753303172.920248
<- (10) byte, b'\x05\x00\x00\x01\x00\x00\x00\x00\x00\x00' Source Port: 31000 Target Port: 37612 Timestamp: 1753303172.9205413
<- (2) byte, b'XX' Source Port: 31000 Target Port: 37612 Timestamp: 1753303172.976979
<- (2) byte, b'YY' Source Port: 31000 Target Port: 37612 Timestamp: 1753303173.9896088
-> (0) byte, b'' Source Port: 31000 Target Port: 37612 Timestamp: 1753303173.9907072
Connection closed from (apparently) out

mainMITM:
Starting MITM: 31002 -> 10086
Received connection: <socket.socket fd=4, family=AddressFamily.AF_INET, type=SocketKind.SOCK_STREAM, proto=0, laddr=('127.0.0.1', 31002), raddr=('127.0.0.1', 42138)>
Connected to: 127.0.0.1, 10086 using ephemeral port 50870
-> (73) byte, b"\x00\xb7+6\xf5?[\x1c`W\xd7\xc9\xd5\x81\xc1> \x86=!Z7c2C\tUW\\\x00W\x08\xa9\x8a0.\n\xd8t\x05\xa3\xfa[X\x96@\xc6\xa2\x95N\xa5\xbb\xe8'\xc4\x97@\xcdeb\xb6\xa6\xd9\x8f\xa5r\xb9Q\xea\xda\x8e\x1f\x04" Source Port: 31002 Target Port: 50870 Timestamp: 1753303172.9726508
<- (68) byte, b"\xf2P\x11\tM\x8c\x9d\xdf\xc0\x03\x04\xf1F\x91\x80\xb0$\xce\xdf\xce\x14f\x84\xa7\x04n\x86)\x13>\x1f3,s:\x00\xd6u4.]\xf5\xbe\x87\xf0\xaf\x18\x8d\xdc^_\xe0\xe23E\x86\rL\xba'\x97\x9cS\xda\x0fq\xb6\xc2" Source Port: 31002 Target Port: 50870 Timestamp: 1753303172.9766614
<- (36) byte, b'\xbc\x7f\xd3\xbc4\xdck=\x98}\xabL\xeb\xeb\xe49V\xbd.}8b\x9d\x82\xe2V{\xde_c\xab\x95\xa2\xdb\xa2\x87' Source Port: 31002 Target Port: 50870 Timestamp: 1753303173.9887316
-> (0) byte, b'' Source Port: 31002 Target Port: 50870 Timestamp: 1753303173.9916778
Connection closed from (apparently) out

serverProxyMITM:
Starting MITM: 31003 -> 31004
Received connection: <socket.socket fd=4, family=AddressFamily.AF_INET, type=SocketKind.SOCK_STREAM, proto=0, laddr=('127.0.0.1', 31003), raddr=('127.0.0.1', 46680)>
Connected to: 127.0.0.1, 31004 using ephemeral port 51464
<- (2) byte, b'XX' Source Port: 31003 Target Port: 51464 Timestamp: 1753303172.9759707
<- (2) byte, b'YY' Source Port: 31003 Target Port: 51464 Timestamp: 1753303173.987778
-> (0) byte, b'' Source Port: 31003 Target Port: 51464 Timestamp: 1753303173.993972
Connection closed from (apparently) out

Client:
Mode 4 - start experiment
Received 1st 2 byte: b'XX'
Received 2nd 2 byte: b'YY'
Connection closed

Server:
sent 2 byte of X
sent 2 byte of Y
Completed iteration 9 for mode 4 with msg size 2 at 20250723-203928
----------------------------------------
Starting iteration 10 for mode 4 with msg size 2 at 20250723-203936
Results extracted:
Name: Start test ./logs/mode4_size2.log --mode 4 --send-size 2 
	Frames: 192
	Client got: 16 over 4 messages,  sent 13
	Server got: 0, over 0 messages, sent 4
	Terminated by FIN: CLIENT -> CLIENTPROXYMITM


clientProxyMITM:
Starting MITM: 31000 -> 31001
Received connection: <socket.socket fd=4, family=AddressFamily.AF_INET, type=SocketKind.SOCK_STREAM, proto=0, laddr=('127.0.0.1', 31000), raddr=('127.0.0.1', 58400)>
Connected to: 127.0.0.1, 31001 using ephemeral port 54008
-> (3) byte, b'\x05\x01\x00' Source Port: 31000 Target Port: 54008 Timestamp: 1753303180.2172222
<- (2) byte, b'\x05\x00' Source Port: 31000 Target Port: 54008 Timestamp: 1753303180.2175002
-> (4) byte, b'\x05\x01\x00\x01' Source Port: 31000 Target Port: 54008 Timestamp: 1753303180.2177086
-> (6) byte, b'\x7f\x00\x00\x01y\x1b' Source Port: 31000 Target Port: 54008 Timestamp: 1753303180.266805
<- (10) byte, b'\x05\x00\x00\x01\x00\x00\x00\x00\x00\x00' Source Port: 31000 Target Port: 54008 Timestamp: 1753303180.2671204
<- (2) byte, b'XX' Source Port: 31000 Target Port: 54008 Timestamp: 1753303180.3233898
<- (2) byte, b'YY' Source Port: 31000 Target Port: 54008 Timestamp: 1753303181.330486
-> (0) byte, b'' Source Port: 31000 Target Port: 54008 Timestamp: 1753303181.3317258
Connection closed from (apparently) out

mainMITM:
Starting MITM: 31002 -> 10086
Received connection: <socket.socket fd=4, family=AddressFamily.AF_INET, type=SocketKind.SOCK_STREAM, proto=0, laddr=('127.0.0.1', 31002), raddr=('127.0.0.1', 60334)>
Connected to: 127.0.0.1, 10086 using ephemeral port 40194
-> (73) byte, b'c\xaa>\xd3{\xe4/\x94D)\xbcZ\x1b\xef\x00\xd4\x88\xfd\xd5\xa08\xc5M3K\x8a\xa0D\x02I\x9f)\xe8\xdc@\xee\xa3H\xf7\xfd\x88\xfc5\xa8\x1aD\xc2\xed\x1d\xeb5"\x96\xd5*\x90\x18!\xbe\x92\xa3\x9c\x82Z\xb7\xdb:\x1f\x84$\x17c\xa2' Source Port: 31002 Target Port: 40194 Timestamp: 1753303180.3200002
<- (68) byte, b'\xf4H\x88\xe7VF\xbd\x17u\xb4\x9f\xb0\xdd\x8b\x9a\xb2\x0fG\xe2\x8fEo\x05\t\xc5\t\x8fsc)\xbdn\xca\xe1\xc1\xb7\xa9~\xbc\xc1\x8b\xd9-?\xdc\x9dw\xbd\xff\xc7\xac+\x95\xc0W2\x8d~\xdf\x8c\xc2/\xa4\x93\xd2:\x9c\x9b' Source Port: 31002 Target Port: 40194 Timestamp: 1753303180.3229623
<- (36) byte, b"\xf7\xf5\xe0\xb7+\xfb\xadI\xd2\x97\xc0\xd2*\xa06\x08\x1a\x9d\xfa\x8ed\x92#\xa4\xe8\x1d\xdb\x1f\xace\xfb@\xe2\xe9'\xf8" Source Port: 31002 Target Port: 40194 Timestamp: 1753303181.3296268
-> (0) byte, b'' Source Port: 31002 Target Port: 40194 Timestamp: 1753303181.3334382
Connection closed from (apparently) out

serverProxyMITM:
Starting MITM: 31003 -> 31004
Received connection: <socket.socket fd=4, family=AddressFamily.AF_INET, type=SocketKind.SOCK_STREAM, proto=0, laddr=('127.0.0.1', 31003), raddr=('127.0.0.1', 36056)>
Connected to: 127.0.0.1, 31004 using ephemeral port 45414
<- (2) byte, b'XX' Source Port: 31003 Target Port: 45414 Timestamp: 1753303180.3225105
<- (2) byte, b'YY' Source Port: 31003 Target Port: 45414 Timestamp: 1753303181.3286572
-> (0) byte, b'' Source Port: 31003 Target Port: 45414 Timestamp: 1753303181.334943
Connection closed from (apparently) out

Client:
Mode 4 - start experiment
Received 1st 2 byte: b'XX'
Received 2nd 2 byte: b'YY'
Connection closed

Server:
sent 2 byte of X
sent 2 byte of Y
Completed iteration 10 for mode 4 with msg size 2 at 20250723-203936
----------------------------------------
Starting iteration 11 for mode 4 with msg size 2 at 20250723-203943
Results extracted:
Name: Start test ./logs/mode4_size2.log --mode 4 --send-size 2 
	Frames: 195
	Client got: 16 over 4 messages,  sent 13
	Server got: 0, over 0 messages, sent 4
	Terminated by FIN: CLIENT -> CLIENTPROXYMITM


clientProxyMITM:
Starting MITM: 31000 -> 31001
Received connection: <socket.socket fd=4, family=AddressFamily.AF_INET, type=SocketKind.SOCK_STREAM, proto=0, laddr=('127.0.0.1', 31000), raddr=('127.0.0.1', 58410)>
Connected to: 127.0.0.1, 31001 using ephemeral port 54020
-> (3) byte, b'\x05\x01\x00' Source Port: 31000 Target Port: 54020 Timestamp: 1753303187.558742
<- (2) byte, b'\x05\x00' Source Port: 31000 Target Port: 54020 Timestamp: 1753303187.5589845
-> (4) byte, b'\x05\x01\x00\x01' Source Port: 31000 Target Port: 54020 Timestamp: 1753303187.5593128
-> (6) byte, b'\x7f\x00\x00\x01y\x1b' Source Port: 31000 Target Port: 54020 Timestamp: 1753303187.6001995
<- (10) byte, b'\x05\x00\x00\x01\x00\x00\x00\x00\x00\x00' Source Port: 31000 Target Port: 54020 Timestamp: 1753303187.6004229
<- (2) byte, b'XX' Source Port: 31000 Target Port: 54020 Timestamp: 1753303187.6598275
<- (2) byte, b'YY' Source Port: 31000 Target Port: 54020 Timestamp: 1753303188.6634972
-> (0) byte, b'' Source Port: 31000 Target Port: 54020 Timestamp: 1753303188.6644113
Connection closed from (apparently) out

mainMITM:
Starting MITM: 31002 -> 10086
Received connection: <socket.socket fd=4, family=AddressFamily.AF_INET, type=SocketKind.SOCK_STREAM, proto=0, laddr=('127.0.0.1', 31002), raddr=('127.0.0.1', 60350)>
Connected to: 127.0.0.1, 10086 using ephemeral port 40196
-> (73) byte, b'G\xe0\xdf\x00\xfb\xe4#\xb2;\x05\xd2\xb6\x1b#T~\xa7\xb4\xfa\x8d\xd0>\xaa@\t\x1f 9J|\xf5\xda\xd7m\x0c\xbb$Pg:i\n\x89H6\x88Z\x8b=\xaa\x0c;\x02\xa6\xe2\xe1\xedj\xf6\xd5o(@\xc7\xe5\xa4\x912\xdfJ\xac\xe2L' Source Port: 31002 Target Port: 40196 Timestamp: 1753303187.655994
<- (68) byte, b'\x19\x98\x8fhuB\x94\x08\xf6\xb4\xa3\xfe\x03\xbd\xbc\x00\xcb\xc3\x05\x14\xf8X\x17O#\xffS8\xca+\t\x17\xb5D\r\x89\x1b\n\x07\xbd\xbc>\'\x03#-\xd8\xfb\xbde97\x00\x14\x81\xd6\xf0"4Q\xc2\x88\x00\x19\x88j}\xb9' Source Port: 31002 Target Port: 40196 Timestamp: 1753303187.6595151
<- (36) byte, b'\xb9\xc8\x9e\x93\xb9a\x88\x92\x86\x0e\xb6\n\xaa\xd6\xe4\xfd\xa3\x88~\xda\xccS{h\xfb8M%\xc8\xfd\x17\xe1\xa5\x1b\xc45' Source Port: 31002 Target Port: 40196 Timestamp: 1753303188.662835
-> (0) byte, b'' Source Port: 31002 Target Port: 40196 Timestamp: 1753303188.667475
Connection closed from (apparently) out

serverProxyMITM:
Starting MITM: 31003 -> 31004
Received connection: <socket.socket fd=4, family=AddressFamily.AF_INET, type=SocketKind.SOCK_STREAM, proto=0, laddr=('127.0.0.1', 31003), raddr=('127.0.0.1', 36058)>
Connected to: 127.0.0.1, 31004 using ephemeral port 45416
<- (2) byte, b'XX' Source Port: 31003 Target Port: 45416 Timestamp: 1753303187.6589427
<- (2) byte, b'YY' Source Port: 31003 Target Port: 45416 Timestamp: 1753303188.6620173
-> (0) byte, b'' Source Port: 31003 Target Port: 45416 Timestamp: 1753303188.6685507
Connection closed from (apparently) out

Client:
Mode 4 - start experiment
Received 1st 2 byte: b'XX'
Received 2nd 2 byte: b'YY'
Connection closed

Server:
sent 2 byte of X
sent 2 byte of Y
Completed iteration 11 for mode 4 with msg size 2 at 20250723-203943
----------------------------------------
Starting iteration 12 for mode 4 with msg size 2 at 20250723-203950
Results extracted:
Name: Start test ./logs/mode4_size2.log --mode 4 --send-size 2 
	Frames: 207
	Client got: 16 over 4 messages,  sent 13
	Server got: 0, over 0 messages, sent 4
	Terminated by FIN: CLIENT -> CLIENTPROXYMITM


clientProxyMITM:
Starting MITM: 31000 -> 31001
Received connection: <socket.socket fd=4, family=AddressFamily.AF_INET, type=SocketKind.SOCK_STREAM, proto=0, laddr=('127.0.0.1', 31000), raddr=('127.0.0.1', 56170)>
Connected to: 127.0.0.1, 31001 using ephemeral port 52420
-> (3) byte, b'\x05\x01\x00' Source Port: 31000 Target Port: 52420 Timestamp: 1753303194.907961
<- (2) byte, b'\x05\x00' Source Port: 31000 Target Port: 52420 Timestamp: 1753303194.9082506
-> (4) byte, b'\x05\x01\x00\x01' Source Port: 31000 Target Port: 52420 Timestamp: 1753303194.9085023
-> (6) byte, b'\x7f\x00\x00\x01y\x1b' Source Port: 31000 Target Port: 52420 Timestamp: 1753303194.9511192
<- (10) byte, b'\x05\x00\x00\x01\x00\x00\x00\x00\x00\x00' Source Port: 31000 Target Port: 52420 Timestamp: 1753303194.9513507
<- (2) byte, b'XX' Source Port: 31000 Target Port: 52420 Timestamp: 1753303195.0056076
<- (2) byte, b'YY' Source Port: 31000 Target Port: 52420 Timestamp: 1753303196.0128546
-> (0) byte, b'' Source Port: 31000 Target Port: 52420 Timestamp: 1753303196.0142245
Connection closed from (apparently) out

mainMITM:
Starting MITM: 31002 -> 10086
Received connection: <socket.socket fd=4, family=AddressFamily.AF_INET, type=SocketKind.SOCK_STREAM, proto=0, laddr=('127.0.0.1', 31002), raddr=('127.0.0.1', 38194)>
Connected to: 127.0.0.1, 10086 using ephemeral port 37706
-> (73) byte, b'\x04.\x94\x0f\x8c\x9f9\xa8Z|\x95\x0c\x84"K\x96\x93\x83\xbe\xe2g\x00\xa8"\t~V\xf2\x9b\xe3\x1c>;\x81\xe14\xd74+\xb2\x11}h\xfeu\xce\x1ea\xb6\xb7c#b=ci\x0f\xa3\xad\'\x8c\xec\xd4\r4?\x1d\xdd\xb7\xae\x93\x0c4' Source Port: 31002 Target Port: 37706 Timestamp: 1753303195.00327
<- (68) byte, b'\xe82\x0b\xbd\xa2\xfb\x8c\xd4\x9f\xf2]\x90C[i\x84\xc43\xf7\x1b\xae\xeb~W4\xf8\x1b\x89\xc1d\xba\xf2E\xec\xea\xca\x99\x1b\xd2\xbc\xae\x1e\x14\x92\xe9\xaa\x02\xff\x96\xaf\xadX{\xf3\x85.2x\xedU\x053\x0f\xfc\t\x8a=H' Source Port: 31002 Target Port: 37706 Timestamp: 1753303195.0053577
<- (36) byte, b'\x0b\xa6\xb6\xbao\xe4[\x86\xf3\x15\x9dYQ\xfc\xf5\xd0\x95\x16\xd3\xa4\xcd\xeb\xf55\xbe\xa2O\xb6I\xa6\xaa.w@Yq' Source Port: 31002 Target Port: 37706 Timestamp: 1753303196.0120044
-> (0) byte, b'' Source Port: 31002 Target Port: 37706 Timestamp: 1753303196.0149348
Connection closed from (apparently) out

serverProxyMITM:
Starting MITM: 31003 -> 31004
Received connection: <socket.socket fd=4, family=AddressFamily.AF_INET, type=SocketKind.SOCK_STREAM, proto=0, laddr=('127.0.0.1', 31003), raddr=('127.0.0.1', 34630)>
Connected to: 127.0.0.1, 31004 using ephemeral port 45046
<- (2) byte, b'XX' Source Port: 31003 Target Port: 45046 Timestamp: 1753303195.0049686
<- (2) byte, b'YY' Source Port: 31003 Target Port: 45046 Timestamp: 1753303196.010866
-> (0) byte, b'' Source Port: 31003 Target Port: 45046 Timestamp: 1753303196.0163274
Connection closed from (apparently) out

Client:
Mode 4 - start experiment
Received 1st 2 byte: b'XX'
Received 2nd 2 byte: b'YY'
Connection closed

Server:
sent 2 byte of X
sent 2 byte of Y
Completed iteration 12 for mode 4 with msg size 2 at 20250723-203950
----------------------------------------
Starting iteration 13 for mode 4 with msg size 2 at 20250723-203958
Results extracted:
Name: Start test ./logs/mode4_size2.log --mode 4 --send-size 2 
	Frames: 184
	Client got: 16 over 4 messages,  sent 13
	Server got: 0, over 0 messages, sent 4
	Terminated by FIN: CLIENT -> CLIENTPROXYMITM


clientProxyMITM:
Starting MITM: 31000 -> 31001
Received connection: <socket.socket fd=4, family=AddressFamily.AF_INET, type=SocketKind.SOCK_STREAM, proto=0, laddr=('127.0.0.1', 31000), raddr=('127.0.0.1', 42930)>
Connected to: 127.0.0.1, 31001 using ephemeral port 54298
-> (3) byte, b'\x05\x01\x00' Source Port: 31000 Target Port: 54298 Timestamp: 1753303202.2645469
<- (2) byte, b'\x05\x00' Source Port: 31000 Target Port: 54298 Timestamp: 1753303202.2648606
-> (4) byte, b'\x05\x01\x00\x01' Source Port: 31000 Target Port: 54298 Timestamp: 1753303202.265103
-> (6) byte, b'\x7f\x00\x00\x01y\x1b' Source Port: 31000 Target Port: 54298 Timestamp: 1753303202.312829
<- (10) byte, b'\x05\x00\x00\x01\x00\x00\x00\x00\x00\x00' Source Port: 31000 Target Port: 54298 Timestamp: 1753303202.312998
<- (2) byte, b'XX' Source Port: 31000 Target Port: 54298 Timestamp: 1753303202.3715408
<- (2) byte, b'YY' Source Port: 31000 Target Port: 54298 Timestamp: 1753303203.376907
-> (0) byte, b'' Source Port: 31000 Target Port: 54298 Timestamp: 1753303203.3779995
Connection closed from (apparently) out

mainMITM:
Starting MITM: 31002 -> 10086
Received connection: <socket.socket fd=4, family=AddressFamily.AF_INET, type=SocketKind.SOCK_STREAM, proto=0, laddr=('127.0.0.1', 31002), raddr=('127.0.0.1', 52430)>
Connected to: 127.0.0.1, 10086 using ephemeral port 49612
-> (73) byte, b'\xc0#\xc4\xd7\xced\xfe\x1e\x9c\xec\xbfD\xfd\x0c\xf1|^&~\x0e\x94\xc5\x80!D\x9fCF\xf7\x15\xf9H[\xfa\xed\xaa%\xf3q\x02Id\xa2\x81i<\xc5(\xe4v\xed~\x8d\x1e"\xf4\xde\x05\x83\xdaD^V\xcc\xe6\xde\xc1}\xcb\x9d\xdc\x05\xc9' Source Port: 31002 Target Port: 49612 Timestamp: 1753303202.3685224
<- (68) byte, b'6\x01\xedq\xee\x8ch\x16c\xcdx\x82\xfe\xd8\x1c\x97\xfe\x84\xf2\xca\x06TP\x94\x92\xc1\xc4\x99a\xce\x7f\x1b\xcb\x8atwA\xabIh\xf9\x8f\xb6g\xf4\x92\xe1c\n\xfd\xc2}h\xd1\x8a\x84=\x9f_Xb5\x83\xf5\x8a\xc7\xaeb' Source Port: 31002 Target Port: 49612 Timestamp: 1753303202.3712487
<- (36) byte, b'.\r*T\xa9kc\x96\x87\x81\xab\xaa\xfe\x02B\x1b\xe2\xd1\x16L\x948\xcaV3\x1a`\xd8\xb7\xbe)\x80\x9aV\x14\xd9' Source Port: 31002 Target Port: 49612 Timestamp: 1753303203.3762984
-> (0) byte, b'' Source Port: 31002 Target Port: 49612 Timestamp: 1753303203.3805673
Connection closed from (apparently) out

serverProxyMITM:
Starting MITM: 31003 -> 31004
Received connection: <socket.socket fd=4, family=AddressFamily.AF_INET, type=SocketKind.SOCK_STREAM, proto=0, laddr=('127.0.0.1', 31003), raddr=('127.0.0.1', 41702)>
Connected to: 127.0.0.1, 31004 using ephemeral port 47032
<- (2) byte, b'XX' Source Port: 31003 Target Port: 47032 Timestamp: 1753303202.3707345
<- (2) byte, b'YY' Source Port: 31003 Target Port: 47032 Timestamp: 1753303203.375572
-> (0) byte, b'' Source Port: 31003 Target Port: 47032 Timestamp: 1753303203.3822064
Connection closed from (apparently) out

Client:
Mode 4 - start experiment
Received 1st 2 byte: b'XX'
Received 2nd 2 byte: b'YY'
Connection closed

Server:
sent 2 byte of X
sent 2 byte of Y
Completed iteration 13 for mode 4 with msg size 2 at 20250723-203958
----------------------------------------
Starting iteration 14 for mode 4 with msg size 2 at 20250723-204005
Results extracted:
Name: Start test ./logs/mode4_size2.log --mode 4 --send-size 2 
	Frames: 195
	Client got: 16 over 4 messages,  sent 13
	Server got: 0, over 0 messages, sent 4
	Terminated by FIN: CLIENT -> CLIENTPROXYMITM


clientProxyMITM:
Starting MITM: 31000 -> 31001
Received connection: <socket.socket fd=4, family=AddressFamily.AF_INET, type=SocketKind.SOCK_STREAM, proto=0, laddr=('127.0.0.1', 31000), raddr=('127.0.0.1', 56648)>
Connected to: 127.0.0.1, 31001 using ephemeral port 53584
-> (3) byte, b'\x05\x01\x00' Source Port: 31000 Target Port: 53584 Timestamp: 1753303209.6156123
<- (2) byte, b'\x05\x00' Source Port: 31000 Target Port: 53584 Timestamp: 1753303209.6157973
-> (4) byte, b'\x05\x01\x00\x01' Source Port: 31000 Target Port: 53584 Timestamp: 1753303209.6160038
-> (6) byte, b'\x7f\x00\x00\x01y\x1b' Source Port: 31000 Target Port: 53584 Timestamp: 1753303209.6659
<- (10) byte, b'\x05\x00\x00\x01\x00\x00\x00\x00\x00\x00' Source Port: 31000 Target Port: 53584 Timestamp: 1753303209.6661837
<- (2) byte, b'XX' Source Port: 31000 Target Port: 53584 Timestamp: 1753303209.7253742
<- (2) byte, b'YY' Source Port: 31000 Target Port: 53584 Timestamp: 1753303210.7377589
-> (0) byte, b'' Source Port: 31000 Target Port: 53584 Timestamp: 1753303210.739767
Connection closed from (apparently) out

mainMITM:
Starting MITM: 31002 -> 10086
Received connection: <socket.socket fd=4, family=AddressFamily.AF_INET, type=SocketKind.SOCK_STREAM, proto=0, laddr=('127.0.0.1', 31002), raddr=('127.0.0.1', 60236)>
Connected to: 127.0.0.1, 10086 using ephemeral port 47336
-> (73) byte, b'\x18pRA\x80!\xae-\xd7\xad5\x19tS\xee\xcf-\xc4p\x92\x7f\xb7\xf3\x16q\xb1\x87\x05KH\xdb\x14{\xc8\xe4$UDJ\r:+\xcc\xdd\x93Y\xf8\xe4!\x1a5wT\xe9+\xe8VV8\x93\xbb\xf1Z#H\xb90\\\xd6\xbbD9\x0b' Source Port: 31002 Target Port: 47336 Timestamp: 1753303209.721412
<- (68) byte, b'\x13v\x91\xb7(\xb2nMD+\xe2:Gre\r&\xb1\x8a\xdfckL:\xe6\xfbn\x12v\xf5\xe84:\xac>\x16\xe9Ro \xe1-\x95\xdc9]fA\x80WR \xdf\xbc\xd6)\rg\xcaW\xaf\xd6!\x02\x8a\xfa\xc4\xfb' Source Port: 31002 Target Port: 47336 Timestamp: 1753303209.7248402
<- (36) byte, b'\x0bW\xe7\x1c\xa7\xe2X \xdf`\xdf\xf63\x1b\x13l%\xbb\xa0\xd3\x94_e\xd7\x86W\x05\xf0>Dd\x933\x1f\xab4' Source Port: 31002 Target Port: 47336 Timestamp: 1753303210.7371855
-> (0) byte, b'' Source Port: 31002 Target Port: 47336 Timestamp: 1753303210.7422364
Connection closed from (apparently) out

serverProxyMITM:
Starting MITM: 31003 -> 31004
Received connection: <socket.socket fd=4, family=AddressFamily.AF_INET, type=SocketKind.SOCK_STREAM, proto=0, laddr=('127.0.0.1', 31003), raddr=('127.0.0.1', 55126)>
Connected to: 127.0.0.1, 31004 using ephemeral port 44508
<- (2) byte, b'XX' Source Port: 31003 Target Port: 44508 Timestamp: 1753303209.7242932
<- (2) byte, b'YY' Source Port: 31003 Target Port: 44508 Timestamp: 1753303210.735685
-> (0) byte, b'' Source Port: 31003 Target Port: 44508 Timestamp: 1753303210.7435036
Connection closed from (apparently) out

Client:
Mode 4 - start experiment
Received 1st 2 byte: b'XX'
Received 2nd 2 byte: b'YY'
Connection closed

Server:
sent 2 byte of X
sent 2 byte of Y
Completed iteration 14 for mode 4 with msg size 2 at 20250723-204005
----------------------------------------
Starting iteration 15 for mode 4 with msg size 2 at 20250723-204012
Results extracted:
Name: Start test ./logs/mode4_size2.log --mode 4 --send-size 2 
	Frames: 200
	Client got: 16 over 4 messages,  sent 13
	Server got: 0, over 0 messages, sent 4
	Terminated by FIN: CLIENT -> CLIENTPROXYMITM


clientProxyMITM:
Starting MITM: 31000 -> 31001
Received connection: <socket.socket fd=4, family=AddressFamily.AF_INET, type=SocketKind.SOCK_STREAM, proto=0, laddr=('127.0.0.1', 31000), raddr=('127.0.0.1', 56660)>
Connected to: 127.0.0.1, 31001 using ephemeral port 53598
-> (3) byte, b'\x05\x01\x00' Source Port: 31000 Target Port: 53598 Timestamp: 1753303216.9212716
<- (2) byte, b'\x05\x00' Source Port: 31000 Target Port: 53598 Timestamp: 1753303216.9214306
-> (4) byte, b'\x05\x01\x00\x01' Source Port: 31000 Target Port: 53598 Timestamp: 1753303216.921614
-> (6) byte, b'\x7f\x00\x00\x01y\x1b' Source Port: 31000 Target Port: 53598 Timestamp: 1753303216.9636471
<- (10) byte, b'\x05\x00\x00\x01\x00\x00\x00\x00\x00\x00' Source Port: 31000 Target Port: 53598 Timestamp: 1753303216.963867
<- (2) byte, b'XX' Source Port: 31000 Target Port: 53598 Timestamp: 1753303217.021771
<- (2) byte, b'YY' Source Port: 31000 Target Port: 53598 Timestamp: 1753303218.032803
-> (0) byte, b'' Source Port: 31000 Target Port: 53598 Timestamp: 1753303218.0340223
Connection closed from (apparently) out

mainMITM:
Starting MITM: 31002 -> 10086
Received connection: <socket.socket fd=4, family=AddressFamily.AF_INET, type=SocketKind.SOCK_STREAM, proto=0, laddr=('127.0.0.1', 31002), raddr=('127.0.0.1', 60240)>
Connected to: 127.0.0.1, 10086 using ephemeral port 47340
-> (73) byte, b'9\xd1\rP\xe4\x9d\x00"\xc5`M\x86\xc6\xf4\x85\xffT\xb1\xccd\xff\x07\x1f\xec"\xbb\x8b\x91\xa0\x93\x96G\x05\x8c\x11g\x9d_\xff\x00\x8f\xbf:\xfeA\x1b\xf3$\x12Y"o\x9c\xdeq\x88e(\x13 \x18\xb8N\xa93\xf2l?\xb4\x06\xe6h\x11' Source Port: 31002 Target Port: 47340 Timestamp: 1753303217.0188198
<- (68) byte, b'\x80\x98\x90\xec\xc2M\xfd\x8axe[\xf0\x91>y\x90\x8b\xf5%ch\xca\xb3\xd1b\x00\xe5S5)@d#\x95\x88\xc4E\x06\xb4b\xf1\xa8~\xdb\xf9\x19\x9f\xbd\xbb#$\x05C\x98\xfa8\x0f\xd7\xe7%\x83\xda\xd1\x1a\x19"\x84\xb2' Source Port: 31002 Target Port: 47340 Timestamp: 1753303217.0214965
<- (36) byte, b'\x8b\xc4\xfc\x035\x94\x06\xf1\x9b\xa5?\xe87\x86peF\xda\x1eF.\x9d\xc96\xfb\xb9W\xc6\r\x8d\xc8bF\xa4\xff\x10' Source Port: 31002 Target Port: 47340 Timestamp: 1753303218.031928
-> (0) byte, b'' Source Port: 31002 Target Port: 47340 Timestamp: 1753303218.0354056
Connection closed from (apparently) out

serverProxyMITM:
Starting MITM: 31003 -> 31004
Received connection: <socket.socket fd=4, family=AddressFamily.AF_INET, type=SocketKind.SOCK_STREAM, proto=0, laddr=('127.0.0.1', 31003), raddr=('127.0.0.1', 55132)>
Connected to: 127.0.0.1, 31004 using ephemeral port 44512
<- (2) byte, b'XX' Source Port: 31003 Target Port: 44512 Timestamp: 1753303217.0209894
<- (2) byte, b'YY' Source Port: 31003 Target Port: 44512 Timestamp: 1753303218.0308943
-> (0) byte, b'' Source Port: 31003 Target Port: 44512 Timestamp: 1753303218.0374553
Connection closed from (apparently) out

Client:
Mode 4 - start experiment
Received 1st 2 byte: b'XX'
Received 2nd 2 byte: b'YY'
Connection closed

Server:
sent 2 byte of X
sent 2 byte of Y
Completed iteration 15 for mode 4 with msg size 2 at 20250723-204012
----------------------------------------
Starting iteration 16 for mode 4 with msg size 2 at 20250723-204020
Results extracted:
Name: Start test ./logs/mode4_size2.log --mode 4 --send-size 2 
	Frames: 193
	Client got: 16 over 4 messages,  sent 13
	Server got: 0, over 0 messages, sent 4
	Terminated by FIN: CLIENT -> CLIENTPROXYMITM


clientProxyMITM:
Starting MITM: 31000 -> 31001
Received connection: <socket.socket fd=4, family=AddressFamily.AF_INET, type=SocketKind.SOCK_STREAM, proto=0, laddr=('127.0.0.1', 31000), raddr=('127.0.0.1', 60788)>
Connected to: 127.0.0.1, 31001 using ephemeral port 59358
-> (3) byte, b'\x05\x01\x00' Source Port: 31000 Target Port: 59358 Timestamp: 1753303224.266777
<- (2) byte, b'\x05\x00' Source Port: 31000 Target Port: 59358 Timestamp: 1753303224.267006
-> (4) byte, b'\x05\x01\x00\x01' Source Port: 31000 Target Port: 59358 Timestamp: 1753303224.2672913
-> (6) byte, b'\x7f\x00\x00\x01y\x1b' Source Port: 31000 Target Port: 59358 Timestamp: 1753303224.3108819
<- (10) byte, b'\x05\x00\x00\x01\x00\x00\x00\x00\x00\x00' Source Port: 31000 Target Port: 59358 Timestamp: 1753303224.3110979
<- (2) byte, b'XX' Source Port: 31000 Target Port: 59358 Timestamp: 1753303224.3662305
<- (2) byte, b'YY' Source Port: 31000 Target Port: 59358 Timestamp: 1753303225.3774774
-> (0) byte, b'' Source Port: 31000 Target Port: 59358 Timestamp: 1753303225.3781457
Connection closed from (apparently) out

mainMITM:
Starting MITM: 31002 -> 10086
Received connection: <socket.socket fd=4, family=AddressFamily.AF_INET, type=SocketKind.SOCK_STREAM, proto=0, laddr=('127.0.0.1', 31002), raddr=('127.0.0.1', 55982)>
Connected to: 127.0.0.1, 10086 using ephemeral port 57772
-> (73) byte, b"\xbc\xf0Do\xd9cH\xc5d.\xbdx\xa0\xadc?L\xb5.|\x15\x14\x10\xbd\xe5H\xec\xa9\xb6\xce\xb7\xae\x8c)BS\x9a\\\xb8w\xb5$N\xe3\xe7\xa1\xc1\xf8\x96\x94<\r\xe25j\x8f\x0f\xeb\x10M\xe9\xf0%'\xdeF\x02\xd9\xd5X9\xd7\xf6" Source Port: 31002 Target Port: 57772 Timestamp: 1753303224.3635817
<- (68) byte, b'\xc0\xden\xa3\xd7i\xae)\xe3\x8aH\x90\xbf\xcd\x8e\xe8\xe22\xa3\xcbt\x80\xedj\x14\xee;\xe1Y\xd3\xd2\xb7tg\x85\xd21uB\x80\xe0?\xd0nl8d(\xab\x96Ux6\x10\xfd\xed\xddJ\xfe\x82(}\xca\x8bJ:\xaf\t' Source Port: 31002 Target Port: 57772 Timestamp: 1753303224.3657703
<- (36) byte, b'#~\xecU\x04K\xc8\xfaD\x12\x0c\xea\x81\xa6\x04\xb4\xa4"%\xe3\xbf|\xcf\x13\xad\xf3un1rB\xfa|dH\xaa' Source Port: 31002 Target Port: 57772 Timestamp: 1753303225.3769479
-> (0) byte, b'' Source Port: 31002 Target Port: 57772 Timestamp: 1753303225.3788147
Connection closed from (apparently) out

serverProxyMITM:
Starting MITM: 31003 -> 31004
Received connection: <socket.socket fd=4, family=AddressFamily.AF_INET, type=SocketKind.SOCK_STREAM, proto=0, laddr=('127.0.0.1', 31003), raddr=('127.0.0.1', 32936)>
Connected to: 127.0.0.1, 31004 using ephemeral port 44538
<- (2) byte, b'XX' Source Port: 31003 Target Port: 44538 Timestamp: 1753303224.3653717
<- (2) byte, b'YY' Source Port: 31003 Target Port: 44538 Timestamp: 1753303225.3758378
-> (0) byte, b'' Source Port: 31003 Target Port: 44538 Timestamp: 1753303225.3802783
Connection closed from (apparently) out

Client:
Mode 4 - start experiment
Received 1st 2 byte: b'XX'
Received 2nd 2 byte: b'YY'
Connection closed

Server:
sent 2 byte of X
sent 2 byte of Y
Completed iteration 16 for mode 4 with msg size 2 at 20250723-204020
----------------------------------------
Starting iteration 17 for mode 4 with msg size 2 at 20250723-204027
Results extracted:
Name: Start test ./logs/mode4_size2.log --mode 4 --send-size 2 
	Frames: 193
	Client got: 16 over 4 messages,  sent 13
	Server got: 0, over 0 messages, sent 4
	Terminated by FIN: CLIENT -> CLIENTPROXYMITM


clientProxyMITM:
Starting MITM: 31000 -> 31001
Received connection: <socket.socket fd=4, family=AddressFamily.AF_INET, type=SocketKind.SOCK_STREAM, proto=0, laddr=('127.0.0.1', 31000), raddr=('127.0.0.1', 53514)>
Connected to: 127.0.0.1, 31001 using ephemeral port 40936
-> (3) byte, b'\x05\x01\x00' Source Port: 31000 Target Port: 40936 Timestamp: 1753303231.604225
<- (2) byte, b'\x05\x00' Source Port: 31000 Target Port: 40936 Timestamp: 1753303231.60461
-> (4) byte, b'\x05\x01\x00\x01' Source Port: 31000 Target Port: 40936 Timestamp: 1753303231.6048434
-> (6) byte, b'\x7f\x00\x00\x01y\x1b' Source Port: 31000 Target Port: 40936 Timestamp: 1753303231.6534677
<- (10) byte, b'\x05\x00\x00\x01\x00\x00\x00\x00\x00\x00' Source Port: 31000 Target Port: 40936 Timestamp: 1753303231.6538138
<- (2) byte, b'XX' Source Port: 31000 Target Port: 40936 Timestamp: 1753303231.7084064
<- (2) byte, b'YY' Source Port: 31000 Target Port: 40936 Timestamp: 1753303232.7196765
-> (0) byte, b'' Source Port: 31000 Target Port: 40936 Timestamp: 1753303232.7207167
Connection closed from (apparently) out

mainMITM:
Starting MITM: 31002 -> 10086
Received connection: <socket.socket fd=4, family=AddressFamily.AF_INET, type=SocketKind.SOCK_STREAM, proto=0, laddr=('127.0.0.1', 31002), raddr=('127.0.0.1', 59038)>
Connected to: 127.0.0.1, 10086 using ephemeral port 49026
-> (73) byte, b'T2x\x87$\xb6\xd9\xfb\xd1\xacr\xd9\xa7\x08\xc1\xf2`\x06%Y\xc2\x1bb\xa2D\x1a\xd3CWG\xa68@\x99\x8d\xe3\xd0h\xd4\xbb\t\x13\xbc\xa9zC(h\n=\xeaj\xe8\x81\xb8\xd0Dm\x94\x1b\xff\xe1\x81\xf1\x19g\xe66F\xbe\xa0\x1cE' Source Port: 31002 Target Port: 49026 Timestamp: 1753303231.7048087
<- (68) byte, b'\x9agi\xe3.|\xe6\xcdY\x0b\xc9\xfaa.\x9f&\xee\x857\x152\x01\x03\x93\x98\xd9t\x16|}\x81\xc7\x97X\x11(\xc9mr\x1c\n\x07\x80\xcc\t\xbc\xc1\xcc\xc26f\xa4\xecC\xda\xfe\x8cp\x80\xb1j\x9e\x97\xc8\xed\x05\x1c\xee' Source Port: 31002 Target Port: 49026 Timestamp: 1753303231.7077985
<- (36) byte, b'\xe5F\xd2-\xeaqg*\xee\x18\xe3:\xb0\xe2\xe6\xe50\xb4\nX\xd9*\xdd\xe4c>Q\xbd"3\x91\x06\x80\xc3\x91h' Source Port: 31002 Target Port: 49026 Timestamp: 1753303232.7188113
-> (0) byte, b'' Source Port: 31002 Target Port: 49026 Timestamp: 1753303232.7236598
Connection closed from (apparently) out

serverProxyMITM:
Starting MITM: 31003 -> 31004
Received connection: <socket.socket fd=4, family=AddressFamily.AF_INET, type=SocketKind.SOCK_STREAM, proto=0, laddr=('127.0.0.1', 31003), raddr=('127.0.0.1', 38676)>
Connected to: 127.0.0.1, 31004 using ephemeral port 44394
<- (2) byte, b'XX' Source Port: 31003 Target Port: 44394 Timestamp: 1753303231.7072315
<- (2) byte, b'YY' Source Port: 31003 Target Port: 44394 Timestamp: 1753303232.7178774
-> (0) byte, b'' Source Port: 31003 Target Port: 44394 Timestamp: 1753303232.725483
Connection closed from (apparently) out

Client:
Mode 4 - start experiment
Received 1st 2 byte: b'XX'
Received 2nd 2 byte: b'YY'
Connection closed

Server:
sent 2 byte of X
sent 2 byte of Y
Completed iteration 17 for mode 4 with msg size 2 at 20250723-204027
----------------------------------------
Starting iteration 18 for mode 4 with msg size 2 at 20250723-204034
Results extracted:
Name: Start test ./logs/mode4_size2.log --mode 4 --send-size 2 
	Frames: 198
	Client got: 16 over 4 messages,  sent 13
	Server got: 0, over 0 messages, sent 4
	Terminated by FIN: CLIENT -> CLIENTPROXYMITM


clientProxyMITM:
Starting MITM: 31000 -> 31001
Received connection: <socket.socket fd=4, family=AddressFamily.AF_INET, type=SocketKind.SOCK_STREAM, proto=0, laddr=('127.0.0.1', 31000), raddr=('127.0.0.1', 32868)>
Connected to: 127.0.0.1, 31001 using ephemeral port 57072
-> (3) byte, b'\x05\x01\x00' Source Port: 31000 Target Port: 57072 Timestamp: 1753303238.92815
<- (2) byte, b'\x05\x00' Source Port: 31000 Target Port: 57072 Timestamp: 1753303238.9284568
-> (4) byte, b'\x05\x01\x00\x01' Source Port: 31000 Target Port: 57072 Timestamp: 1753303238.928674
-> (6) byte, b'\x7f\x00\x00\x01y\x1b' Source Port: 31000 Target Port: 57072 Timestamp: 1753303238.9761708
<- (10) byte, b'\x05\x00\x00\x01\x00\x00\x00\x00\x00\x00' Source Port: 31000 Target Port: 57072 Timestamp: 1753303238.976469
<- (2) byte, b'XX' Source Port: 31000 Target Port: 57072 Timestamp: 1753303239.0337646
<- (2) byte, b'YY' Source Port: 31000 Target Port: 57072 Timestamp: 1753303240.0420003
-> (0) byte, b'' Source Port: 31000 Target Port: 57072 Timestamp: 1753303240.0432186
Connection closed from (apparently) out

mainMITM:
Starting MITM: 31002 -> 10086
Received connection: <socket.socket fd=4, family=AddressFamily.AF_INET, type=SocketKind.SOCK_STREAM, proto=0, laddr=('127.0.0.1', 31002), raddr=('127.0.0.1', 53716)>
Connected to: 127.0.0.1, 10086 using ephemeral port 42074
-> (73) byte, b'mt\x9a\xa0\x12\xa7Z\xf5L\xf7\xed\xd0\xa4\x84`\xeb\x1f\xear\x01\xc5\r\xbb\x99\xf6$DTN,dx*\xc1\xa4\xe6(\x8b\xd2a\xb5\xb9\xa9o$\xdc\x8e\x18\x9e`\xffP\x14\xd7T"^\x1d\x83\xc1\x8a\x9f\xc6\xb0,}\x80\xd0n{wh#' Source Port: 31002 Target Port: 42074 Timestamp: 1753303239.0311267
<- (68) byte, b"\x86\x0f\xd8@f\x01\x19\xdc\x16\xb9\x89\xc3u\x8b\xe9\x8a\x1e\x11D\xf7W\x03\x15U\xed&\xee+\xaa\xf5a\x0e\xe88We\x9b\x0f\xb6\x9b\xab\xad>X\x98\x1bi\x93\xbf\xc8\x1f\xed\xddQ\x8cS8't\xa2\xad3(\xd5K\xa1\xb09" Source Port: 31002 Target Port: 42074 Timestamp: 1753303239.0334318
<- (36) byte, b'\xd3!\x84\xf4\x8fv\x9d\xe4pR\x1d|#\r\x87\xd9v\x93\xd8\xba\xa8\xe3\xd0g\x13\x15~t\xb4;\x88\xed4\x84\tq' Source Port: 31002 Target Port: 42074 Timestamp: 1753303240.0409563
-> (0) byte, b'' Source Port: 31002 Target Port: 42074 Timestamp: 1753303240.0467746
Connection closed from (apparently) out

serverProxyMITM:
Starting MITM: 31003 -> 31004
Received connection: <socket.socket fd=4, family=AddressFamily.AF_INET, type=SocketKind.SOCK_STREAM, proto=0, laddr=('127.0.0.1', 31003), raddr=('127.0.0.1', 55762)>
Connected to: 127.0.0.1, 31004 using ephemeral port 37606
<- (2) byte, b'XX' Source Port: 31003 Target Port: 37606 Timestamp: 1753303239.032922
<- (2) byte, b'YY' Source Port: 31003 Target Port: 37606 Timestamp: 1753303240.0399451
-> (0) byte, b'' Source Port: 31003 Target Port: 37606 Timestamp: 1753303240.0498533
Connection closed from (apparently) out

Client:
Mode 4 - start experiment
Received 1st 2 byte: b'XX'
Received 2nd 2 byte: b'YY'
Connection closed

Server:
sent 2 byte of X
sent 2 byte of Y
Completed iteration 18 for mode 4 with msg size 2 at 20250723-204034
----------------------------------------
Starting iteration 19 for mode 4 with msg size 2 at 20250723-204042
Results extracted:
Name: Start test ./logs/mode4_size2.log --mode 4 --send-size 2 
	Frames: 193
	Client got: 16 over 4 messages,  sent 13
	Server got: 0, over 0 messages, sent 4
	Terminated by FIN: CLIENT -> CLIENTPROXYMITM


clientProxyMITM:
Starting MITM: 31000 -> 31001
Received connection: <socket.socket fd=4, family=AddressFamily.AF_INET, type=SocketKind.SOCK_STREAM, proto=0, laddr=('127.0.0.1', 31000), raddr=('127.0.0.1', 32882)>
Connected to: 127.0.0.1, 31001 using ephemeral port 57084
-> (3) byte, b'\x05\x01\x00' Source Port: 31000 Target Port: 57084 Timestamp: 1753303246.2853007
<- (2) byte, b'\x05\x00' Source Port: 31000 Target Port: 57084 Timestamp: 1753303246.285599
-> (4) byte, b'\x05\x01\x00\x01' Source Port: 31000 Target Port: 57084 Timestamp: 1753303246.285843
-> (6) byte, b'\x7f\x00\x00\x01y\x1b' Source Port: 31000 Target Port: 57084 Timestamp: 1753303246.3358414
<- (10) byte, b'\x05\x00\x00\x01\x00\x00\x00\x00\x00\x00' Source Port: 31000 Target Port: 57084 Timestamp: 1753303246.3361757
<- (2) byte, b'XX' Source Port: 31000 Target Port: 57084 Timestamp: 1753303246.3952875
<- (2) byte, b'YY' Source Port: 31000 Target Port: 57084 Timestamp: 1753303247.3988898
-> (0) byte, b'' Source Port: 31000 Target Port: 57084 Timestamp: 1753303247.4002385
Connection closed from (apparently) out

mainMITM:
Starting MITM: 31002 -> 10086
Received connection: <socket.socket fd=4, family=AddressFamily.AF_INET, type=SocketKind.SOCK_STREAM, proto=0, laddr=('127.0.0.1', 31002), raddr=('127.0.0.1', 53724)>
Connected to: 127.0.0.1, 10086 using ephemeral port 42078
-> (73) byte, b'1\xb6\x17\x02C\x16_`\xe0\xda\x13\xdb\xb1\xccf\xb3\xf2\xe2\xdfHYpc/\xee\xe5<\x9dp%\x9c;R/ueG\xff\x03VjkN\x82p\xdc(\xa0i\xdew9\xae\n\xdc\x7fLe\x99\xa5\xa0OG~b2\xdc\x13\xd9\xb3\xa8\xcd4' Source Port: 31002 Target Port: 42078 Timestamp: 1753303246.3915997
<- (68) byte, b'p\xf7\xa7}\x19\xad\xab\xce=i\xda\x1agFoa\xf2\xbb +z\xde\xc9v\xb4\t\xa2P\xb9\xf7Mf\xa0\x93\x87f}\xd2esD\xfcB\xbfZ<\xb0C\xb8(\xd2\xae3a\xad\xdbN\xf2\x96\xf0\x9d\x1a\xed\x8c/4\xd70' Source Port: 31002 Target Port: 42078 Timestamp: 1753303246.3949258
<- (36) byte, b'\xfe9\xdf@\xb7S1u3\xb4\xaa\x10\xfe\xa5\xeak\x81/\xbe>^\x86c\xfa\xffE\xe75\x05l\xc1\xea\xd1)\x9a\x04' Source Port: 31002 Target Port: 42078 Timestamp: 1753303247.3981829
-> (0) byte, b'' Source Port: 31002 Target Port: 42078 Timestamp: 1753303247.4007933
Connection closed from (apparently) out

serverProxyMITM:
Starting MITM: 31003 -> 31004
Received connection: <socket.socket fd=4, family=AddressFamily.AF_INET, type=SocketKind.SOCK_STREAM, proto=0, laddr=('127.0.0.1', 31003), raddr=('127.0.0.1', 55764)>
Connected to: 127.0.0.1, 31004 using ephemeral port 37618
<- (2) byte, b'XX' Source Port: 31003 Target Port: 37618 Timestamp: 1753303246.394357
<- (2) byte, b'YY' Source Port: 31003 Target Port: 37618 Timestamp: 1753303247.3974106
-> (0) byte, b'' Source Port: 31003 Target Port: 37618 Timestamp: 1753303247.4012935
Connection closed from (apparently) out

Client:
Mode 4 - start experiment
Received 1st 2 byte: b'XX'
Received 2nd 2 byte: b'YY'
Connection closed

Server:
sent 2 byte of X
sent 2 byte of Y
Completed iteration 19 for mode 4 with msg size 2 at 20250723-204042
----------------------------------------
Starting iteration 20 for mode 4 with msg size 2 at 20250723-204049
Results extracted:
Name: Start test ./logs/mode4_size2.log --mode 4 --send-size 2 
	Frames: 191
	Client got: 16 over 4 messages,  sent 13
	Server got: 0, over 0 messages, sent 4
	Terminated by FIN: CLIENT -> CLIENTPROXYMITM


clientProxyMITM:
Starting MITM: 31000 -> 31001
Received connection: <socket.socket fd=4, family=AddressFamily.AF_INET, type=SocketKind.SOCK_STREAM, proto=0, laddr=('127.0.0.1', 31000), raddr=('127.0.0.1', 33424)>
Connected to: 127.0.0.1, 31001 using ephemeral port 39960
-> (3) byte, b'\x05\x01\x00' Source Port: 31000 Target Port: 39960 Timestamp: 1753303253.6328857
<- (2) byte, b'\x05\x00' Source Port: 31000 Target Port: 39960 Timestamp: 1753303253.6332421
-> (4) byte, b'\x05\x01\x00\x01' Source Port: 31000 Target Port: 39960 Timestamp: 1753303253.6334298
-> (6) byte, b'\x7f\x00\x00\x01y\x1b' Source Port: 31000 Target Port: 39960 Timestamp: 1753303253.683872
<- (10) byte, b'\x05\x00\x00\x01\x00\x00\x00\x00\x00\x00' Source Port: 31000 Target Port: 39960 Timestamp: 1753303253.6842685
<- (2) byte, b'XX' Source Port: 31000 Target Port: 39960 Timestamp: 1753303253.7405124
<- (2) byte, b'YY' Source Port: 31000 Target Port: 39960 Timestamp: 1753303254.7486384
-> (0) byte, b'' Source Port: 31000 Target Port: 39960 Timestamp: 1753303254.7495365
Connection closed from (apparently) out

mainMITM:
Starting MITM: 31002 -> 10086
Received connection: <socket.socket fd=4, family=AddressFamily.AF_INET, type=SocketKind.SOCK_STREAM, proto=0, laddr=('127.0.0.1', 31002), raddr=('127.0.0.1', 39174)>
Connected to: 127.0.0.1, 10086 using ephemeral port 39030
-> (73) byte, b"\xbe\x0b\xb4d\x91\xcf\xcd\xc8\x0b\x9f\xd7\t.\xc6'\xfbp\xeb\xf5\xd2\x9e[)OTu+\x88@\x0f\xf9\x9a=)\x12\xb2\x13T_\x81\xe1\x1au\xf3\x1f\xf4 \xae\xb0%\xa2\xb1\xaaa\x1f6g\xf1w\xa7Md\xeeC\xac\xfe\xe11\x9e\x93\xad\xc4\xef" Source Port: 31002 Target Port: 39030 Timestamp: 1753303253.7376845
<- (68) byte, b'$\xc0\xe28G\x06\xe5k\x04\xb5n*\x8e\x1f\xa1$\x04\xd4\x018\x96\x9br\xfe\x9d\xffh~\x7f-\x0e\xf5\xbd\x01\xbe\x04d-\xb8\x12cM\xa3!^f\x8d\x8c\xe7\x90c\xe6\x00\xb7^r\xca\xa7E\x13\xa6\x9e%\xe9\xae\t-\x1f' Source Port: 31002 Target Port: 39030 Timestamp: 1753303253.739966
<- (36) byte, b'\x18+\xc3\xa3\\\xc2\xc4\x1c\x8e)\xc7f\xda\xbc\xbaq\x17SQ\xca\xa1\x91\xaa\xeel\x94~^\xe5~`Le^.1' Source Port: 31002 Target Port: 39030 Timestamp: 1753303254.7481065
-> (0) byte, b'' Source Port: 31002 Target Port: 39030 Timestamp: 1753303254.7505593
Connection closed from (apparently) out

serverProxyMITM:
Starting MITM: 31003 -> 31004
Received connection: <socket.socket fd=4, family=AddressFamily.AF_INET, type=SocketKind.SOCK_STREAM, proto=0, laddr=('127.0.0.1', 31003), raddr=('127.0.0.1', 56822)>
Connected to: 127.0.0.1, 31004 using ephemeral port 51156
<- (2) byte, b'XX' Source Port: 31003 Target Port: 51156 Timestamp: 1753303253.73957
<- (2) byte, b'YY' Source Port: 31003 Target Port: 51156 Timestamp: 1753303254.7475195
-> (0) byte, b'' Source Port: 31003 Target Port: 51156 Timestamp: 1753303254.751985
Connection closed from (apparently) out

Client:
Mode 4 - start experiment
Received 1st 2 byte: b'XX'
Received 2nd 2 byte: b'YY'
Connection closed

Server:
sent 2 byte of X
sent 2 byte of Y
Completed iteration 20 for mode 4 with msg size 2 at 20250723-204049
----------------------------------------
