Starting iteration 1 for mode 3 with msg size 2 at 20250723-202844
Results extracted:
Name: Start test ./logs/mode3_size2.log --mode 3 --send-size 2 
	Frames: 184
	Client got: 14 over 3 messages,  sent 15
	Server got: 2, over 0 messages, sent 2
	Terminated by FIN: CLIENT -> CLIENTPROXYMITM


clientProxyMITM:
Starting MITM: 31000 -> 31001
Received connection: <socket.socket fd=4, family=AddressFamily.AF_INET, type=SocketKind.SOCK_STREAM, proto=0, laddr=('127.0.0.1', 31000), raddr=('127.0.0.1', 54912)>
Connected to: 127.0.0.1, 31001 using ephemeral port 53754
-> (3) byte, b'\x05\x01\x00' Source Port: 31000 Target Port: 53754 Timestamp: 1753302528.1640124
<- (2) byte, b'\x05\x00' Source Port: 31000 Target Port: 53754 Timestamp: 1753302528.164438
-> (4) byte, b'\x05\x01\x00\x01' Source Port: 31000 Target Port: 53754 Timestamp: 1753302528.1647964
-> (6) byte, b'\x7f\x00\x00\x01y\x1b' Source Port: 31000 Target Port: 53754 Timestamp: 1753302528.2148807
<- (10) byte, b'\x05\x00\x00\x01\x00\x00\x00\x00\x00\x00' Source Port: 31000 Target Port: 53754 Timestamp: 1753302528.2153065
<- (2) byte, b'XX' Source Port: 31000 Target Port: 53754 Timestamp: 1753302528.2762954
-> (2) byte, b'BB' Source Port: 31000 Target Port: 53754 Timestamp: 1753302529.2803857
-> (0) byte, b'' Source Port: 31000 Target Port: 53754 Timestamp: 1753302529.2809677
Connection closed from (apparently) out

mainMITM:
Starting MITM: 31002 -> 10086
Received connection: <socket.socket fd=4, family=AddressFamily.AF_INET, type=SocketKind.SOCK_STREAM, proto=0, laddr=('127.0.0.1', 31002), raddr=('127.0.0.1', 45858)>
Connected to: 127.0.0.1, 10086 using ephemeral port 41280
-> (73) byte, b'C!\x0e:V\rz_\xc5\x93\xa9\xde\x8e\x93\x9bW\x07\xe4bv\xc3B\x9d\x86\xbdx{3\xe4v[\xcfPM!\x18\xd0\xfb\x83\xdb\xe8\x94/\xd4\x8d\x7fv\x81\xd9-\x81\xb1\xba\xf5\xec\xa2Qy\xec\xb0i\xce\xb9\x0cNC8\x01"[F\x95.' Source Port: 31002 Target Port: 41280 Timestamp: 1753302528.2706504
<- (68) byte, b'\xefg\xd3\xb2\xe3\xe0+\x93\xef\x0e\xc0\x92\x12\xac\xa0\xfc\xb6\xc7\xf4\x1b\x93\xe3*\xe7\xc2\xc4\xc7b<l\x9b\xde\x14\xe4\xa4\x06-\xad\x00\x11\x13J\xf7\xc7E\x0f\xe7\xaa|\xd0|\xfak\x18\xc4\xde\x01V\x07\xea3\xa3\xcfc\xc8.\x95p' Source Port: 31002 Target Port: 41280 Timestamp: 1753302528.2756114
-> (36) byte, b't8)\x08\x8d\x14z*{\x03\x9bF\x0b}\xafe\xe6\xee.>\x84\xb8\x07Z\x96\x92\x03\xa3\xa6]\xce<$\x05w\xf3' Source Port: 31002 Target Port: 41280 Timestamp: 1753302529.282292
-> (0) byte, b'' Source Port: 31002 Target Port: 41280 Timestamp: 1753302529.2857766
Connection closed from (apparently) out

serverProxyMITM:
Starting MITM: 31003 -> 31004
Received connection: <socket.socket fd=4, family=AddressFamily.AF_INET, type=SocketKind.SOCK_STREAM, proto=0, laddr=('127.0.0.1', 31003), raddr=('127.0.0.1', 46080)>
Connected to: 127.0.0.1, 31004 using ephemeral port 52596
<- (2) byte, b'XX' Source Port: 31003 Target Port: 52596 Timestamp: 1753302528.274611
-> (2) byte, b'BB' Source Port: 31003 Target Port: 52596 Timestamp: 1753302529.2853796
-> (0) byte, b'' Source Port: 31003 Target Port: 52596 Timestamp: 1753302529.2884939
Connection closed from (apparently) out

Client:
Mode 3 - start experiment
Received 2 byte: b'XX'
Sent 2 byte of B
Connection closed

Server:
sent 2 byte of X
recv 2 bytes: b'BB'
Completed iteration 1 for mode 3 with msg size 2 at 20250723-202844
----------------------------------------
Starting iteration 2 for mode 3 with msg size 2 at 20250723-202851
Results extracted:
Name: Start test ./logs/mode3_size2.log --mode 3 --send-size 2 
	Frames: 181
	Client got: 14 over 3 messages,  sent 15
	Server got: 2, over 0 messages, sent 2
	Terminated by FIN: CLIENT -> CLIENTPROXYMITM


clientProxyMITM:
Starting MITM: 31000 -> 31001
Received connection: <socket.socket fd=4, family=AddressFamily.AF_INET, type=SocketKind.SOCK_STREAM, proto=0, laddr=('127.0.0.1', 31000), raddr=('127.0.0.1', 54914)>
Connected to: 127.0.0.1, 31001 using ephemeral port 53762
-> (3) byte, b'\x05\x01\x00' Source Port: 31000 Target Port: 53762 Timestamp: 1753302535.452328
<- (2) byte, b'\x05\x00' Source Port: 31000 Target Port: 53762 Timestamp: 1753302535.4525428
-> (4) byte, b'\x05\x01\x00\x01' Source Port: 31000 Target Port: 53762 Timestamp: 1753302535.4527895
-> (6) byte, b'\x7f\x00\x00\x01y\x1b' Source Port: 31000 Target Port: 53762 Timestamp: 1753302535.5027902
<- (10) byte, b'\x05\x00\x00\x01\x00\x00\x00\x00\x00\x00' Source Port: 31000 Target Port: 53762 Timestamp: 1753302535.5031312
<- (2) byte, b'XX' Source Port: 31000 Target Port: 53762 Timestamp: 1753302535.5588355
-> (2) byte, b'BB' Source Port: 31000 Target Port: 53762 Timestamp: 1753302536.5618536
-> (0) byte, b'' Source Port: 31000 Target Port: 53762 Timestamp: 1753302536.5623424
Connection closed from (apparently) out

mainMITM:
Starting MITM: 31002 -> 10086
Received connection: <socket.socket fd=4, family=AddressFamily.AF_INET, type=SocketKind.SOCK_STREAM, proto=0, laddr=('127.0.0.1', 31002), raddr=('127.0.0.1', 45866)>
Connected to: 127.0.0.1, 10086 using ephemeral port 41294
-> (73) byte, b'W;\x16iC\xf2\xaf\xea\x8bR:7\\\x8f\xd2\x96\xa2u\xf5\xde\xa6\x89ue\xa6\x9e\x89\x9c\xdaq<o\x9a`\xee\xe7,\xe6\xef\xeeAX\xf5\x961\xfe\x18\x16\x1b4\x16b\x87\x99m;F\xcf\xb7\x00\xcfQ(\x18\xd6\xbb\x9f\xfc\xbc}\xc4\x1c\xe7' Source Port: 31002 Target Port: 41294 Timestamp: 1753302535.5549004
<- (68) byte, b'\x7f"\xf2\x01\x8a+\xfb\x88K\x89\x92\x93:eW+m\xfcd\x1e\xdf\x97\xd8\xf0E\'W[\x87\xd0\x0f\xd1k\xa9\xd2\x9aN\x03\xbcpU\xac\xbf\xde\xacc\xdcZ\xf1d\x03\x8c\xf6j\x86:\x0e\\\xca\xfb\xd02\xf3S\xf4`9j' Source Port: 31002 Target Port: 41294 Timestamp: 1753302535.5583408
-> (36) byte, b'\x06#\xeb\x1c\xc4\xc9\rZ\x8f@\x1d[\xec\xf1~R\x9c\xc1s\xd8\x17\x0c\xc4\xcd\xc9\xcc}\xcaB!CWc\x1b\x8e\x91' Source Port: 31002 Target Port: 41294 Timestamp: 1753302536.5633779
-> (0) byte, b'' Source Port: 31002 Target Port: 41294 Timestamp: 1753302536.5637314
Connection closed from (apparently) out

serverProxyMITM:
Starting MITM: 31003 -> 31004
Received connection: <socket.socket fd=4, family=AddressFamily.AF_INET, type=SocketKind.SOCK_STREAM, proto=0, laddr=('127.0.0.1', 31003), raddr=('127.0.0.1', 46088)>
Connected to: 127.0.0.1, 31004 using ephemeral port 52608
<- (2) byte, b'XX' Source Port: 31003 Target Port: 52608 Timestamp: 1753302535.5577931
-> (2) byte, b'BB' Source Port: 31003 Target Port: 52608 Timestamp: 1753302536.564213
-> (0) byte, b'' Source Port: 31003 Target Port: 52608 Timestamp: 1753302536.5649428
Connection closed from (apparently) out

Client:
Mode 3 - start experiment
Received 2 byte: b'XX'
Sent 2 byte of B
Connection closed

Server:
sent 2 byte of X
recv 2 bytes: b'BB'
Completed iteration 2 for mode 3 with msg size 2 at 20250723-202851
----------------------------------------
Starting iteration 3 for mode 3 with msg size 2 at 20250723-202858
Results extracted:
Name: Start test ./logs/mode3_size2.log --mode 3 --send-size 2 
	Frames: 196
	Client got: 14 over 3 messages,  sent 15
	Server got: 2, over 0 messages, sent 2
	Terminated by FIN: CLIENT -> CLIENTPROXYMITM


clientProxyMITM:
Starting MITM: 31000 -> 31001
Received connection: <socket.socket fd=4, family=AddressFamily.AF_INET, type=SocketKind.SOCK_STREAM, proto=0, laddr=('127.0.0.1', 31000), raddr=('127.0.0.1', 54270)>
Connected to: 127.0.0.1, 31001 using ephemeral port 44070
-> (3) byte, b'\x05\x01\x00' Source Port: 31000 Target Port: 44070 Timestamp: 1753302542.7654734
<- (2) byte, b'\x05\x00' Source Port: 31000 Target Port: 44070 Timestamp: 1753302542.7657492
-> (4) byte, b'\x05\x01\x00\x01' Source Port: 31000 Target Port: 44070 Timestamp: 1753302542.7659914
-> (6) byte, b'\x7f\x00\x00\x01y\x1b' Source Port: 31000 Target Port: 44070 Timestamp: 1753302542.815877
<- (10) byte, b'\x05\x00\x00\x01\x00\x00\x00\x00\x00\x00' Source Port: 31000 Target Port: 44070 Timestamp: 1753302542.8162882
<- (2) byte, b'XX' Source Port: 31000 Target Port: 44070 Timestamp: 1753302542.8719387
-> (2) byte, b'BB' Source Port: 31000 Target Port: 44070 Timestamp: 1753302543.8753638
-> (0) byte, b'' Source Port: 31000 Target Port: 44070 Timestamp: 1753302543.87764
Connection closed from (apparently) out

mainMITM:
Starting MITM: 31002 -> 10086
Received connection: <socket.socket fd=4, family=AddressFamily.AF_INET, type=SocketKind.SOCK_STREAM, proto=0, laddr=('127.0.0.1', 31002), raddr=('127.0.0.1', 60006)>
Connected to: 127.0.0.1, 10086 using ephemeral port 53804
-> (73) byte, b'\xbd\xab+\x8f\x0c\xc3\xae\xc7\xd6\xdbp\x03Z\xce#%\x8d\x95\x8f\x94\x02F:z9G\xf6\xeb\xb6\xe8=\xa2/.\x81\x12\x1c;O\xd6\xb8\xd8\xcf\x82\xda\xc4\x8f\xfa\xbd\xe6%,\x13\xef\xd5`?[!Vu\xfa\x85\xf4\x95\x00\x1a\xe5\xe6\x9f\x07\x1cp' Source Port: 31002 Target Port: 53804 Timestamp: 1753302542.8694263
<- (68) byte, b"\xad\xaajY\xbeP\xd3\xcd\x9f\xd4-@\x1c\xd7\xa6\xe7\xd3Fc\x0cra\x80\x1b9\x98\xa1\xce*i\x9b\x88q\xa6\xe1\xf9\x0fs\x9aR\xcb'\x9e3\x9f\x19o\r\xd8F\xf0\xab\xd1\x052\x17T\x05\x0c6\x1c\xf9\x1cKn\r.\xcf" Source Port: 31002 Target Port: 53804 Timestamp: 1753302542.8716245
-> (36) byte, b"\x82\xa9B\xe3\xcd\xe04\x9e'\xee:\x7f\xa6\xb4\xf8\xd4\xf0+wm\xac\x87v\xf6\xc8\xdb\xf9\xf7BB{Dp\x07w\xad" Source Port: 31002 Target Port: 53804 Timestamp: 1753302543.8785067
-> (0) byte, b'' Source Port: 31002 Target Port: 53804 Timestamp: 1753302543.881914
Connection closed from (apparently) out

serverProxyMITM:
Starting MITM: 31003 -> 31004
Received connection: <socket.socket fd=4, family=AddressFamily.AF_INET, type=SocketKind.SOCK_STREAM, proto=0, laddr=('127.0.0.1', 31003), raddr=('127.0.0.1', 33326)>
Connected to: 127.0.0.1, 31004 using ephemeral port 41862
<- (2) byte, b'XX' Source Port: 31003 Target Port: 41862 Timestamp: 1753302542.8711722
-> (2) byte, b'BB' Source Port: 31003 Target Port: 41862 Timestamp: 1753302543.8796532
-> (0) byte, b'' Source Port: 31003 Target Port: 41862 Timestamp: 1753302543.882867
Connection closed from (apparently) out

Client:
Mode 3 - start experiment
Received 2 byte: b'XX'
Sent 2 byte of B
Connection closed

Server:
sent 2 byte of X
recv 2 bytes: b'BB'
Completed iteration 3 for mode 3 with msg size 2 at 20250723-202858
----------------------------------------
Starting iteration 4 for mode 3 with msg size 2 at 20250723-202906
Results extracted:
Name: Start test ./logs/mode3_size2.log --mode 3 --send-size 2 
	Frames: 183
	Client got: 14 over 3 messages,  sent 15
	Server got: 2, over 0 messages, sent 2
	Terminated by FIN: CLIENT -> CLIENTPROXYMITM


clientProxyMITM:
Starting MITM: 31000 -> 31001
Received connection: <socket.socket fd=4, family=AddressFamily.AF_INET, type=SocketKind.SOCK_STREAM, proto=0, laddr=('127.0.0.1', 31000), raddr=('127.0.0.1', 60714)>
Connected to: 127.0.0.1, 31001 using ephemeral port 57484
-> (3) byte, b'\x05\x01\x00' Source Port: 31000 Target Port: 57484 Timestamp: 1753302550.103393
<- (2) byte, b'\x05\x00' Source Port: 31000 Target Port: 57484 Timestamp: 1753302550.1036406
-> (4) byte, b'\x05\x01\x00\x01' Source Port: 31000 Target Port: 57484 Timestamp: 1753302550.1038451
-> (6) byte, b'\x7f\x00\x00\x01y\x1b' Source Port: 31000 Target Port: 57484 Timestamp: 1753302550.1454833
<- (10) byte, b'\x05\x00\x00\x01\x00\x00\x00\x00\x00\x00' Source Port: 31000 Target Port: 57484 Timestamp: 1753302550.145894
<- (2) byte, b'XX' Source Port: 31000 Target Port: 57484 Timestamp: 1753302550.203118
-> (2) byte, b'BB' Source Port: 31000 Target Port: 57484 Timestamp: 1753302551.2067873
-> (0) byte, b'' Source Port: 31000 Target Port: 57484 Timestamp: 1753302551.2075524
Connection closed from (apparently) out

mainMITM:
Starting MITM: 31002 -> 10086
Received connection: <socket.socket fd=4, family=AddressFamily.AF_INET, type=SocketKind.SOCK_STREAM, proto=0, laddr=('127.0.0.1', 31002), raddr=('127.0.0.1', 39476)>
Connected to: 127.0.0.1, 10086 using ephemeral port 51392
-> (73) byte, b'=\x17\\\xb0K\x81\x8d\xb0\x90n\xbd\x95i\xa5\xa6\x96w\xa7\xe8\xdci\n\x038\xd1:\x92\x8ag\x12\xcd\xfaG\x06\x16\x1e\xb7\x1fM\x18\xe7\x9ew\xb2\xc5mc\xf7y\xc7uwHM\xa5\x9bHl\x89\xf6\x8d\xdf\x1aBj\xc6\xba\xcc\xb4\x10\x81\xef\xc9' Source Port: 31002 Target Port: 51392 Timestamp: 1753302550.197963
<- (68) byte, b"m>l\xf06\x91\x88\xc8=\x97\xcd\xad\x05\x7f\x81f\x8f\xd73\xfc\xd9\xf9\x1a\xb2L:\xab\xe2\xd5#p\x93K\xb8Q\xd6,\x04\xc3\x84\x95\xf7\xe8.\x95\xf1\x92#\x0f5\xae1|-\xa2<\x1d{\x0f\x1b\xb2\x8ccll'\xa0\x8c" Source Port: 31002 Target Port: 51392 Timestamp: 1753302550.2026145
-> (36) byte, b"\xe6\xb0$\xbd\xab\\\xca\x99?\nl\xadL\xb6y\x11p'\xfeM`\xd6\xb6\xfe\xe1L\xbe\x06\x19\xcc\xfb\xc8\xd6\x19\x94g" Source Port: 31002 Target Port: 51392 Timestamp: 1753302551.208934
-> (0) byte, b'' Source Port: 31002 Target Port: 51392 Timestamp: 1753302551.2095108
Connection closed from (apparently) out

serverProxyMITM:
Starting MITM: 31003 -> 31004
Received connection: <socket.socket fd=4, family=AddressFamily.AF_INET, type=SocketKind.SOCK_STREAM, proto=0, laddr=('127.0.0.1', 31003), raddr=('127.0.0.1', 34958)>
Connected to: 127.0.0.1, 31004 using ephemeral port 48076
<- (2) byte, b'XX' Source Port: 31003 Target Port: 48076 Timestamp: 1753302550.2018394
-> (2) byte, b'BB' Source Port: 31003 Target Port: 48076 Timestamp: 1753302551.2115128
-> (0) byte, b'' Source Port: 31003 Target Port: 48076 Timestamp: 1753302551.2121572
Connection closed from (apparently) out

Client:
Mode 3 - start experiment
Received 2 byte: b'XX'
Sent 2 byte of B
Connection closed

Server:
sent 2 byte of X
recv 2 bytes: b'BB'
Completed iteration 4 for mode 3 with msg size 2 at 20250723-202906
----------------------------------------
Starting iteration 5 for mode 3 with msg size 2 at 20250723-202913
Results extracted:
Name: Start test ./logs/mode3_size2.log --mode 3 --send-size 2 
	Frames: 193
	Client got: 14 over 3 messages,  sent 15
	Server got: 2, over 0 messages, sent 2
	Terminated by FIN: CLIENT -> CLIENTPROXYMITM


clientProxyMITM:
Starting MITM: 31000 -> 31001
Received connection: <socket.socket fd=4, family=AddressFamily.AF_INET, type=SocketKind.SOCK_STREAM, proto=0, laddr=('127.0.0.1', 31000), raddr=('127.0.0.1', 60728)>
Connected to: 127.0.0.1, 31001 using ephemeral port 57496
-> (3) byte, b'\x05\x01\x00' Source Port: 31000 Target Port: 57496 Timestamp: 1753302557.406357
<- (2) byte, b'\x05\x00' Source Port: 31000 Target Port: 57496 Timestamp: 1753302557.406658
-> (4) byte, b'\x05\x01\x00\x01' Source Port: 31000 Target Port: 57496 Timestamp: 1753302557.4070082
-> (6) byte, b'\x7f\x00\x00\x01y\x1b' Source Port: 31000 Target Port: 57496 Timestamp: 1753302557.4528868
<- (10) byte, b'\x05\x00\x00\x01\x00\x00\x00\x00\x00\x00' Source Port: 31000 Target Port: 57496 Timestamp: 1753302557.4532175
<- (2) byte, b'XX' Source Port: 31000 Target Port: 57496 Timestamp: 1753302557.510519
-> (2) byte, b'BB' Source Port: 31000 Target Port: 57496 Timestamp: 1753302558.511775
-> (0) byte, b'' Source Port: 31000 Target Port: 57496 Timestamp: 1753302558.51237
Connection closed from (apparently) out

mainMITM:
Starting MITM: 31002 -> 10086
Received connection: <socket.socket fd=4, family=AddressFamily.AF_INET, type=SocketKind.SOCK_STREAM, proto=0, laddr=('127.0.0.1', 31002), raddr=('127.0.0.1', 39480)>
Connected to: 127.0.0.1, 10086 using ephemeral port 51402
-> (73) byte, b"\x1d\xab{\xab}\xc7f\xcd\xcd\xc0U\x90\x9b\x99\x9f9c\xb5&\x8b\x81\xe2\xf9\xb4\x07\xd4\x1c\xd1\xc5\x073\x1f\xdc\x95\xfdp\xc8\x86\x93\xf2D\xac:\x0e\xce\x1e\x8d\x92\x1c\x1f\x89\x17\xfc\xd0\x02\x8e\x19\x8a\xc1\xb9\xae\xfd\xb9\x1a\xa5\xd9\xb0'\xde\x91\x98{\x91" Source Port: 31002 Target Port: 51402 Timestamp: 1753302557.508581
<- (68) byte, b'aQ\xd1\x1a\xbb\xa95\xe6\xf7\xf8\x08\x90\xc5\r(R\xccj\xc9\x14\x15\xa9\xd6U\x92\xca\r:\x0c\x1c?{e\x07h\xe0\x95\xf8}\x0b7\xae\x91g\xb5;h\xde\x97]\xe8\x8f\xa6\xb3\xb7\xee4\xe7Y\x88\xfd\xbeh\xb5\x02\xf7\x18\x89' Source Port: 31002 Target Port: 51402 Timestamp: 1753302557.5102391
-> (36) byte, b'\x86M\xb8\xb3\xef\xc5j_(\xa1.\xa7\x8b9^~\xbf#\x8eE\xa5\xe28\xe7\xae\xdd\xc7\x19\xa9d!\x07\x98\x1f?I' Source Port: 31002 Target Port: 51402 Timestamp: 1753302558.5129626
-> (0) byte, b'' Source Port: 31002 Target Port: 51402 Timestamp: 1753302558.5137947
Connection closed from (apparently) out

serverProxyMITM:
Starting MITM: 31003 -> 31004
Received connection: <socket.socket fd=4, family=AddressFamily.AF_INET, type=SocketKind.SOCK_STREAM, proto=0, laddr=('127.0.0.1', 31003), raddr=('127.0.0.1', 34966)>
Connected to: 127.0.0.1, 31004 using ephemeral port 48084
<- (2) byte, b'XX' Source Port: 31003 Target Port: 48084 Timestamp: 1753302557.509833
-> (2) byte, b'BB' Source Port: 31003 Target Port: 48084 Timestamp: 1753302558.514833
-> (0) byte, b'' Source Port: 31003 Target Port: 48084 Timestamp: 1753302558.5160084
Connection closed from (apparently) out

Client:
Mode 3 - start experiment
Received 2 byte: b'XX'
Sent 2 byte of B
Connection closed

Server:
sent 2 byte of X
recv 2 bytes: b'BB'
Completed iteration 5 for mode 3 with msg size 2 at 20250723-202913
----------------------------------------
Starting iteration 6 for mode 3 with msg size 2 at 20250723-202920
Results extracted:
Name: Start test ./logs/mode3_size2.log --mode 3 --send-size 2 
	Frames: 198
	Client got: 14 over 3 messages,  sent 15
	Server got: 2, over 0 messages, sent 2
	Terminated by FIN: CLIENT -> CLIENTPROXYMITM


clientProxyMITM:
Starting MITM: 31000 -> 31001
Received connection: <socket.socket fd=4, family=AddressFamily.AF_INET, type=SocketKind.SOCK_STREAM, proto=0, laddr=('127.0.0.1', 31000), raddr=('127.0.0.1', 40792)>
Connected to: 127.0.0.1, 31001 using ephemeral port 48646
-> (3) byte, b'\x05\x01\x00' Source Port: 31000 Target Port: 48646 Timestamp: 1753302564.6981192
<- (2) byte, b'\x05\x00' Source Port: 31000 Target Port: 48646 Timestamp: 1753302564.6984103
-> (4) byte, b'\x05\x01\x00\x01' Source Port: 31000 Target Port: 48646 Timestamp: 1753302564.6986434
-> (6) byte, b'\x7f\x00\x00\x01y\x1b' Source Port: 31000 Target Port: 48646 Timestamp: 1753302564.7488027
<- (10) byte, b'\x05\x00\x00\x01\x00\x00\x00\x00\x00\x00' Source Port: 31000 Target Port: 48646 Timestamp: 1753302564.7491627
<- (2) byte, b'XX' Source Port: 31000 Target Port: 48646 Timestamp: 1753302564.8058794
-> (2) byte, b'BB' Source Port: 31000 Target Port: 48646 Timestamp: 1753302565.8157382
-> (0) byte, b'' Source Port: 31000 Target Port: 48646 Timestamp: 1753302565.816646
Connection closed from (apparently) out

mainMITM:
Starting MITM: 31002 -> 10086
Received connection: <socket.socket fd=4, family=AddressFamily.AF_INET, type=SocketKind.SOCK_STREAM, proto=0, laddr=('127.0.0.1', 31002), raddr=('127.0.0.1', 33882)>
Connected to: 127.0.0.1, 10086 using ephemeral port 41144
-> (73) byte, b'\xfb]Bd\xa3\xbf\xe2(\xcb\x1b\xb5\xb8m\xe7\x1a7p\x9b\xae<1\x1f\xea\xb3 \xee\xa4\xccs.\xfa8\xe3\x14\xd3\xa9\x13\xf9\xca.\xd4\n6\x06\xf8\xe7\xf7\x14\xf7!\xde\x84\x82\xb7\xf0\x90]! \xe8C]\'M{\xcf\xf3\xec\xcf"\x99\xd2\x1e' Source Port: 31002 Target Port: 41144 Timestamp: 1753302564.8026664
<- (68) byte, b'\xae\xc5\xc6\x93\xfa\x81w!f\x1f\xbd\x80\xe0R\x90>\xb7\xde\xa9J&y\xd1_E\xf1\xc73:@\x97j\xee}\x8d"\x05\xf3\xcd\x19f\xa3\xe9z`s\x9e\xe90,\xcb\x83\x7f\x7fv\xa8\x90u n\xa0\xf1T\xe8\xf9,\xe8K' Source Port: 31002 Target Port: 41144 Timestamp: 1753302564.80551
-> (36) byte, b'\xc0Q\x10s\x8f\xc0\x82\x82\x88\x04\x01\x01\x1d\xaa(z\x1c\x8e\x1aL\r\x89pn\x00g\xb9\x1fl\xc0\xd5\xe1\xbe\x18\x8e\x00' Source Port: 31002 Target Port: 41144 Timestamp: 1753302565.816864
-> (0) byte, b'' Source Port: 31002 Target Port: 41144 Timestamp: 1753302565.8184898
Connection closed from (apparently) out

serverProxyMITM:
Starting MITM: 31003 -> 31004
Received connection: <socket.socket fd=4, family=AddressFamily.AF_INET, type=SocketKind.SOCK_STREAM, proto=0, laddr=('127.0.0.1', 31003), raddr=('127.0.0.1', 40428)>
Connected to: 127.0.0.1, 31004 using ephemeral port 37806
<- (2) byte, b'XX' Source Port: 31003 Target Port: 37806 Timestamp: 1753302564.8049874
-> (2) byte, b'BB' Source Port: 31003 Target Port: 37806 Timestamp: 1753302565.8177943
-> (0) byte, b'' Source Port: 31003 Target Port: 37806 Timestamp: 1753302565.8194923
Connection closed from (apparently) out

Client:
Mode 3 - start experiment
Received 2 byte: b'XX'
Sent 2 byte of B
Connection closed

Server:
sent 2 byte of X
recv 2 bytes: b'BB'
Completed iteration 6 for mode 3 with msg size 2 at 20250723-202920
----------------------------------------
Starting iteration 7 for mode 3 with msg size 2 at 20250723-202927
Results extracted:
Name: Start test ./logs/mode3_size2.log --mode 3 --send-size 2 
	Frames: 196
	Client got: 14 over 3 messages,  sent 15
	Server got: 2, over 0 messages, sent 2
	Terminated by FIN: CLIENT -> CLIENTPROXYMITM


clientProxyMITM:
Starting MITM: 31000 -> 31001
Received connection: <socket.socket fd=4, family=AddressFamily.AF_INET, type=SocketKind.SOCK_STREAM, proto=0, laddr=('127.0.0.1', 31000), raddr=('127.0.0.1', 52194)>
Connected to: 127.0.0.1, 31001 using ephemeral port 58338
-> (3) byte, b'\x05\x01\x00' Source Port: 31000 Target Port: 58338 Timestamp: 1753302572.0257466
<- (2) byte, b'\x05\x00' Source Port: 31000 Target Port: 58338 Timestamp: 1753302572.0259788
-> (4) byte, b'\x05\x01\x00\x01' Source Port: 31000 Target Port: 58338 Timestamp: 1753302572.0263555
-> (6) byte, b'\x7f\x00\x00\x01y\x1b' Source Port: 31000 Target Port: 58338 Timestamp: 1753302572.0769267
<- (10) byte, b'\x05\x00\x00\x01\x00\x00\x00\x00\x00\x00' Source Port: 31000 Target Port: 58338 Timestamp: 1753302572.0774167
<- (2) byte, b'XX' Source Port: 31000 Target Port: 58338 Timestamp: 1753302572.1344
-> (2) byte, b'BB' Source Port: 31000 Target Port: 58338 Timestamp: 1753302573.1379082
-> (0) byte, b'' Source Port: 31000 Target Port: 58338 Timestamp: 1753302573.138807
Connection closed from (apparently) out

mainMITM:
Starting MITM: 31002 -> 10086
Received connection: <socket.socket fd=4, family=AddressFamily.AF_INET, type=SocketKind.SOCK_STREAM, proto=0, laddr=('127.0.0.1', 31002), raddr=('127.0.0.1', 36218)>
Connected to: 127.0.0.1, 10086 using ephemeral port 45144
-> (73) byte, b'\xac\xe1\xf4\xac\xaa6\xa1\xde\xd9\x87\x87\xea\x99F\xb2\x0c\xae\x17aw\xbbO\x1a\xef\xc1D\x8e#\xa5\xff\xbbl\xde\xcd\xf4<p\xe3^;\x1b\x12\xb8\x8f8Y\xb5H\xbe\xf3\xbe\xe2C\xfe\x15"\xcd,\xed\x97\x8e\xd7\xd82\xb53A6GL\xb0\xe4;' Source Port: 31002 Target Port: 45144 Timestamp: 1753302572.1295419
<- (68) byte, b'\xbb\x8a\x17\x1e\x1b$\x82\xa1O8\x9aa\x9an\x0f\xa4&\x02M\x8et\x15\xa4n\x81X\xcd\xa9tk\xf3Q2c\x8c9#4E\xccj\r\xf8\x0f\xb8\xf6l\x14pC\xbe\x90JN\x85\xb4\xf83\xeb\xbd\xe7%s.Px\x05\x13' Source Port: 31002 Target Port: 45144 Timestamp: 1753302572.1338012
-> (36) byte, b"\x8f'\x9f\xd1\x9bA\xc9o\x9bE\xdd\xd4\xdf\xd43\xb8Tw\x01\x87\xcf\x91\xec%\x91S\n\xd9\x11\x0c\x94\xba\xfcooi" Source Port: 31002 Target Port: 45144 Timestamp: 1753302573.1390076
-> (0) byte, b'' Source Port: 31002 Target Port: 45144 Timestamp: 1753302573.1402302
Connection closed from (apparently) out

serverProxyMITM:
Starting MITM: 31003 -> 31004
Received connection: <socket.socket fd=4, family=AddressFamily.AF_INET, type=SocketKind.SOCK_STREAM, proto=0, laddr=('127.0.0.1', 31003), raddr=('127.0.0.1', 49412)>
Connected to: 127.0.0.1, 31004 using ephemeral port 56516
<- (2) byte, b'XX' Source Port: 31003 Target Port: 56516 Timestamp: 1753302572.1324434
-> (2) byte, b'BB' Source Port: 31003 Target Port: 56516 Timestamp: 1753302573.1403456
-> (0) byte, b'' Source Port: 31003 Target Port: 56516 Timestamp: 1753302573.14096
Connection closed from (apparently) out

Client:
Mode 3 - start experiment
Received 2 byte: b'XX'
Sent 2 byte of B
Connection closed

Server:
sent 2 byte of X
recv 2 bytes: b'BB'
Completed iteration 7 for mode 3 with msg size 2 at 20250723-202927
----------------------------------------
Starting iteration 8 for mode 3 with msg size 2 at 20250723-202935
Results extracted:
Name: Start test ./logs/mode3_size2.log --mode 3 --send-size 2 
	Frames: 185
	Client got: 14 over 3 messages,  sent 15
	Server got: 2, over 0 messages, sent 2
	Terminated by FIN: CLIENT -> CLIENTPROXYMITM


clientProxyMITM:
Starting MITM: 31000 -> 31001
Received connection: <socket.socket fd=4, family=AddressFamily.AF_INET, type=SocketKind.SOCK_STREAM, proto=0, laddr=('127.0.0.1', 31000), raddr=('127.0.0.1', 44436)>
Connected to: 127.0.0.1, 31001 using ephemeral port 48102
-> (3) byte, b'\x05\x01\x00' Source Port: 31000 Target Port: 48102 Timestamp: 1753302579.357627
<- (2) byte, b'\x05\x00' Source Port: 31000 Target Port: 48102 Timestamp: 1753302579.3578715
-> (4) byte, b'\x05\x01\x00\x01' Source Port: 31000 Target Port: 48102 Timestamp: 1753302579.3581927
-> (6) byte, b'\x7f\x00\x00\x01y\x1b' Source Port: 31000 Target Port: 48102 Timestamp: 1753302579.4079146
<- (10) byte, b'\x05\x00\x00\x01\x00\x00\x00\x00\x00\x00' Source Port: 31000 Target Port: 48102 Timestamp: 1753302579.408388
<- (2) byte, b'XX' Source Port: 31000 Target Port: 48102 Timestamp: 1753302579.4645553
-> (2) byte, b'BB' Source Port: 31000 Target Port: 48102 Timestamp: 1753302580.4662275
-> (0) byte, b'' Source Port: 31000 Target Port: 48102 Timestamp: 1753302580.466884
Connection closed from (apparently) out

mainMITM:
Starting MITM: 31002 -> 10086
Received connection: <socket.socket fd=4, family=AddressFamily.AF_INET, type=SocketKind.SOCK_STREAM, proto=0, laddr=('127.0.0.1', 31002), raddr=('127.0.0.1', 36416)>
Connected to: 127.0.0.1, 10086 using ephemeral port 40718
-> (73) byte, b'h^\x08L\xaa\x1e\x8d\x8d\xec`^\xc8}o\x06\x05c4Or\x08\xfd\xeb[\xff\x1c`\xd8l\xe9\xab#|z\x018$^\xdf\xda\xd5\x0f\xf4Wy(:\xc4\xa6\xd7\x83\xd1l\xf7\xe2\xd4\xfc\xb7n;w\x062X\xdd\xe9\xceC\x8eW\x07\xa4\xc5' Source Port: 31002 Target Port: 40718 Timestamp: 1753302579.4603415
<- (68) byte, b'\x066\x8c\x8b\xd3\xc8xg\xe6\xe3\xd9\r5\xbc\xd5\xea[\xb6\xdeT:RB\x913WJL\xc0\xfd\x87J\xbbn\x11"0^,0Hd\x1b\xc7<\x97\xd3\xa1\xa4\xc65q\x11\x88\x9d\xbb\xc1\xb5~\x04\xf1\xa0\xd8\xd3\x83*u\x85' Source Port: 31002 Target Port: 40718 Timestamp: 1753302579.464274
-> (36) byte, b'2\xf0\xbaY\xca5\x01\xaf\x05(=\x9d/k\x96\xee,\xf7\xce\xa03\x1f\xdb\xb5Y\x0f\xbb:\xc8\xceEy\x82\xf5\xf6\x9f' Source Port: 31002 Target Port: 40718 Timestamp: 1753302580.4674997
-> (0) byte, b'' Source Port: 31002 Target Port: 40718 Timestamp: 1753302580.4694383
Connection closed from (apparently) out

serverProxyMITM:
Starting MITM: 31003 -> 31004
Received connection: <socket.socket fd=4, family=AddressFamily.AF_INET, type=SocketKind.SOCK_STREAM, proto=0, laddr=('127.0.0.1', 31003), raddr=('127.0.0.1', 34792)>
Connected to: 127.0.0.1, 31004 using ephemeral port 50614
<- (2) byte, b'XX' Source Port: 31003 Target Port: 50614 Timestamp: 1753302579.463587
-> (2) byte, b'BB' Source Port: 31003 Target Port: 50614 Timestamp: 1753302580.4699132
-> (0) byte, b'' Source Port: 31003 Target Port: 50614 Timestamp: 1753302580.4705
Connection closed from (apparently) out

Client:
Mode 3 - start experiment
Received 2 byte: b'XX'
Sent 2 byte of B
Connection closed

Server:
sent 2 byte of X
recv 2 bytes: b'BB'
Completed iteration 8 for mode 3 with msg size 2 at 20250723-202935
----------------------------------------
Starting iteration 9 for mode 3 with msg size 2 at 20250723-202942
Results extracted:
Name: Start test ./logs/mode3_size2.log --mode 3 --send-size 2 
	Frames: 196
	Client got: 14 over 3 messages,  sent 15
	Server got: 2, over 0 messages, sent 2
	Terminated by FIN: CLIENT -> CLIENTPROXYMITM


clientProxyMITM:
Starting MITM: 31000 -> 31001
Received connection: <socket.socket fd=4, family=AddressFamily.AF_INET, type=SocketKind.SOCK_STREAM, proto=0, laddr=('127.0.0.1', 31000), raddr=('127.0.0.1', 44438)>
Connected to: 127.0.0.1, 31001 using ephemeral port 48106
-> (3) byte, b'\x05\x01\x00' Source Port: 31000 Target Port: 48106 Timestamp: 1753302586.6889675
<- (2) byte, b'\x05\x00' Source Port: 31000 Target Port: 48106 Timestamp: 1753302586.6893208
-> (4) byte, b'\x05\x01\x00\x01' Source Port: 31000 Target Port: 48106 Timestamp: 1753302586.6895955
-> (6) byte, b'\x7f\x00\x00\x01y\x1b' Source Port: 31000 Target Port: 48106 Timestamp: 1753302586.739943
<- (10) byte, b'\x05\x00\x00\x01\x00\x00\x00\x00\x00\x00' Source Port: 31000 Target Port: 48106 Timestamp: 1753302586.7403545
<- (2) byte, b'XX' Source Port: 31000 Target Port: 48106 Timestamp: 1753302586.7971854
-> (2) byte, b'BB' Source Port: 31000 Target Port: 48106 Timestamp: 1753302587.800403
-> (0) byte, b'' Source Port: 31000 Target Port: 48106 Timestamp: 1753302587.8022435
Connection closed from (apparently) out

mainMITM:
Starting MITM: 31002 -> 10086
Received connection: <socket.socket fd=4, family=AddressFamily.AF_INET, type=SocketKind.SOCK_STREAM, proto=0, laddr=('127.0.0.1', 31002), raddr=('127.0.0.1', 36432)>
Connected to: 127.0.0.1, 10086 using ephemeral port 40722
-> (73) byte, b'fx\x1f\x06\x1czJ\x8dB(\x846\xc9bh\x9a\xa3\xbc\xe4\xb5<S\xdc\xa3\xa2r\xb5:\xab7\xb1\n\x1fW\x99\n\x99\x004n\x8d"1e\xec)HY\xf7>\xdb-\xcf\xbb}\xbfk\x01\x11\\c\xcdd-\x1f,\xc6\x0fq\x036\xb5x' Source Port: 31002 Target Port: 40722 Timestamp: 1753302586.7940025
<- (68) byte, b',\x1f\xb3\xc4\xa0C\xe1\xa7\xce\xd3y!\x98n\x8dK\x15:zwa\xc4\x89?C`\x81\x00Y\xf9\x895\xcb~\xf08\x00\x93\x97\xcay\xc0\x9ent\x94\x85\xe4q\xe7%\xe8\xe6\xd0C\xca\xfb\xbf\xf1F\xff\xb2$b\x98L\xaa}' Source Port: 31002 Target Port: 40722 Timestamp: 1753302586.796711
-> (36) byte, b'zU\xe6\xb7m\xc0\x0f\xc7\x10\x8a#8\xe7U{\xd2+$\xc4\x99\x05\x15u\xa5\n\x16\xb7\x0e}s\x8d\x8e\n\xea\x00\x14' Source Port: 31002 Target Port: 40722 Timestamp: 1753302587.8016422
-> (0) byte, b'' Source Port: 31002 Target Port: 40722 Timestamp: 1753302587.804
Connection closed from (apparently) out

serverProxyMITM:
Starting MITM: 31003 -> 31004
Received connection: <socket.socket fd=4, family=AddressFamily.AF_INET, type=SocketKind.SOCK_STREAM, proto=0, laddr=('127.0.0.1', 31003), raddr=('127.0.0.1', 34808)>
Connected to: 127.0.0.1, 31004 using ephemeral port 50630
<- (2) byte, b'XX' Source Port: 31003 Target Port: 50630 Timestamp: 1753302586.796223
-> (2) byte, b'BB' Source Port: 31003 Target Port: 50630 Timestamp: 1753302587.8036304
-> (0) byte, b'' Source Port: 31003 Target Port: 50630 Timestamp: 1753302587.805961
Connection closed from (apparently) out

Client:
Mode 3 - start experiment
Received 2 byte: b'XX'
Sent 2 byte of B
Connection closed

Server:
sent 2 byte of X
recv 2 bytes: b'BB'
Completed iteration 9 for mode 3 with msg size 2 at 20250723-202942
----------------------------------------
Starting iteration 10 for mode 3 with msg size 2 at 20250723-202949
Results extracted:
Name: Start test ./logs/mode3_size2.log --mode 3 --send-size 2 
	Frames: 195
	Client got: 14 over 3 messages,  sent 15
	Server got: 2, over 0 messages, sent 2
	Terminated by FIN: CLIENT -> CLIENTPROXYMITM


clientProxyMITM:
Starting MITM: 31000 -> 31001
Received connection: <socket.socket fd=4, family=AddressFamily.AF_INET, type=SocketKind.SOCK_STREAM, proto=0, laddr=('127.0.0.1', 31000), raddr=('127.0.0.1', 43978)>
Connected to: 127.0.0.1, 31001 using ephemeral port 53344
-> (3) byte, b'\x05\x01\x00' Source Port: 31000 Target Port: 53344 Timestamp: 1753302594.0323071
<- (2) byte, b'\x05\x00' Source Port: 31000 Target Port: 53344 Timestamp: 1753302594.0325642
-> (4) byte, b'\x05\x01\x00\x01' Source Port: 31000 Target Port: 53344 Timestamp: 1753302594.0327685
-> (6) byte, b'\x7f\x00\x00\x01y\x1b' Source Port: 31000 Target Port: 53344 Timestamp: 1753302594.0798867
<- (10) byte, b'\x05\x00\x00\x01\x00\x00\x00\x00\x00\x00' Source Port: 31000 Target Port: 53344 Timestamp: 1753302594.0801935
<- (2) byte, b'XX' Source Port: 31000 Target Port: 53344 Timestamp: 1753302594.1353056
-> (2) byte, b'BB' Source Port: 31000 Target Port: 53344 Timestamp: 1753302595.1408148
-> (0) byte, b'' Source Port: 31000 Target Port: 53344 Timestamp: 1753302595.1417413
Connection closed from (apparently) out

mainMITM:
Starting MITM: 31002 -> 10086
Received connection: <socket.socket fd=4, family=AddressFamily.AF_INET, type=SocketKind.SOCK_STREAM, proto=0, laddr=('127.0.0.1', 31002), raddr=('127.0.0.1', 57218)>
Connected to: 127.0.0.1, 10086 using ephemeral port 41256
-> (73) byte, b'\\\xcb\xa4\x8e\x86\xf87\x1du\xdf\xff\x12M\xe4Zh8\x1d\xdd\x8d*\x11\x03\xb53\xcd\xa5\x13\xa3\x04\xbc\\2\xc2\x83\x9d4D\xbc\xca\xb5S\x96\x15\xdc5`T\x06k\x9b*\xcc\xf6\xff\xc7\xcb\x93\x7f\x15*\x1e2\xbaF\x13E\xc5\x1c\xb17\xe4\xeb' Source Port: 31002 Target Port: 41256 Timestamp: 1753302594.1316547
<- (68) byte, b'\xbf%\x97\xb8\x1c\xad;\x86(w\xb8c\xb8\xd0\xdb\xf9\xb5\'\x1a\x8e\x17@\x9f\x1aX\x8a\xc0(A\x1a\xde\xc8\xb1Eq\x86\xdb\xe0\x8d\x1e\xa6\xfe\x08"\x0c\xc4F\x94\x88=!\x94/\xd6\xa4\xc2\xbc(Mo\xa80\xb75{s\x92_' Source Port: 31002 Target Port: 41256 Timestamp: 1753302594.1347082
-> (36) byte, b'\xbc\xea\xea\x07w]i~DqL\x07zD\xcb\xa0\xe6\x85w.&\xb3H\xf1S\x82Erz\x04k\xc4\xae\xac\x97\x8e' Source Port: 31002 Target Port: 41256 Timestamp: 1753302595.1427174
-> (0) byte, b'' Source Port: 31002 Target Port: 41256 Timestamp: 1753302595.1442347
Connection closed from (apparently) out

serverProxyMITM:
Starting MITM: 31003 -> 31004
Received connection: <socket.socket fd=4, family=AddressFamily.AF_INET, type=SocketKind.SOCK_STREAM, proto=0, laddr=('127.0.0.1', 31003), raddr=('127.0.0.1', 40108)>
Connected to: 127.0.0.1, 31004 using ephemeral port 51190
<- (2) byte, b'XX' Source Port: 31003 Target Port: 51190 Timestamp: 1753302594.134229
-> (2) byte, b'BB' Source Port: 31003 Target Port: 51190 Timestamp: 1753302595.1448483
-> (0) byte, b'' Source Port: 31003 Target Port: 51190 Timestamp: 1753302595.1465073
Connection closed from (apparently) out

Client:
Mode 3 - start experiment
Received 2 byte: b'XX'
Sent 2 byte of B
Connection closed

Server:
sent 2 byte of X
recv 2 bytes: b'BB'
Completed iteration 10 for mode 3 with msg size 2 at 20250723-202949
----------------------------------------
Starting iteration 11 for mode 3 with msg size 2 at 20250723-202957
Results extracted:
Name: Start test ./logs/mode3_size2.log --mode 3 --send-size 2 
	Frames: 187
	Client got: 14 over 3 messages,  sent 15
	Server got: 2, over 0 messages, sent 2
	Terminated by FIN: CLIENT -> CLIENTPROXYMITM


clientProxyMITM:
Starting MITM: 31000 -> 31001
Received connection: <socket.socket fd=4, family=AddressFamily.AF_INET, type=SocketKind.SOCK_STREAM, proto=0, laddr=('127.0.0.1', 31000), raddr=('127.0.0.1', 59382)>
Connected to: 127.0.0.1, 31001 using ephemeral port 45574
-> (3) byte, b'\x05\x01\x00' Source Port: 31000 Target Port: 45574 Timestamp: 1753302601.3313756
<- (2) byte, b'\x05\x00' Source Port: 31000 Target Port: 45574 Timestamp: 1753302601.3316321
-> (4) byte, b'\x05\x01\x00\x01' Source Port: 31000 Target Port: 45574 Timestamp: 1753302601.3318734
-> (6) byte, b'\x7f\x00\x00\x01y\x1b' Source Port: 31000 Target Port: 45574 Timestamp: 1753302601.3743002
<- (10) byte, b'\x05\x00\x00\x01\x00\x00\x00\x00\x00\x00' Source Port: 31000 Target Port: 45574 Timestamp: 1753302601.3746111
<- (2) byte, b'XX' Source Port: 31000 Target Port: 45574 Timestamp: 1753302601.4347582
-> (2) byte, b'BB' Source Port: 31000 Target Port: 45574 Timestamp: 1753302602.4389687
-> (0) byte, b'' Source Port: 31000 Target Port: 45574 Timestamp: 1753302602.4397993
Connection closed from (apparently) out

mainMITM:
Starting MITM: 31002 -> 10086
Received connection: <socket.socket fd=4, family=AddressFamily.AF_INET, type=SocketKind.SOCK_STREAM, proto=0, laddr=('127.0.0.1', 31002), raddr=('127.0.0.1', 54638)>
Connected to: 127.0.0.1, 10086 using ephemeral port 49920
-> (73) byte, b'\xd8P\x98\xc0c\xc3fl{\xd6\xb9#\xb8\xb2~\xfc5\xfd\x0cK*Ob\xbeS{\xdb\x81{E\xe4\xf7`7\xdf^\x0b\xc8\x0f\xbf\xe7C\xf0\x1c\xc7\xc3;A\x13d\n\x92\n\xbc\xda8\x1fOkb*t\x8d~\xc9\xe5\xef!8\x04p]\x8e' Source Port: 31002 Target Port: 49920 Timestamp: 1753302601.430637
<- (68) byte, b"\xc0s\t\x8e\xbc\xef\xdfy\xf38\xbd\xfa'om\xb75\xda\xf8\xf6AGs%;\xe7\xd4q~\xf1\x1d*\x90\x1e\x16:\x92\xfc\xb1\xf6\xe2\\E\xb5\xe2WO\x1f\x11\xbf\xb7\xac\x84\xee\xad\xfc\x07\xcbi\x01\x93\xe7\xc8\xa0\x12\x84\x0c\xc3" Source Port: 31002 Target Port: 49920 Timestamp: 1753302601.434402
-> (36) byte, b"\x97%\x1c\x8f\x145\x82f~\x8bQ7*,\x02\x0b\xa6dB\xffF G'\x899\x10\x92W\x82\x8dE\xe2\xd5L*" Source Port: 31002 Target Port: 49920 Timestamp: 1753302602.4397748
-> (0) byte, b'' Source Port: 31002 Target Port: 49920 Timestamp: 1753302602.4408484
Connection closed from (apparently) out

serverProxyMITM:
Starting MITM: 31003 -> 31004
Received connection: <socket.socket fd=4, family=AddressFamily.AF_INET, type=SocketKind.SOCK_STREAM, proto=0, laddr=('127.0.0.1', 31003), raddr=('127.0.0.1', 58144)>
Connected to: 127.0.0.1, 31004 using ephemeral port 55062
<- (2) byte, b'XX' Source Port: 31003 Target Port: 55062 Timestamp: 1753302601.4338207
-> (2) byte, b'BB' Source Port: 31003 Target Port: 55062 Timestamp: 1753302602.440462
-> (0) byte, b'' Source Port: 31003 Target Port: 55062 Timestamp: 1753302602.4418526
Connection closed from (apparently) out

Client:
Mode 3 - start experiment
Received 2 byte: b'XX'
Sent 2 byte of B
Connection closed

Server:
sent 2 byte of X
recv 2 bytes: b'BB'
Completed iteration 11 for mode 3 with msg size 2 at 20250723-202957
----------------------------------------
Starting iteration 12 for mode 3 with msg size 2 at 20250723-203004
Results extracted:
Name: Start test ./logs/mode3_size2.log --mode 3 --send-size 2 
	Frames: 190
	Client got: 14 over 3 messages,  sent 15
	Server got: 2, over 0 messages, sent 2
	Terminated by FIN: CLIENT -> CLIENTPROXYMITM


clientProxyMITM:
Starting MITM: 31000 -> 31001
Received connection: <socket.socket fd=4, family=AddressFamily.AF_INET, type=SocketKind.SOCK_STREAM, proto=0, laddr=('127.0.0.1', 31000), raddr=('127.0.0.1', 38834)>
Connected to: 127.0.0.1, 31001 using ephemeral port 57618
-> (3) byte, b'\x05\x01\x00' Source Port: 31000 Target Port: 57618 Timestamp: 1753302608.65741
<- (2) byte, b'\x05\x00' Source Port: 31000 Target Port: 57618 Timestamp: 1753302608.6577094
-> (4) byte, b'\x05\x01\x00\x01' Source Port: 31000 Target Port: 57618 Timestamp: 1753302608.6579666
-> (6) byte, b'\x7f\x00\x00\x01y\x1b' Source Port: 31000 Target Port: 57618 Timestamp: 1753302608.704905
<- (10) byte, b'\x05\x00\x00\x01\x00\x00\x00\x00\x00\x00' Source Port: 31000 Target Port: 57618 Timestamp: 1753302608.7052596
<- (2) byte, b'XX' Source Port: 31000 Target Port: 57618 Timestamp: 1753302608.7628524
-> (2) byte, b'BB' Source Port: 31000 Target Port: 57618 Timestamp: 1753302609.7697284
-> (0) byte, b'' Source Port: 31000 Target Port: 57618 Timestamp: 1753302609.770661
Connection closed from (apparently) out

mainMITM:
Starting MITM: 31002 -> 10086
Received connection: <socket.socket fd=4, family=AddressFamily.AF_INET, type=SocketKind.SOCK_STREAM, proto=0, laddr=('127.0.0.1', 31002), raddr=('127.0.0.1', 46492)>
Connected to: 127.0.0.1, 10086 using ephemeral port 56046
-> (73) byte, b'\x8d\xdd\xea\x0c<\x83]]\xba\x0b\x19|1:)\xcf\x14\xc4\xd1\xb3\xc1\x06\xdd\xef\r\xc3\xe6\xec\xb38R\xc1\xc7\x14\x9a\xdf\x9e8\r\x00\x1b\x92\xcexF\xbaT\xee\xcdaq\xc0 0\xad\xa4\x06\xca\xce\x0f\x9e\x18$\xb2\xa0p-\x8d\xde\xe1\xed6\xa1' Source Port: 31002 Target Port: 56046 Timestamp: 1753302608.758848
<- (68) byte, b"5\x89\xf4L\xafY\x9a\x13\xa8\xc3\x94\x98GU/\t\xde\xf1$\xcdX'\xe4\xc8\x89\x90y\xc2\x95\x19^\xbb\xf6\xc2\t\xdf\x97)\x1a\x91\x03\x8av\xa6j\x04[w\xfa\xb9\xae\xf2\xa8\xa1\xc3f\xb71\x88:\xac\xff+&\xd5D1\xf3" Source Port: 31002 Target Port: 56046 Timestamp: 1753302608.7624824
-> (36) byte, b'\n\xab\xc3"d\xa24\x82\x94\xc0J&n\x8a\xe03\xadm\xd9\x91kfG<\xfc\x91-&\x90\x0e\x8e\xbc\x99dF#' Source Port: 31002 Target Port: 56046 Timestamp: 1753302609.7707896
-> (0) byte, b'' Source Port: 31002 Target Port: 56046 Timestamp: 1753302609.7726884
Connection closed from (apparently) out

serverProxyMITM:
Starting MITM: 31003 -> 31004
Received connection: <socket.socket fd=4, family=AddressFamily.AF_INET, type=SocketKind.SOCK_STREAM, proto=0, laddr=('127.0.0.1', 31003), raddr=('127.0.0.1', 38818)>
Connected to: 127.0.0.1, 31004 using ephemeral port 60344
<- (2) byte, b'XX' Source Port: 31003 Target Port: 60344 Timestamp: 1753302608.7618432
-> (2) byte, b'BB' Source Port: 31003 Target Port: 60344 Timestamp: 1753302609.7716632
-> (0) byte, b'' Source Port: 31003 Target Port: 60344 Timestamp: 1753302609.7736256
Connection closed from (apparently) out

Client:
Mode 3 - start experiment
Received 2 byte: b'XX'
Sent 2 byte of B
Connection closed

Server:
sent 2 byte of X
recv 2 bytes: b'BB'
Completed iteration 12 for mode 3 with msg size 2 at 20250723-203004
----------------------------------------
Starting iteration 13 for mode 3 with msg size 2 at 20250723-203011
Results extracted:
Name: Start test ./logs/mode3_size2.log --mode 3 --send-size 2 
	Frames: 191
	Client got: 14 over 3 messages,  sent 15
	Server got: 2, over 0 messages, sent 2
	Terminated by FIN: CLIENT -> CLIENTPROXYMITM


clientProxyMITM:
Starting MITM: 31000 -> 31001
Received connection: <socket.socket fd=4, family=AddressFamily.AF_INET, type=SocketKind.SOCK_STREAM, proto=0, laddr=('127.0.0.1', 31000), raddr=('127.0.0.1', 38844)>
Connected to: 127.0.0.1, 31001 using ephemeral port 57630
-> (3) byte, b'\x05\x01\x00' Source Port: 31000 Target Port: 57630 Timestamp: 1753302615.9768724
<- (2) byte, b'\x05\x00' Source Port: 31000 Target Port: 57630 Timestamp: 1753302615.9772003
-> (4) byte, b'\x05\x01\x00\x01' Source Port: 31000 Target Port: 57630 Timestamp: 1753302615.9774413
-> (6) byte, b'\x7f\x00\x00\x01y\x1b' Source Port: 31000 Target Port: 57630 Timestamp: 1753302616.023904
<- (10) byte, b'\x05\x00\x00\x01\x00\x00\x00\x00\x00\x00' Source Port: 31000 Target Port: 57630 Timestamp: 1753302616.0241754
<- (2) byte, b'XX' Source Port: 31000 Target Port: 57630 Timestamp: 1753302616.0839345
-> (2) byte, b'BB' Source Port: 31000 Target Port: 57630 Timestamp: 1753302617.0936253
-> (0) byte, b'' Source Port: 31000 Target Port: 57630 Timestamp: 1753302617.0944517
Connection closed from (apparently) out

mainMITM:
Starting MITM: 31002 -> 10086
Received connection: <socket.socket fd=4, family=AddressFamily.AF_INET, type=SocketKind.SOCK_STREAM, proto=0, laddr=('127.0.0.1', 31002), raddr=('127.0.0.1', 46502)>
Connected to: 127.0.0.1, 10086 using ephemeral port 56052
-> (73) byte, b'\xae\xbfn6]\x03Z\xd6:\x8d\xa9\x80 ?Ci\xd1\xe2`<\x91+\xbb\x07\xa7\xcaH>m\xab>\xb6O\x86;f\xc7\xd68\xac\xf1\x1aH\xed\xac\xec\xb0\xc7\x0b\xc6)\x8f^Z\x12\xd5I`\x8e9\xba0\x04\xa0\x8b{MZ\x18\x83Z`\xba' Source Port: 31002 Target Port: 56052 Timestamp: 1753302616.0789084
<- (68) byte, b'\x1e\x1c\xda\xfc\xf2/\xb5\xf8x8\xf7\x7fJ5\x01\x05\x12\xdfA\xadhd\xcbS\x95\xc8O\xbd\n\x02Jn\xd9\xe1\x96E4\xdb\xbf\xab?r\xc5O\xeenQt\xcd!\xeb\x95\xd7\xcb\xf1\x91\x1c\xdax\x9e@\xb9\xbc\xfd\xd2\x84x\xb7' Source Port: 31002 Target Port: 56052 Timestamp: 1753302616.0835235
-> (36) byte, b'\xe5ac\xd79=X\x18z\n\xf3\xcfg\xdbq\x0c\xdf\x83F\x9d\xbd\xf4\x0b\x16&G\xa3\x08"\x12\xeb+\xd8\xcc\xad,' Source Port: 31002 Target Port: 56052 Timestamp: 1753302617.0946133
-> (0) byte, b'' Source Port: 31002 Target Port: 56052 Timestamp: 1753302617.0959103
Connection closed from (apparently) out

serverProxyMITM:
Starting MITM: 31003 -> 31004
Received connection: <socket.socket fd=4, family=AddressFamily.AF_INET, type=SocketKind.SOCK_STREAM, proto=0, laddr=('127.0.0.1', 31003), raddr=('127.0.0.1', 38824)>
Connected to: 127.0.0.1, 31004 using ephemeral port 60358
<- (2) byte, b'XX' Source Port: 31003 Target Port: 60358 Timestamp: 1753302616.0819428
-> (2) byte, b'BB' Source Port: 31003 Target Port: 60358 Timestamp: 1753302617.0955868
-> (0) byte, b'' Source Port: 31003 Target Port: 60358 Timestamp: 1753302617.0974152
Connection closed from (apparently) out

Client:
Mode 3 - start experiment
Received 2 byte: b'XX'
Sent 2 byte of B
Connection closed

Server:
sent 2 byte of X
recv 2 bytes: b'BB'
Completed iteration 13 for mode 3 with msg size 2 at 20250723-203011
----------------------------------------
Starting iteration 14 for mode 3 with msg size 2 at 20250723-203019
Results extracted:
Name: Start test ./logs/mode3_size2.log --mode 3 --send-size 2 
	Frames: 191
	Client got: 14 over 3 messages,  sent 15
	Server got: 2, over 0 messages, sent 2
	Terminated by FIN: CLIENT -> CLIENTPROXYMITM


clientProxyMITM:
Starting MITM: 31000 -> 31001
Received connection: <socket.socket fd=4, family=AddressFamily.AF_INET, type=SocketKind.SOCK_STREAM, proto=0, laddr=('127.0.0.1', 31000), raddr=('127.0.0.1', 49526)>
Connected to: 127.0.0.1, 31001 using ephemeral port 57374
-> (3) byte, b'\x05\x01\x00' Source Port: 31000 Target Port: 57374 Timestamp: 1753302623.3085687
<- (2) byte, b'\x05\x00' Source Port: 31000 Target Port: 57374 Timestamp: 1753302623.3088076
-> (4) byte, b'\x05\x01\x00\x01' Source Port: 31000 Target Port: 57374 Timestamp: 1753302623.3091197
-> (6) byte, b'\x7f\x00\x00\x01y\x1b' Source Port: 31000 Target Port: 57374 Timestamp: 1753302623.358769
<- (10) byte, b'\x05\x00\x00\x01\x00\x00\x00\x00\x00\x00' Source Port: 31000 Target Port: 57374 Timestamp: 1753302623.3593824
<- (2) byte, b'XX' Source Port: 31000 Target Port: 57374 Timestamp: 1753302623.4144278
-> (2) byte, b'BB' Source Port: 31000 Target Port: 57374 Timestamp: 1753302624.4229789
-> (0) byte, b'' Source Port: 31000 Target Port: 57374 Timestamp: 1753302624.4235811
Connection closed from (apparently) out

mainMITM:
Starting MITM: 31002 -> 10086
Received connection: <socket.socket fd=4, family=AddressFamily.AF_INET, type=SocketKind.SOCK_STREAM, proto=0, laddr=('127.0.0.1', 31002), raddr=('127.0.0.1', 50378)>
Connected to: 127.0.0.1, 10086 using ephemeral port 41712
-> (73) byte, b' \x8eq\xfe\x1d^\xae\x02u\xc3`\xd3P\xe4\xbcT\x8b%d\x04qW\xe2\xb6\xd2\x06~\x94\xde\xb3\x08\xc9\xeaW\x0bt\x10\xa0\xac\xb0\xe83j%]\xe0\xa1\xd62r0\xdd\xb1\x9a\rp\xdc\x08\x80\x16\xa3\xb3\xa9\xd0\xd6\x15Q2B\x89\\\xd9\xa5' Source Port: 31002 Target Port: 41712 Timestamp: 1753302623.4107327
<- (68) byte, b'\xcfL7\xe4}1YI\x98\xf2\x90r\x80W\xbf|\xa3r\xed\x04k*A\xca\xa8\x824+\x9dm\xd6y\x18E@\xdd\xb3\x18\x1a\xc3G\xf7F2\xf3s\xd1\xdfyu@W\xb3\x00\x0e\x95\xdb\\\xff\xf4\x07u\xc4\x88\x88r\xe3\xf1' Source Port: 31002 Target Port: 41712 Timestamp: 1753302623.413832
-> (36) byte, b'9bY\xa6;\x1d\x83>\\\xe7\x89\xbbij\xd4\xc55{\x94H\xcd\x1d3G\xf7U\xd1.\xae<O!\xd12\x8f\xcf' Source Port: 31002 Target Port: 41712 Timestamp: 1753302624.423795
-> (0) byte, b'' Source Port: 31002 Target Port: 41712 Timestamp: 1753302624.4247444
Connection closed from (apparently) out

serverProxyMITM:
Starting MITM: 31003 -> 31004
Received connection: <socket.socket fd=4, family=AddressFamily.AF_INET, type=SocketKind.SOCK_STREAM, proto=0, laddr=('127.0.0.1', 31003), raddr=('127.0.0.1', 42022)>
Connected to: 127.0.0.1, 31004 using ephemeral port 44814
<- (2) byte, b'XX' Source Port: 31003 Target Port: 44814 Timestamp: 1753302623.4129913
-> (2) byte, b'BB' Source Port: 31003 Target Port: 44814 Timestamp: 1753302624.424956
-> (0) byte, b'' Source Port: 31003 Target Port: 44814 Timestamp: 1753302624.425604
Connection closed from (apparently) out

Client:
Mode 3 - start experiment
Received 2 byte: b'XX'
Sent 2 byte of B
Connection closed

Server:
sent 2 byte of X
recv 2 bytes: b'BB'
Completed iteration 14 for mode 3 with msg size 2 at 20250723-203019
----------------------------------------
Starting iteration 15 for mode 3 with msg size 2 at 20250723-203026
Results extracted:
Name: Start test ./logs/mode3_size2.log --mode 3 --send-size 2 
	Frames: 200
	Client got: 14 over 3 messages,  sent 15
	Server got: 2, over 0 messages, sent 2
	Terminated by FIN: CLIENT -> CLIENTPROXYMITM


clientProxyMITM:
Starting MITM: 31000 -> 31001
Received connection: <socket.socket fd=4, family=AddressFamily.AF_INET, type=SocketKind.SOCK_STREAM, proto=0, laddr=('127.0.0.1', 31000), raddr=('127.0.0.1', 54372)>
Connected to: 127.0.0.1, 31001 using ephemeral port 44844
-> (3) byte, b'\x05\x01\x00' Source Port: 31000 Target Port: 44844 Timestamp: 1753302630.6157837
<- (2) byte, b'\x05\x00' Source Port: 31000 Target Port: 44844 Timestamp: 1753302630.6161804
-> (4) byte, b'\x05\x01\x00\x01' Source Port: 31000 Target Port: 44844 Timestamp: 1753302630.616527
-> (6) byte, b'\x7f\x00\x00\x01y\x1b' Source Port: 31000 Target Port: 44844 Timestamp: 1753302630.6668103
<- (10) byte, b'\x05\x00\x00\x01\x00\x00\x00\x00\x00\x00' Source Port: 31000 Target Port: 44844 Timestamp: 1753302630.6671383
<- (2) byte, b'XX' Source Port: 31000 Target Port: 44844 Timestamp: 1753302630.7223485
-> (2) byte, b'BB' Source Port: 31000 Target Port: 44844 Timestamp: 1753302631.7244375
-> (0) byte, b'' Source Port: 31000 Target Port: 44844 Timestamp: 1753302631.7249167
Connection closed from (apparently) out

mainMITM:
Starting MITM: 31002 -> 10086
Received connection: <socket.socket fd=4, family=AddressFamily.AF_INET, type=SocketKind.SOCK_STREAM, proto=0, laddr=('127.0.0.1', 31002), raddr=('127.0.0.1', 46582)>
Connected to: 127.0.0.1, 10086 using ephemeral port 60316
-> (73) byte, b'S)L\xd3?7\xact_\x07-\x16,\xd5\xc1\x0c;\xa3,/\x9bN\x8e\xe7\x85k\xa1s\x085Q\x02\xd4\x08\xa7f\xc4\r\n\x03\x06\xc1\xda\x9a\xb8\x0fA3\xca\xd1\xc4\x8e\xd0\xb7\x00I>\x94\xd2\xa94\n\x9a{\xb5fy\xf4\x9dL\x98fW' Source Port: 31002 Target Port: 60316 Timestamp: 1753302630.7193313
<- (68) byte, b"\xaf\xd6ZS'U\x15vc\xed\x08}\x98\xf5\x1a\xd7\x80)\xa0\x85\x12\xda\xdc\x81\xdf\xb2\x19D\x8e<\x9fic\x9f\x85J+\x93\xfe\x14$@\xa0Mf\xed\xef\xf5\xec\x99[\xa3\x98\xbb\x07<\xcb\\l\xfb\xd9\x83\x15W\r\xfc\x14\x96" Source Port: 31002 Target Port: 60316 Timestamp: 1753302630.721898
-> (36) byte, b'\xcb\x14\xa0\xc7M,\x8b\xbf\xb1\xfa~\x8b\xaa@Ju\x01jw9\xa9)m$\xf1u\x08\xfb.C!\x1f\xb6\x89b<' Source Port: 31002 Target Port: 60316 Timestamp: 1753302631.7254786
-> (0) byte, b'' Source Port: 31002 Target Port: 60316 Timestamp: 1753302631.7259858
Connection closed from (apparently) out

serverProxyMITM:
Starting MITM: 31003 -> 31004
Received connection: <socket.socket fd=4, family=AddressFamily.AF_INET, type=SocketKind.SOCK_STREAM, proto=0, laddr=('127.0.0.1', 31003), raddr=('127.0.0.1', 37326)>
Connected to: 127.0.0.1, 31004 using ephemeral port 32856
<- (2) byte, b'XX' Source Port: 31003 Target Port: 32856 Timestamp: 1753302630.7215545
-> (2) byte, b'BB' Source Port: 31003 Target Port: 32856 Timestamp: 1753302631.726357
-> (0) byte, b'' Source Port: 31003 Target Port: 32856 Timestamp: 1753302631.7287972
Connection closed from (apparently) out

Client:
Mode 3 - start experiment
Received 2 byte: b'XX'
Sent 2 byte of B
Connection closed

Server:
sent 2 byte of X
recv 2 bytes: b'BB'
Completed iteration 15 for mode 3 with msg size 2 at 20250723-203026
----------------------------------------
Starting iteration 16 for mode 3 with msg size 2 at 20250723-203033
Results extracted:
Name: Start test ./logs/mode3_size2.log --mode 3 --send-size 2 
	Frames: 196
	Client got: 14 over 3 messages,  sent 15
	Server got: 2, over 0 messages, sent 2
	Terminated by FIN: CLIENT -> CLIENTPROXYMITM


clientProxyMITM:
Starting MITM: 31000 -> 31001
Received connection: <socket.socket fd=4, family=AddressFamily.AF_INET, type=SocketKind.SOCK_STREAM, proto=0, laddr=('127.0.0.1', 31000), raddr=('127.0.0.1', 54378)>
Connected to: 127.0.0.1, 31001 using ephemeral port 44860
-> (3) byte, b'\x05\x01\x00' Source Port: 31000 Target Port: 44860 Timestamp: 1753302637.9049106
<- (2) byte, b'\x05\x00' Source Port: 31000 Target Port: 44860 Timestamp: 1753302637.9053245
-> (4) byte, b'\x05\x01\x00\x01' Source Port: 31000 Target Port: 44860 Timestamp: 1753302637.9055505
-> (6) byte, b'\x7f\x00\x00\x01y\x1b' Source Port: 31000 Target Port: 44860 Timestamp: 1753302637.9462252
<- (10) byte, b'\x05\x00\x00\x01\x00\x00\x00\x00\x00\x00' Source Port: 31000 Target Port: 44860 Timestamp: 1753302637.9465208
<- (2) byte, b'XX' Source Port: 31000 Target Port: 44860 Timestamp: 1753302638.0023563
-> (2) byte, b'BB' Source Port: 31000 Target Port: 44860 Timestamp: 1753302639.0067701
-> (0) byte, b'' Source Port: 31000 Target Port: 44860 Timestamp: 1753302639.0074387
Connection closed from (apparently) out

mainMITM:
Starting MITM: 31002 -> 10086
Received connection: <socket.socket fd=4, family=AddressFamily.AF_INET, type=SocketKind.SOCK_STREAM, proto=0, laddr=('127.0.0.1', 31002), raddr=('127.0.0.1', 42626)>
Connected to: 127.0.0.1, 10086 using ephemeral port 55922
-> (73) byte, b'\x0f\xb6[V,\xcc\xcdF\x9e`\x95\x046\x006\rq\xeb\x84\xd3z\xe4\xf7\xaa\x99\xea\xa8\x8fc\x1c\xe8w\x17D\x8bJx\xc8\xd6\x8e\x00q1V\x85\x1e\xcc\x14\xf3\xef\x06A\t\x05Va$V*\x06\xb2/\x8c\r\xbf\xc0d\xa8\x08\x03J\x7f\x0c' Source Port: 31002 Target Port: 55922 Timestamp: 1753302637.9993753
<- (68) byte, b'$I4\x88\xc9\x08\xc4\xa3|\xc4\x1c\x03h\x7f\xa0\xe6\xc6\x9a\xdf\x8f\xa8U\x89\x00\xb1\xbeM\xb3\xa9\r\x8c\x10\xe2\x87\x9c\x11u\xb3\x03\xc8\x05\xad\x1a\xa8\x86\x10\xee+\xb4\n\xa3\x98\xc2\xd1\xce\xdf\xb8)\xd0\xb1\x12\xe2\xaf\xc7\xde9I\xef' Source Port: 31002 Target Port: 55922 Timestamp: 1753302638.0019217
-> (36) byte, b'\x92W\xcd\x17\xb7u\xd5\xab\x01?E0\x08\xd4\xc0\x1a\x1c&\x1aHt\\I`9\xf8\xaeq\x19#\x0e>\xdf\xd8(\xe5' Source Port: 31002 Target Port: 55922 Timestamp: 1753302639.008978
-> (0) byte, b'' Source Port: 31002 Target Port: 55922 Timestamp: 1753302639.0095973
Connection closed from (apparently) out

serverProxyMITM:
Starting MITM: 31003 -> 31004
Received connection: <socket.socket fd=4, family=AddressFamily.AF_INET, type=SocketKind.SOCK_STREAM, proto=0, laddr=('127.0.0.1', 31003), raddr=('127.0.0.1', 54350)>
Connected to: 127.0.0.1, 31004 using ephemeral port 55292
<- (2) byte, b'XX' Source Port: 31003 Target Port: 55292 Timestamp: 1753302638.0015087
-> (2) byte, b'BB' Source Port: 31003 Target Port: 55292 Timestamp: 1753302639.0106065
-> (0) byte, b'' Source Port: 31003 Target Port: 55292 Timestamp: 1753302639.0109887
Connection closed from (apparently) out

Client:
Mode 3 - start experiment
Received 2 byte: b'XX'
Sent 2 byte of B
Connection closed

Server:
sent 2 byte of X
recv 2 bytes: b'BB'
Completed iteration 16 for mode 3 with msg size 2 at 20250723-203033
----------------------------------------
Starting iteration 17 for mode 3 with msg size 2 at 20250723-203041
Results extracted:
Name: Start test ./logs/mode3_size2.log --mode 3 --send-size 2 
	Frames: 187
	Client got: 14 over 3 messages,  sent 15
	Server got: 2, over 0 messages, sent 2
	Terminated by FIN: CLIENT -> CLIENTPROXYMITM


clientProxyMITM:
Starting MITM: 31000 -> 31001
Received connection: <socket.socket fd=4, family=AddressFamily.AF_INET, type=SocketKind.SOCK_STREAM, proto=0, laddr=('127.0.0.1', 31000), raddr=('127.0.0.1', 54174)>
Connected to: 127.0.0.1, 31001 using ephemeral port 46286
-> (3) byte, b'\x05\x01\x00' Source Port: 31000 Target Port: 46286 Timestamp: 1753302645.2228842
<- (2) byte, b'\x05\x00' Source Port: 31000 Target Port: 46286 Timestamp: 1753302645.2232716
-> (4) byte, b'\x05\x01\x00\x01' Source Port: 31000 Target Port: 46286 Timestamp: 1753302645.2235074
-> (6) byte, b'\x7f\x00\x00\x01y\x1b' Source Port: 31000 Target Port: 46286 Timestamp: 1753302645.2706535
<- (10) byte, b'\x05\x00\x00\x01\x00\x00\x00\x00\x00\x00' Source Port: 31000 Target Port: 46286 Timestamp: 1753302645.2711022
<- (2) byte, b'XX' Source Port: 31000 Target Port: 46286 Timestamp: 1753302645.3248878
-> (2) byte, b'BB' Source Port: 31000 Target Port: 46286 Timestamp: 1753302646.3265207
-> (0) byte, b'' Source Port: 31000 Target Port: 46286 Timestamp: 1753302646.3268273
Connection closed from (apparently) out

mainMITM:
Starting MITM: 31002 -> 10086
Received connection: <socket.socket fd=4, family=AddressFamily.AF_INET, type=SocketKind.SOCK_STREAM, proto=0, laddr=('127.0.0.1', 31002), raddr=('127.0.0.1', 42632)>
Connected to: 127.0.0.1, 10086 using ephemeral port 55938
-> (73) byte, b'~`\xd8|\nI0\xb6\xad+\xfe\xd5\x16)/\xad\x80\xbd\xe0\xed\xd8s\xb4\x8dK\x15\xc3X\xd8\xce\\n\xfe\xfb\x94\x7f\xad{\x12\x10!d\x11\xfcV$V0\xf6\xb8b)MLC$\x9d\xa7$\xae\xd2\xae\x8d%cj\x9a>Q~*C\x98' Source Port: 31002 Target Port: 55938 Timestamp: 1753302645.322574
<- (68) byte, b'\x84\x11<\xe0]\xe5gxU\xf0_\xc1\xb1\xa1\x99\xf4\xb5\xa5\xc8K\xe6Z\xb0y\x08b\xd5G\x07\x8f\xf0\x07m\xb1\xf4\xc8\x02|\xe0K\xa37?\xec\xceZ\xae\x8e\xe0k\x9fo\x02\xc4\xe8\x19\xc1@\xc5:\xef#\x90\xfb\x10\xe2\x0f\xa3' Source Port: 31002 Target Port: 55938 Timestamp: 1753302645.3245842
-> (36) byte, b"\x01'\xa5\xab\x8a\xe2U\x10\x8d\xf8w\x19\x19\x81\xbdm\xd3\x95|\xfe\xea\xf8\xa1\x9e\xc5\xec\x13\xd6\x9e\x1a\xe1\xbd\x98\x90\xb2\xe8" Source Port: 31002 Target Port: 55938 Timestamp: 1753302646.3287444
-> (0) byte, b'' Source Port: 31002 Target Port: 55938 Timestamp: 1753302646.3300269
Connection closed from (apparently) out

serverProxyMITM:
Starting MITM: 31003 -> 31004
Received connection: <socket.socket fd=4, family=AddressFamily.AF_INET, type=SocketKind.SOCK_STREAM, proto=0, laddr=('127.0.0.1', 31003), raddr=('127.0.0.1', 54360)>
Connected to: 127.0.0.1, 31004 using ephemeral port 55294
<- (2) byte, b'XX' Source Port: 31003 Target Port: 55294 Timestamp: 1753302645.3242476
-> (2) byte, b'BB' Source Port: 31003 Target Port: 55294 Timestamp: 1753302646.3292394
-> (0) byte, b'' Source Port: 31003 Target Port: 55294 Timestamp: 1753302646.3309402
Connection closed from (apparently) out

Client:
Mode 3 - start experiment
Received 2 byte: b'XX'
Sent 2 byte of B
Connection closed

Server:
sent 2 byte of X
recv 2 bytes: b'BB'
Completed iteration 17 for mode 3 with msg size 2 at 20250723-203041
----------------------------------------
Starting iteration 18 for mode 3 with msg size 2 at 20250723-203048
Results extracted:
Name: Start test ./logs/mode3_size2.log --mode 3 --send-size 2 
	Frames: 189
	Client got: 14 over 3 messages,  sent 15
	Server got: 2, over 0 messages, sent 2
	Terminated by FIN: CLIENT -> CLIENTPROXYMITM


clientProxyMITM:
Starting MITM: 31000 -> 31001
Received connection: <socket.socket fd=4, family=AddressFamily.AF_INET, type=SocketKind.SOCK_STREAM, proto=0, laddr=('127.0.0.1', 31000), raddr=('127.0.0.1', 41746)>
Connected to: 127.0.0.1, 31001 using ephemeral port 37926
-> (3) byte, b'\x05\x01\x00' Source Port: 31000 Target Port: 37926 Timestamp: 1753302652.4989522
<- (2) byte, b'\x05\x00' Source Port: 31000 Target Port: 37926 Timestamp: 1753302652.4992168
-> (4) byte, b'\x05\x01\x00\x01' Source Port: 31000 Target Port: 37926 Timestamp: 1753302652.4994287
-> (6) byte, b'\x7f\x00\x00\x01y\x1b' Source Port: 31000 Target Port: 37926 Timestamp: 1753302652.545932
<- (10) byte, b'\x05\x00\x00\x01\x00\x00\x00\x00\x00\x00' Source Port: 31000 Target Port: 37926 Timestamp: 1753302652.5461335
<- (2) byte, b'XX' Source Port: 31000 Target Port: 37926 Timestamp: 1753302652.6000848
-> (2) byte, b'BB' Source Port: 31000 Target Port: 37926 Timestamp: 1753302653.6053696
-> (0) byte, b'' Source Port: 31000 Target Port: 37926 Timestamp: 1753302653.6071813
Connection closed from (apparently) out

mainMITM:
Starting MITM: 31002 -> 10086
Received connection: <socket.socket fd=4, family=AddressFamily.AF_INET, type=SocketKind.SOCK_STREAM, proto=0, laddr=('127.0.0.1', 31002), raddr=('127.0.0.1', 57580)>
Connected to: 127.0.0.1, 10086 using ephemeral port 52874
-> (73) byte, b'\x8b\x91\xe8\xbah\x82\x80g\xbfV\x1f-\xb4\x8d\xb0\xa9\xca\'\x15\x98\x0c+4\xdb=&g\xd3\\\xf7\xc2N\x8a\xe3\xb6,\xb2\xd7\xb4)%|{RS\xcf\xa6-g\x8a\x06\x19~\x81\xdbb\x91\xea"\x90p\x933\xc0]\x9b\xc4.e\xcb\xb1\xc8\xb5' Source Port: 31002 Target Port: 52874 Timestamp: 1753302652.5976963
<- (68) byte, b"&9d`}MZY\t\xf0.\xa1\xbaO\x82\x08\x88\x910\x18\x9f')g`\xbfIg\xb1\x1f?\xc4\x1b\nQ\xbf\xa9z\xad\x01j\xdav\xe5\xa3\xba\x87,\xd7\xa9w\x9e\x92p\x87\x9f$\xd3[\xa9AU\xb5\x1a\x86,a\xd5" Source Port: 31002 Target Port: 52874 Timestamp: 1753302652.599756
-> (36) byte, b'[#C\xf5z\xa5\xbd\x93\x07\xa9-fnl\xef\xc9\x0c\x85V-\xc96h\x96\x152\xcb@\xb6\xc4\x03}\x9e9~\xc8' Source Port: 31002 Target Port: 52874 Timestamp: 1753302653.6063411
-> (0) byte, b'' Source Port: 31002 Target Port: 52874 Timestamp: 1753302653.6085858
Connection closed from (apparently) out

serverProxyMITM:
Starting MITM: 31003 -> 31004
Received connection: <socket.socket fd=4, family=AddressFamily.AF_INET, type=SocketKind.SOCK_STREAM, proto=0, laddr=('127.0.0.1', 31003), raddr=('127.0.0.1', 44238)>
Connected to: 127.0.0.1, 31004 using ephemeral port 43018
<- (2) byte, b'XX' Source Port: 31003 Target Port: 43018 Timestamp: 1753302652.5993588
-> (2) byte, b'BB' Source Port: 31003 Target Port: 43018 Timestamp: 1753302653.607681
-> (0) byte, b'' Source Port: 31003 Target Port: 43018 Timestamp: 1753302653.6094615
Connection closed from (apparently) out

Client:
Mode 3 - start experiment
Received 2 byte: b'XX'
Sent 2 byte of B
Connection closed

Server:
sent 2 byte of X
recv 2 bytes: b'BB'
Completed iteration 18 for mode 3 with msg size 2 at 20250723-203048
----------------------------------------
Starting iteration 19 for mode 3 with msg size 2 at 20250723-203055
Results extracted:
Name: Start test ./logs/mode3_size2.log --mode 3 --send-size 2 
	Frames: 193
	Client got: 14 over 3 messages,  sent 15
	Server got: 2, over 0 messages, sent 2
	Terminated by FIN: CLIENT -> CLIENTPROXYMITM


clientProxyMITM:
Starting MITM: 31000 -> 31001
Received connection: <socket.socket fd=4, family=AddressFamily.AF_INET, type=SocketKind.SOCK_STREAM, proto=0, laddr=('127.0.0.1', 31000), raddr=('127.0.0.1', 36460)>
Connected to: 127.0.0.1, 31001 using ephemeral port 49724
-> (3) byte, b'\x05\x01\x00' Source Port: 31000 Target Port: 49724 Timestamp: 1753302659.8099372
<- (2) byte, b'\x05\x00' Source Port: 31000 Target Port: 49724 Timestamp: 1753302659.8102837
-> (4) byte, b'\x05\x01\x00\x01' Source Port: 31000 Target Port: 49724 Timestamp: 1753302659.8106
-> (6) byte, b'\x7f\x00\x00\x01y\x1b' Source Port: 31000 Target Port: 49724 Timestamp: 1753302659.8548183
<- (10) byte, b'\x05\x00\x00\x01\x00\x00\x00\x00\x00\x00' Source Port: 31000 Target Port: 49724 Timestamp: 1753302659.855676
<- (2) byte, b'XX' Source Port: 31000 Target Port: 49724 Timestamp: 1753302659.9134288
-> (2) byte, b'BB' Source Port: 31000 Target Port: 49724 Timestamp: 1753302660.9194052
-> (0) byte, b'' Source Port: 31000 Target Port: 49724 Timestamp: 1753302660.9197526
Connection closed from (apparently) out

mainMITM:
Starting MITM: 31002 -> 10086
Received connection: <socket.socket fd=4, family=AddressFamily.AF_INET, type=SocketKind.SOCK_STREAM, proto=0, laddr=('127.0.0.1', 31002), raddr=('127.0.0.1', 52076)>
Connected to: 127.0.0.1, 10086 using ephemeral port 51868
-> (73) byte, b'Z\x96\x81\xb6\xdd\x08\x05\xe6\x99\xa9\x8c\r\xc1R\xe4\xec\xd8\xadj\x17\xcc\xa01q+\x13\\\xbb\x96U\xbe\x1f(\xf5\x0c\xc9wR\xbf\xb9\xeeG\xe1\xb9\x17EH\xb3\xdar\xa4\x95Jm\x19,[s/\xc3\x15\xc3\x9f\xc6\t(X\xfd\xfd\x9e\xe1\x84\xf9' Source Port: 31002 Target Port: 51868 Timestamp: 1753302659.9096117
<- (68) byte, b'W\xf8.\x88jU\x1f\xab^\xdbq\x8d\xc2\xa2\xc93~+\x0bp\xb5c\x0f\xd8\x0fG\xb4\x8e\xd0O\x84\xc6.\xae\x06\x88\xf0Y\x9b\x85\xbcd\x8a\x18Fi\xdc\x96\xfeC\nI\x97A{\xba\xe4=}\xb1\x17\xa2\xa0\x80\\\xbb\x82\x14' Source Port: 31002 Target Port: 51868 Timestamp: 1753302659.912769
-> (36) byte, b'\xc5F\x1e\x0c\xd8\x7f\x0c\xc8\x1f\x18\xa0\xcc2\x07%VJ\xfb\xf3\xe7\xb4%\xe6o.\x90\xbd@7i\xdb\xf9\xc3q\xcbh' Source Port: 31002 Target Port: 51868 Timestamp: 1753302660.9213605
-> (0) byte, b'' Source Port: 31002 Target Port: 51868 Timestamp: 1753302660.9217951
Connection closed from (apparently) out

serverProxyMITM:
Starting MITM: 31003 -> 31004
Received connection: <socket.socket fd=4, family=AddressFamily.AF_INET, type=SocketKind.SOCK_STREAM, proto=0, laddr=('127.0.0.1', 31003), raddr=('127.0.0.1', 33490)>
Connected to: 127.0.0.1, 31004 using ephemeral port 45580
<- (2) byte, b'XX' Source Port: 31003 Target Port: 45580 Timestamp: 1753302659.9119763
-> (2) byte, b'BB' Source Port: 31003 Target Port: 45580 Timestamp: 1753302660.9224248
-> (0) byte, b'' Source Port: 31003 Target Port: 45580 Timestamp: 1753302660.9227908
Connection closed from (apparently) out

Client:
Mode 3 - start experiment
Received 2 byte: b'XX'
Sent 2 byte of B
Connection closed

Server:
sent 2 byte of X
recv 2 bytes: b'BB'
Completed iteration 19 for mode 3 with msg size 2 at 20250723-203055
----------------------------------------
Starting iteration 20 for mode 3 with msg size 2 at 20250723-203103
Results extracted:
Name: Start test ./logs/mode3_size2.log --mode 3 --send-size 2 
	Frames: 182
	Client got: 14 over 3 messages,  sent 15
	Server got: 2, over 0 messages, sent 2
	Terminated by FIN: CLIENT -> CLIENTPROXYMITM


clientProxyMITM:
Starting MITM: 31000 -> 31001
Received connection: <socket.socket fd=4, family=AddressFamily.AF_INET, type=SocketKind.SOCK_STREAM, proto=0, laddr=('127.0.0.1', 31000), raddr=('127.0.0.1', 36462)>
Connected to: 127.0.0.1, 31001 using ephemeral port 49730
-> (3) byte, b'\x05\x01\x00' Source Port: 31000 Target Port: 49730 Timestamp: 1753302667.1743762
<- (2) byte, b'\x05\x00' Source Port: 31000 Target Port: 49730 Timestamp: 1753302667.174605
-> (4) byte, b'\x05\x01\x00\x01' Source Port: 31000 Target Port: 49730 Timestamp: 1753302667.1749778
-> (6) byte, b'\x7f\x00\x00\x01y\x1b' Source Port: 31000 Target Port: 49730 Timestamp: 1753302667.224884
<- (10) byte, b'\x05\x00\x00\x01\x00\x00\x00\x00\x00\x00' Source Port: 31000 Target Port: 49730 Timestamp: 1753302667.2252743
<- (2) byte, b'XX' Source Port: 31000 Target Port: 49730 Timestamp: 1753302667.2825122
-> (2) byte, b'BB' Source Port: 31000 Target Port: 49730 Timestamp: 1753302668.2866373
-> (0) byte, b'' Source Port: 31000 Target Port: 49730 Timestamp: 1753302668.2888067
Connection closed from (apparently) out

mainMITM:
Starting MITM: 31002 -> 10086
Received connection: <socket.socket fd=4, family=AddressFamily.AF_INET, type=SocketKind.SOCK_STREAM, proto=0, laddr=('127.0.0.1', 31002), raddr=('127.0.0.1', 52090)>
Connected to: 127.0.0.1, 10086 using ephemeral port 51880
-> (73) byte, b'\x1c\xf2\xddL\xf6\x1b\xf4\x07\x9a\xb27\xb8\xcfB\xb3C\xd8\xb1n\xd7\xcb\x86\xf20]\xf8H5]\xf5\xdc\xe6\xbb\xeeLA\xbfKgm\xbb\x19\xee\xda;\xe7iRupO\x88r\x80\xf7m\xa1\xb8\x07W\x82-\xec\xce\x1c\x86\r=\xceQ\xf7B:' Source Port: 31002 Target Port: 51880 Timestamp: 1753302667.2787054
<- (68) byte, b'y\xf8\xaap\xca\xee\xd5\x0c5\xf0&\x8c\xefV\xcb\xeb\x0f\xd3WB\xf3\x18\xec8\x00\xfd\x93*\xd6\xae~\xec<Y\xf9\xc1\\R\xb9\xcc\x00m%={-\xd4D{.\x04\x7f\xbc\x9e\xb2\x94"|\xec\x83G\x1aJ\xf10\xb9\xa8M' Source Port: 31002 Target Port: 51880 Timestamp: 1753302667.2819574
-> (36) byte, b'mh2\x80\xf6\x1eg\xf6\xca\xb8o\xc6\xc6\x1b4j\t\x0e)\xc3\x7f\xfd_K\xa6_l/\xbe\x0bs]\xef\xc6?\xd9' Source Port: 31002 Target Port: 51880 Timestamp: 1753302668.28746
-> (0) byte, b'' Source Port: 31002 Target Port: 51880 Timestamp: 1753302668.2897274
Connection closed from (apparently) out

serverProxyMITM:
Starting MITM: 31003 -> 31004
Received connection: <socket.socket fd=4, family=AddressFamily.AF_INET, type=SocketKind.SOCK_STREAM, proto=0, laddr=('127.0.0.1', 31003), raddr=('127.0.0.1', 33504)>
Connected to: 127.0.0.1, 31004 using ephemeral port 45596
<- (2) byte, b'XX' Source Port: 31003 Target Port: 45596 Timestamp: 1753302667.2813516
-> (2) byte, b'BB' Source Port: 31003 Target Port: 45596 Timestamp: 1753302668.2887683
-> (0) byte, b'' Source Port: 31003 Target Port: 45596 Timestamp: 1753302668.2916634
Connection closed from (apparently) out

Client:
Mode 3 - start experiment
Received 2 byte: b'XX'
Sent 2 byte of B
Connection closed

Server:
sent 2 byte of X
recv 2 bytes: b'BB'
Completed iteration 20 for mode 3 with msg size 2 at 20250723-203103
----------------------------------------
