Starting iteration 1 for mode 3 with msg size 1 at 20250723-202617
Results extracted:
Name: Start test ./logs/mode3_size1.log --mode 3 --send-size 1 
	Frames: 192
	Client got: 13 over 3 messages,  sent 14
	Server got: 1, over 0 messages, sent 1
	Terminated by FIN: CLIENT -> CLIENTPROXYMITM


clientProxyMITM:
Starting MITM: 31000 -> 31001
Received connection: <socket.socket fd=4, family=AddressFamily.AF_INET, type=SocketKind.SOCK_STREAM, proto=0, laddr=('127.0.0.1', 31000), raddr=('127.0.0.1', 36064)>
Connected to: 127.0.0.1, 31001 using ephemeral port 46532
-> (3) byte, b'\x05\x01\x00' Source Port: 31000 Target Port: 46532 Timestamp: 1753302381.8125973
<- (2) byte, b'\x05\x00' Source Port: 31000 Target Port: 46532 Timestamp: 1753302381.8128588
-> (4) byte, b'\x05\x01\x00\x01' Source Port: 31000 Target Port: 46532 Timestamp: 1753302381.8131456
-> (6) byte, b'\x7f\x00\x00\x01y\x1b' Source Port: 31000 Target Port: 46532 Timestamp: 1753302381.853173
<- (10) byte, b'\x05\x00\x00\x01\x00\x00\x00\x00\x00\x00' Source Port: 31000 Target Port: 46532 Timestamp: 1753302381.854229
<- (1) byte, b'X' Source Port: 31000 Target Port: 46532 Timestamp: 1753302381.9113727
-> (1) byte, b'B' Source Port: 31000 Target Port: 46532 Timestamp: 1753302382.9152956
-> (0) byte, b'' Source Port: 31000 Target Port: 46532 Timestamp: 1753302382.9159513
Connection closed from (apparently) out

mainMITM:
Starting MITM: 31002 -> 10086
Received connection: <socket.socket fd=4, family=AddressFamily.AF_INET, type=SocketKind.SOCK_STREAM, proto=0, laddr=('127.0.0.1', 31002), raddr=('127.0.0.1', 58452)>
Connected to: 127.0.0.1, 10086 using ephemeral port 43898
-> (73) byte, b'\xebd\xed.f\xef\xa0vd\x98Z\x01\xf1\xf8\xeb\x0f\x19\xd4\xd5!\x191\tf\xdf\x92N\x02\xa8\xdc\\P\xaa\xe5YC\xc2\x99\x19%\xbcE\xf2\xb6\xc4\x86#^\x1f;\xe3|\x8a\xe0\xca\xf7\xfb\x11Q\x87m\x9b\xb4\x1bq\x1e\xb4\xc0\x12\xb9b)\x0f' Source Port: 31002 Target Port: 43898 Timestamp: 1753302381.9087548
<- (67) byte, b'\x86\xb7\x0c\x1f\x80\xb6u8\x00m\x95\xad\xc2\x98\x08{\xb0)\x8a\x8a(&*\xd4\xe59z:\x15\x08u\xd5\xeb\xe9)\xe1\xb6\x0e\xc0\xe4@\x8c9W\x9d\xee\xdb\xf3|{(4\xa3\xee\xa5\x18\xa9r\xbd\x15t\x7f=7\xe2\x16l' Source Port: 31002 Target Port: 43898 Timestamp: 1753302381.9108508
-> (35) byte, b'W\x80c\x03@#\xfc:\xe5b\x8d*\x91Q#\x16\x83\xd8\xdc\xaaA\x91k\x10\xec\xda\xec\xb5\xbdf\xfe\xd6\r\xd3\xc6' Source Port: 31002 Target Port: 43898 Timestamp: 1753302382.9172423
-> (0) byte, b'' Source Port: 31002 Target Port: 43898 Timestamp: 1753302382.9176328
Connection closed from (apparently) out

serverProxyMITM:
Starting MITM: 31003 -> 31004
Received connection: <socket.socket fd=4, family=AddressFamily.AF_INET, type=SocketKind.SOCK_STREAM, proto=0, laddr=('127.0.0.1', 31003), raddr=('127.0.0.1', 58528)>
Connected to: 127.0.0.1, 31004 using ephemeral port 54568
<- (1) byte, b'X' Source Port: 31003 Target Port: 54568 Timestamp: 1753302381.910429
-> (1) byte, b'B' Source Port: 31003 Target Port: 54568 Timestamp: 1753302382.91803
-> (0) byte, b'' Source Port: 31003 Target Port: 54568 Timestamp: 1753302382.9186604
Connection closed from (apparently) out

Client:
Mode 3 - start experiment
Received 1 byte: b'X'
Sent 1 byte of B
Connection closed

Server:
sent 1 byte of X
recv 1 bytes: b'B'
Completed iteration 1 for mode 3 with msg size 1 at 20250723-202617
----------------------------------------
Starting iteration 2 for mode 3 with msg size 1 at 20250723-202625
Results extracted:
Name: Start test ./logs/mode3_size1.log --mode 3 --send-size 1 
	Frames: 182
	Client got: 13 over 3 messages,  sent 14
	Server got: 1, over 0 messages, sent 1
	Terminated by FIN: CLIENT -> CLIENTPROXYMITM


clientProxyMITM:
Starting MITM: 31000 -> 31001
Received connection: <socket.socket fd=4, family=AddressFamily.AF_INET, type=SocketKind.SOCK_STREAM, proto=0, laddr=('127.0.0.1', 31000), raddr=('127.0.0.1', 44024)>
Connected to: 127.0.0.1, 31001 using ephemeral port 43916
-> (3) byte, b'\x05\x01\x00' Source Port: 31000 Target Port: 43916 Timestamp: 1753302389.1206677
<- (2) byte, b'\x05\x00' Source Port: 31000 Target Port: 43916 Timestamp: 1753302389.1208916
-> (4) byte, b'\x05\x01\x00\x01' Source Port: 31000 Target Port: 43916 Timestamp: 1753302389.121185
-> (6) byte, b'\x7f\x00\x00\x01y\x1b' Source Port: 31000 Target Port: 43916 Timestamp: 1753302389.1718845
<- (10) byte, b'\x05\x00\x00\x01\x00\x00\x00\x00\x00\x00' Source Port: 31000 Target Port: 43916 Timestamp: 1753302389.1722987
<- (1) byte, b'X' Source Port: 31000 Target Port: 43916 Timestamp: 1753302389.2289917
-> (1) byte, b'B' Source Port: 31000 Target Port: 43916 Timestamp: 1753302390.236733
-> (0) byte, b'' Source Port: 31000 Target Port: 43916 Timestamp: 1753302390.2373757
Connection closed from (apparently) out

mainMITM:
Starting MITM: 31002 -> 10086
Received connection: <socket.socket fd=4, family=AddressFamily.AF_INET, type=SocketKind.SOCK_STREAM, proto=0, laddr=('127.0.0.1', 31002), raddr=('127.0.0.1', 46854)>
Connected to: 127.0.0.1, 10086 using ephemeral port 58060
-> (73) byte, b'\x89\xd7\x85\xdf\xe2\xac!\xf5\xc89\xab\xd1\x89\xbd\x1a\xb1+~D\x8bwoh\x05<\x0f\xf7"-\x01\x1d\xf6\xa0\xd7\x158\x13hQ\xdf\x96\x9e\xe3\xdb\xc9{\xc7\xf6\xbc\r\xf9^\xb6\x85\xc1\xc0v9\x1bC\x17\xfff\xb0\x99D\xdb\x04;3;i\x02' Source Port: 31002 Target Port: 58060 Timestamp: 1753302389.2253458
<- (67) byte, b'kI\x97\x96JB\xf5\x0b\x04\xa4Y\x17Z-&k*\x17X\xdd!\xf4\xa5\xc9>C:\x06\xc3q\xd4@\x8f\xbd\xb7\xbd\xf6\x90\xa9\x81\xb3\x08\xff\xc6\xab/\xa6\xb5\xae\xb7\xb1@\xf3\xbf\xdf\xf7L\xc3\xcf&U\x11\x95}2\xc4\xe2' Source Port: 31002 Target Port: 58060 Timestamp: 1753302389.228287
-> (35) byte, b'oj\x86\xbe\xaf?\x8a&\xe6\xf5\xdc\x91<\x9a\x9b"\xa09\x88\xd5\x15r0`\x88?\xd8\xc6\xf6=P\xd8\x99\xed(' Source Port: 31002 Target Port: 58060 Timestamp: 1753302390.2385213
-> (0) byte, b'' Source Port: 31002 Target Port: 58060 Timestamp: 1753302390.2389452
Connection closed from (apparently) out

serverProxyMITM:
Starting MITM: 31003 -> 31004
Received connection: <socket.socket fd=4, family=AddressFamily.AF_INET, type=SocketKind.SOCK_STREAM, proto=0, laddr=('127.0.0.1', 31003), raddr=('127.0.0.1', 38618)>
Connected to: 127.0.0.1, 31004 using ephemeral port 57676
<- (1) byte, b'X' Source Port: 31003 Target Port: 57676 Timestamp: 1753302389.2276793
-> (1) byte, b'B' Source Port: 31003 Target Port: 57676 Timestamp: 1753302390.2393463
-> (0) byte, b'' Source Port: 31003 Target Port: 57676 Timestamp: 1753302390.2418463
Connection closed from (apparently) out

Client:
Mode 3 - start experiment
Received 1 byte: b'X'
Sent 1 byte of B
Connection closed

Server:
sent 1 byte of X
recv 1 bytes: b'B'
Completed iteration 2 for mode 3 with msg size 1 at 20250723-202625
----------------------------------------
Starting iteration 3 for mode 3 with msg size 1 at 20250723-202632
Results extracted:
Name: Start test ./logs/mode3_size1.log --mode 3 --send-size 1 
	Frames: 187
	Client got: 13 over 3 messages,  sent 14
	Server got: 1, over 0 messages, sent 1
	Terminated by FIN: CLIENT -> CLIENTPROXYMITM


clientProxyMITM:
Starting MITM: 31000 -> 31001
Received connection: <socket.socket fd=4, family=AddressFamily.AF_INET, type=SocketKind.SOCK_STREAM, proto=0, laddr=('127.0.0.1', 31000), raddr=('127.0.0.1', 44026)>
Connected to: 127.0.0.1, 31001 using ephemeral port 43924
-> (3) byte, b'\x05\x01\x00' Source Port: 31000 Target Port: 43924 Timestamp: 1753302396.4608867
<- (2) byte, b'\x05\x00' Source Port: 31000 Target Port: 43924 Timestamp: 1753302396.4612055
-> (4) byte, b'\x05\x01\x00\x01' Source Port: 31000 Target Port: 43924 Timestamp: 1753302396.4615023
-> (6) byte, b'\x7f\x00\x00\x01y\x1b' Source Port: 31000 Target Port: 43924 Timestamp: 1753302396.5066085
<- (10) byte, b'\x05\x00\x00\x01\x00\x00\x00\x00\x00\x00' Source Port: 31000 Target Port: 43924 Timestamp: 1753302396.5068452
<- (1) byte, b'X' Source Port: 31000 Target Port: 43924 Timestamp: 1753302396.5673625
-> (1) byte, b'B' Source Port: 31000 Target Port: 43924 Timestamp: 1753302397.5706441
-> (0) byte, b'' Source Port: 31000 Target Port: 43924 Timestamp: 1753302397.5715106
Connection closed from (apparently) out

mainMITM:
Starting MITM: 31002 -> 10086
Received connection: <socket.socket fd=4, family=AddressFamily.AF_INET, type=SocketKind.SOCK_STREAM, proto=0, laddr=('127.0.0.1', 31002), raddr=('127.0.0.1', 46860)>
Connected to: 127.0.0.1, 10086 using ephemeral port 58070
-> (73) byte, b'\xe0\xa9@\xef\xe8\xcf!q-\xfa\xc5\x16\xc0\x8f\xb5\r\x8a\xb3H\xb5\x87;!\n\x8cEo\xfc`\\\x8d\xbc\xebh\xe6\xc2\t\xed\xff\xdd\x00U\x0fI\x7f\xc5/\x0bN\xfb\xac\x13\xf3\x9b\xcc\xc8f\x12o\xa0(\x18\x9b\xe0\x92\xceB\xb5\xf1T\x861z' Source Port: 31002 Target Port: 58070 Timestamp: 1753302396.5628047
<- (67) byte, b'x\xf4\xcf\xbc*\xfd\xaa\xbb"X_MNN\x0c\x95\xd9\xa6~\xb9H{\xbcC\x93\xbf9\xbd"\xb8vj\xfb\xb4\x03\xfa\x94\xb6\x8c\x98s\x01K_\xdcF@!\x01\x0f\xf8O\xdd"\xfb\x89?\x1f\xbf|\xa0\xa8\xce\xd9i\xaa\x99' Source Port: 31002 Target Port: 58070 Timestamp: 1753302396.5670059
-> (35) byte, b'\xb2Y\xef#R\xe0\xcd<\x88{ir\xd3\xce \xb4K\xee\xca\x872\x98\xce\xf5F\\\x1c7\xdbX\x1c1@`7' Source Port: 31002 Target Port: 58070 Timestamp: 1753302397.5722644
-> (0) byte, b'' Source Port: 31002 Target Port: 58070 Timestamp: 1753302397.572764
Connection closed from (apparently) out

serverProxyMITM:
Starting MITM: 31003 -> 31004
Received connection: <socket.socket fd=4, family=AddressFamily.AF_INET, type=SocketKind.SOCK_STREAM, proto=0, laddr=('127.0.0.1', 31003), raddr=('127.0.0.1', 38628)>
Connected to: 127.0.0.1, 31004 using ephemeral port 57686
<- (1) byte, b'X' Source Port: 31003 Target Port: 57686 Timestamp: 1753302396.5664885
-> (1) byte, b'B' Source Port: 31003 Target Port: 57686 Timestamp: 1753302397.572927
-> (0) byte, b'' Source Port: 31003 Target Port: 57686 Timestamp: 1753302397.574391
Connection closed from (apparently) out

Client:
Mode 3 - start experiment
Received 1 byte: b'X'
Sent 1 byte of B
Connection closed

Server:
sent 1 byte of X
recv 1 bytes: b'B'
Completed iteration 3 for mode 3 with msg size 1 at 20250723-202632
----------------------------------------
Starting iteration 4 for mode 3 with msg size 1 at 20250723-202639
Results extracted:
Name: Start test ./logs/mode3_size1.log --mode 3 --send-size 1 
	Frames: 191
	Client got: 13 over 3 messages,  sent 14
	Server got: 1, over 0 messages, sent 1
	Terminated by FIN: CLIENT -> CLIENTPROXYMITM


clientProxyMITM:
Starting MITM: 31000 -> 31001
Received connection: <socket.socket fd=4, family=AddressFamily.AF_INET, type=SocketKind.SOCK_STREAM, proto=0, laddr=('127.0.0.1', 31000), raddr=('127.0.0.1', 54792)>
Connected to: 127.0.0.1, 31001 using ephemeral port 60514
-> (3) byte, b'\x05\x01\x00' Source Port: 31000 Target Port: 60514 Timestamp: 1753302403.7828412
<- (2) byte, b'\x05\x00' Source Port: 31000 Target Port: 60514 Timestamp: 1753302403.7832856
-> (4) byte, b'\x05\x01\x00\x01' Source Port: 31000 Target Port: 60514 Timestamp: 1753302403.7835371
-> (6) byte, b'\x7f\x00\x00\x01y\x1b' Source Port: 31000 Target Port: 60514 Timestamp: 1753302403.8327641
<- (10) byte, b'\x05\x00\x00\x01\x00\x00\x00\x00\x00\x00' Source Port: 31000 Target Port: 60514 Timestamp: 1753302403.8331656
<- (1) byte, b'X' Source Port: 31000 Target Port: 60514 Timestamp: 1753302403.8885593
-> (1) byte, b'B' Source Port: 31000 Target Port: 60514 Timestamp: 1753302404.8997362
-> (0) byte, b'' Source Port: 31000 Target Port: 60514 Timestamp: 1753302404.9001582
Connection closed from (apparently) out

mainMITM:
Starting MITM: 31002 -> 10086
Received connection: <socket.socket fd=4, family=AddressFamily.AF_INET, type=SocketKind.SOCK_STREAM, proto=0, laddr=('127.0.0.1', 31002), raddr=('127.0.0.1', 56976)>
Connected to: 127.0.0.1, 10086 using ephemeral port 40698
-> (73) byte, b'1\x8a\xf2\x8b\x12\xd6\xda\x16\x03K\xea\xe8`\x86_\xfd1\x85\xb3\x12F\x8a\xd6f\x12G\x83\xd8\x89\xb9\xf4\x9c\xdevQ\xd1\xc7z`!!rU\xda\x96\x03\xb1V\xc7\x13\xe8C\xb7w_\x08\xb8\xd6Q\xbc\xb9\r\n\x19:\x18L\xf1ScpM\x1d' Source Port: 31002 Target Port: 40698 Timestamp: 1753302403.8853648
<- (67) byte, b"\x16\xbcg\xd7\xb9\x0e\xd6\xd8\xf8d.\x1aX8\x04\xf3jI\xf4\xa4\x13:C\x12\xdc\x8c\xa8\xbb\xed\xeb\xc6\x050}\xf2\x88\x8e\xbc'pA\x97\x96p\xb8#\x05_^\xdd\xaa\xf4\x9d>\x0e\xc5l\x94\xfdI\x105\x86A\x8a\x13\x9f" Source Port: 31002 Target Port: 40698 Timestamp: 1753302403.8880126
-> (35) byte, b'\xc8\xee\xd4\xae\xe1\xe9{Sk\x84\xf9y\xedM\xa4=f\xeb\xfc\xdd8\xf8*[6\xca\xbd\xe4`\x92\x90\x97\xec\xe8j' Source Port: 31002 Target Port: 40698 Timestamp: 1753302404.9005678
-> (0) byte, b'' Source Port: 31002 Target Port: 40698 Timestamp: 1753302404.9007835
Connection closed from (apparently) out

serverProxyMITM:
Starting MITM: 31003 -> 31004
Received connection: <socket.socket fd=4, family=AddressFamily.AF_INET, type=SocketKind.SOCK_STREAM, proto=0, laddr=('127.0.0.1', 31003), raddr=('127.0.0.1', 38846)>
Connected to: 127.0.0.1, 31004 using ephemeral port 54008
<- (1) byte, b'X' Source Port: 31003 Target Port: 54008 Timestamp: 1753302403.8875427
-> (1) byte, b'B' Source Port: 31003 Target Port: 54008 Timestamp: 1753302404.901367
-> (0) byte, b'' Source Port: 31003 Target Port: 54008 Timestamp: 1753302404.9015996
Connection closed from (apparently) out

Client:
Mode 3 - start experiment
Received 1 byte: b'X'
Sent 1 byte of B
Connection closed

Server:
sent 1 byte of X
recv 1 bytes: b'B'
Completed iteration 4 for mode 3 with msg size 1 at 20250723-202639
----------------------------------------
Starting iteration 5 for mode 3 with msg size 1 at 20250723-202647
Results extracted:
Name: Start test ./logs/mode3_size1.log --mode 3 --send-size 1 
	Frames: 181
	Client got: 13 over 3 messages,  sent 14
	Server got: 1, over 0 messages, sent 1
	Terminated by FIN: CLIENT -> CLIENTPROXYMITM


clientProxyMITM:
Starting MITM: 31000 -> 31001
Received connection: <socket.socket fd=4, family=AddressFamily.AF_INET, type=SocketKind.SOCK_STREAM, proto=0, laddr=('127.0.0.1', 31000), raddr=('127.0.0.1', 42530)>
Connected to: 127.0.0.1, 31001 using ephemeral port 38652
-> (3) byte, b'\x05\x01\x00' Source Port: 31000 Target Port: 38652 Timestamp: 1753302411.1093707
<- (2) byte, b'\x05\x00' Source Port: 31000 Target Port: 38652 Timestamp: 1753302411.109618
-> (4) byte, b'\x05\x01\x00\x01' Source Port: 31000 Target Port: 38652 Timestamp: 1753302411.1098418
-> (6) byte, b'\x7f\x00\x00\x01y\x1b' Source Port: 31000 Target Port: 38652 Timestamp: 1753302411.1546745
<- (10) byte, b'\x05\x00\x00\x01\x00\x00\x00\x00\x00\x00' Source Port: 31000 Target Port: 38652 Timestamp: 1753302411.1549382
<- (1) byte, b'X' Source Port: 31000 Target Port: 38652 Timestamp: 1753302411.2127113
-> (1) byte, b'B' Source Port: 31000 Target Port: 38652 Timestamp: 1753302412.214886
-> (0) byte, b'' Source Port: 31000 Target Port: 38652 Timestamp: 1753302412.2152915
Connection closed from (apparently) out

mainMITM:
Starting MITM: 31002 -> 10086
Received connection: <socket.socket fd=4, family=AddressFamily.AF_INET, type=SocketKind.SOCK_STREAM, proto=0, laddr=('127.0.0.1', 31002), raddr=('127.0.0.1', 56786)>
Connected to: 127.0.0.1, 10086 using ephemeral port 42344
-> (73) byte, b'u;m\xcf[b\xc4\x15\xf8\xc1\xe1\x15\xedW\x02\xa95\\\xf6\x02\xb8ek\x14\x8a\xcd\xdc\xa75\xd6M`\x90\xe3I\xc42M\xb8\x18`8\\\x89\xe51\x0f\xe76r\xad\xe0\x03\xf0\t\xb8\xcc1\xd3=\xb7\xb1\xe1c\xff\x89?\xf75\xd6\xb62\x08' Source Port: 31002 Target Port: 42344 Timestamp: 1753302411.2099454
<- (67) byte, b"\xdd\xdd\x19\xf0\x9b\x16\xcd\x87C`\xfc\xe1\xca\xb3\x7f\x9c;\x04\xdc_\n:r4\xf8\xffsX\x1ct\xf2\xd7'DL.\xcc\xb0\x08\xbd\x04\x08\xa9p\x1e\xe4\r\x13\x0f\xf5\xdf\xd3\xd5(G\xc8\xc4\t5\xd9\xf1\xb7N\xe8xzO" Source Port: 31002 Target Port: 42344 Timestamp: 1753302411.2123675
-> (35) byte, b'V\x85\x83P\x11\xe2\xc0\xab;\x19{G\xb7\xa7\x7f\xb1\x848O\xc5\xe9\xe9\xf2\xe6\x1f\xf45\x9dgy\xf9\x9cT\\\xd6' Source Port: 31002 Target Port: 42344 Timestamp: 1753302412.2154584
-> (0) byte, b'' Source Port: 31002 Target Port: 42344 Timestamp: 1753302412.217752
Connection closed from (apparently) out

serverProxyMITM:
Starting MITM: 31003 -> 31004
Received connection: <socket.socket fd=4, family=AddressFamily.AF_INET, type=SocketKind.SOCK_STREAM, proto=0, laddr=('127.0.0.1', 31003), raddr=('127.0.0.1', 33354)>
Connected to: 127.0.0.1, 31004 using ephemeral port 47798
<- (1) byte, b'X' Source Port: 31003 Target Port: 47798 Timestamp: 1753302411.211805
-> (1) byte, b'B' Source Port: 31003 Target Port: 47798 Timestamp: 1753302412.217921
-> (0) byte, b'' Source Port: 31003 Target Port: 47798 Timestamp: 1753302412.218244
Connection closed from (apparently) out

Client:
Mode 3 - start experiment
Received 1 byte: b'X'
Sent 1 byte of B
Connection closed

Server:
sent 1 byte of X
recv 1 bytes: b'B'
Completed iteration 5 for mode 3 with msg size 1 at 20250723-202647
----------------------------------------
Starting iteration 6 for mode 3 with msg size 1 at 20250723-202654
Results extracted:
Name: Start test ./logs/mode3_size1.log --mode 3 --send-size 1 
	Frames: 188
	Client got: 13 over 3 messages,  sent 14
	Server got: 1, over 0 messages, sent 1
	Terminated by FIN: CLIENT -> CLIENTPROXYMITM


clientProxyMITM:
Starting MITM: 31000 -> 31001
Received connection: <socket.socket fd=4, family=AddressFamily.AF_INET, type=SocketKind.SOCK_STREAM, proto=0, laddr=('127.0.0.1', 31000), raddr=('127.0.0.1', 36600)>
Connected to: 127.0.0.1, 31001 using ephemeral port 60380
-> (3) byte, b'\x05\x01\x00' Source Port: 31000 Target Port: 60380 Timestamp: 1753302418.4188094
<- (2) byte, b'\x05\x00' Source Port: 31000 Target Port: 60380 Timestamp: 1753302418.419247
-> (4) byte, b'\x05\x01\x00\x01' Source Port: 31000 Target Port: 60380 Timestamp: 1753302418.4195118
-> (6) byte, b'\x7f\x00\x00\x01y\x1b' Source Port: 31000 Target Port: 60380 Timestamp: 1753302418.4687822
<- (10) byte, b'\x05\x00\x00\x01\x00\x00\x00\x00\x00\x00' Source Port: 31000 Target Port: 60380 Timestamp: 1753302418.4689786
<- (1) byte, b'X' Source Port: 31000 Target Port: 60380 Timestamp: 1753302418.522979
-> (1) byte, b'B' Source Port: 31000 Target Port: 60380 Timestamp: 1753302419.534417
-> (0) byte, b'' Source Port: 31000 Target Port: 60380 Timestamp: 1753302419.534785
Connection closed from (apparently) out

mainMITM:
Starting MITM: 31002 -> 10086
Received connection: <socket.socket fd=4, family=AddressFamily.AF_INET, type=SocketKind.SOCK_STREAM, proto=0, laddr=('127.0.0.1', 31002), raddr=('127.0.0.1', 51594)>
Connected to: 127.0.0.1, 10086 using ephemeral port 49142
-> (73) byte, b'\xf3d}\xdd\x19\xf1\x1b\x98\xbcq%\xee\xf4\xc1\x81\xec\xc7+$\x16c\xc6t#\xb09\x98\xe3\x11)\xa9zs\xa6\xb4jN\xf2\xb8\xa7T\xc6\x8e\x84\xf3=\x193\x08\xd9\xed&#4\x90\xfd\x18\xfa\xcfU\xce\xb2\x14\xbe\x16\xd1\xe8~\xad\xbb;VZ' Source Port: 31002 Target Port: 49142 Timestamp: 1753302418.5202775
<- (67) byte, b'\x0b\xa7\x1a\x8c,f\xdd\xcb\xbf\xab\xacjV\x9f\x89=\xee\xe9D\x9c\xdaK\xfd\xed\xb1\xc5\x13\xcd\xb5,\x14\x90\xf8\xabV\xda\x06\xd1\x96\x7f\xcc\xf2\xb9cC:\xe4\x99\x90\xc8\x8d|\x89@Ll\xe4\xacb\x88\x89C_\x0fr\xd4\xfd' Source Port: 31002 Target Port: 49142 Timestamp: 1753302418.5226545
-> (35) byte, b'^\xfe?\x0e\xf1<\x93\xbf\xe7@"SG\xb1G\xc9*\x8c\x95\x93\xf8i(x\xf7)\x8c\xd5\xae\xf9\x059\xfd\xf5\x8a' Source Port: 31002 Target Port: 49142 Timestamp: 1753302419.535026
-> (0) byte, b'' Source Port: 31002 Target Port: 49142 Timestamp: 1753302419.5355954
Connection closed from (apparently) out

serverProxyMITM:
Starting MITM: 31003 -> 31004
Received connection: <socket.socket fd=4, family=AddressFamily.AF_INET, type=SocketKind.SOCK_STREAM, proto=0, laddr=('127.0.0.1', 31003), raddr=('127.0.0.1', 39108)>
Connected to: 127.0.0.1, 31004 using ephemeral port 46648
<- (1) byte, b'X' Source Port: 31003 Target Port: 46648 Timestamp: 1753302418.5221553
-> (1) byte, b'B' Source Port: 31003 Target Port: 46648 Timestamp: 1753302419.5359461
-> (0) byte, b'' Source Port: 31003 Target Port: 46648 Timestamp: 1753302419.536968
Connection closed from (apparently) out

Client:
Mode 3 - start experiment
Received 1 byte: b'X'
Sent 1 byte of B
Connection closed

Server:
sent 1 byte of X
recv 1 bytes: b'B'
Completed iteration 6 for mode 3 with msg size 1 at 20250723-202654
----------------------------------------
Starting iteration 7 for mode 3 with msg size 1 at 20250723-202701
Results extracted:
Name: Start test ./logs/mode3_size1.log --mode 3 --send-size 1 
	Frames: 203
	Client got: 13 over 3 messages,  sent 14
	Server got: 1, over 0 messages, sent 1
	Terminated by FIN: CLIENT -> CLIENTPROXYMITM


clientProxyMITM:
Starting MITM: 31000 -> 31001
Received connection: <socket.socket fd=4, family=AddressFamily.AF_INET, type=SocketKind.SOCK_STREAM, proto=0, laddr=('127.0.0.1', 31000), raddr=('127.0.0.1', 36608)>
Connected to: 127.0.0.1, 31001 using ephemeral port 60394
-> (3) byte, b'\x05\x01\x00' Source Port: 31000 Target Port: 60394 Timestamp: 1753302425.7493129
<- (2) byte, b'\x05\x00' Source Port: 31000 Target Port: 60394 Timestamp: 1753302425.7499425
-> (4) byte, b'\x05\x01\x00\x01' Source Port: 31000 Target Port: 60394 Timestamp: 1753302425.7503433
-> (6) byte, b'\x7f\x00\x00\x01y\x1b' Source Port: 31000 Target Port: 60394 Timestamp: 1753302425.8008623
<- (10) byte, b'\x05\x00\x00\x01\x00\x00\x00\x00\x00\x00' Source Port: 31000 Target Port: 60394 Timestamp: 1753302425.8013139
<- (1) byte, b'X' Source Port: 31000 Target Port: 60394 Timestamp: 1753302425.8580148
-> (1) byte, b'B' Source Port: 31000 Target Port: 60394 Timestamp: 1753302426.8613374
-> (0) byte, b'' Source Port: 31000 Target Port: 60394 Timestamp: 1753302426.862867
Connection closed from (apparently) out

mainMITM:
Starting MITM: 31002 -> 10086
Received connection: <socket.socket fd=4, family=AddressFamily.AF_INET, type=SocketKind.SOCK_STREAM, proto=0, laddr=('127.0.0.1', 31002), raddr=('127.0.0.1', 51598)>
Connected to: 127.0.0.1, 10086 using ephemeral port 49152
-> (73) byte, b'\x99\xd9\x0c\x96\x0b\x08|\xfd\xdd\x8d\xc8\xa1!GT\xd7\x0e\x89 pB8|5{\ti-D\xfe\xe9\x9e\x9f\xa5\x1dJ\xe8\xfeP\xf2Y:}%\xf9\xea\x8e\xf5\x80\xa0\x8f\xfe\xc5\x04\xf0I\xd1;3#\x8f\x0bn\xe2\xaa\x12,\x03,\xf1c\x1f\xe4' Source Port: 31002 Target Port: 49152 Timestamp: 1753302425.8544304
<- (67) byte, b'\xccb\x0eN]\x1b\x89\xcc\x06\xfch\xf2\xaa\x15\xf941~\x90\xe36\xc8\xcdxu\x99\x977\x06;\xdd\x19\x02(\x05\xec%\xa4-4)\x1e\xb1\r\x85\x03\xeb\xf5G\xe3\xcc\x00\x17\x16sWAG\\\xe7v<2\t\xb4\xb8 ' Source Port: 31002 Target Port: 49152 Timestamp: 1753302425.8575706
-> (35) byte, b'D\x0f\xd9\xb1%\x01o\x01\xd6^\xb3\xef}P8K\x99\x1d\x96.\x9d\x9dP\x8af\xcb3\x86fM\xef\xc4\x8ad\x8f' Source Port: 31002 Target Port: 49152 Timestamp: 1753302426.8631375
-> (0) byte, b'' Source Port: 31002 Target Port: 49152 Timestamp: 1753302426.8669202
Connection closed from (apparently) out

serverProxyMITM:
Starting MITM: 31003 -> 31004
Received connection: <socket.socket fd=4, family=AddressFamily.AF_INET, type=SocketKind.SOCK_STREAM, proto=0, laddr=('127.0.0.1', 31003), raddr=('127.0.0.1', 39110)>
Connected to: 127.0.0.1, 31004 using ephemeral port 46652
<- (1) byte, b'X' Source Port: 31003 Target Port: 46652 Timestamp: 1753302425.8571074
-> (1) byte, b'B' Source Port: 31003 Target Port: 46652 Timestamp: 1753302426.8664834
-> (0) byte, b'' Source Port: 31003 Target Port: 46652 Timestamp: 1753302426.8693354
Connection closed from (apparently) out

Client:
Mode 3 - start experiment
Received 1 byte: b'X'
Sent 1 byte of B
Connection closed

Server:
sent 1 byte of X
recv 1 bytes: b'B'
Completed iteration 7 for mode 3 with msg size 1 at 20250723-202701
----------------------------------------
Starting iteration 8 for mode 3 with msg size 1 at 20250723-202708
Results extracted:
Name: Start test ./logs/mode3_size1.log --mode 3 --send-size 1 
	Frames: 192
	Client got: 13 over 3 messages,  sent 14
	Server got: 1, over 0 messages, sent 1
	Terminated by FIN: CLIENT -> CLIENTPROXYMITM


clientProxyMITM:
Starting MITM: 31000 -> 31001
Received connection: <socket.socket fd=4, family=AddressFamily.AF_INET, type=SocketKind.SOCK_STREAM, proto=0, laddr=('127.0.0.1', 31000), raddr=('127.0.0.1', 41388)>
Connected to: 127.0.0.1, 31001 using ephemeral port 41520
-> (3) byte, b'\x05\x01\x00' Source Port: 31000 Target Port: 41520 Timestamp: 1753302433.062533
<- (2) byte, b'\x05\x00' Source Port: 31000 Target Port: 41520 Timestamp: 1753302433.0627646
-> (4) byte, b'\x05\x01\x00\x01' Source Port: 31000 Target Port: 41520 Timestamp: 1753302433.0631013
-> (6) byte, b'\x7f\x00\x00\x01y\x1b' Source Port: 31000 Target Port: 41520 Timestamp: 1753302433.105095
<- (10) byte, b'\x05\x00\x00\x01\x00\x00\x00\x00\x00\x00' Source Port: 31000 Target Port: 41520 Timestamp: 1753302433.105328
<- (1) byte, b'X' Source Port: 31000 Target Port: 41520 Timestamp: 1753302433.165519
-> (1) byte, b'B' Source Port: 31000 Target Port: 41520 Timestamp: 1753302434.1673841
-> (0) byte, b'' Source Port: 31000 Target Port: 41520 Timestamp: 1753302434.1677406
Connection closed from (apparently) out

mainMITM:
Starting MITM: 31002 -> 10086
Received connection: <socket.socket fd=4, family=AddressFamily.AF_INET, type=SocketKind.SOCK_STREAM, proto=0, laddr=('127.0.0.1', 31002), raddr=('127.0.0.1', 43490)>
Connected to: 127.0.0.1, 10086 using ephemeral port 53636
-> (73) byte, b"\x15?\xe7\x99\\-\xc8\x80\x1c\xcf'\xa1m\xe45\xe9\x88\xff\x9c\xf9\xe8&\x97\xf9\x9a\xf9\x19\xbfB\x8f\xf8MX\x1fn\x8a\xc3\xcbM\xd4\x93d\xab\x817=(\xfc\x0b\x00m\xf4\x87\x0e2!\t\xbfT(\xde\xd2W\xf0%\x88c\xb4\x04\xf4i\x12b" Source Port: 31002 Target Port: 53636 Timestamp: 1753302433.161592
<- (67) byte, b'\xa3l\x97\xec\xbf\xc4\x86\x1d\x80#\xc3er\xb2\x06d+uH1\xc2\x91\xe82\xd7\x81Z{\xa1\x10\xadD"\xee\xea5q\x8bf\xdd\\d4\xedg\xd3`h\x83\x8a\x17>\xf4\x17\xa4w\xae\xfeK\xc6\xa7gZ\x95\xd72\xe6' Source Port: 31002 Target Port: 53636 Timestamp: 1753302433.164869
-> (35) byte, b'jUE\\\xf5\xea\xd3\x84\xfbP\x9b\x1eP\xce\x15\xd1\x00l\x97\x1b\x8d\xc1\xc62\xef\x1d\xd1\x84\xe8\xc8\xde\x9d&\xcd\xee' Source Port: 31002 Target Port: 53636 Timestamp: 1753302434.1679542
-> (0) byte, b'' Source Port: 31002 Target Port: 53636 Timestamp: 1753302434.1686883
Connection closed from (apparently) out

serverProxyMITM:
Starting MITM: 31003 -> 31004
Received connection: <socket.socket fd=4, family=AddressFamily.AF_INET, type=SocketKind.SOCK_STREAM, proto=0, laddr=('127.0.0.1', 31003), raddr=('127.0.0.1', 37840)>
Connected to: 127.0.0.1, 31004 using ephemeral port 47372
<- (1) byte, b'X' Source Port: 31003 Target Port: 47372 Timestamp: 1753302433.1642652
-> (1) byte, b'B' Source Port: 31003 Target Port: 47372 Timestamp: 1753302434.168792
-> (0) byte, b'' Source Port: 31003 Target Port: 47372 Timestamp: 1753302434.169792
Connection closed from (apparently) out

Client:
Mode 3 - start experiment
Received 1 byte: b'X'
Sent 1 byte of B
Connection closed

Server:
sent 1 byte of X
recv 1 bytes: b'B'
Completed iteration 8 for mode 3 with msg size 1 at 20250723-202708
----------------------------------------
Starting iteration 9 for mode 3 with msg size 1 at 20250723-202716
Results extracted:
Name: Start test ./logs/mode3_size1.log --mode 3 --send-size 1 
	Frames: 191
	Client got: 13 over 3 messages,  sent 14
	Server got: 1, over 0 messages, sent 1
	Terminated by FIN: CLIENT -> CLIENTPROXYMITM


clientProxyMITM:
Starting MITM: 31000 -> 31001
Received connection: <socket.socket fd=4, family=AddressFamily.AF_INET, type=SocketKind.SOCK_STREAM, proto=0, laddr=('127.0.0.1', 31000), raddr=('127.0.0.1', 34634)>
Connected to: 127.0.0.1, 31001 using ephemeral port 36428
-> (3) byte, b'\x05\x01\x00' Source Port: 31000 Target Port: 36428 Timestamp: 1753302440.3589551
<- (2) byte, b'\x05\x00' Source Port: 31000 Target Port: 36428 Timestamp: 1753302440.3593347
-> (4) byte, b'\x05\x01\x00\x01' Source Port: 31000 Target Port: 36428 Timestamp: 1753302440.359585
-> (6) byte, b'\x7f\x00\x00\x01y\x1b' Source Port: 31000 Target Port: 36428 Timestamp: 1753302440.408374
<- (10) byte, b'\x05\x00\x00\x01\x00\x00\x00\x00\x00\x00' Source Port: 31000 Target Port: 36428 Timestamp: 1753302440.408587
<- (1) byte, b'X' Source Port: 31000 Target Port: 36428 Timestamp: 1753302440.466443
-> (1) byte, b'B' Source Port: 31000 Target Port: 36428 Timestamp: 1753302441.4702394
-> (0) byte, b'' Source Port: 31000 Target Port: 36428 Timestamp: 1753302441.4706655
Connection closed from (apparently) out

mainMITM:
Starting MITM: 31002 -> 10086
Received connection: <socket.socket fd=4, family=AddressFamily.AF_INET, type=SocketKind.SOCK_STREAM, proto=0, laddr=('127.0.0.1', 31002), raddr=('127.0.0.1', 49638)>
Connected to: 127.0.0.1, 10086 using ephemeral port 45936
-> (73) byte, b'\xca\xd1\x9c\xd20\xc0\x0e\xc1}\xf6\x98,\xd5\xb5ND\xf4\xcfS\xf4\x0b\xde\x14\xbb\xf2\xee\xb6R\xa3H8\xe0\x13\x93\xd9KI\x05\x06jq2\nN\xdf\xf2!\x9e\x99[Uf\xb0}w\xa6:A#P\x93k\xbf\x93\xf7\x05?\xdau\x13\x90\xb2M' Source Port: 31002 Target Port: 45936 Timestamp: 1753302440.4629138
<- (67) byte, b'\xff 7\x95\xebYn\xff\xf5\xfe\x1dU{\xee,\x81:~\x1a\xf9\x8b\x0cT\xde\xb3y\xbda\xfe\x86\xd7^@#\x99\x1au\xcd\x92\x8c\xd1\xa5`\xb3\xe1q\xca0Bm\xfa._yk\xf5\xea\xf7\x13V\xd8{\xca\xec)W\x87' Source Port: 31002 Target Port: 45936 Timestamp: 1753302440.465842
-> (35) byte, b'\xae\xf2\xf4%\xffO\xb1\x85\xe1*\xca\x04\x94H\xbfe\x18\xc4!t\xdc@\xca\xc2i\xeaYH\x88!Vh\x15\xb21' Source Port: 31002 Target Port: 45936 Timestamp: 1753302441.4718654
-> (0) byte, b'' Source Port: 31002 Target Port: 45936 Timestamp: 1753302441.4745884
Connection closed from (apparently) out

serverProxyMITM:
Starting MITM: 31003 -> 31004
Received connection: <socket.socket fd=4, family=AddressFamily.AF_INET, type=SocketKind.SOCK_STREAM, proto=0, laddr=('127.0.0.1', 31003), raddr=('127.0.0.1', 35328)>
Connected to: 127.0.0.1, 31004 using ephemeral port 52566
<- (1) byte, b'X' Source Port: 31003 Target Port: 52566 Timestamp: 1753302440.4653842
-> (1) byte, b'B' Source Port: 31003 Target Port: 52566 Timestamp: 1753302441.4747794
-> (0) byte, b'' Source Port: 31003 Target Port: 52566 Timestamp: 1753302441.4766111
Connection closed from (apparently) out

Client:
Mode 3 - start experiment
Received 1 byte: b'X'
Sent 1 byte of B
Connection closed

Server:
sent 1 byte of X
recv 1 bytes: b'B'
Completed iteration 9 for mode 3 with msg size 1 at 20250723-202716
----------------------------------------
Starting iteration 10 for mode 3 with msg size 1 at 20250723-202723
Results extracted:
Name: Start test ./logs/mode3_size1.log --mode 3 --send-size 1 
	Frames: 196
	Client got: 13 over 3 messages,  sent 14
	Server got: 1, over 0 messages, sent 1
	Terminated by FIN: CLIENT -> CLIENTPROXYMITM


clientProxyMITM:
Starting MITM: 31000 -> 31001
Received connection: <socket.socket fd=4, family=AddressFamily.AF_INET, type=SocketKind.SOCK_STREAM, proto=0, laddr=('127.0.0.1', 31000), raddr=('127.0.0.1', 34644)>
Connected to: 127.0.0.1, 31001 using ephemeral port 36442
-> (3) byte, b'\x05\x01\x00' Source Port: 31000 Target Port: 36442 Timestamp: 1753302447.6582465
<- (2) byte, b'\x05\x00' Source Port: 31000 Target Port: 36442 Timestamp: 1753302447.6584496
-> (4) byte, b'\x05\x01\x00\x01' Source Port: 31000 Target Port: 36442 Timestamp: 1753302447.6586096
-> (6) byte, b'\x7f\x00\x00\x01y\x1b' Source Port: 31000 Target Port: 36442 Timestamp: 1753302447.7089922
<- (10) byte, b'\x05\x00\x00\x01\x00\x00\x00\x00\x00\x00' Source Port: 31000 Target Port: 36442 Timestamp: 1753302447.709389
<- (1) byte, b'X' Source Port: 31000 Target Port: 36442 Timestamp: 1753302447.7639039
-> (1) byte, b'B' Source Port: 31000 Target Port: 36442 Timestamp: 1753302448.7712505
-> (0) byte, b'' Source Port: 31000 Target Port: 36442 Timestamp: 1753302448.771726
Connection closed from (apparently) out

mainMITM:
Starting MITM: 31002 -> 10086
Received connection: <socket.socket fd=4, family=AddressFamily.AF_INET, type=SocketKind.SOCK_STREAM, proto=0, laddr=('127.0.0.1', 31002), raddr=('127.0.0.1', 49650)>
Connected to: 127.0.0.1, 10086 using ephemeral port 45952
-> (73) byte, b'\x9e\xb1\x155\xf8K\xcdx\x89Lo\xd7\x95\xcd\xd4Je\xe0#\xb8\xab\x82mv\xb9\x9f\x84\x9e\x92\n\x00\xaa\xc9,\xeb\x1a!N!m5(\xc9/\xfd\x07~\xa0\xa8(\xf1\x1f\xa0\xd0\xdf\xd5L}/\x12}\x8a\xd2_\xb3UB!\xa8E\x9cKW' Source Port: 31002 Target Port: 45952 Timestamp: 1753302447.761247
<- (67) byte, b'\x99m\r\xbfJ\xb1\xf4&y@\xe9\xf7D\x0fO\xe8\xa1%3m\xefN\xcf\x91J\x07\xae\xbe\xf0\xe5-\x1a\xaa.\xdb\x8e``\xb9\xad\xc5_K\tO5\x0c\xd0O\x908\xa9\xbaB\x99\xc0\x12\xf1p\xfc\xb5\xc6\xd8\xff\xb8\xac\xf1' Source Port: 31002 Target Port: 45952 Timestamp: 1753302447.7635121
-> (35) byte, b'\x0e\xca\x06/n\xd5g0&\xf6\xe0\x9d\xf0\x88\xbc\x91\x81\xae\x80\xcec\xc4\x8f\x97-\xc8\xa2T]\x1332\x9c\xb8Y' Source Port: 31002 Target Port: 45952 Timestamp: 1753302448.7721698
-> (0) byte, b'' Source Port: 31002 Target Port: 45952 Timestamp: 1753302448.7729182
Connection closed from (apparently) out

serverProxyMITM:
Starting MITM: 31003 -> 31004
Received connection: <socket.socket fd=4, family=AddressFamily.AF_INET, type=SocketKind.SOCK_STREAM, proto=0, laddr=('127.0.0.1', 31003), raddr=('127.0.0.1', 35336)>
Connected to: 127.0.0.1, 31004 using ephemeral port 52578
<- (1) byte, b'X' Source Port: 31003 Target Port: 52578 Timestamp: 1753302447.762916
-> (1) byte, b'B' Source Port: 31003 Target Port: 52578 Timestamp: 1753302448.7732375
-> (0) byte, b'' Source Port: 31003 Target Port: 52578 Timestamp: 1753302448.773758
Connection closed from (apparently) out

Client:
Mode 3 - start experiment
Received 1 byte: b'X'
Sent 1 byte of B
Connection closed

Server:
sent 1 byte of X
recv 1 bytes: b'B'
Completed iteration 10 for mode 3 with msg size 1 at 20250723-202723
----------------------------------------
Starting iteration 11 for mode 3 with msg size 1 at 20250723-202730
Results extracted:
Name: Start test ./logs/mode3_size1.log --mode 3 --send-size 1 
	Frames: 201
	Client got: 13 over 3 messages,  sent 14
	Server got: 1, over 0 messages, sent 1
	Terminated by FIN: CLIENT -> CLIENTPROXYMITM


clientProxyMITM:
Starting MITM: 31000 -> 31001
Received connection: <socket.socket fd=4, family=AddressFamily.AF_INET, type=SocketKind.SOCK_STREAM, proto=0, laddr=('127.0.0.1', 31000), raddr=('127.0.0.1', 33676)>
Connected to: 127.0.0.1, 31001 using ephemeral port 47710
-> (3) byte, b'\x05\x01\x00' Source Port: 31000 Target Port: 47710 Timestamp: 1753302455.0238833
<- (2) byte, b'\x05\x00' Source Port: 31000 Target Port: 47710 Timestamp: 1753302455.0242062
-> (4) byte, b'\x05\x01\x00\x01' Source Port: 31000 Target Port: 47710 Timestamp: 1753302455.024491
-> (6) byte, b'\x7f\x00\x00\x01y\x1b' Source Port: 31000 Target Port: 47710 Timestamp: 1753302455.0731506
<- (10) byte, b'\x05\x00\x00\x01\x00\x00\x00\x00\x00\x00' Source Port: 31000 Target Port: 47710 Timestamp: 1753302455.073489
<- (1) byte, b'X' Source Port: 31000 Target Port: 47710 Timestamp: 1753302455.1283677
-> (1) byte, b'B' Source Port: 31000 Target Port: 47710 Timestamp: 1753302456.1310248
-> (0) byte, b'' Source Port: 31000 Target Port: 47710 Timestamp: 1753302456.1314297
Connection closed from (apparently) out

mainMITM:
Starting MITM: 31002 -> 10086
Received connection: <socket.socket fd=4, family=AddressFamily.AF_INET, type=SocketKind.SOCK_STREAM, proto=0, laddr=('127.0.0.1', 31002), raddr=('127.0.0.1', 60232)>
Connected to: 127.0.0.1, 10086 using ephemeral port 39806
-> (73) byte, b"\xa7\x06$:{4\x7fv\x1b\x8d_\xcd\x81cqb\x0f\xfd=\xf5\xb1?9~5\xa4\x800\xca\xbag\xf0S|\xa9\xcc\xa0\x7fy\xff#\x81y\x18\x82Y\x8c\x1bvk\xcd=\xcb'\xb4=\x84#\xd3\xb4T$\xbe\xceq\xdc\x9b\xbf\xa0\xaaw\x86\x0b" Source Port: 31002 Target Port: 39806 Timestamp: 1753302455.12479
<- (67) byte, b'\x19\xc3\x9a\xfbx\xb19\xca^B[\x12\xb0\xe9\x08z\xc5\xd4.2/\x1f\x18\xc3b\xefidK.r4\xc9\xb5\x99 (\x8f\x95\x0f\x96\xaf\xa8\xd3\xb5\xadO\x8c0+\xd7\xf6a~\xado\xaf\x0e\xa7\x08.\xfc)\xa1{\x11\xfc' Source Port: 31002 Target Port: 39806 Timestamp: 1753302455.1279438
-> (35) byte, b'\x01 \xf5\xe7\x06\xdc\x9a\xcck-]\x1a\x115\xe9\xbd\xd5]\xd2\xa9q\x1e?\xaf\xf9\r\x01\xa4\x10\xb5\xa4\xa0E\xdc\xf1' Source Port: 31002 Target Port: 39806 Timestamp: 1753302456.1318018
-> (0) byte, b'' Source Port: 31002 Target Port: 39806 Timestamp: 1753302456.132312
Connection closed from (apparently) out

serverProxyMITM:
Starting MITM: 31003 -> 31004
Received connection: <socket.socket fd=4, family=AddressFamily.AF_INET, type=SocketKind.SOCK_STREAM, proto=0, laddr=('127.0.0.1', 31003), raddr=('127.0.0.1', 60484)>
Connected to: 127.0.0.1, 31004 using ephemeral port 58024
<- (1) byte, b'X' Source Port: 31003 Target Port: 58024 Timestamp: 1753302455.1275127
-> (1) byte, b'B' Source Port: 31003 Target Port: 58024 Timestamp: 1753302456.1328926
-> (0) byte, b'' Source Port: 31003 Target Port: 58024 Timestamp: 1753302456.133408
Connection closed from (apparently) out

Client:
Mode 3 - start experiment
Received 1 byte: b'X'
Sent 1 byte of B
Connection closed

Server:
sent 1 byte of X
recv 1 bytes: b'B'
Completed iteration 11 for mode 3 with msg size 1 at 20250723-202730
----------------------------------------
Starting iteration 12 for mode 3 with msg size 1 at 20250723-202738
Results extracted:
Name: Start test ./logs/mode3_size1.log --mode 3 --send-size 1 
	Frames: 185
	Client got: 13 over 3 messages,  sent 14
	Server got: 1, over 0 messages, sent 1
	Terminated by FIN: CLIENT -> CLIENTPROXYMITM


clientProxyMITM:
Starting MITM: 31000 -> 31001
Received connection: <socket.socket fd=4, family=AddressFamily.AF_INET, type=SocketKind.SOCK_STREAM, proto=0, laddr=('127.0.0.1', 31000), raddr=('127.0.0.1', 52962)>
Connected to: 127.0.0.1, 31001 using ephemeral port 55032
-> (3) byte, b'\x05\x01\x00' Source Port: 31000 Target Port: 55032 Timestamp: 1753302462.3031895
<- (2) byte, b'\x05\x00' Source Port: 31000 Target Port: 55032 Timestamp: 1753302462.3033829
-> (4) byte, b'\x05\x01\x00\x01' Source Port: 31000 Target Port: 55032 Timestamp: 1753302462.30355
-> (6) byte, b'\x7f\x00\x00\x01y\x1b' Source Port: 31000 Target Port: 55032 Timestamp: 1753302462.3466678
<- (10) byte, b'\x05\x00\x00\x01\x00\x00\x00\x00\x00\x00' Source Port: 31000 Target Port: 55032 Timestamp: 1753302462.3469682
<- (1) byte, b'X' Source Port: 31000 Target Port: 55032 Timestamp: 1753302462.4012766
-> (1) byte, b'B' Source Port: 31000 Target Port: 55032 Timestamp: 1753302463.402417
-> (0) byte, b'' Source Port: 31000 Target Port: 55032 Timestamp: 1753302463.4029222
Connection closed from (apparently) out

mainMITM:
Starting MITM: 31002 -> 10086
Received connection: <socket.socket fd=4, family=AddressFamily.AF_INET, type=SocketKind.SOCK_STREAM, proto=0, laddr=('127.0.0.1', 31002), raddr=('127.0.0.1', 55022)>
Connected to: 127.0.0.1, 10086 using ephemeral port 40580
-> (73) byte, b'\xae\xb3\x84/\xcd\xdb\xcf/\x9fS\x1b\x9d\x1d\xf2\xff\xe9\xef>,5f\xabk\xa8\x80\xa4p\xd2\xfdY\x89-\xe6I\xc7\xf5:\n\\N\x7fP\xda\xfb\xf0\xeax\x88\xd48\xa1\x06\xb1\x19\x9d\xe4\xe5Vd\xe2\x89&Y\xe1\x19\x99\xf6s\x00=\xd5\xe8\xa4' Source Port: 31002 Target Port: 40580 Timestamp: 1753302462.398585
<- (67) byte, b'cv\xc2\xf6\xe8<B\xc4)\x8d\x91?\x12\xdf\xe0*]B7\xc6k\x8axz\x14d\xb9\x1f\xe2d\xe1Tz\x16$\xa1L\x01O^t\x03\x0c\xcf\xf6\xe7iM\x8b\xbc\xa3\xa1\xed\xe1\xf8e\x18|\x82]\x08\xa8\x95E\x02\x97\xd0' Source Port: 31002 Target Port: 40580 Timestamp: 1753302462.4010093
-> (35) byte, b'\xbb\x81\xb6\xf3q\x89\x04y\x82\x81\xdb\xbe9\x01x9\xc4\x9d\xa6f\xb6\xbe\xaf\x00\xa6\x17\x85\x88\xf9sa\x15\x8c\xf2\xd2' Source Port: 31002 Target Port: 40580 Timestamp: 1753302463.4035919
-> (0) byte, b'' Source Port: 31002 Target Port: 40580 Timestamp: 1753302463.4047713
Connection closed from (apparently) out

serverProxyMITM:
Starting MITM: 31003 -> 31004
Received connection: <socket.socket fd=4, family=AddressFamily.AF_INET, type=SocketKind.SOCK_STREAM, proto=0, laddr=('127.0.0.1', 31003), raddr=('127.0.0.1', 33456)>
Connected to: 127.0.0.1, 31004 using ephemeral port 54746
<- (1) byte, b'X' Source Port: 31003 Target Port: 54746 Timestamp: 1753302462.40065
-> (1) byte, b'B' Source Port: 31003 Target Port: 54746 Timestamp: 1753302463.4067783
-> (0) byte, b'' Source Port: 31003 Target Port: 54746 Timestamp: 1753302463.4080098
Connection closed from (apparently) out

Client:
Mode 3 - start experiment
Received 1 byte: b'X'
Sent 1 byte of B
Connection closed

Server:
sent 1 byte of X
recv 1 bytes: b'B'
Completed iteration 12 for mode 3 with msg size 1 at 20250723-202738
----------------------------------------
Starting iteration 13 for mode 3 with msg size 1 at 20250723-202745
Results extracted:
Name: Start test ./logs/mode3_size1.log --mode 3 --send-size 1 
	Frames: 192
	Client got: 13 over 3 messages,  sent 14
	Server got: 1, over 0 messages, sent 1
	Terminated by FIN: CLIENT -> CLIENTPROXYMITM


clientProxyMITM:
Starting MITM: 31000 -> 31001
Received connection: <socket.socket fd=4, family=AddressFamily.AF_INET, type=SocketKind.SOCK_STREAM, proto=0, laddr=('127.0.0.1', 31000), raddr=('127.0.0.1', 59222)>
Connected to: 127.0.0.1, 31001 using ephemeral port 52052
-> (3) byte, b'\x05\x01\x00' Source Port: 31000 Target Port: 52052 Timestamp: 1753302469.5925431
<- (2) byte, b'\x05\x00' Source Port: 31000 Target Port: 52052 Timestamp: 1753302469.5927386
-> (4) byte, b'\x05\x01\x00\x01' Source Port: 31000 Target Port: 52052 Timestamp: 1753302469.5932066
-> (6) byte, b'\x7f\x00\x00\x01y\x1b' Source Port: 31000 Target Port: 52052 Timestamp: 1753302469.6410766
<- (10) byte, b'\x05\x00\x00\x01\x00\x00\x00\x00\x00\x00' Source Port: 31000 Target Port: 52052 Timestamp: 1753302469.641288
<- (1) byte, b'X' Source Port: 31000 Target Port: 52052 Timestamp: 1753302469.7004704
-> (1) byte, b'B' Source Port: 31000 Target Port: 52052 Timestamp: 1753302470.7112465
-> (0) byte, b'' Source Port: 31000 Target Port: 52052 Timestamp: 1753302470.7134535
Connection closed from (apparently) out

mainMITM:
Starting MITM: 31002 -> 10086
Received connection: <socket.socket fd=4, family=AddressFamily.AF_INET, type=SocketKind.SOCK_STREAM, proto=0, laddr=('127.0.0.1', 31002), raddr=('127.0.0.1', 53348)>
Connected to: 127.0.0.1, 10086 using ephemeral port 54640
-> (73) byte, b"\xcd\x01\xf0\x8d\x06\xc4#\x1e/\x86\xfcq\xaa\xe2\x8ar\xc46~\x85w\x99\x93\xeb\xa2O\xc7\xe5\xaf\xaa'\xd2\xfbo\rK\xdf\n\x05\x88\x03\xef&\xf7=Abk\x171@\xcfK\xa64\x16\xed>\x89m\xf6X\xc7\xab\x0f\x8b\xbc\xbci\xa6,\xa1=" Source Port: 31002 Target Port: 54640 Timestamp: 1753302469.6969633
<- (67) byte, b'\x17\xd2N\xd8\x1e\x81H"\xbc\x03\n\xaa~8\x8e\x8d"\xdd|@\xf2zc\xa6|\xf8\x85./\xae#\x7f\xb3\xf0\xdd\xfd\xbb\xc2\xf1\x9cj\xa9\x7f\x1b\x98\x00/\xd1\xe7\xcf\x00\x89t\x02\x82\xdf\x88BDn\x99\xad\xecn\x91\xc8\xad' Source Port: 31002 Target Port: 54640 Timestamp: 1753302469.6998906
-> (35) byte, b'\x94\x99\x02b\\\x1c\xbd\xc8\xa4\x86\xd4\x00,\xe0\x96Q\xf2\x8e{\xa8u\x11\x1aS\xd8\xe6tsR\xcfY\xfdt\xe4b' Source Port: 31002 Target Port: 54640 Timestamp: 1753302470.7122285
-> (0) byte, b'' Source Port: 31002 Target Port: 54640 Timestamp: 1753302470.7143896
Connection closed from (apparently) out

serverProxyMITM:
Starting MITM: 31003 -> 31004
Received connection: <socket.socket fd=4, family=AddressFamily.AF_INET, type=SocketKind.SOCK_STREAM, proto=0, laddr=('127.0.0.1', 31003), raddr=('127.0.0.1', 52534)>
Connected to: 127.0.0.1, 31004 using ephemeral port 41272
<- (1) byte, b'X' Source Port: 31003 Target Port: 41272 Timestamp: 1753302469.699298
-> (1) byte, b'B' Source Port: 31003 Target Port: 41272 Timestamp: 1753302470.7142074
-> (0) byte, b'' Source Port: 31003 Target Port: 41272 Timestamp: 1753302470.714803
Connection closed from (apparently) out

Client:
Mode 3 - start experiment
Received 1 byte: b'X'
Sent 1 byte of B
Connection closed

Server:
sent 1 byte of X
recv 1 bytes: b'B'
Completed iteration 13 for mode 3 with msg size 1 at 20250723-202745
----------------------------------------
Starting iteration 14 for mode 3 with msg size 1 at 20250723-202752
Results extracted:
Name: Start test ./logs/mode3_size1.log --mode 3 --send-size 1 
	Frames: 199
	Client got: 13 over 3 messages,  sent 14
	Server got: 1, over 0 messages, sent 1
	Terminated by FIN: CLIENT -> CLIENTPROXYMITM


clientProxyMITM:
Starting MITM: 31000 -> 31001
Received connection: <socket.socket fd=4, family=AddressFamily.AF_INET, type=SocketKind.SOCK_STREAM, proto=0, laddr=('127.0.0.1', 31000), raddr=('127.0.0.1', 59228)>
Connected to: 127.0.0.1, 31001 using ephemeral port 52060
-> (3) byte, b'\x05\x01\x00' Source Port: 31000 Target Port: 52060 Timestamp: 1753302476.9158494
<- (2) byte, b'\x05\x00' Source Port: 31000 Target Port: 52060 Timestamp: 1753302476.9160786
-> (4) byte, b'\x05\x01\x00\x01' Source Port: 31000 Target Port: 52060 Timestamp: 1753302476.9162984
-> (6) byte, b'\x7f\x00\x00\x01y\x1b' Source Port: 31000 Target Port: 52060 Timestamp: 1753302476.964147
<- (10) byte, b'\x05\x00\x00\x01\x00\x00\x00\x00\x00\x00' Source Port: 31000 Target Port: 52060 Timestamp: 1753302476.9644344
<- (1) byte, b'X' Source Port: 31000 Target Port: 52060 Timestamp: 1753302477.0197299
-> (1) byte, b'B' Source Port: 31000 Target Port: 52060 Timestamp: 1753302478.0219274
-> (0) byte, b'' Source Port: 31000 Target Port: 52060 Timestamp: 1753302478.0225656
Connection closed from (apparently) out

mainMITM:
Starting MITM: 31002 -> 10086
Received connection: <socket.socket fd=4, family=AddressFamily.AF_INET, type=SocketKind.SOCK_STREAM, proto=0, laddr=('127.0.0.1', 31002), raddr=('127.0.0.1', 53350)>
Connected to: 127.0.0.1, 10086 using ephemeral port 54648
-> (73) byte, b"\xdb$\x8a\x92\xfd\xccn\xc5\xb1\xbd\xd1\xb6.\xa6\xa7\xfa\x15\xd9\x94\xa8ZQ\x96Jz\xc1\x88\x8b\xaf\xc1_\xdc@\xaa=G\x1f\xc5\x1c\xae\x13\xb6\x84\xf3\xeaJ\xdc\xf1Y\xdd\xde(\x11\xd5VB\xe88ZYi\xfb\x05X*\xe7\xe5\x96\x8a\xe6 \x1c'" Source Port: 31002 Target Port: 54648 Timestamp: 1753302477.0174701
<- (67) byte, b'\xda\x1b%t\xd6\x1fI\xce\xb7&\xbaQJb8?z\x89\x05NZ7{\xa5\x16iL\xcf\x19U\x1a\xcfl!\x1d\x8a\x07\xed\xaf\xbaC\x1a#\xb3\xf8]\xd5)\xc2,\xc9[zE\x02\x85\xe1V\xcb\xae\xed\xc6p\x11\xe9\xc7\x9d' Source Port: 31002 Target Port: 54648 Timestamp: 1753302477.0194538
-> (35) byte, b'\xb8\xf0\xb2\xbc\x9cC:Q\xed\x1b\xd5\x8e\xcc\xeb\x9e\x82\xff\xd0\x04\x058\x8e\xe5\xd5\x90]\x91\xa2\x896\xabb\xb7\xaf\x8b' Source Port: 31002 Target Port: 54648 Timestamp: 1753302478.024015
-> (0) byte, b'' Source Port: 31002 Target Port: 54648 Timestamp: 1753302478.0249708
Connection closed from (apparently) out

serverProxyMITM:
Starting MITM: 31003 -> 31004
Received connection: <socket.socket fd=4, family=AddressFamily.AF_INET, type=SocketKind.SOCK_STREAM, proto=0, laddr=('127.0.0.1', 31003), raddr=('127.0.0.1', 52544)>
Connected to: 127.0.0.1, 31004 using ephemeral port 41276
<- (1) byte, b'X' Source Port: 31003 Target Port: 41276 Timestamp: 1753302477.019115
-> (1) byte, b'B' Source Port: 31003 Target Port: 41276 Timestamp: 1753302478.0264041
-> (0) byte, b'' Source Port: 31003 Target Port: 41276 Timestamp: 1753302478.0268137
Connection closed from (apparently) out

Client:
Mode 3 - start experiment
Received 1 byte: b'X'
Sent 1 byte of B
Connection closed

Server:
sent 1 byte of X
recv 1 bytes: b'B'
Completed iteration 14 for mode 3 with msg size 1 at 20250723-202752
----------------------------------------
Starting iteration 15 for mode 3 with msg size 1 at 20250723-202800
Results extracted:
Name: Start test ./logs/mode3_size1.log --mode 3 --send-size 1 
	Frames: 183
	Client got: 13 over 3 messages,  sent 14
	Server got: 1, over 0 messages, sent 1
	Terminated by FIN: CLIENT -> CLIENTPROXYMITM


clientProxyMITM:
Starting MITM: 31000 -> 31001
Received connection: <socket.socket fd=4, family=AddressFamily.AF_INET, type=SocketKind.SOCK_STREAM, proto=0, laddr=('127.0.0.1', 31000), raddr=('127.0.0.1', 35822)>
Connected to: 127.0.0.1, 31001 using ephemeral port 57378
-> (3) byte, b'\x05\x01\x00' Source Port: 31000 Target Port: 57378 Timestamp: 1753302484.2441378
<- (2) byte, b'\x05\x00' Source Port: 31000 Target Port: 57378 Timestamp: 1753302484.2443473
-> (4) byte, b'\x05\x01\x00\x01' Source Port: 31000 Target Port: 57378 Timestamp: 1753302484.2445781
-> (6) byte, b'\x7f\x00\x00\x01y\x1b' Source Port: 31000 Target Port: 57378 Timestamp: 1753302484.2855139
<- (10) byte, b'\x05\x00\x00\x01\x00\x00\x00\x00\x00\x00' Source Port: 31000 Target Port: 57378 Timestamp: 1753302484.285711
<- (1) byte, b'X' Source Port: 31000 Target Port: 57378 Timestamp: 1753302484.3420079
-> (1) byte, b'B' Source Port: 31000 Target Port: 57378 Timestamp: 1753302485.349355
-> (0) byte, b'' Source Port: 31000 Target Port: 57378 Timestamp: 1753302485.3498003
Connection closed from (apparently) out

mainMITM:
Starting MITM: 31002 -> 10086
Received connection: <socket.socket fd=4, family=AddressFamily.AF_INET, type=SocketKind.SOCK_STREAM, proto=0, laddr=('127.0.0.1', 31002), raddr=('127.0.0.1', 46364)>
Connected to: 127.0.0.1, 10086 using ephemeral port 50904
-> (73) byte, b'^W\x90\x0c\xc9tx\xb0\x03\xb6\x0ba\xae\xdcL;Su\x9a\x1f\xda\xd5\xe7\x03s\x03\xea\x7fH\\w8I\x84Z\x97z\xd0|\x8dr\x93\x99\xfb\xac?\xcd\xfbj\xb9I\xfd\x8bu\xdf``\xf3\x19b\xc9\xf3\xf4>bJ\xae\xac\xb8L7|\xa3' Source Port: 31002 Target Port: 50904 Timestamp: 1753302484.3389776
<- (67) byte, b'\x1c\xc2\xcb\xa7G\x04\xe5\x9f!\x9b\xd1A\xb5m\xbb\xf3\x18<J\x04\x94\xb3q`\x05\xc2\x14\xa0q\x8e\xfd\x9dLVy\t\x1e\xc9\\\xc8\xd31\xe2\xac\r\xb6\x96*\xeby\x9f\xee\xc6\xbe/\x81;\xae\x9b}?\xd7\xb6\x19,\x9b6' Source Port: 31002 Target Port: 50904 Timestamp: 1753302484.3417065
-> (35) byte, b'\xcd\xa8\xff,Cs2\xcc\x9a\xe8\x8el\xd1-PU\xe69\xa6zj\xcf\x1e\x0c7\x1a\x14\xdd\xf5\x80q\x1f3\x99\xeb' Source Port: 31002 Target Port: 50904 Timestamp: 1753302485.350373
-> (0) byte, b'' Source Port: 31002 Target Port: 50904 Timestamp: 1753302485.3506956
Connection closed from (apparently) out

serverProxyMITM:
Starting MITM: 31003 -> 31004
Received connection: <socket.socket fd=4, family=AddressFamily.AF_INET, type=SocketKind.SOCK_STREAM, proto=0, laddr=('127.0.0.1', 31003), raddr=('127.0.0.1', 33808)>
Connected to: 127.0.0.1, 31004 using ephemeral port 56296
<- (1) byte, b'X' Source Port: 31003 Target Port: 56296 Timestamp: 1753302484.3409936
-> (1) byte, b'B' Source Port: 31003 Target Port: 56296 Timestamp: 1753302485.350858
-> (0) byte, b'' Source Port: 31003 Target Port: 56296 Timestamp: 1753302485.3518445
Connection closed from (apparently) out

Client:
Mode 3 - start experiment
Received 1 byte: b'X'
Sent 1 byte of B
Connection closed

Server:
sent 1 byte of X
recv 1 bytes: b'B'
Completed iteration 15 for mode 3 with msg size 1 at 20250723-202800
----------------------------------------
Starting iteration 16 for mode 3 with msg size 1 at 20250723-202807
Results extracted:
Name: Start test ./logs/mode3_size1.log --mode 3 --send-size 1 
	Frames: 208
	Client got: 13 over 3 messages,  sent 14
	Server got: 1, over 0 messages, sent 1
	Terminated by FIN: CLIENT -> CLIENTPROXYMITM


clientProxyMITM:
Starting MITM: 31000 -> 31001
Received connection: <socket.socket fd=4, family=AddressFamily.AF_INET, type=SocketKind.SOCK_STREAM, proto=0, laddr=('127.0.0.1', 31000), raddr=('127.0.0.1', 47112)>
Connected to: 127.0.0.1, 31001 using ephemeral port 36232
-> (3) byte, b'\x05\x01\x00' Source Port: 31000 Target Port: 36232 Timestamp: 1753302491.573619
<- (2) byte, b'\x05\x00' Source Port: 31000 Target Port: 36232 Timestamp: 1753302491.573833
-> (4) byte, b'\x05\x01\x00\x01' Source Port: 31000 Target Port: 36232 Timestamp: 1753302491.5741282
-> (6) byte, b'\x7f\x00\x00\x01y\x1b' Source Port: 31000 Target Port: 36232 Timestamp: 1753302491.6239433
<- (10) byte, b'\x05\x00\x00\x01\x00\x00\x00\x00\x00\x00' Source Port: 31000 Target Port: 36232 Timestamp: 1753302491.6243596
<- (1) byte, b'X' Source Port: 31000 Target Port: 36232 Timestamp: 1753302491.6811144
-> (1) byte, b'B' Source Port: 31000 Target Port: 36232 Timestamp: 1753302492.6828148
-> (0) byte, b'' Source Port: 31000 Target Port: 36232 Timestamp: 1753302492.683352
Connection closed from (apparently) out

mainMITM:
Starting MITM: 31002 -> 10086
Received connection: <socket.socket fd=4, family=AddressFamily.AF_INET, type=SocketKind.SOCK_STREAM, proto=0, laddr=('127.0.0.1', 31002), raddr=('127.0.0.1', 43332)>
Connected to: 127.0.0.1, 10086 using ephemeral port 49090
-> (73) byte, b"_\xe1U\xb8\xe6\xba\t\xd1\xd8\xbd~\xfa\xc8\xae\tk\x1ak\xd1\xf2k\x02\xf3K\xbbg\xb7\xfc\xac\x88\xd7\xad\x04\xe7\xb1\xdb\x95*\xfd\xf4\xd6H\x13\xcd&\xb9\x91g`\xa7\xf2\x9ai\xbe\xb6\xcc'\x10\x08\xf5\x10\xcc\xb6\x17l\x84\xe1\x17Ot;\xea\x0c" Source Port: 31002 Target Port: 49090 Timestamp: 1753302491.6782231
<- (67) byte, b'\xa8\x18\x03Z\xf4\xec4+I\xb0\x99\xa5"a\x11\xdc=f\x94\xfb\xc7t\xa4\x03E&<\x8d@\xde\xd9\xb5z\xb5\xf9T[\xf8j\xe4b\xf6{:Ja(\xfe\xc5?\x1bs\x7f\x84\xb57>K\xa4D\x83\x93\x90m\xefe^' Source Port: 31002 Target Port: 49090 Timestamp: 1753302491.6807554
-> (35) byte, b'\xcb\x81@\xbd95*/\xbax\x88\x08H\xed\xca\xbd\x89\xe4\x7f\x1b$\xbf\x9d#-\xd9\xdf\xc1^\t\t\xabnj\xba' Source Port: 31002 Target Port: 49090 Timestamp: 1753302492.6836588
-> (0) byte, b'' Source Port: 31002 Target Port: 49090 Timestamp: 1753302492.6842988
Connection closed from (apparently) out

serverProxyMITM:
Starting MITM: 31003 -> 31004
Received connection: <socket.socket fd=4, family=AddressFamily.AF_INET, type=SocketKind.SOCK_STREAM, proto=0, laddr=('127.0.0.1', 31003), raddr=('127.0.0.1', 51188)>
Connected to: 127.0.0.1, 31004 using ephemeral port 45398
<- (1) byte, b'X' Source Port: 31003 Target Port: 45398 Timestamp: 1753302491.6804302
-> (1) byte, b'B' Source Port: 31003 Target Port: 45398 Timestamp: 1753302492.684497
-> (0) byte, b'' Source Port: 31003 Target Port: 45398 Timestamp: 1753302492.6850104
Connection closed from (apparently) out

Client:
Mode 3 - start experiment
Received 1 byte: b'X'
Sent 1 byte of B
Connection closed

Server:
sent 1 byte of X
recv 1 bytes: b'B'
Completed iteration 16 for mode 3 with msg size 1 at 20250723-202807
----------------------------------------
Starting iteration 17 for mode 3 with msg size 1 at 20250723-202814
Results extracted:
Name: Start test ./logs/mode3_size1.log --mode 3 --send-size 1 
	Frames: 197
	Client got: 13 over 3 messages,  sent 14
	Server got: 1, over 0 messages, sent 1
	Terminated by FIN: CLIENT -> CLIENTPROXYMITM


clientProxyMITM:
Starting MITM: 31000 -> 31001
Received connection: <socket.socket fd=4, family=AddressFamily.AF_INET, type=SocketKind.SOCK_STREAM, proto=0, laddr=('127.0.0.1', 31000), raddr=('127.0.0.1', 34836)>
Connected to: 127.0.0.1, 31001 using ephemeral port 52562
-> (3) byte, b'\x05\x01\x00' Source Port: 31000 Target Port: 52562 Timestamp: 1753302498.8817315
<- (2) byte, b'\x05\x00' Source Port: 31000 Target Port: 52562 Timestamp: 1753302498.881992
-> (4) byte, b'\x05\x01\x00\x01' Source Port: 31000 Target Port: 52562 Timestamp: 1753302498.8823595
-> (6) byte, b'\x7f\x00\x00\x01y\x1b' Source Port: 31000 Target Port: 52562 Timestamp: 1753302498.9304223
<- (10) byte, b'\x05\x00\x00\x01\x00\x00\x00\x00\x00\x00' Source Port: 31000 Target Port: 52562 Timestamp: 1753302498.9307513
<- (1) byte, b'X' Source Port: 31000 Target Port: 52562 Timestamp: 1753302498.984844
-> (1) byte, b'B' Source Port: 31000 Target Port: 52562 Timestamp: 1753302499.9874198
-> (0) byte, b'' Source Port: 31000 Target Port: 52562 Timestamp: 1753302499.9877875
Connection closed from (apparently) out

mainMITM:
Starting MITM: 31002 -> 10086
Received connection: <socket.socket fd=4, family=AddressFamily.AF_INET, type=SocketKind.SOCK_STREAM, proto=0, laddr=('127.0.0.1', 31002), raddr=('127.0.0.1', 44016)>
Connected to: 127.0.0.1, 10086 using ephemeral port 49612
-> (73) byte, b'\xbd_i\xed\x0c\x8d\x0c\xfe\xdf\x9cy\xa8\x02#\x02\x1e\x17\xf6\x8c\xd8\x88\x93\xe3\x1f\xf9\x9b+\xe6-\x96\x8c\xcd0\x05\x10@\xf5\x8bV\xf1\xdc\x0f|\xedD\xf8I\xba\x98\xf3pfJ68\xe3;\xa6\x1d\xd2D\xeb0\xf64\xca\xe05\xe5\xaf\xeb\xb2\xc5' Source Port: 31002 Target Port: 49612 Timestamp: 1753302498.9823124
<- (67) byte, b'D\x9f\x9fu 6N\x81\xef\x8f\xc7\xec\x04\xb6\x0c\x89\xa5\x86\xc1p\xe2]\x96#8\x8fA\xfcR\x16j\x9f\x8ad{\xa9|\x174\x1cN\x8b\xd5\xfdm\x16\x9f\xaf\x16y\xa0\xdb5\x0eR\xe9\tT\xab\x97\xc7~U@\xaed\xe6' Source Port: 31002 Target Port: 49612 Timestamp: 1753302498.98451
-> (35) byte, b"\xa4\x1fGC\x06\xf9U+\x817\xf8\x1a\xbc\xc4\xcfle$\xd9\t'93\x13YR\xd2m\xc9e(Z\n6\xbd" Source Port: 31002 Target Port: 49612 Timestamp: 1753302499.990338
-> (0) byte, b'' Source Port: 31002 Target Port: 49612 Timestamp: 1753302499.991775
Connection closed from (apparently) out

serverProxyMITM:
Starting MITM: 31003 -> 31004
Received connection: <socket.socket fd=4, family=AddressFamily.AF_INET, type=SocketKind.SOCK_STREAM, proto=0, laddr=('127.0.0.1', 31003), raddr=('127.0.0.1', 37092)>
Connected to: 127.0.0.1, 31004 using ephemeral port 57788
<- (1) byte, b'X' Source Port: 31003 Target Port: 57788 Timestamp: 1753302498.9841871
-> (1) byte, b'B' Source Port: 31003 Target Port: 57788 Timestamp: 1753302499.9920084
-> (0) byte, b'' Source Port: 31003 Target Port: 57788 Timestamp: 1753302499.9937232
Connection closed from (apparently) out

Client:
Mode 3 - start experiment
Received 1 byte: b'X'
Sent 1 byte of B
Connection closed

Server:
sent 1 byte of X
recv 1 bytes: b'B'
Completed iteration 17 for mode 3 with msg size 1 at 20250723-202814
----------------------------------------
Starting iteration 18 for mode 3 with msg size 1 at 20250723-202822
Results extracted:
Name: Start test ./logs/mode3_size1.log --mode 3 --send-size 1 
	Frames: 189
	Client got: 13 over 3 messages,  sent 14
	Server got: 1, over 0 messages, sent 1
	Terminated by FIN: CLIENT -> CLIENTPROXYMITM


clientProxyMITM:
Starting MITM: 31000 -> 31001
Received connection: <socket.socket fd=4, family=AddressFamily.AF_INET, type=SocketKind.SOCK_STREAM, proto=0, laddr=('127.0.0.1', 31000), raddr=('127.0.0.1', 34852)>
Connected to: 127.0.0.1, 31001 using ephemeral port 52564
-> (3) byte, b'\x05\x01\x00' Source Port: 31000 Target Port: 52564 Timestamp: 1753302506.2055655
<- (2) byte, b'\x05\x00' Source Port: 31000 Target Port: 52564 Timestamp: 1753302506.2061388
-> (4) byte, b'\x05\x01\x00\x01' Source Port: 31000 Target Port: 52564 Timestamp: 1753302506.2063668
-> (6) byte, b'\x7f\x00\x00\x01y\x1b' Source Port: 31000 Target Port: 52564 Timestamp: 1753302506.2504518
<- (10) byte, b'\x05\x00\x00\x01\x00\x00\x00\x00\x00\x00' Source Port: 31000 Target Port: 52564 Timestamp: 1753302506.2506785
<- (1) byte, b'X' Source Port: 31000 Target Port: 52564 Timestamp: 1753302506.3074217
-> (1) byte, b'B' Source Port: 31000 Target Port: 52564 Timestamp: 1753302507.309298
-> (0) byte, b'' Source Port: 31000 Target Port: 52564 Timestamp: 1753302507.3096402
Connection closed from (apparently) out

mainMITM:
Starting MITM: 31002 -> 10086
Received connection: <socket.socket fd=4, family=AddressFamily.AF_INET, type=SocketKind.SOCK_STREAM, proto=0, laddr=('127.0.0.1', 31002), raddr=('127.0.0.1', 44020)>
Connected to: 127.0.0.1, 10086 using ephemeral port 49624
-> (73) byte, b'$O-\x99w\x83gN"9}\xa1!\xf8c?\xaa\xa5A3\xe0\xd5\xb2\xfb\x16\x9d\xce\xf6\xf0\x0e\xdb?\xdbS\xc2`\x10\x05U\xbe\'#\x1et\xdf\x84@\xedp\xebP\xba\xdc(\x92\xa1\xcf\xbe\x10\x06:\x03Y\x126\xeeJ\x80#\x92\xa2\xf6\x04' Source Port: 31002 Target Port: 49624 Timestamp: 1753302506.3046439
<- (67) byte, b'D\xc5\xa0[\xd8\x022\xb0{V\xb8\xf1\x13\xd1\xde\xa2\xddW\xda\xd0\x0b\xa5\tn\x0f\xfc\xe1\x9cT\x1786L&t\x8aR}\xbb\xca)`\x08\x02U\xfd\xd0\x1b\xc5h1\x1e\xf7\tz\xd1\xb6\x0b\xba\xfc\x88=4&\xb9\xb7v' Source Port: 31002 Target Port: 49624 Timestamp: 1753302506.3066776
-> (35) byte, b'9\xb4D\x1a\x8eIE`\xe1\xcdU\xae)\x93\x13_Y\xd6\xc7\x1a\xee\xfa\x7fv\xdc\x94O?\xfa\xbd\x06\x06\x02\xd0\xe7' Source Port: 31002 Target Port: 49624 Timestamp: 1753302507.309875
-> (0) byte, b'' Source Port: 31002 Target Port: 49624 Timestamp: 1753302507.310422
Connection closed from (apparently) out

serverProxyMITM:
Starting MITM: 31003 -> 31004
Received connection: <socket.socket fd=4, family=AddressFamily.AF_INET, type=SocketKind.SOCK_STREAM, proto=0, laddr=('127.0.0.1', 31003), raddr=('127.0.0.1', 37104)>
Connected to: 127.0.0.1, 31004 using ephemeral port 57792
<- (1) byte, b'X' Source Port: 31003 Target Port: 57792 Timestamp: 1753302506.3063028
-> (1) byte, b'B' Source Port: 31003 Target Port: 57792 Timestamp: 1753302507.310825
-> (0) byte, b'' Source Port: 31003 Target Port: 57792 Timestamp: 1753302507.3112395
Connection closed from (apparently) out

Client:
Mode 3 - start experiment
Received 1 byte: b'X'
Sent 1 byte of B
Connection closed

Server:
sent 1 byte of X
recv 1 bytes: b'B'
Completed iteration 18 for mode 3 with msg size 1 at 20250723-202822
----------------------------------------
Starting iteration 19 for mode 3 with msg size 1 at 20250723-202829
Results extracted:
Name: Start test ./logs/mode3_size1.log --mode 3 --send-size 1 
	Frames: 187
	Client got: 13 over 3 messages,  sent 14
	Server got: 1, over 0 messages, sent 1
	Terminated by FIN: CLIENT -> CLIENTPROXYMITM


clientProxyMITM:
Starting MITM: 31000 -> 31001
Received connection: <socket.socket fd=4, family=AddressFamily.AF_INET, type=SocketKind.SOCK_STREAM, proto=0, laddr=('127.0.0.1', 31000), raddr=('127.0.0.1', 43426)>
Connected to: 127.0.0.1, 31001 using ephemeral port 45954
-> (3) byte, b'\x05\x01\x00' Source Port: 31000 Target Port: 45954 Timestamp: 1753302513.5184417
<- (2) byte, b'\x05\x00' Source Port: 31000 Target Port: 45954 Timestamp: 1753302513.5187123
-> (4) byte, b'\x05\x01\x00\x01' Source Port: 31000 Target Port: 45954 Timestamp: 1753302513.518936
-> (6) byte, b'\x7f\x00\x00\x01y\x1b' Source Port: 31000 Target Port: 45954 Timestamp: 1753302513.5622694
<- (10) byte, b'\x05\x00\x00\x01\x00\x00\x00\x00\x00\x00' Source Port: 31000 Target Port: 45954 Timestamp: 1753302513.5624814
<- (1) byte, b'X' Source Port: 31000 Target Port: 45954 Timestamp: 1753302513.6167803
-> (1) byte, b'B' Source Port: 31000 Target Port: 45954 Timestamp: 1753302514.6218634
-> (0) byte, b'' Source Port: 31000 Target Port: 45954 Timestamp: 1753302514.622472
Connection closed from (apparently) out

mainMITM:
Starting MITM: 31002 -> 10086
Received connection: <socket.socket fd=4, family=AddressFamily.AF_INET, type=SocketKind.SOCK_STREAM, proto=0, laddr=('127.0.0.1', 31002), raddr=('127.0.0.1', 38424)>
Connected to: 127.0.0.1, 10086 using ephemeral port 51100
-> (73) byte, b'b\x97\xa1\xd1!\xf91\x04\x18\x91\xf0\xee\xd7G\xa1\xecHi\xb6\x1e\xe8)\x88MI\xfc\xe6\xf6\xbf\x83.N\xec;\x9c\x02MW\xed\xa3C\x16\xd3\tsz\x0c\xe2\x1eOf\x96Dd:\x00N\x85\xf7\xef\xa6\xdaF\xd7\x80\x15\x10\xf1\xed\xca\x7f\xd4\xb2' Source Port: 31002 Target Port: 51100 Timestamp: 1753302513.613696
<- (67) byte, b'n?].\x07\x11\xb8\xfd\xce\xfd\x9b_\x0b#:7\x08a\xe1S\x98\xbe\xa4\xc8\x8a\xa2t\xdf%\xca\xdb 7\x87:\xb8\xa3]A\x05\xeb \xd6\x9b!\xbe\xfd\xac\xf1\x02\xd3\xbb\xbf\xd5\xd0\x01\xcc6\xa3a\xa8\x0f\x15\xc67\xb6\xd8' Source Port: 31002 Target Port: 51100 Timestamp: 1753302513.6164136
-> (35) byte, b"\xe0\x12\x05\x97\xeeC\x13I\xf6_'\xc2\xa6\xc7i\xbc\x97N\x92zP\xa2O\xaf\x1e\x8d\r;>#3T\xe3\x0e*" Source Port: 31002 Target Port: 51100 Timestamp: 1753302514.6225271
-> (0) byte, b'' Source Port: 31002 Target Port: 51100 Timestamp: 1753302514.6233783
Connection closed from (apparently) out

serverProxyMITM:
Starting MITM: 31003 -> 31004
Received connection: <socket.socket fd=4, family=AddressFamily.AF_INET, type=SocketKind.SOCK_STREAM, proto=0, laddr=('127.0.0.1', 31003), raddr=('127.0.0.1', 47458)>
Connected to: 127.0.0.1, 31004 using ephemeral port 54588
<- (1) byte, b'X' Source Port: 31003 Target Port: 54588 Timestamp: 1753302513.6157303
-> (1) byte, b'B' Source Port: 31003 Target Port: 54588 Timestamp: 1753302514.6230159
-> (0) byte, b'' Source Port: 31003 Target Port: 54588 Timestamp: 1753302514.6240244
Connection closed from (apparently) out

Client:
Mode 3 - start experiment
Received 1 byte: b'X'
Sent 1 byte of B
Connection closed

Server:
sent 1 byte of X
recv 1 bytes: b'B'
Completed iteration 19 for mode 3 with msg size 1 at 20250723-202829
----------------------------------------
Starting iteration 20 for mode 3 with msg size 1 at 20250723-202836
Results extracted:
Name: Start test ./logs/mode3_size1.log --mode 3 --send-size 1 
	Frames: 198
	Client got: 13 over 3 messages,  sent 14
	Server got: 1, over 0 messages, sent 1
	Terminated by FIN: CLIENT -> CLIENTPROXYMITM


clientProxyMITM:
Starting MITM: 31000 -> 31001
Received connection: <socket.socket fd=4, family=AddressFamily.AF_INET, type=SocketKind.SOCK_STREAM, proto=0, laddr=('127.0.0.1', 31000), raddr=('127.0.0.1', 56964)>
Connected to: 127.0.0.1, 31001 using ephemeral port 51990
-> (3) byte, b'\x05\x01\x00' Source Port: 31000 Target Port: 51990 Timestamp: 1753302520.8229926
<- (2) byte, b'\x05\x00' Source Port: 31000 Target Port: 51990 Timestamp: 1753302520.8234677
-> (4) byte, b'\x05\x01\x00\x01' Source Port: 31000 Target Port: 51990 Timestamp: 1753302520.823708
-> (6) byte, b'\x7f\x00\x00\x01y\x1b' Source Port: 31000 Target Port: 51990 Timestamp: 1753302520.8718987
<- (10) byte, b'\x05\x00\x00\x01\x00\x00\x00\x00\x00\x00' Source Port: 31000 Target Port: 51990 Timestamp: 1753302520.8722684
<- (1) byte, b'X' Source Port: 31000 Target Port: 51990 Timestamp: 1753302520.9278858
-> (1) byte, b'B' Source Port: 31000 Target Port: 51990 Timestamp: 1753302521.9395735
-> (0) byte, b'' Source Port: 31000 Target Port: 51990 Timestamp: 1753302521.9407215
Connection closed from (apparently) out

mainMITM:
Starting MITM: 31002 -> 10086
Received connection: <socket.socket fd=4, family=AddressFamily.AF_INET, type=SocketKind.SOCK_STREAM, proto=0, laddr=('127.0.0.1', 31002), raddr=('127.0.0.1', 51228)>
Connected to: 127.0.0.1, 10086 using ephemeral port 44696
-> (73) byte, b"\xf8\x8f\xaf\xb4/\x86\xef\x8a\xfeWG\xc0\x83\xeali\x897\x8f\xc5\xb46\xc5\xe9\xe9\x1f\xbb'\xad\x9dyE\xee\xad\xa3\xbf4-\x86\x03\x88\x07\xf37\x01\xfb\xf8\x96\xf4\xf46\x8a\xce\x89\x1f\xf27\x9f@\xc24\xad\x05\xae\xda\xb4E)i\xc0@>\x1b" Source Port: 31002 Target Port: 44696 Timestamp: 1753302520.9243097
<- (67) byte, b'\xc5\x16\x8a\xc5\xf4\xfa\x11\xdf\xf5\xa1lA\x0f\xb6\x19o\x93a\x10\x0b\xdc\xbc\x0c\xdd\xe1\\\x91\x98\x98\x8dk\x04\xbd\x88t\x05,A\x86O9\xb7\xaeOc\xba-.Q\xd4S^\x18\x8fl\x10l\xb7\x8c\x82\xad\xed\xbf\xcf\x8bL\xad' Source Port: 31002 Target Port: 44696 Timestamp: 1753302520.9275737
-> (35) byte, b'\xe9^*b06Sb\x97\x80\xb6\x88\x7fv?ZZ\x07\xff\xca\x0f\xdc>\x8cHi\xf3\xde\xa4Z\xbbQf\xfc\xd9' Source Port: 31002 Target Port: 44696 Timestamp: 1753302521.943957
-> (0) byte, b'' Source Port: 31002 Target Port: 44696 Timestamp: 1753302521.9452965
Connection closed from (apparently) out

serverProxyMITM:
Starting MITM: 31003 -> 31004
Received connection: <socket.socket fd=4, family=AddressFamily.AF_INET, type=SocketKind.SOCK_STREAM, proto=0, laddr=('127.0.0.1', 31003), raddr=('127.0.0.1', 33622)>
Connected to: 127.0.0.1, 31004 using ephemeral port 54580
<- (1) byte, b'X' Source Port: 31003 Target Port: 54580 Timestamp: 1753302520.9269278
-> (1) byte, b'B' Source Port: 31003 Target Port: 54580 Timestamp: 1753302521.946725
-> (0) byte, b'' Source Port: 31003 Target Port: 54580 Timestamp: 1753302521.9474294
Connection closed from (apparently) out

Client:
Mode 3 - start experiment
Received 1 byte: b'X'
Sent 1 byte of B
Connection closed

Server:
sent 1 byte of X
recv 1 bytes: b'B'
Completed iteration 20 for mode 3 with msg size 1 at 20250723-202836
----------------------------------------
