Starting iteration 1 for mode 4 with msg size 1 at 20250723-203603
Results extracted:
Name: Start test ./logs/mode4_size1.log --mode 4 --send-size 1 
	Frames: 192
	Client got: 14 over 4 messages,  sent 13
	Server got: 0, over 0 messages, sent 2
	Terminated by FIN: CLIENT -> CLIENTPROXYMITM


clientProxyMITM:
Starting MITM: 31000 -> 31001
Received connection: <socket.socket fd=4, family=AddressFamily.AF_INET, type=SocketKind.SOCK_STREAM, proto=0, laddr=('127.0.0.1', 31000), raddr=('127.0.0.1', 60640)>
Connected to: 127.0.0.1, 31001 using ephemeral port 37412
-> (3) byte, b'\x05\x01\x00' Source Port: 31000 Target Port: 37412 Timestamp: 1753302967.4883103
<- (2) byte, b'\x05\x00' Source Port: 31000 Target Port: 37412 Timestamp: 1753302967.488517
-> (4) byte, b'\x05\x01\x00\x01' Source Port: 31000 Target Port: 37412 Timestamp: 1753302967.488787
-> (6) byte, b'\x7f\x00\x00\x01y\x1b' Source Port: 31000 Target Port: 37412 Timestamp: 1753302967.534986
<- (10) byte, b'\x05\x00\x00\x01\x00\x00\x00\x00\x00\x00' Source Port: 31000 Target Port: 37412 Timestamp: 1753302967.5352607
<- (1) byte, b'X' Source Port: 31000 Target Port: 37412 Timestamp: 1753302967.5922835
<- (1) byte, b'Y' Source Port: 31000 Target Port: 37412 Timestamp: 1753302968.5975645
-> (0) byte, b'' Source Port: 31000 Target Port: 37412 Timestamp: 1753302968.5987356
Connection closed from (apparently) out

mainMITM:
Starting MITM: 31002 -> 10086
Received connection: <socket.socket fd=4, family=AddressFamily.AF_INET, type=SocketKind.SOCK_STREAM, proto=0, laddr=('127.0.0.1', 31002), raddr=('127.0.0.1', 52754)>
Connected to: 127.0.0.1, 10086 using ephemeral port 39756
-> (73) byte, b'\x84\xd3\xea\xd8\x92\xbd\x9f,\x8e<\xa2F\xad\xa6\xa2\x92\xd8\xf39F\xed-\xd1\x02\xc1\x9e\xf9\xa6\xec\xd5\xed\x02\xd9S$Thy\xf9\xe1z\xbf\x7f\xc0h\xdd?\x11\xa6\xf9\xe0\x8e\x83\xd3\x058\xa4\xa5\xefv\x07@\xd7\xe4P\x90\x17\xd7*\x90\x93\x95[' Source Port: 31002 Target Port: 39756 Timestamp: 1753302967.5895157
<- (67) byte, b'\xe3\xdfr\x00\x9br\xce\xbc\xb1\xbe+\xe8\xf2\x07\xf0\xcd\xbb\x05\x96\x11j<-\xca6\xdco\x13\xed\x0c\x8a\x94fSFpTF~o\x90\xa0\xd1LU\xdd\xc7W\xe1\xb0D-\xb8\x81\xe6v7\x18\xfaR\xbdyK4\x8ex\xcd' Source Port: 31002 Target Port: 39756 Timestamp: 1753302967.5918052
<- (35) byte, b'C\xdd\xacF\x9e5&e\xfe`\x04\xe5C`\xb0|\xba\x10\xcd9M\x81\xbdO\xcb#\xf5\x18\xa0\x82\xb6\xda}\xfd\xfe' Source Port: 31002 Target Port: 39756 Timestamp: 1753302968.5967147
-> (0) byte, b'' Source Port: 31002 Target Port: 39756 Timestamp: 1753302968.6006815
Connection closed from (apparently) out

serverProxyMITM:
Starting MITM: 31003 -> 31004
Received connection: <socket.socket fd=4, family=AddressFamily.AF_INET, type=SocketKind.SOCK_STREAM, proto=0, laddr=('127.0.0.1', 31003), raddr=('127.0.0.1', 50770)>
Connected to: 127.0.0.1, 31004 using ephemeral port 35382
<- (1) byte, b'X' Source Port: 31003 Target Port: 35382 Timestamp: 1753302967.5913453
<- (1) byte, b'Y' Source Port: 31003 Target Port: 35382 Timestamp: 1753302968.5957687
-> (0) byte, b'' Source Port: 31003 Target Port: 35382 Timestamp: 1753302968.6016204
Connection closed from (apparently) out

Client:
Mode 4 - start experiment
Received 1st 1 byte: b'X'
Received 2nd 1 byte: b'Y'
Connection closed

Server:
sent 1 byte of X
sent 1 byte of Y
Completed iteration 1 for mode 4 with msg size 1 at 20250723-203603
----------------------------------------
Starting iteration 2 for mode 4 with msg size 1 at 20250723-203610
Results extracted:
Name: Start test ./logs/mode4_size1.log --mode 4 --send-size 1 
	Frames: 204
	Client got: 14 over 4 messages,  sent 13
	Server got: 0, over 0 messages, sent 2
	Terminated by FIN: CLIENT -> CLIENTPROXYMITM


clientProxyMITM:
Starting MITM: 31000 -> 31001
Received connection: <socket.socket fd=4, family=AddressFamily.AF_INET, type=SocketKind.SOCK_STREAM, proto=0, laddr=('127.0.0.1', 31000), raddr=('127.0.0.1', 49790)>
Connected to: 127.0.0.1, 31001 using ephemeral port 45580
-> (3) byte, b'\x05\x01\x00' Source Port: 31000 Target Port: 45580 Timestamp: 1753302974.8172092
<- (2) byte, b'\x05\x00' Source Port: 31000 Target Port: 45580 Timestamp: 1753302974.817553
-> (4) byte, b'\x05\x01\x00\x01' Source Port: 31000 Target Port: 45580 Timestamp: 1753302974.8178606
-> (6) byte, b'\x7f\x00\x00\x01y\x1b' Source Port: 31000 Target Port: 45580 Timestamp: 1753302974.861808
<- (10) byte, b'\x05\x00\x00\x01\x00\x00\x00\x00\x00\x00' Source Port: 31000 Target Port: 45580 Timestamp: 1753302974.8621542
<- (1) byte, b'X' Source Port: 31000 Target Port: 45580 Timestamp: 1753302974.9162936
<- (1) byte, b'Y' Source Port: 31000 Target Port: 45580 Timestamp: 1753302975.928518
-> (0) byte, b'' Source Port: 31000 Target Port: 45580 Timestamp: 1753302975.9298975
Connection closed from (apparently) out

mainMITM:
Starting MITM: 31002 -> 10086
Received connection: <socket.socket fd=4, family=AddressFamily.AF_INET, type=SocketKind.SOCK_STREAM, proto=0, laddr=('127.0.0.1', 31002), raddr=('127.0.0.1', 59080)>
Connected to: 127.0.0.1, 10086 using ephemeral port 57042
-> (73) byte, b'\xe2\xb7\xf7\xe9}\x16\x10\xf5\x82]\x93\x08\xf67\xea\x01 \x00\t\xe8\xdd\xf3\x0b\xf1\xce\n\xd8I\x01\xca\xd4q\xb6C6\x0e\xca\xf0\xa0\xc8\x1e]d\xad\x19\xd6r\xd0\x9dHH\xac\x81Zx\x876\xa3pO\xb3E\x1f\xd6\xed/\x0b\xe0\x14\xa4\x951\xaa' Source Port: 31002 Target Port: 57042 Timestamp: 1753302974.9136004
<- (67) byte, b'\x11\xed\x17K\xfb\x8d6\xe3Af\xefa\xe74\xb5\xbe\xb2\x11\xe5\xd3\xda\xa0(\x18\x94\xfb\x0cN \xc2\xe0;\x03\xf5\xbe\x0f\\\x9a~\xf3-\xab\x85\x07F\xd4\x85\xc1S\xfb\xddi\xb0V\x13\xce.\xb9q\x0f\x9e\xe4\x9b`\x92\xe0~' Source Port: 31002 Target Port: 57042 Timestamp: 1753302974.9159017
<- (35) byte, b'VW,\xce+\xdcH\xcd5\xb8\xad\xbfy\xa4\xa3\xbc\xaa\xae\xfdg\xbb\xec\xfd\xce\xb5\x19_\xdb\xcb\xa9\xd3\xdd\x94\xe5d' Source Port: 31002 Target Port: 57042 Timestamp: 1753302975.9277637
-> (0) byte, b'' Source Port: 31002 Target Port: 57042 Timestamp: 1753302975.9307604
Connection closed from (apparently) out

serverProxyMITM:
Starting MITM: 31003 -> 31004
Received connection: <socket.socket fd=4, family=AddressFamily.AF_INET, type=SocketKind.SOCK_STREAM, proto=0, laddr=('127.0.0.1', 31003), raddr=('127.0.0.1', 60266)>
Connected to: 127.0.0.1, 31004 using ephemeral port 55266
<- (1) byte, b'X' Source Port: 31003 Target Port: 55266 Timestamp: 1753302974.9154654
<- (1) byte, b'Y' Source Port: 31003 Target Port: 55266 Timestamp: 1753302975.9269266
-> (0) byte, b'' Source Port: 31003 Target Port: 55266 Timestamp: 1753302975.9332662
Connection closed from (apparently) out

Client:
Mode 4 - start experiment
Received 1st 1 byte: b'X'
Received 2nd 1 byte: b'Y'
Connection closed

Server:
sent 1 byte of X
sent 1 byte of Y
Completed iteration 2 for mode 4 with msg size 1 at 20250723-203610
----------------------------------------
Starting iteration 3 for mode 4 with msg size 1 at 20250723-203618
Results extracted:
Name: Start test ./logs/mode4_size1.log --mode 4 --send-size 1 
	Frames: 196
	Client got: 14 over 4 messages,  sent 13
	Server got: 0, over 0 messages, sent 2
	Terminated by FIN: CLIENT -> CLIENTPROXYMITM


clientProxyMITM:
Starting MITM: 31000 -> 31001
Received connection: <socket.socket fd=4, family=AddressFamily.AF_INET, type=SocketKind.SOCK_STREAM, proto=0, laddr=('127.0.0.1', 31000), raddr=('127.0.0.1', 57614)>
Connected to: 127.0.0.1, 31001 using ephemeral port 33452
-> (3) byte, b'\x05\x01\x00' Source Port: 31000 Target Port: 33452 Timestamp: 1753302982.128904
<- (2) byte, b'\x05\x00' Source Port: 31000 Target Port: 33452 Timestamp: 1753302982.129257
-> (4) byte, b'\x05\x01\x00\x01' Source Port: 31000 Target Port: 33452 Timestamp: 1753302982.1295478
-> (6) byte, b'\x7f\x00\x00\x01y\x1b' Source Port: 31000 Target Port: 33452 Timestamp: 1753302982.179833
<- (10) byte, b'\x05\x00\x00\x01\x00\x00\x00\x00\x00\x00' Source Port: 31000 Target Port: 33452 Timestamp: 1753302982.1800287
<- (1) byte, b'X' Source Port: 31000 Target Port: 33452 Timestamp: 1753302982.2375247
<- (1) byte, b'Y' Source Port: 31000 Target Port: 33452 Timestamp: 1753302983.2418232
-> (0) byte, b'' Source Port: 31000 Target Port: 33452 Timestamp: 1753302983.2429607
Connection closed from (apparently) out

mainMITM:
Starting MITM: 31002 -> 10086
Received connection: <socket.socket fd=4, family=AddressFamily.AF_INET, type=SocketKind.SOCK_STREAM, proto=0, laddr=('127.0.0.1', 31002), raddr=('127.0.0.1', 42674)>
Connected to: 127.0.0.1, 10086 using ephemeral port 37520
-> (73) byte, b"i\x04\xe1\xeePK:Eu\xb1\xbca\x85(\xaao\xb2\x14\xa5U\xfa'\xa1>\x1d|^\xa6\x8f\to\x15\xefDI`\r0to\xc0\xeddD\xafE\x18\xba\xe4~;\x00\xeb\xea\x99\x06N\xfe\xd3\x0b?\x94\xf1\x01\xb0\x9a\xc7c)\x9d\x07\x19\x83" Source Port: 31002 Target Port: 37520 Timestamp: 1753302982.2345614
<- (67) byte, b'\xeec6\xc9\x87\xff|6\xad\xf2\xd9l=\x96\x05\x85\x92\x8f\x14\x80v\xd2\xe2\xa4t\xdb\x08\x9f\x81\xcd\xef5ur(\xb0\xb2dyL\xb9J\xaf\xed|L\x9ac\xb1Sm)u\xed\x8f.g;\xd6=\x87T}T6\x9b\xe9' Source Port: 31002 Target Port: 37520 Timestamp: 1753302982.2371643
<- (35) byte, b'\x82\xc7\x07\x02\xedG\x10\xebL4V\xc6\x1f\x82\x16\xe4\xfe\xc9\xd1p\xafy\xd3\xe3\xbezN\x85\xe5V \xae\x1b\xda\xc5' Source Port: 31002 Target Port: 37520 Timestamp: 1753302983.2411423
-> (0) byte, b'' Source Port: 31002 Target Port: 37520 Timestamp: 1753302983.2456841
Connection closed from (apparently) out

serverProxyMITM:
Starting MITM: 31003 -> 31004
Received connection: <socket.socket fd=4, family=AddressFamily.AF_INET, type=SocketKind.SOCK_STREAM, proto=0, laddr=('127.0.0.1', 31003), raddr=('127.0.0.1', 44098)>
Connected to: 127.0.0.1, 31004 using ephemeral port 56426
<- (1) byte, b'X' Source Port: 31003 Target Port: 56426 Timestamp: 1753302982.2366943
<- (1) byte, b'Y' Source Port: 31003 Target Port: 56426 Timestamp: 1753302983.240263
-> (0) byte, b'' Source Port: 31003 Target Port: 56426 Timestamp: 1753302983.2468076
Connection closed from (apparently) out

Client:
Mode 4 - start experiment
Received 1st 1 byte: b'X'
Received 2nd 1 byte: b'Y'
Connection closed

Server:
sent 1 byte of X
sent 1 byte of Y
Completed iteration 3 for mode 4 with msg size 1 at 20250723-203618
----------------------------------------
Starting iteration 4 for mode 4 with msg size 1 at 20250723-203625
Results extracted:
Name: Start test ./logs/mode4_size1.log --mode 4 --send-size 1 
	Frames: 194
	Client got: 14 over 4 messages,  sent 13
	Server got: 0, over 0 messages, sent 2
	Terminated by FIN: CLIENT -> CLIENTPROXYMITM


clientProxyMITM:
Starting MITM: 31000 -> 31001
Received connection: <socket.socket fd=4, family=AddressFamily.AF_INET, type=SocketKind.SOCK_STREAM, proto=0, laddr=('127.0.0.1', 31000), raddr=('127.0.0.1', 60942)>
Connected to: 127.0.0.1, 31001 using ephemeral port 35532
-> (3) byte, b'\x05\x01\x00' Source Port: 31000 Target Port: 35532 Timestamp: 1753302989.4475732
<- (2) byte, b'\x05\x00' Source Port: 31000 Target Port: 35532 Timestamp: 1753302989.447928
-> (4) byte, b'\x05\x01\x00\x01' Source Port: 31000 Target Port: 35532 Timestamp: 1753302989.4482863
-> (6) byte, b'\x7f\x00\x00\x01y\x1b' Source Port: 31000 Target Port: 35532 Timestamp: 1753302989.498846
<- (10) byte, b'\x05\x00\x00\x01\x00\x00\x00\x00\x00\x00' Source Port: 31000 Target Port: 35532 Timestamp: 1753302989.49922
<- (1) byte, b'X' Source Port: 31000 Target Port: 35532 Timestamp: 1753302989.5537963
<- (1) byte, b'Y' Source Port: 31000 Target Port: 35532 Timestamp: 1753302990.5583544
-> (0) byte, b'' Source Port: 31000 Target Port: 35532 Timestamp: 1753302990.5596082
Connection closed from (apparently) out

mainMITM:
Starting MITM: 31002 -> 10086
Received connection: <socket.socket fd=4, family=AddressFamily.AF_INET, type=SocketKind.SOCK_STREAM, proto=0, laddr=('127.0.0.1', 31002), raddr=('127.0.0.1', 47282)>
Connected to: 127.0.0.1, 10086 using ephemeral port 52314
-> (73) byte, b"q=\x7f\x9bX\xb4\x1b\x9d\xae\xa1\x9a\x08i\x1d\xc0xz\xb3\x8c\x1aG\xb7GG\x7f\xea75\x87\xde@\xa4\x89O\xdcd<@T\x16;\xc5\xbc\\\x89[0\x9e\x9a\xb8uaF\xce\xe2\xa1{%\xeb\xd0\xb9\x9b\xee\x87$i|aU'\xd9\x9cc" Source Port: 31002 Target Port: 52314 Timestamp: 1753302989.5504794
<- (67) byte, b'\xb4l\x1b\x08~\xb0r\xc9?\x89\x1cK:\reP\x16[.\xa0\x10}\xec\xba\x17T\x86\x0c*\xdd\x8d\x13\xf8;\x10-\xe1\x99v\x185\xcc\xf5~\x01\xc1A\xdaU\xcf\xa3\x7f?\xbd\x8c\x8f\xaaS\xa6I\x8c!\xe7\xdfd\xedh' Source Port: 31002 Target Port: 52314 Timestamp: 1753302989.553382
<- (35) byte, b'm2\x95\xdb\xfa\xaf\x0b\x15\\jM\xfb5\xa8\x97+\x00F*\x8bX\xee\x82k$\xfcM\xfc\x88\xb9\x0e\x1d\xbeo\x1f' Source Port: 31002 Target Port: 52314 Timestamp: 1753302990.5573356
-> (0) byte, b'' Source Port: 31002 Target Port: 52314 Timestamp: 1753302990.5607176
Connection closed from (apparently) out

serverProxyMITM:
Starting MITM: 31003 -> 31004
Received connection: <socket.socket fd=4, family=AddressFamily.AF_INET, type=SocketKind.SOCK_STREAM, proto=0, laddr=('127.0.0.1', 31003), raddr=('127.0.0.1', 37724)>
Connected to: 127.0.0.1, 31004 using ephemeral port 42790
<- (1) byte, b'X' Source Port: 31003 Target Port: 42790 Timestamp: 1753302989.5526226
<- (1) byte, b'Y' Source Port: 31003 Target Port: 42790 Timestamp: 1753302990.5562868
-> (0) byte, b'' Source Port: 31003 Target Port: 42790 Timestamp: 1753302990.56162
Connection closed from (apparently) out

Client:
Mode 4 - start experiment
Received 1st 1 byte: b'X'
Received 2nd 1 byte: b'Y'
Connection closed

Server:
sent 1 byte of X
sent 1 byte of Y
Completed iteration 4 for mode 4 with msg size 1 at 20250723-203625
----------------------------------------
Starting iteration 5 for mode 4 with msg size 1 at 20250723-203632
Results extracted:
Name: Start test ./logs/mode4_size1.log --mode 4 --send-size 1 
	Frames: 200
	Client got: 14 over 4 messages,  sent 13
	Server got: 0, over 0 messages, sent 2
	Terminated by FIN: CLIENT -> CLIENTPROXYMITM


clientProxyMITM:
Starting MITM: 31000 -> 31001
Received connection: <socket.socket fd=4, family=AddressFamily.AF_INET, type=SocketKind.SOCK_STREAM, proto=0, laddr=('127.0.0.1', 31000), raddr=('127.0.0.1', 60952)>
Connected to: 127.0.0.1, 31001 using ephemeral port 35542
-> (3) byte, b'\x05\x01\x00' Source Port: 31000 Target Port: 35542 Timestamp: 1753302996.776192
<- (2) byte, b'\x05\x00' Source Port: 31000 Target Port: 35542 Timestamp: 1753302996.7763648
-> (4) byte, b'\x05\x01\x00\x01' Source Port: 31000 Target Port: 35542 Timestamp: 1753302996.7765646
-> (6) byte, b'\x7f\x00\x00\x01y\x1b' Source Port: 31000 Target Port: 35542 Timestamp: 1753302996.821211
<- (10) byte, b'\x05\x00\x00\x01\x00\x00\x00\x00\x00\x00' Source Port: 31000 Target Port: 35542 Timestamp: 1753302996.8214943
<- (1) byte, b'X' Source Port: 31000 Target Port: 35542 Timestamp: 1753302996.876873
<- (1) byte, b'Y' Source Port: 31000 Target Port: 35542 Timestamp: 1753302997.889275
-> (0) byte, b'' Source Port: 31000 Target Port: 35542 Timestamp: 1753302997.8905246
Connection closed from (apparently) out

mainMITM:
Starting MITM: 31002 -> 10086
Received connection: <socket.socket fd=4, family=AddressFamily.AF_INET, type=SocketKind.SOCK_STREAM, proto=0, laddr=('127.0.0.1', 31002), raddr=('127.0.0.1', 47296)>
Connected to: 127.0.0.1, 10086 using ephemeral port 52316
-> (73) byte, b'8\xc1\x9dEp\xee5z\xb0\xef\x85g{hSg&\xd1H\xfd\xf5\xb5UP\x924\x11\xd2\x1b\x08\x13"Q`\xc7\x91\x8b\tT\x8csx\xd3\xd1\x85\x9e\xb6\xc7\xa4\x08\xabWTy\x1e\xd0\xcc\xe2\xccES\x19\xc1\xca\x12*K\x85\xd3z\\\x8a\x00' Source Port: 31002 Target Port: 52316 Timestamp: 1753302996.8745682
<- (67) byte, b"\xe1\x07\xd5$\xea\xceE\x90'g\x99D\x08\x97V\xa1\x83,=\x80\x17\x9c\xc00Wx\xe4\x0b\x03\xee\x8e\xa4\xde\xa2\xf2\xfaJ\x7f\x041\x87\xba\xd59\xb1\x12qb\x9c\x82ue\x11U\x15\x10\xaf\xe3N@57\x9bi\xce5\x8a" Source Port: 31002 Target Port: 52316 Timestamp: 1753302996.8766162
<- (35) byte, b'v\x7f\x0b\xe9 \xf4k\xef\x86\xac\x9d\xae%\xd4\xa2\xcf\xfc\xc5U\xdc<:C\x10\xdd6T\x9aK[\x00g\xe7\xe6\x96' Source Port: 31002 Target Port: 52316 Timestamp: 1753302997.8883834
-> (0) byte, b'' Source Port: 31002 Target Port: 52316 Timestamp: 1753302997.8917356
Connection closed from (apparently) out

serverProxyMITM:
Starting MITM: 31003 -> 31004
Received connection: <socket.socket fd=4, family=AddressFamily.AF_INET, type=SocketKind.SOCK_STREAM, proto=0, laddr=('127.0.0.1', 31003), raddr=('127.0.0.1', 37732)>
Connected to: 127.0.0.1, 31004 using ephemeral port 42802
<- (1) byte, b'X' Source Port: 31003 Target Port: 42802 Timestamp: 1753302996.8762221
<- (1) byte, b'Y' Source Port: 31003 Target Port: 42802 Timestamp: 1753302997.887623
-> (0) byte, b'' Source Port: 31003 Target Port: 42802 Timestamp: 1753302997.8942518
Connection closed from (apparently) out

Client:
Mode 4 - start experiment
Received 1st 1 byte: b'X'
Received 2nd 1 byte: b'Y'
Connection closed

Server:
sent 1 byte of X
sent 1 byte of Y
Completed iteration 5 for mode 4 with msg size 1 at 20250723-203632
----------------------------------------
Starting iteration 6 for mode 4 with msg size 1 at 20250723-203640
Results extracted:
Name: Start test ./logs/mode4_size1.log --mode 4 --send-size 1 
	Frames: 191
	Client got: 14 over 4 messages,  sent 13
	Server got: 0, over 0 messages, sent 2
	Terminated by FIN: CLIENT -> CLIENTPROXYMITM


clientProxyMITM:
Starting MITM: 31000 -> 31001
Received connection: <socket.socket fd=4, family=AddressFamily.AF_INET, type=SocketKind.SOCK_STREAM, proto=0, laddr=('127.0.0.1', 31000), raddr=('127.0.0.1', 36174)>
Connected to: 127.0.0.1, 31001 using ephemeral port 54594
-> (3) byte, b'\x05\x01\x00' Source Port: 31000 Target Port: 54594 Timestamp: 1753303004.0881991
<- (2) byte, b'\x05\x00' Source Port: 31000 Target Port: 54594 Timestamp: 1753303004.0883882
-> (4) byte, b'\x05\x01\x00\x01' Source Port: 31000 Target Port: 54594 Timestamp: 1753303004.0885923
-> (6) byte, b'\x7f\x00\x00\x01y\x1b' Source Port: 31000 Target Port: 54594 Timestamp: 1753303004.1310148
<- (10) byte, b'\x05\x00\x00\x01\x00\x00\x00\x00\x00\x00' Source Port: 31000 Target Port: 54594 Timestamp: 1753303004.131277
<- (1) byte, b'X' Source Port: 31000 Target Port: 54594 Timestamp: 1753303004.1868079
<- (1) byte, b'Y' Source Port: 31000 Target Port: 54594 Timestamp: 1753303005.1938324
-> (0) byte, b'' Source Port: 31000 Target Port: 54594 Timestamp: 1753303005.1949797
Connection closed from (apparently) out

mainMITM:
Starting MITM: 31002 -> 10086
Received connection: <socket.socket fd=4, family=AddressFamily.AF_INET, type=SocketKind.SOCK_STREAM, proto=0, laddr=('127.0.0.1', 31002), raddr=('127.0.0.1', 59600)>
Connected to: 127.0.0.1, 10086 using ephemeral port 38626
-> (73) byte, b'\x1c\xac\x8c:\xd2\xd2~\xb8\x1e;;c8\xd5(\xecTalj\xb2D\xfakS1Z\xec0\xfc\xa1\t[\xec\xf3\xd7\xe2:~\xb4)\xf7\xbe\xc7\xd6\x92GUb~\xa6\xf8\x9b\x13\x868^\xba\xad\xdf(i\xe0\xbf\rA#c\xe3Y\xf2\xb0:' Source Port: 31002 Target Port: 38626 Timestamp: 1753303004.1845229
<- (67) byte, b'd\xd9c\x8c\xac\x10\x1c\xa5g#9?\x9a\xaf\x11}gn\x9b7\x9e\xf0\x9a\xb3\xfb\xefL\x17\xf6\xa7\xf3\x00\x01\xa0\xf7wD\x00pb\xb7Z\x0f\x8a\x141\x00Xy!\x7f\xc2-J\x88\xba\x07A*\xa8o\x99\x94\xc7\xda\xc1\xe6' Source Port: 31002 Target Port: 38626 Timestamp: 1753303004.1865406
<- (35) byte, b'\x89\x94\x01\x98o\xder0\x01Y+\xe2"\xad\xabB\x81\xac\xec\xf4\xc8\xc0\xe3\xa8\xba\xa1\xe9\xf9\x1a\xd1\x1b\xcd\x06@\xdb' Source Port: 31002 Target Port: 38626 Timestamp: 1753303005.1928701
-> (0) byte, b'' Source Port: 31002 Target Port: 38626 Timestamp: 1753303005.1959276
Connection closed from (apparently) out

serverProxyMITM:
Starting MITM: 31003 -> 31004
Received connection: <socket.socket fd=4, family=AddressFamily.AF_INET, type=SocketKind.SOCK_STREAM, proto=0, laddr=('127.0.0.1', 31003), raddr=('127.0.0.1', 59942)>
Connected to: 127.0.0.1, 31004 using ephemeral port 55066
<- (1) byte, b'X' Source Port: 31003 Target Port: 55066 Timestamp: 1753303004.1859798
<- (1) byte, b'Y' Source Port: 31003 Target Port: 55066 Timestamp: 1753303005.1916296
-> (0) byte, b'' Source Port: 31003 Target Port: 55066 Timestamp: 1753303005.1975687
Connection closed from (apparently) out

Client:
Mode 4 - start experiment
Received 1st 1 byte: b'X'
Received 2nd 1 byte: b'Y'
Connection closed

Server:
sent 1 byte of X
sent 1 byte of Y
Completed iteration 6 for mode 4 with msg size 1 at 20250723-203640
----------------------------------------
Starting iteration 7 for mode 4 with msg size 1 at 20250723-203647
Results extracted:
Name: Start test ./logs/mode4_size1.log --mode 4 --send-size 1 
	Frames: 189
	Client got: 14 over 4 messages,  sent 13
	Server got: 0, over 0 messages, sent 2
	Terminated by FIN: CLIENT -> CLIENTPROXYMITM


clientProxyMITM:
Starting MITM: 31000 -> 31001
Received connection: <socket.socket fd=4, family=AddressFamily.AF_INET, type=SocketKind.SOCK_STREAM, proto=0, laddr=('127.0.0.1', 31000), raddr=('127.0.0.1', 54598)>
Connected to: 127.0.0.1, 31001 using ephemeral port 50994
-> (3) byte, b'\x05\x01\x00' Source Port: 31000 Target Port: 50994 Timestamp: 1753303011.4227376
<- (2) byte, b'\x05\x00' Source Port: 31000 Target Port: 50994 Timestamp: 1753303011.423011
-> (4) byte, b'\x05\x01\x00\x01' Source Port: 31000 Target Port: 50994 Timestamp: 1753303011.4234943
-> (6) byte, b'\x7f\x00\x00\x01y\x1b' Source Port: 31000 Target Port: 50994 Timestamp: 1753303011.4721363
<- (10) byte, b'\x05\x00\x00\x01\x00\x00\x00\x00\x00\x00' Source Port: 31000 Target Port: 50994 Timestamp: 1753303011.4725313
<- (1) byte, b'X' Source Port: 31000 Target Port: 50994 Timestamp: 1753303011.530261
<- (1) byte, b'Y' Source Port: 31000 Target Port: 50994 Timestamp: 1753303012.5333478
-> (0) byte, b'' Source Port: 31000 Target Port: 50994 Timestamp: 1753303012.5344136
Connection closed from (apparently) out

mainMITM:
Starting MITM: 31002 -> 10086
Received connection: <socket.socket fd=4, family=AddressFamily.AF_INET, type=SocketKind.SOCK_STREAM, proto=0, laddr=('127.0.0.1', 31002), raddr=('127.0.0.1', 52348)>
Connected to: 127.0.0.1, 10086 using ephemeral port 48774
-> (73) byte, b"-\x98\xb7C\xac>\x15O\x8eU\xa7\x9e\x0b\xcfi\x01\xbf\xf7L\xf9\xd2J\xacU\x96\xf1\x7f\x0e\x0f\xd3\xec\x0c\xa96\xfe\xbc\xe2\x03'\xb0\xeeDsZ\x11\xe7\xad^\x87\x1dZ\xc6oF\x99\x9e\x87\xeag\xa0fy\x05\x18C\xf8\xfe#=\x1bP\x14m" Source Port: 31002 Target Port: 48774 Timestamp: 1753303011.5265203
<- (67) byte, b'A\x98\xec\x89\xb7r\xc3&\x01\x18\xaca;\xbf\x8f&\xe4\xc9\x1c\xae\x8f\xe3\x89\x19q\x99&\xd1PQ\x8b\xd0phPK\x06]\xe7\xff\xf8\x88\x9e\xc8\xa2\x8f3\xc7V|\xd6\x99\x99\x0f\x83\x98E\xef\x19L\xeeT\x82\xcb4\x02\xdd' Source Port: 31002 Target Port: 48774 Timestamp: 1753303011.5297568
<- (35) byte, b'\xe0K\xcb!\xc3\x0e`&YS\x84\xc1|\xb2\xd8|\xa4\xea\xf8\xc72Y\xbcD\xc6\xef\x87\x97C\x85]X\x12\xe8j' Source Port: 31002 Target Port: 48774 Timestamp: 1753303012.532467
-> (0) byte, b'' Source Port: 31002 Target Port: 48774 Timestamp: 1753303012.535333
Connection closed from (apparently) out

serverProxyMITM:
Starting MITM: 31003 -> 31004
Received connection: <socket.socket fd=4, family=AddressFamily.AF_INET, type=SocketKind.SOCK_STREAM, proto=0, laddr=('127.0.0.1', 31003), raddr=('127.0.0.1', 50298)>
Connected to: 127.0.0.1, 31004 using ephemeral port 43084
<- (1) byte, b'X' Source Port: 31003 Target Port: 43084 Timestamp: 1753303011.5285745
<- (1) byte, b'Y' Source Port: 31003 Target Port: 43084 Timestamp: 1753303012.531692
-> (0) byte, b'' Source Port: 31003 Target Port: 43084 Timestamp: 1753303012.535953
Connection closed from (apparently) out

Client:
Mode 4 - start experiment
Received 1st 1 byte: b'X'
Received 2nd 1 byte: b'Y'
Connection closed

Server:
sent 1 byte of X
sent 1 byte of Y
Completed iteration 7 for mode 4 with msg size 1 at 20250723-203647
----------------------------------------
Starting iteration 8 for mode 4 with msg size 1 at 20250723-203654
Results extracted:
Name: Start test ./logs/mode4_size1.log --mode 4 --send-size 1 
	Frames: 194
	Client got: 14 over 4 messages,  sent 13
	Server got: 0, over 0 messages, sent 2
	Terminated by FIN: CLIENT -> CLIENTPROXYMITM


clientProxyMITM:
Starting MITM: 31000 -> 31001
Received connection: <socket.socket fd=4, family=AddressFamily.AF_INET, type=SocketKind.SOCK_STREAM, proto=0, laddr=('127.0.0.1', 31000), raddr=('127.0.0.1', 51358)>
Connected to: 127.0.0.1, 31001 using ephemeral port 38894
-> (3) byte, b'\x05\x01\x00' Source Port: 31000 Target Port: 38894 Timestamp: 1753303018.7246797
<- (2) byte, b'\x05\x00' Source Port: 31000 Target Port: 38894 Timestamp: 1753303018.7248752
-> (4) byte, b'\x05\x01\x00\x01' Source Port: 31000 Target Port: 38894 Timestamp: 1753303018.72529
-> (6) byte, b'\x7f\x00\x00\x01y\x1b' Source Port: 31000 Target Port: 38894 Timestamp: 1753303018.7734513
<- (10) byte, b'\x05\x00\x00\x01\x00\x00\x00\x00\x00\x00' Source Port: 31000 Target Port: 38894 Timestamp: 1753303018.7737632
<- (1) byte, b'X' Source Port: 31000 Target Port: 38894 Timestamp: 1753303018.828748
<- (1) byte, b'Y' Source Port: 31000 Target Port: 38894 Timestamp: 1753303019.8382
-> (0) byte, b'' Source Port: 31000 Target Port: 38894 Timestamp: 1753303019.8394148
Connection closed from (apparently) out

mainMITM:
Starting MITM: 31002 -> 10086
Received connection: <socket.socket fd=4, family=AddressFamily.AF_INET, type=SocketKind.SOCK_STREAM, proto=0, laddr=('127.0.0.1', 31002), raddr=('127.0.0.1', 40230)>
Connected to: 127.0.0.1, 10086 using ephemeral port 52416
-> (73) byte, b'\xf75\x9e\xea\xd9\x7f-\xb6\x92\x91`\n\x0b0\x805\xd9\x11>\xcabf\x9b\x89\xa3\x11\x01!\xd5\xe3c0\x91\xb3\xfa\xa6#\xbc\x8a\x98\xbc\xcf\x98{\xf2\xa2w\x1c\xa2j\xcc\t\x8b95\xd5>h\x8a\xf6\x9c\xe0\xed\x08\xff\xa2Z~m\x08\xfc\\\xc4' Source Port: 31002 Target Port: 52416 Timestamp: 1753303018.8253806
<- (67) byte, b'\x87g\x89\xc5\x077\xce\xa3\x0b\x18g\xa9\xcf}\xf7\x86\x17\xe7\x14^\xc9_\xf8k^-\xdfO\xec\x0c,\xc5\xb6\xad\xde\xab\xc2\xf0\xbc\xd6\xf5\xda\xe3\xff5ln\x1c0\x07\xadD\xb9(/:\xda\xd1\xd4sy\xdd\xd4\x9f\xd3:B' Source Port: 31002 Target Port: 52416 Timestamp: 1753303018.8283944
<- (35) byte, b'u\xbe\x0c\x874O\x98\xaa\xd8K1\xddd+z\xb0c\xa7\x84S\xb6=U\x81\xa3\xa8Sk\xf8w^\\3Q\xe9' Source Port: 31002 Target Port: 52416 Timestamp: 1753303019.8368614
-> (0) byte, b'' Source Port: 31002 Target Port: 52416 Timestamp: 1753303019.8404162
Connection closed from (apparently) out

serverProxyMITM:
Starting MITM: 31003 -> 31004
Received connection: <socket.socket fd=4, family=AddressFamily.AF_INET, type=SocketKind.SOCK_STREAM, proto=0, laddr=('127.0.0.1', 31003), raddr=('127.0.0.1', 38468)>
Connected to: 127.0.0.1, 31004 using ephemeral port 59062
<- (1) byte, b'X' Source Port: 31003 Target Port: 59062 Timestamp: 1753303018.8277264
<- (1) byte, b'Y' Source Port: 31003 Target Port: 59062 Timestamp: 1753303019.8358254
-> (0) byte, b'' Source Port: 31003 Target Port: 59062 Timestamp: 1753303019.8428104
Connection closed from (apparently) out

Client:
Mode 4 - start experiment
Received 1st 1 byte: b'X'
Received 2nd 1 byte: b'Y'
Connection closed

Server:
sent 1 byte of X
sent 1 byte of Y
Completed iteration 8 for mode 4 with msg size 1 at 20250723-203654
----------------------------------------
Starting iteration 9 for mode 4 with msg size 1 at 20250723-203701
Results extracted:
Name: Start test ./logs/mode4_size1.log --mode 4 --send-size 1 
	Frames: 204
	Client got: 14 over 4 messages,  sent 13
	Server got: 0, over 0 messages, sent 2
	Terminated by FIN: CLIENT -> CLIENTPROXYMITM


clientProxyMITM:
Starting MITM: 31000 -> 31001
Received connection: <socket.socket fd=4, family=AddressFamily.AF_INET, type=SocketKind.SOCK_STREAM, proto=0, laddr=('127.0.0.1', 31000), raddr=('127.0.0.1', 51360)>
Connected to: 127.0.0.1, 31001 using ephemeral port 38906
-> (3) byte, b'\x05\x01\x00' Source Port: 31000 Target Port: 38906 Timestamp: 1753303026.0642972
<- (2) byte, b'\x05\x00' Source Port: 31000 Target Port: 38906 Timestamp: 1753303026.0646048
-> (4) byte, b'\x05\x01\x00\x01' Source Port: 31000 Target Port: 38906 Timestamp: 1753303026.0648415
-> (6) byte, b'\x7f\x00\x00\x01y\x1b' Source Port: 31000 Target Port: 38906 Timestamp: 1753303026.1114922
<- (10) byte, b'\x05\x00\x00\x01\x00\x00\x00\x00\x00\x00' Source Port: 31000 Target Port: 38906 Timestamp: 1753303026.1117547
<- (1) byte, b'X' Source Port: 31000 Target Port: 38906 Timestamp: 1753303026.1659195
<- (1) byte, b'Y' Source Port: 31000 Target Port: 38906 Timestamp: 1753303027.1747012
-> (0) byte, b'' Source Port: 31000 Target Port: 38906 Timestamp: 1753303027.1758468
Connection closed from (apparently) out

mainMITM:
Starting MITM: 31002 -> 10086
Received connection: <socket.socket fd=4, family=AddressFamily.AF_INET, type=SocketKind.SOCK_STREAM, proto=0, laddr=('127.0.0.1', 31002), raddr=('127.0.0.1', 40242)>
Connected to: 127.0.0.1, 10086 using ephemeral port 52426
-> (73) byte, b'\x86`J\x82\x96\xc3\r\xe3#\xfd\x87 C\xa3\xe3Q\x9e;\x88#W.~n\x82e\xa1\x94s\xb4=\xd9\xf1\xb4\x84C\x11\xba\xeb\x11\xbec\xc3\xb4k\x8b7\xa1\x895CV\xb3\xa3\xef\xe0sk\x1e\xc4\xcd\xfe\x8f\xddS\xafU^\xe3\xba\xeb\x16b' Source Port: 31002 Target Port: 52426 Timestamp: 1753303026.1629298
<- (67) byte, b'\x88\x13\xa7\xa4\x81\x99\xad\x1e\x0b\xfe?\r\xe3\x82\xa0#\xad\n\xf0\x98 \x1f\xc3\x96\x8e\x9a\xd4\xe5\xc3Ocn\xc3Q\xf0\xd1\xc5\x8b\xf5\xf91\xf4\x81] k\xc4\xd4\x85\x99\xeb\xa4\x8d\xca\x9e\xcf\r\x0fh\xb3\x83*\xbec\xae\xbf\xb0' Source Port: 31002 Target Port: 52426 Timestamp: 1753303026.1656322
<- (35) byte, b'\xc2\x81LJ\xe3j(U{\x1e\x05\x19\x83\\\xbb\xe3w\xf7\x12\xf6B\x02.\x16\x00\x02\xee\x88\xd2\xf4\xf7\r\x17`\x16' Source Port: 31002 Target Port: 52426 Timestamp: 1753303027.173898
-> (0) byte, b'' Source Port: 31002 Target Port: 52426 Timestamp: 1753303027.1766593
Connection closed from (apparently) out

serverProxyMITM:
Starting MITM: 31003 -> 31004
Received connection: <socket.socket fd=4, family=AddressFamily.AF_INET, type=SocketKind.SOCK_STREAM, proto=0, laddr=('127.0.0.1', 31003), raddr=('127.0.0.1', 38472)>
Connected to: 127.0.0.1, 31004 using ephemeral port 59074
<- (1) byte, b'X' Source Port: 31003 Target Port: 59074 Timestamp: 1753303026.165206
<- (1) byte, b'Y' Source Port: 31003 Target Port: 59074 Timestamp: 1753303027.172887
-> (0) byte, b'' Source Port: 31003 Target Port: 59074 Timestamp: 1753303027.177997
Connection closed from (apparently) out

Client:
Mode 4 - start experiment
Received 1st 1 byte: b'X'
Received 2nd 1 byte: b'Y'
Connection closed

Server:
sent 1 byte of X
sent 1 byte of Y
Completed iteration 9 for mode 4 with msg size 1 at 20250723-203701
----------------------------------------
Starting iteration 10 for mode 4 with msg size 1 at 20250723-203709
Results extracted:
Name: Start test ./logs/mode4_size1.log --mode 4 --send-size 1 
	Frames: 194
	Client got: 14 over 4 messages,  sent 13
	Server got: 0, over 0 messages, sent 2
	Terminated by FIN: CLIENT -> CLIENTPROXYMITM


clientProxyMITM:
Starting MITM: 31000 -> 31001
Received connection: <socket.socket fd=4, family=AddressFamily.AF_INET, type=SocketKind.SOCK_STREAM, proto=0, laddr=('127.0.0.1', 31000), raddr=('127.0.0.1', 49206)>
Connected to: 127.0.0.1, 31001 using ephemeral port 40088
-> (3) byte, b'\x05\x01\x00' Source Port: 31000 Target Port: 40088 Timestamp: 1753303033.4048376
<- (2) byte, b'\x05\x00' Source Port: 31000 Target Port: 40088 Timestamp: 1753303033.4052267
-> (4) byte, b'\x05\x01\x00\x01' Source Port: 31000 Target Port: 40088 Timestamp: 1753303033.4054737
-> (6) byte, b'\x7f\x00\x00\x01y\x1b' Source Port: 31000 Target Port: 40088 Timestamp: 1753303033.446309
<- (10) byte, b'\x05\x00\x00\x01\x00\x00\x00\x00\x00\x00' Source Port: 31000 Target Port: 40088 Timestamp: 1753303033.4467442
<- (1) byte, b'X' Source Port: 31000 Target Port: 40088 Timestamp: 1753303033.5016165
<- (1) byte, b'Y' Source Port: 31000 Target Port: 40088 Timestamp: 1753303034.5098588
-> (0) byte, b'' Source Port: 31000 Target Port: 40088 Timestamp: 1753303034.511028
Connection closed from (apparently) out

mainMITM:
Starting MITM: 31002 -> 10086
Received connection: <socket.socket fd=4, family=AddressFamily.AF_INET, type=SocketKind.SOCK_STREAM, proto=0, laddr=('127.0.0.1', 31002), raddr=('127.0.0.1', 54698)>
Connected to: 127.0.0.1, 10086 using ephemeral port 39402
-> (73) byte, b'f\xe5y\x08:\xf9\'\xed\x9f\xe6\xc4O#\x13\xa0\xd0\x18\r\xe7\xf7\xa4\x85\xc1\xce\xc3\x91\'7\xf9\xb8XXHH"T\x84\x00\x84\xed-\xe2\x08\\\x13\xd9P\xc0\xa7FC\xe7\xab\\C?\x8fK\xc8\xca\xb3\xed.\xb6\xd6_\x9cf\xfc\xbex\x8e\xd6' Source Port: 31002 Target Port: 39402 Timestamp: 1753303033.4985359
<- (67) byte, b'7\xe5\x90\x7f\xb8o\x1a\x8a,\xef\xd2\x8e\xbb\x1c\x95z\x98w\xe3\xcetT)r\xd1\x0e{\x1f\xaa\x0e\xa8\xb1.\xddJ\x19\xe0+\x0b\xd7"\xbd\xba\xd1\xff\xc4\x924\xd6r\x013\xe3\x08L\xd4\x01\xdc%\x13z\xfb\x9e\x91;\xba\x8f' Source Port: 31002 Target Port: 39402 Timestamp: 1753303033.5013223
<- (35) byte, b"4l\xc28\xa4/[\x9c\xf2I\xa3\xf1\xea}\xc6Kl\x9fW\xe6\x08|\xaa`\xd16\x03\xe5u\xb5V\x890E'" Source Port: 31002 Target Port: 39402 Timestamp: 1753303034.5089881
-> (0) byte, b'' Source Port: 31002 Target Port: 39402 Timestamp: 1753303034.5119553
Connection closed from (apparently) out

serverProxyMITM:
Starting MITM: 31003 -> 31004
Received connection: <socket.socket fd=4, family=AddressFamily.AF_INET, type=SocketKind.SOCK_STREAM, proto=0, laddr=('127.0.0.1', 31003), raddr=('127.0.0.1', 33944)>
Connected to: 127.0.0.1, 31004 using ephemeral port 37496
<- (1) byte, b'X' Source Port: 31003 Target Port: 37496 Timestamp: 1753303033.5007818
<- (1) byte, b'Y' Source Port: 31003 Target Port: 37496 Timestamp: 1753303034.5082524
-> (0) byte, b'' Source Port: 31003 Target Port: 37496 Timestamp: 1753303034.5133288
Connection closed from (apparently) out

Client:
Mode 4 - start experiment
Received 1st 1 byte: b'X'
Received 2nd 1 byte: b'Y'
Connection closed

Server:
sent 1 byte of X
sent 1 byte of Y
Completed iteration 10 for mode 4 with msg size 1 at 20250723-203709
----------------------------------------
Starting iteration 11 for mode 4 with msg size 1 at 20250723-203716
Results extracted:
Name: Start test ./logs/mode4_size1.log --mode 4 --send-size 1 
	Frames: 191
	Client got: 14 over 4 messages,  sent 13
	Server got: 0, over 0 messages, sent 2
	Terminated by FIN: CLIENT -> CLIENTPROXYMITM


clientProxyMITM:
Starting MITM: 31000 -> 31001
Received connection: <socket.socket fd=4, family=AddressFamily.AF_INET, type=SocketKind.SOCK_STREAM, proto=0, laddr=('127.0.0.1', 31000), raddr=('127.0.0.1', 46862)>
Connected to: 127.0.0.1, 31001 using ephemeral port 58846
-> (3) byte, b'\x05\x01\x00' Source Port: 31000 Target Port: 58846 Timestamp: 1753303040.725667
<- (2) byte, b'\x05\x00' Source Port: 31000 Target Port: 58846 Timestamp: 1753303040.7259321
-> (4) byte, b'\x05\x01\x00\x01' Source Port: 31000 Target Port: 58846 Timestamp: 1753303040.726273
-> (6) byte, b'\x7f\x00\x00\x01y\x1b' Source Port: 31000 Target Port: 58846 Timestamp: 1753303040.7692888
<- (10) byte, b'\x05\x00\x00\x01\x00\x00\x00\x00\x00\x00' Source Port: 31000 Target Port: 58846 Timestamp: 1753303040.769685
<- (1) byte, b'X' Source Port: 31000 Target Port: 58846 Timestamp: 1753303040.8244133
<- (1) byte, b'Y' Source Port: 31000 Target Port: 58846 Timestamp: 1753303041.831826
-> (0) byte, b'' Source Port: 31000 Target Port: 58846 Timestamp: 1753303041.8326793
Connection closed from (apparently) out

mainMITM:
Starting MITM: 31002 -> 10086
Received connection: <socket.socket fd=4, family=AddressFamily.AF_INET, type=SocketKind.SOCK_STREAM, proto=0, laddr=('127.0.0.1', 31002), raddr=('127.0.0.1', 43636)>
Connected to: 127.0.0.1, 10086 using ephemeral port 40880
-> (73) byte, b'+\x99#\xb6\xc7\x1a\xa7\xc6\x04\xdf\xc97\x16\x99\x00a\xf6\xcc\x13\x1f\xe6\x8d7g\xd7\x18F^\x11\xd0\x9f{$3\xd6\xb4\xb6,:\x8fh\x80\xd9\xfd\xd7\x83Bt\x99u\x11\x08\xaf\x91\xcf\xe9\xd5B\x9a\xb3\xe8\x0eg\xd7w\x9d|\xc9\xf7(\x8f\xeb\x8b' Source Port: 31002 Target Port: 40880 Timestamp: 1753303040.821288
<- (67) byte, b'hg\xb5\x99)\xb0S\xb0\xc8\x0b\xa1\x06\xf7gb8}\x1c\xbd\xc0\xd2e~z\x87\xaf\x97\x90\x17\xde\xa1\xe3\xd8`\xc9`^\x9d\x95\xe1\x17C[\xe2!\xfd\xaf\xfd|\xbf\x11T.\xd7\x90\xb9\x93c*\x0c\xaf\xe5\xfa\xa64\xd4~' Source Port: 31002 Target Port: 40880 Timestamp: 1753303040.824098
<- (35) byte, b'\xb9\xf6\xb0Y\xef\x1eP\xef\x87Y\xfe5D\x01K\x07\x8e\xae\xebw\x1efN\x87\xe7\xe2_s\xfd\xcd><@5\xc1' Source Port: 31002 Target Port: 40880 Timestamp: 1753303041.8313518
-> (0) byte, b'' Source Port: 31002 Target Port: 40880 Timestamp: 1753303041.8335962
Connection closed from (apparently) out

serverProxyMITM:
Starting MITM: 31003 -> 31004
Received connection: <socket.socket fd=4, family=AddressFamily.AF_INET, type=SocketKind.SOCK_STREAM, proto=0, laddr=('127.0.0.1', 31003), raddr=('127.0.0.1', 50306)>
Connected to: 127.0.0.1, 31004 using ephemeral port 49752
<- (1) byte, b'X' Source Port: 31003 Target Port: 49752 Timestamp: 1753303040.8236508
<- (1) byte, b'Y' Source Port: 31003 Target Port: 49752 Timestamp: 1753303041.8307447
-> (0) byte, b'' Source Port: 31003 Target Port: 49752 Timestamp: 1753303041.8352904
Connection closed from (apparently) out

Client:
Mode 4 - start experiment
Received 1st 1 byte: b'X'
Received 2nd 1 byte: b'Y'
Connection closed

Server:
sent 1 byte of X
sent 1 byte of Y
Completed iteration 11 for mode 4 with msg size 1 at 20250723-203716
----------------------------------------
Starting iteration 12 for mode 4 with msg size 1 at 20250723-203723
Results extracted:
Name: Start test ./logs/mode4_size1.log --mode 4 --send-size 1 
	Frames: 198
	Client got: 14 over 4 messages,  sent 13
	Server got: 0, over 0 messages, sent 2
	Terminated by FIN: CLIENT -> CLIENTPROXYMITM


clientProxyMITM:
Starting MITM: 31000 -> 31001
Received connection: <socket.socket fd=4, family=AddressFamily.AF_INET, type=SocketKind.SOCK_STREAM, proto=0, laddr=('127.0.0.1', 31000), raddr=('127.0.0.1', 54554)>
Connected to: 127.0.0.1, 31001 using ephemeral port 59346
-> (3) byte, b'\x05\x01\x00' Source Port: 31000 Target Port: 59346 Timestamp: 1753303048.0292783
<- (2) byte, b'\x05\x00' Source Port: 31000 Target Port: 59346 Timestamp: 1753303048.0294883
-> (4) byte, b'\x05\x01\x00\x01' Source Port: 31000 Target Port: 59346 Timestamp: 1753303048.029668
-> (6) byte, b'\x7f\x00\x00\x01y\x1b' Source Port: 31000 Target Port: 59346 Timestamp: 1753303048.0797448
<- (10) byte, b'\x05\x00\x00\x01\x00\x00\x00\x00\x00\x00' Source Port: 31000 Target Port: 59346 Timestamp: 1753303048.079919
<- (1) byte, b'X' Source Port: 31000 Target Port: 59346 Timestamp: 1753303048.1366277
<- (1) byte, b'Y' Source Port: 31000 Target Port: 59346 Timestamp: 1753303049.1481175
-> (0) byte, b'' Source Port: 31000 Target Port: 59346 Timestamp: 1753303049.148775
Connection closed from (apparently) out

mainMITM:
Starting MITM: 31002 -> 10086
Received connection: <socket.socket fd=4, family=AddressFamily.AF_INET, type=SocketKind.SOCK_STREAM, proto=0, laddr=('127.0.0.1', 31002), raddr=('127.0.0.1', 56250)>
Connected to: 127.0.0.1, 10086 using ephemeral port 53292
-> (73) byte, b'\x9b1p\x8c\x8d\xb4\xde2H\xcb\x82&\x99!L\x93\xf7\xc4\x9d\x0eZJL\xee\xd6\x1b\xfe\xdfo\xbf\xa4F\x14y2\x1d\xdc\xcd\xff.\xf8\x1c\xdca\xc8\xa4\xd6YoA<\x17p\x8c\x7f\x12\x19\xa8r\x7fn\xc1>T\xabH\xd3O,\x91\x80P\x85' Source Port: 31002 Target Port: 53292 Timestamp: 1753303048.1345165
<- (67) byte, b'\xfd% _\xd7\xfe\x1a\x01\r=\x16Q#\xda-s\x16\x95G\xaa4\xac}\xbdqX}\xf3a\xb12}\xff\xc7\x88\x84\xa6\xef\xf8\x9f(<\x9b\xe7F\xecow\xce\x03\x88Z\xc9\x9fr\x14\xe65\xef\xb2\xbeE\xc5`\x12x\x16' Source Port: 31002 Target Port: 53292 Timestamp: 1753303048.1363666
<- (35) byte, b'\xc1\x85\xea\xea\x8d)|rKt4\xe2\x1b\xc4-\x9e\xc6.\x1dSe,\xbf\x0b\xc0(\xb8\xbaH\xbc\x1c\x13\xb5\xffN' Source Port: 31002 Target Port: 53292 Timestamp: 1753303049.1476874
-> (0) byte, b'' Source Port: 31002 Target Port: 53292 Timestamp: 1753303049.1496217
Connection closed from (apparently) out

serverProxyMITM:
Starting MITM: 31003 -> 31004
Received connection: <socket.socket fd=4, family=AddressFamily.AF_INET, type=SocketKind.SOCK_STREAM, proto=0, laddr=('127.0.0.1', 31003), raddr=('127.0.0.1', 51836)>
Connected to: 127.0.0.1, 31004 using ephemeral port 47454
<- (1) byte, b'X' Source Port: 31003 Target Port: 47454 Timestamp: 1753303048.13597
<- (1) byte, b'Y' Source Port: 31003 Target Port: 47454 Timestamp: 1753303049.1467905
-> (0) byte, b'' Source Port: 31003 Target Port: 47454 Timestamp: 1753303049.1505642
Connection closed from (apparently) out

Client:
Mode 4 - start experiment
Received 1st 1 byte: b'X'
Received 2nd 1 byte: b'Y'
Connection closed

Server:
sent 1 byte of X
sent 1 byte of Y
Completed iteration 12 for mode 4 with msg size 1 at 20250723-203723
----------------------------------------
Starting iteration 13 for mode 4 with msg size 1 at 20250723-203731
Results extracted:
Name: Start test ./logs/mode4_size1.log --mode 4 --send-size 1 
	Frames: 200
	Client got: 14 over 4 messages,  sent 13
	Server got: 0, over 0 messages, sent 2
	Terminated by FIN: CLIENT -> CLIENTPROXYMITM


clientProxyMITM:
Starting MITM: 31000 -> 31001
Received connection: <socket.socket fd=4, family=AddressFamily.AF_INET, type=SocketKind.SOCK_STREAM, proto=0, laddr=('127.0.0.1', 31000), raddr=('127.0.0.1', 54560)>
Connected to: 127.0.0.1, 31001 using ephemeral port 59354
-> (3) byte, b'\x05\x01\x00' Source Port: 31000 Target Port: 59354 Timestamp: 1753303055.3865833
<- (2) byte, b'\x05\x00' Source Port: 31000 Target Port: 59354 Timestamp: 1753303055.3867543
-> (4) byte, b'\x05\x01\x00\x01' Source Port: 31000 Target Port: 59354 Timestamp: 1753303055.386977
-> (6) byte, b'\x7f\x00\x00\x01y\x1b' Source Port: 31000 Target Port: 59354 Timestamp: 1753303055.429067
<- (10) byte, b'\x05\x00\x00\x01\x00\x00\x00\x00\x00\x00' Source Port: 31000 Target Port: 59354 Timestamp: 1753303055.4293175
<- (1) byte, b'X' Source Port: 31000 Target Port: 59354 Timestamp: 1753303055.4869874
<- (1) byte, b'Y' Source Port: 31000 Target Port: 59354 Timestamp: 1753303056.4927154
-> (0) byte, b'' Source Port: 31000 Target Port: 59354 Timestamp: 1753303056.4938161
Connection closed from (apparently) out

mainMITM:
Starting MITM: 31002 -> 10086
Received connection: <socket.socket fd=4, family=AddressFamily.AF_INET, type=SocketKind.SOCK_STREAM, proto=0, laddr=('127.0.0.1', 31002), raddr=('127.0.0.1', 56260)>
Connected to: 127.0.0.1, 10086 using ephemeral port 53302
-> (73) byte, b'\x13"NF\xf7S\xef\xd1FG\xb6\xe8\xaf\xf5\xf3,\xca\xca\xf0\xd2-\xb2_\xe0X\xf2\xdcJ\x97\xe1\xc8\x9c\x95\xddO\xd2\x0e\x8f\x10:\xab\xb6I\x8a\xed\xb0\xacZH\x1e-\xed\x99wi*\x9eHp\xd4U\xd5\xbe\xe8\xca\xc4\xf2@\x98\x1d\xbf\x1e[' Source Port: 31002 Target Port: 53302 Timestamp: 1753303055.483828
<- (67) byte, b'*\xacW\xec\x1a\x08\xc4\xcd\xf8P\xa6\x07;\x18\xff!\xa0\x02gr\xb1D\n\xdc\x8b\xaa\xf4\xa1\xc07\x0f\xec\x86\xa9#0\x14`\x85\xf8\x94\xed\x95<AF\xd23\x99\r\x82\x81\xe1\xf1\xc8~\x16\xfd\xb4\x0c\xa4(\xed\xb8 k]' Source Port: 31002 Target Port: 53302 Timestamp: 1753303055.4866004
<- (35) byte, b"l\xb4\xcf\xd0\x93\xa4\x99|'y\x07\xbf\x9e\xcbD\xd2\x7fM\xbe\xdek\x13\x0e\xa1 \xcb+\r\x84`Q\x82\xffxt" Source Port: 31002 Target Port: 53302 Timestamp: 1753303056.4918897
-> (0) byte, b'' Source Port: 31002 Target Port: 53302 Timestamp: 1753303056.4966784
Connection closed from (apparently) out

serverProxyMITM:
Starting MITM: 31003 -> 31004
Received connection: <socket.socket fd=4, family=AddressFamily.AF_INET, type=SocketKind.SOCK_STREAM, proto=0, laddr=('127.0.0.1', 31003), raddr=('127.0.0.1', 51844)>
Connected to: 127.0.0.1, 31004 using ephemeral port 47456
<- (1) byte, b'X' Source Port: 31003 Target Port: 47456 Timestamp: 1753303055.4858751
<- (1) byte, b'Y' Source Port: 31003 Target Port: 47456 Timestamp: 1753303056.4908285
-> (0) byte, b'' Source Port: 31003 Target Port: 47456 Timestamp: 1753303056.4977403
Connection closed from (apparently) out

Client:
Mode 4 - start experiment
Received 1st 1 byte: b'X'
Received 2nd 1 byte: b'Y'
Connection closed

Server:
sent 1 byte of X
sent 1 byte of Y
Completed iteration 13 for mode 4 with msg size 1 at 20250723-203731
----------------------------------------
Starting iteration 14 for mode 4 with msg size 1 at 20250723-203738
Results extracted:
Name: Start test ./logs/mode4_size1.log --mode 4 --send-size 1 
	Frames: 192
	Client got: 14 over 4 messages,  sent 13
	Server got: 0, over 0 messages, sent 2
	Terminated by FIN: CLIENT -> CLIENTPROXYMITM


clientProxyMITM:
Starting MITM: 31000 -> 31001
Received connection: <socket.socket fd=4, family=AddressFamily.AF_INET, type=SocketKind.SOCK_STREAM, proto=0, laddr=('127.0.0.1', 31000), raddr=('127.0.0.1', 54740)>
Connected to: 127.0.0.1, 31001 using ephemeral port 35406
-> (3) byte, b'\x05\x01\x00' Source Port: 31000 Target Port: 35406 Timestamp: 1753303062.736346
<- (2) byte, b'\x05\x00' Source Port: 31000 Target Port: 35406 Timestamp: 1753303062.7365465
-> (4) byte, b'\x05\x01\x00\x01' Source Port: 31000 Target Port: 35406 Timestamp: 1753303062.7367702
-> (6) byte, b'\x7f\x00\x00\x01y\x1b' Source Port: 31000 Target Port: 35406 Timestamp: 1753303062.7857144
<- (10) byte, b'\x05\x00\x00\x01\x00\x00\x00\x00\x00\x00' Source Port: 31000 Target Port: 35406 Timestamp: 1753303062.78607
<- (1) byte, b'X' Source Port: 31000 Target Port: 35406 Timestamp: 1753303062.8408744
<- (1) byte, b'Y' Source Port: 31000 Target Port: 35406 Timestamp: 1753303063.8462253
-> (0) byte, b'' Source Port: 31000 Target Port: 35406 Timestamp: 1753303063.847471
Connection closed from (apparently) out

mainMITM:
Starting MITM: 31002 -> 10086
Received connection: <socket.socket fd=4, family=AddressFamily.AF_INET, type=SocketKind.SOCK_STREAM, proto=0, laddr=('127.0.0.1', 31002), raddr=('127.0.0.1', 38172)>
Connected to: 127.0.0.1, 10086 using ephemeral port 51054
-> (73) byte, b"\xe2\xc8Y !\xc9J\x95\xe3@\xde\xef_\xd6\xcb\xa7\x96\x05;qAk/\xef\xac6\x839\xcb\xe6\x9d{X\xdf\xcf\x83gY\xddo;\x9c\xf5\xe9(a\xc4\xc0'/\xe8\x94\x8ci7R(\x82\x8eAQ\x80\xcf\x89\xc1\xe6\x92BC3\xdf\x97&" Source Port: 31002 Target Port: 51054 Timestamp: 1753303062.8376992
<- (67) byte, b'-a\xf6S\x0b`ya[iq\xe6a\x80\x86e\xe6)\x04FF\x0ev\x1d\n\x98\x85YS\x12\x0b\xa0\x91\x97w\xa18\xcdL6YH\xf0\xd7~/\r\xdf\xc8{!\xcb\x9aH\xe0\xdf\x83T\x9c\x9c\x1bA-l\xb8\x06\x1d' Source Port: 31002 Target Port: 51054 Timestamp: 1753303062.840535
<- (35) byte, b'\x9d\x0b\x83.gL>\xc7\xc1$\x85\xd1\xa2\xff\xe9\xbdlW\x14\x1eAj\xf1;\x0f\xf5\x0b)\xc6\xd1\x8c\x9fR<\xd7' Source Port: 31002 Target Port: 51054 Timestamp: 1753303063.8453865
-> (0) byte, b'' Source Port: 31002 Target Port: 51054 Timestamp: 1753303063.8482985
Connection closed from (apparently) out

serverProxyMITM:
Starting MITM: 31003 -> 31004
Received connection: <socket.socket fd=4, family=AddressFamily.AF_INET, type=SocketKind.SOCK_STREAM, proto=0, laddr=('127.0.0.1', 31003), raddr=('127.0.0.1', 42980)>
Connected to: 127.0.0.1, 31004 using ephemeral port 58688
<- (1) byte, b'X' Source Port: 31003 Target Port: 58688 Timestamp: 1753303062.8399973
<- (1) byte, b'Y' Source Port: 31003 Target Port: 58688 Timestamp: 1753303063.844374
-> (0) byte, b'' Source Port: 31003 Target Port: 58688 Timestamp: 1753303063.8502414
Connection closed from (apparently) out

Client:
Mode 4 - start experiment
Received 1st 1 byte: b'X'
Received 2nd 1 byte: b'Y'
Connection closed

Server:
sent 1 byte of X
sent 1 byte of Y
Completed iteration 14 for mode 4 with msg size 1 at 20250723-203738
----------------------------------------
Starting iteration 15 for mode 4 with msg size 1 at 20250723-203745
Results extracted:
Name: Start test ./logs/mode4_size1.log --mode 4 --send-size 1 
	Frames: 191
	Client got: 14 over 4 messages,  sent 13
	Server got: 0, over 0 messages, sent 2
	Terminated by FIN: CLIENT -> CLIENTPROXYMITM


clientProxyMITM:
Starting MITM: 31000 -> 31001
Received connection: <socket.socket fd=4, family=AddressFamily.AF_INET, type=SocketKind.SOCK_STREAM, proto=0, laddr=('127.0.0.1', 31000), raddr=('127.0.0.1', 34352)>
Connected to: 127.0.0.1, 31001 using ephemeral port 52478
-> (3) byte, b'\x05\x01\x00' Source Port: 31000 Target Port: 52478 Timestamp: 1753303070.0708299
<- (2) byte, b'\x05\x00' Source Port: 31000 Target Port: 52478 Timestamp: 1753303070.071282
-> (4) byte, b'\x05\x01\x00\x01' Source Port: 31000 Target Port: 52478 Timestamp: 1753303070.071567
-> (6) byte, b'\x7f\x00\x00\x01y\x1b' Source Port: 31000 Target Port: 52478 Timestamp: 1753303070.1123552
<- (10) byte, b'\x05\x00\x00\x01\x00\x00\x00\x00\x00\x00' Source Port: 31000 Target Port: 52478 Timestamp: 1753303070.1126895
<- (1) byte, b'X' Source Port: 31000 Target Port: 52478 Timestamp: 1753303070.1694329
<- (1) byte, b'Y' Source Port: 31000 Target Port: 52478 Timestamp: 1753303071.1757357
-> (0) byte, b'' Source Port: 31000 Target Port: 52478 Timestamp: 1753303071.1769943
Connection closed from (apparently) out

mainMITM:
Starting MITM: 31002 -> 10086
Received connection: <socket.socket fd=4, family=AddressFamily.AF_INET, type=SocketKind.SOCK_STREAM, proto=0, laddr=('127.0.0.1', 31002), raddr=('127.0.0.1', 50448)>
Connected to: 127.0.0.1, 10086 using ephemeral port 46364
-> (73) byte, b'\xdb\x01n\xd08\xc9w?I\xa8\xd3\xff\xf1\x9b]:^\x18"\x81,\xa7\xda\xf3\x95\xb4Q\xfd\x8e\xbel\xdfe\xe3\xec\xb7xrvh\xc9\x90\x14o[\xd6s\xe7H0\x06,APO\x9a\x18/8\xb3\x11\xaa\xce6\xf5\xbe\xe3*\x0e\xdbb+\xaa' Source Port: 31002 Target Port: 46364 Timestamp: 1753303070.166567
<- (67) byte, b'\x07\xbd\xb6\xe7\xad\xcf\xe7dZz\xae\x08\xca\x9ca\x10\xaf\x01Q\xab\x1d(\xb2\x04\x02\x9f\x8d\xa21\x10\xae2\x89e\xc9\xf2\xb2\x033E\xd3\xdd?\x8dl\x1c\xf2\xbb\xc1\x9ck.\x01\x86\x7f\x99\x9f\xae\x7f\xd3d\xfe\xca\xbbR\x9b\x00' Source Port: 31002 Target Port: 46364 Timestamp: 1753303070.1691003
<- (35) byte, b'<R\xc14\x82\xc3*yYn\x01\xe5\x9a\xdd8_l\xa3\xf9\x9dg<\xbb\xab\xbb\xecj\xa5+G\x95L\x8c\x92\xce' Source Port: 31002 Target Port: 46364 Timestamp: 1753303071.1749213
-> (0) byte, b'' Source Port: 31002 Target Port: 46364 Timestamp: 1753303071.1786108
Connection closed from (apparently) out

serverProxyMITM:
Starting MITM: 31003 -> 31004
Received connection: <socket.socket fd=4, family=AddressFamily.AF_INET, type=SocketKind.SOCK_STREAM, proto=0, laddr=('127.0.0.1', 31003), raddr=('127.0.0.1', 40798)>
Connected to: 127.0.0.1, 31004 using ephemeral port 42762
<- (1) byte, b'X' Source Port: 31003 Target Port: 42762 Timestamp: 1753303070.1686454
<- (1) byte, b'Y' Source Port: 31003 Target Port: 42762 Timestamp: 1753303071.1740324
-> (0) byte, b'' Source Port: 31003 Target Port: 42762 Timestamp: 1753303071.1807797
Connection closed from (apparently) out

Client:
Mode 4 - start experiment
Received 1st 1 byte: b'X'
Received 2nd 1 byte: b'Y'
Connection closed

Server:
sent 1 byte of X
sent 1 byte of Y
Completed iteration 15 for mode 4 with msg size 1 at 20250723-203745
----------------------------------------
Starting iteration 16 for mode 4 with msg size 1 at 20250723-203753
Results extracted:
Name: Start test ./logs/mode4_size1.log --mode 4 --send-size 1 
	Frames: 192
	Client got: 14 over 4 messages,  sent 13
	Server got: 0, over 0 messages, sent 2
	Terminated by FIN: CLIENT -> CLIENTPROXYMITM


clientProxyMITM:
Starting MITM: 31000 -> 31001
Received connection: <socket.socket fd=4, family=AddressFamily.AF_INET, type=SocketKind.SOCK_STREAM, proto=0, laddr=('127.0.0.1', 31000), raddr=('127.0.0.1', 34368)>
Connected to: 127.0.0.1, 31001 using ephemeral port 52492
-> (3) byte, b'\x05\x01\x00' Source Port: 31000 Target Port: 52492 Timestamp: 1753303077.4147382
<- (2) byte, b'\x05\x00' Source Port: 31000 Target Port: 52492 Timestamp: 1753303077.4150078
-> (4) byte, b'\x05\x01\x00\x01' Source Port: 31000 Target Port: 52492 Timestamp: 1753303077.415362
-> (6) byte, b'\x7f\x00\x00\x01y\x1b' Source Port: 31000 Target Port: 52492 Timestamp: 1753303077.457362
<- (10) byte, b'\x05\x00\x00\x01\x00\x00\x00\x00\x00\x00' Source Port: 31000 Target Port: 52492 Timestamp: 1753303077.4576757
<- (1) byte, b'X' Source Port: 31000 Target Port: 52492 Timestamp: 1753303077.5114908
<- (1) byte, b'Y' Source Port: 31000 Target Port: 52492 Timestamp: 1753303078.5233154
-> (0) byte, b'' Source Port: 31000 Target Port: 52492 Timestamp: 1753303078.5247219
Connection closed from (apparently) out

mainMITM:
Starting MITM: 31002 -> 10086
Received connection: <socket.socket fd=4, family=AddressFamily.AF_INET, type=SocketKind.SOCK_STREAM, proto=0, laddr=('127.0.0.1', 31002), raddr=('127.0.0.1', 50454)>
Connected to: 127.0.0.1, 10086 using ephemeral port 46368
-> (73) byte, b'}d\x18.\x1d\x9b\x1b$\x84\xd8%:zP\xa9\xcdp\xf7D\xe9|\xbb\xb6\x1c\xec\xa8\xddMB4U\xfc\xe5\x05\xd7w\x1c\xa6lI\x12\xefab\x02\x11t7\x9f\x88\xf0\xfb\xea\xc4\x1c\xafIV\r\x0c\xa4\x15\xfb<Jd\x81\xe1\xc5\x7for6' Source Port: 31002 Target Port: 46368 Timestamp: 1753303077.5089111
<- (67) byte, b'\x10\x9dT\xa2\xe8\xd9F"w\xcb[\xd0k`\x81\xf9sC\x1d\x1a\x87#)\x19\xe8Z\x1b\xb2\xc8\xff\xe3{\xee\x9f0n1+N\xe5Kv\xc3OF\xc4\x97\x8eY1\xadH\xe9@*\x0fT5\x86\x1f\x9d\xa3\x1a\x12T\x9c\x16' Source Port: 31002 Target Port: 46368 Timestamp: 1753303077.5110946
<- (35) byte, b"\xff\x105\xa2\xd0Z,b#*\xce[\xd0\xf0lyp\x91-\x90\x86\xf3\x0f'\xc3\xc1M\xc2\xd0\x8d\r1_Eh" Source Port: 31002 Target Port: 46368 Timestamp: 1753303078.5223982
-> (0) byte, b'' Source Port: 31002 Target Port: 46368 Timestamp: 1753303078.5283103
Connection closed from (apparently) out

serverProxyMITM:
Starting MITM: 31003 -> 31004
Received connection: <socket.socket fd=4, family=AddressFamily.AF_INET, type=SocketKind.SOCK_STREAM, proto=0, laddr=('127.0.0.1', 31003), raddr=('127.0.0.1', 40804)>
Connected to: 127.0.0.1, 31004 using ephemeral port 42764
<- (1) byte, b'X' Source Port: 31003 Target Port: 42764 Timestamp: 1753303077.5106258
<- (1) byte, b'Y' Source Port: 31003 Target Port: 42764 Timestamp: 1753303078.5216103
-> (0) byte, b'' Source Port: 31003 Target Port: 42764 Timestamp: 1753303078.5291674
Connection closed from (apparently) out

Client:
Mode 4 - start experiment
Received 1st 1 byte: b'X'
Received 2nd 1 byte: b'Y'
Connection closed

Server:
sent 1 byte of X
sent 1 byte of Y
Completed iteration 16 for mode 4 with msg size 1 at 20250723-203753
----------------------------------------
Starting iteration 17 for mode 4 with msg size 1 at 20250723-203800
Results extracted:
Name: Start test ./logs/mode4_size1.log --mode 4 --send-size 1 
	Frames: 197
	Client got: 14 over 4 messages,  sent 13
	Server got: 0, over 0 messages, sent 2
	Terminated by FIN: CLIENT -> CLIENTPROXYMITM


clientProxyMITM:
Starting MITM: 31000 -> 31001
Received connection: <socket.socket fd=4, family=AddressFamily.AF_INET, type=SocketKind.SOCK_STREAM, proto=0, laddr=('127.0.0.1', 31000), raddr=('127.0.0.1', 55070)>
Connected to: 127.0.0.1, 31001 using ephemeral port 59798
-> (3) byte, b'\x05\x01\x00' Source Port: 31000 Target Port: 59798 Timestamp: 1753303084.7633145
<- (2) byte, b'\x05\x00' Source Port: 31000 Target Port: 59798 Timestamp: 1753303084.7636297
-> (4) byte, b'\x05\x01\x00\x01' Source Port: 31000 Target Port: 59798 Timestamp: 1753303084.7638934
-> (6) byte, b'\x7f\x00\x00\x01y\x1b' Source Port: 31000 Target Port: 59798 Timestamp: 1753303084.8139243
<- (10) byte, b'\x05\x00\x00\x01\x00\x00\x00\x00\x00\x00' Source Port: 31000 Target Port: 59798 Timestamp: 1753303084.8142624
<- (1) byte, b'X' Source Port: 31000 Target Port: 59798 Timestamp: 1753303084.8714733
<- (1) byte, b'Y' Source Port: 31000 Target Port: 59798 Timestamp: 1753303085.8759272
-> (0) byte, b'' Source Port: 31000 Target Port: 59798 Timestamp: 1753303085.8804677
Connection closed from (apparently) out

mainMITM:
Starting MITM: 31002 -> 10086
Received connection: <socket.socket fd=4, family=AddressFamily.AF_INET, type=SocketKind.SOCK_STREAM, proto=0, laddr=('127.0.0.1', 31002), raddr=('127.0.0.1', 36596)>
Connected to: 127.0.0.1, 10086 using ephemeral port 35700
-> (73) byte, b"\x15\x10\xca\xb5\xdd\xf7\xe9\xaf\x08\r\x06;;&\xb4\xc0\x1c36\xae\xc8:\xf7sH\x8b\x011f\xc2\x1b\x19o0\xf9\xb7\xfb[\xc7(\x0c?\xae\x94Ys'\xa6\xc2\xe2\x84q\x8eV\xd8\xd1\x86Ws\xdb@#o\x8d%\xde$K\xfb>\x1c\x89\x02" Source Port: 31002 Target Port: 35700 Timestamp: 1753303084.8676188
<- (67) byte, b'\xfb\x9f\x94\xd6\xef\x08\xc0\x8f%\xf6()k\x0f\xec>\xfc\n2a\xd9\x0fcZ\x11$\x86\x01\xa9\xa2\xc33.t\x9btD0C\xa4(\x12Z\x85A\xb2!<\x85~\xbcKB\xbbQ\xe2\\i(\xbe\xa6a\xefZ\xbcA\x19' Source Port: 31002 Target Port: 35700 Timestamp: 1753303084.8710902
<- (35) byte, b'\xee\xd4\rd\xf0\xe1\x9c\xc8=/\x01=\xd0\xffZ&\xc4\xa6\xe3h\xf1\x9b\x96\xd9Le@\x1f\xf3:\x8a\xaa\xb3S\xf7' Source Port: 31002 Target Port: 35700 Timestamp: 1753303085.8750021
-> (0) byte, b'' Source Port: 31002 Target Port: 35700 Timestamp: 1753303085.882457
Connection closed from (apparently) out

serverProxyMITM:
Starting MITM: 31003 -> 31004
Received connection: <socket.socket fd=4, family=AddressFamily.AF_INET, type=SocketKind.SOCK_STREAM, proto=0, laddr=('127.0.0.1', 31003), raddr=('127.0.0.1', 40396)>
Connected to: 127.0.0.1, 31004 using ephemeral port 58990
<- (1) byte, b'X' Source Port: 31003 Target Port: 58990 Timestamp: 1753303084.8705807
<- (1) byte, b'Y' Source Port: 31003 Target Port: 58990 Timestamp: 1753303085.8739157
-> (0) byte, b'' Source Port: 31003 Target Port: 58990 Timestamp: 1753303085.8845534
Connection closed from (apparently) out

Client:
Mode 4 - start experiment
Received 1st 1 byte: b'X'
Received 2nd 1 byte: b'Y'
Connection closed

Server:
sent 1 byte of X
sent 1 byte of Y
Completed iteration 17 for mode 4 with msg size 1 at 20250723-203800
----------------------------------------
Starting iteration 18 for mode 4 with msg size 1 at 20250723-203808
Results extracted:
Name: Start test ./logs/mode4_size1.log --mode 4 --send-size 1 
	Frames: 188
	Client got: 14 over 4 messages,  sent 13
	Server got: 0, over 0 messages, sent 2
	Terminated by FIN: CLIENT -> CLIENTPROXYMITM


clientProxyMITM:
Starting MITM: 31000 -> 31001
Received connection: <socket.socket fd=4, family=AddressFamily.AF_INET, type=SocketKind.SOCK_STREAM, proto=0, laddr=('127.0.0.1', 31000), raddr=('127.0.0.1', 42892)>
Connected to: 127.0.0.1, 31001 using ephemeral port 46888
-> (3) byte, b'\x05\x01\x00' Source Port: 31000 Target Port: 46888 Timestamp: 1753303092.1121845
<- (2) byte, b'\x05\x00' Source Port: 31000 Target Port: 46888 Timestamp: 1753303092.112463
-> (4) byte, b'\x05\x01\x00\x01' Source Port: 31000 Target Port: 46888 Timestamp: 1753303092.1126938
-> (6) byte, b'\x7f\x00\x00\x01y\x1b' Source Port: 31000 Target Port: 46888 Timestamp: 1753303092.1603587
<- (10) byte, b'\x05\x00\x00\x01\x00\x00\x00\x00\x00\x00' Source Port: 31000 Target Port: 46888 Timestamp: 1753303092.1607878
<- (1) byte, b'X' Source Port: 31000 Target Port: 46888 Timestamp: 1753303092.2211833
<- (1) byte, b'Y' Source Port: 31000 Target Port: 46888 Timestamp: 1753303093.225158
-> (0) byte, b'' Source Port: 31000 Target Port: 46888 Timestamp: 1753303093.2265837
Connection closed from (apparently) out

mainMITM:
Starting MITM: 31002 -> 10086
Received connection: <socket.socket fd=4, family=AddressFamily.AF_INET, type=SocketKind.SOCK_STREAM, proto=0, laddr=('127.0.0.1', 31002), raddr=('127.0.0.1', 32954)>
Connected to: 127.0.0.1, 10086 using ephemeral port 50866
-> (73) byte, b"\x86\xae\xcb9im\x88`\x06\xe47\xf3e/\x9e\x14\x83\x06\x1e'\x98\x11\x82\xda\t:\x824\xa4(\x08fM\x078\x8ej\xd3\xe6\x87\x1c#\xbe\xd0\xca\xf79\x96\xd9\xa4\x7f\x904\x03\x9c5\xc9\x865\r\x07\x83\xd2\x17\xa4\xe2\xb3\x9a\xc4\x8a\xediV" Source Port: 31002 Target Port: 50866 Timestamp: 1753303092.2163248
<- (67) byte, b'u\x05EL)\x84\x86\x18&>\xbd|3\xa4|\x05\xd6R\xadZ\xec\xd0\xe9\x1aM!\xbc"Jd\x9b;\xcc\x01\xb9\xb0@\x02\xaf\xd4\xcc\xa0\xb1\xec\xae\xa4\x015\x9e\x9a\xa6\x1a\t\xe1\xf93\x9f\xc1Kn)\xd1&A\x02Qw' Source Port: 31002 Target Port: 50866 Timestamp: 1753303092.2206893
<- (35) byte, b'\xcc\xb6\xa7{\x8c\x8eZ,\xd0>k\xc5\xf7\x19\x834\xb10\xc9;\x08\xea\xb1\r\x19\x829$[\xbe^,\x95c)' Source Port: 31002 Target Port: 50866 Timestamp: 1753303093.2239935
-> (0) byte, b'' Source Port: 31002 Target Port: 50866 Timestamp: 1753303093.2275288
Connection closed from (apparently) out

serverProxyMITM:
Starting MITM: 31003 -> 31004
Received connection: <socket.socket fd=4, family=AddressFamily.AF_INET, type=SocketKind.SOCK_STREAM, proto=0, laddr=('127.0.0.1', 31003), raddr=('127.0.0.1', 42126)>
Connected to: 127.0.0.1, 31004 using ephemeral port 35236
<- (1) byte, b'X' Source Port: 31003 Target Port: 35236 Timestamp: 1753303092.2195141
<- (1) byte, b'Y' Source Port: 31003 Target Port: 35236 Timestamp: 1753303093.2227073
-> (0) byte, b'' Source Port: 31003 Target Port: 35236 Timestamp: 1753303093.2286952
Connection closed from (apparently) out

Client:
Mode 4 - start experiment
Received 1st 1 byte: b'X'
Received 2nd 1 byte: b'Y'
Connection closed

Server:
sent 1 byte of X
sent 1 byte of Y
Completed iteration 18 for mode 4 with msg size 1 at 20250723-203808
----------------------------------------
Starting iteration 19 for mode 4 with msg size 1 at 20250723-203815
Results extracted:
Name: Start test ./logs/mode4_size1.log --mode 4 --send-size 1 
	Frames: 193
	Client got: 14 over 4 messages,  sent 13
	Server got: 0, over 0 messages, sent 2
	Terminated by FIN: CLIENT -> CLIENTPROXYMITM


clientProxyMITM:
Starting MITM: 31000 -> 31001
Received connection: <socket.socket fd=4, family=AddressFamily.AF_INET, type=SocketKind.SOCK_STREAM, proto=0, laddr=('127.0.0.1', 31000), raddr=('127.0.0.1', 47836)>
Connected to: 127.0.0.1, 31001 using ephemeral port 37862
-> (3) byte, b'\x05\x01\x00' Source Port: 31000 Target Port: 37862 Timestamp: 1753303099.4535596
<- (2) byte, b'\x05\x00' Source Port: 31000 Target Port: 37862 Timestamp: 1753303099.453789
-> (4) byte, b'\x05\x01\x00\x01' Source Port: 31000 Target Port: 37862 Timestamp: 1753303099.4539754
-> (6) byte, b'\x7f\x00\x00\x01y\x1b' Source Port: 31000 Target Port: 37862 Timestamp: 1753303099.500771
<- (10) byte, b'\x05\x00\x00\x01\x00\x00\x00\x00\x00\x00' Source Port: 31000 Target Port: 37862 Timestamp: 1753303099.5012856
<- (1) byte, b'X' Source Port: 31000 Target Port: 37862 Timestamp: 1753303099.5584958
<- (1) byte, b'Y' Source Port: 31000 Target Port: 37862 Timestamp: 1753303100.5621476
-> (0) byte, b'' Source Port: 31000 Target Port: 37862 Timestamp: 1753303100.5632892
Connection closed from (apparently) out

mainMITM:
Starting MITM: 31002 -> 10086
Received connection: <socket.socket fd=4, family=AddressFamily.AF_INET, type=SocketKind.SOCK_STREAM, proto=0, laddr=('127.0.0.1', 31002), raddr=('127.0.0.1', 52128)>
Connected to: 127.0.0.1, 10086 using ephemeral port 52130
-> (73) byte, b'\x92\xfb\xf3\xb0\xfe\x1a\xf8\xb9\xa1<\x9cK\rG\x19Y\x96\xd9\xfa\xae"\xa1}\xe9I\x85M\xcaKR\x1f{J4\x00\x11\xef\xc3\xeb\xec22\xab\xdc\xf2\xa4e\xb4:EnL\xaa\xccx\xfe\x0b\xa61\xdb\xc4\xf8\x82\x84\x02\xb4Kjaz\xd2\x11\xd9' Source Port: 31002 Target Port: 52130 Timestamp: 1753303099.5554178
<- (67) byte, b'\x94+\x7f\x8f(\xc8]`\xb7\xa6s\x845\x93F\xacT\xe55\xd3\xf6>E3=\xd6\xfc\xc0\xb4\x87\x99o\xfa"\x13Z\x15\xbe\xab\x8cCQ\xefg\\\x87\xaa|g\x19\x08\tQ\x9c\x89\xea\xf6\xe6\xae\xaek\x0e\xb4\x8c,\xc76' Source Port: 31002 Target Port: 52130 Timestamp: 1753303099.558031
<- (35) byte, b'\xdbY0\xb6\xce)\xff\xf5\xb3\x85#^\x9d\xa4+\xf4\x98\x93\xfb9\xb0\xcb/r\xe1fV05\x1f&\xf9\xbfq\xef' Source Port: 31002 Target Port: 52130 Timestamp: 1753303100.5613189
-> (0) byte, b'' Source Port: 31002 Target Port: 52130 Timestamp: 1753303100.565704
Connection closed from (apparently) out

serverProxyMITM:
Starting MITM: 31003 -> 31004
Received connection: <socket.socket fd=4, family=AddressFamily.AF_INET, type=SocketKind.SOCK_STREAM, proto=0, laddr=('127.0.0.1', 31003), raddr=('127.0.0.1', 39512)>
Connected to: 127.0.0.1, 31004 using ephemeral port 34142
<- (1) byte, b'X' Source Port: 31003 Target Port: 34142 Timestamp: 1753303099.5575607
<- (1) byte, b'Y' Source Port: 31003 Target Port: 34142 Timestamp: 1753303100.5604415
-> (0) byte, b'' Source Port: 31003 Target Port: 34142 Timestamp: 1753303100.5674083
Connection closed from (apparently) out

Client:
Mode 4 - start experiment
Received 1st 1 byte: b'X'
Received 2nd 1 byte: b'Y'
Connection closed

Server:
sent 1 byte of X
sent 1 byte of Y
Completed iteration 19 for mode 4 with msg size 1 at 20250723-203815
----------------------------------------
Starting iteration 20 for mode 4 with msg size 1 at 20250723-203822
Results extracted:
Name: Start test ./logs/mode4_size1.log --mode 4 --send-size 1 
	Frames: 202
	Client got: 14 over 4 messages,  sent 13
	Server got: 0, over 0 messages, sent 2
	Terminated by FIN: CLIENT -> CLIENTPROXYMITM


clientProxyMITM:
Starting MITM: 31000 -> 31001
Received connection: <socket.socket fd=4, family=AddressFamily.AF_INET, type=SocketKind.SOCK_STREAM, proto=0, laddr=('127.0.0.1', 31000), raddr=('127.0.0.1', 47852)>
Connected to: 127.0.0.1, 31001 using ephemeral port 37872
-> (3) byte, b'\x05\x01\x00' Source Port: 31000 Target Port: 37872 Timestamp: 1753303106.767727
<- (2) byte, b'\x05\x00' Source Port: 31000 Target Port: 37872 Timestamp: 1753303106.767908
-> (4) byte, b'\x05\x01\x00\x01' Source Port: 31000 Target Port: 37872 Timestamp: 1753303106.768166
-> (6) byte, b'\x7f\x00\x00\x01y\x1b' Source Port: 31000 Target Port: 37872 Timestamp: 1753303106.813833
<- (10) byte, b'\x05\x00\x00\x01\x00\x00\x00\x00\x00\x00' Source Port: 31000 Target Port: 37872 Timestamp: 1753303106.8140075
<- (1) byte, b'X' Source Port: 31000 Target Port: 37872 Timestamp: 1753303106.8696835
<- (1) byte, b'Y' Source Port: 31000 Target Port: 37872 Timestamp: 1753303107.8803804
-> (0) byte, b'' Source Port: 31000 Target Port: 37872 Timestamp: 1753303107.8815374
Connection closed from (apparently) out

mainMITM:
Starting MITM: 31002 -> 10086
Received connection: <socket.socket fd=4, family=AddressFamily.AF_INET, type=SocketKind.SOCK_STREAM, proto=0, laddr=('127.0.0.1', 31002), raddr=('127.0.0.1', 52136)>
Connected to: 127.0.0.1, 10086 using ephemeral port 52132
-> (73) byte, b'\x13\xa9(\x83!\xe4\x1e\xee]\xa4\xb5\x9a\xe4\xd29\x06iQ\xc0C,\x02\xe5v8C*\xde\\\x86\x89~\x05i\x18\x93\xe9\xda\x1a\xf6\xf9 \xf1kb\x1d\x04\xfb\x88\xf9\x1a\x9a\xd91\xec\xbc\x1d\x19;\x10\x0b\xbb\xdc\x93\xcfH\x0c_\x06_g\t\xb4' Source Port: 31002 Target Port: 52132 Timestamp: 1753303106.8668995
<- (67) byte, b"\x0b\x8eO\x9b\xd5y\xd3\xf3\x83W\x1e\xb0\xdc\x85*'_\x93\xf4\xd0z\xf43\x92&\xcb\x9f\x0f\xcb\xa6\xd4\xe1\xbb\xc4\x9e\xcb\xc2\xf4k\xe1<\x04-c^\xbe\xb7h-\x14\xc9\x80\xc3oX\xd6\x7fNG\x9f\xf1\xf9N\xb7\x8b\xff\xe5" Source Port: 31002 Target Port: 52132 Timestamp: 1753303106.8694227
<- (35) byte, b'\xd5\xbb\x91\xf7MN\x01\xedkn\xa5\xaah\xbe\x8e\xf9\xdd\xe7\xee|\xee\x8f\xbfr\n\x1f\x86m\xa1\x87\x8f\x0f4-\x08' Source Port: 31002 Target Port: 52132 Timestamp: 1753303107.8793783
-> (0) byte, b'' Source Port: 31002 Target Port: 52132 Timestamp: 1753303107.8828676
Connection closed from (apparently) out

serverProxyMITM:
Starting MITM: 31003 -> 31004
Received connection: <socket.socket fd=4, family=AddressFamily.AF_INET, type=SocketKind.SOCK_STREAM, proto=0, laddr=('127.0.0.1', 31003), raddr=('127.0.0.1', 39520)>
Connected to: 127.0.0.1, 31004 using ephemeral port 34156
<- (1) byte, b'X' Source Port: 31003 Target Port: 34156 Timestamp: 1753303106.8689044
<- (1) byte, b'Y' Source Port: 31003 Target Port: 34156 Timestamp: 1753303107.878425
-> (0) byte, b'' Source Port: 31003 Target Port: 34156 Timestamp: 1753303107.8846169
Connection closed from (apparently) out

Client:
Mode 4 - start experiment
Received 1st 1 byte: b'X'
Received 2nd 1 byte: b'Y'
Connection closed

Server:
sent 1 byte of X
sent 1 byte of Y
Completed iteration 20 for mode 4 with msg size 1 at 20250723-203822
----------------------------------------
