Starting iteration 1 for mode 4 with msg size 1800 at 20250907-223928
Results extracted:
Name: Start test ./logs_obfs4_iat0/mode4_size1800.log --no-socks --mode 4 --send-size 1800 --num-messages 2 
	Frames: 337
	Client got: 7200 over 0 messages,  sent 0
	Server got: 0, over 0 messages, sent 9000
	Terminated by RST: SERVERPROXY -> MITM


clientProxyMITM:
Starting MITM: 31000 -> 31001
Received connection: <socket.socket fd=4, family=AddressFamily.AF_INET, type=SocketKind.SOCK_STREAM, proto=0, laddr=('127.0.0.1', 31000), raddr=('127.0.0.1', 58016)>
Connected to: 127.0.0.1, 31001 using ephemeral port 57672
<- (1800) byte  Source Port: 31000 Target Port: 57672 Timestamp: 2025-09-07 22:39:32.681656
<- (1800) byte  Source Port: 31000 Target Port: 57672 Timestamp: 2025-09-07 22:39:33.188815
<- (1800) byte  Source Port: 31000 Target Port: 57672 Timestamp: 2025-09-07 22:39:33.696003
<- (1800) byte  Source Port: 31000 Target Port: 57672 Timestamp: 2025-09-07 22:39:34.200432
-> (0) byte b'' Source Port: 31000 Target Port: 57672 Timestamp: 2025-09-07 22:39:34.703663
Connection closed from (apparently) out

mainMITM:
Starting MITM: 31002 -> 10086
Received connection: <socket.socket fd=4, family=AddressFamily.AF_INET, type=SocketKind.SOCK_STREAM, proto=0, laddr=('127.0.0.1', 31002), raddr=('127.0.0.1', 35672)>
Connected to: 127.0.0.1, 10086 using ephemeral port 41320
-> (6526) byte  Source Port: 31002 Target Port: 41320 Timestamp: 2025-09-07 22:39:30.617458
<- (2846) byte  Source Port: 31002 Target Port: 41320 Timestamp: 2025-09-07 22:39:30.617908
-> (0) byte b'' Source Port: 31002 Target Port: 41320 Timestamp: 2025-09-07 22:39:30.618719
Connection closed from (apparently) out
Received connection: <socket.socket fd=4, family=AddressFamily.AF_INET, type=SocketKind.SOCK_STREAM, proto=0, laddr=('127.0.0.1', 31002), raddr=('127.0.0.1', 35688)>
Connected to: 127.0.0.1, 10086 using ephemeral port 41322
-> (3807) byte  Source Port: 31002 Target Port: 41322 Timestamp: 2025-09-07 22:39:32.678325
<- (791) byte  Source Port: 31002 Target Port: 41322 Timestamp: 2025-09-07 22:39:32.678958
<- (2727) byte  Source Port: 31002 Target Port: 41322 Timestamp: 2025-09-07 22:39:32.680954
<- (2022) byte  Source Port: 31002 Target Port: 41322 Timestamp: 2025-09-07 22:39:33.186873
<- (2253) byte  Source Port: 31002 Target Port: 41322 Timestamp: 2025-09-07 22:39:33.693345
<- (1875) byte  Source Port: 31002 Target Port: 41322 Timestamp: 2025-09-07 22:39:34.198654
<- (0) byte b'' Source Port: 31002 Target Port: 41322 Timestamp: 2025-09-07 22:39:34.705642
Connection closed from (apparently) in

serverProxyMITM:
Starting MITM: 31003 -> 31004
Received connection: <socket.socket fd=4, family=AddressFamily.AF_INET, type=SocketKind.SOCK_STREAM, proto=0, laddr=('127.0.0.1', 31003), raddr=('127.0.0.1', 51864)>
Connected to: 127.0.0.1, 31004 using ephemeral port 58664
-> (0) byte b'' Source Port: 31003 Target Port: 58664 Timestamp: 2025-09-07 22:39:30.618931
Connection closed from (apparently) out
Received connection: <socket.socket fd=4, family=AddressFamily.AF_INET, type=SocketKind.SOCK_STREAM, proto=0, laddr=('127.0.0.1', 31003), raddr=('127.0.0.1', 51878)>
Connected to: 127.0.0.1, 31004 using ephemeral port 58672
<- (1800) byte  Source Port: 31003 Target Port: 58672 Timestamp: 2025-09-07 22:39:32.680543
<- (1800) byte  Source Port: 31003 Target Port: 58672 Timestamp: 2025-09-07 22:39:33.185407
<- (1800) byte  Source Port: 31003 Target Port: 58672 Timestamp: 2025-09-07 22:39:33.691976
<- (1800) byte  Source Port: 31003 Target Port: 58672 Timestamp: 2025-09-07 22:39:34.196984
<- (0) byte b'' Source Port: 31003 Target Port: 58672 Timestamp: 2025-09-07 22:39:34.703794
Connection closed from (apparently) in

Client:
time: 2025-09-07 22:39:32.674882, Mode 4 - start experiment
time: 2025-09-07 22:39:32.675006, Iteration: 1
time: 2025-09-07 22:39:32.681952, Received 1st 1800 bytes, last byte content: 88
time: 2025-09-07 22:39:33.189636, Received 2nd 1800 bytes, last byte content: 89
time: 2025-09-07 22:39:33.691755, Iteration: 2
time: 2025-09-07 22:39:33.696836, Received 1st 1800 bytes, last byte content: 88
time: 2025-09-07 22:39:34.201404, Received 2nd 1800 bytes, last byte content: 89
time: 2025-09-07 22:39:34.703791, Connection closed

Server:
time: 2025-09-07 22:39:30.618843, Iteration: 1
time: 2025-09-07 22:39:30.618994, sent 1800 byte of X
time: 2025-09-07 22:39:32.680388, Iteration: 1
time: 2025-09-07 22:39:32.680541, sent 1800 byte of X
time: 2025-09-07 22:39:33.184945, sent 1800 byte of Y
time: 2025-09-07 22:39:33.691274, Iteration: 2
time: 2025-09-07 22:39:33.691855, sent 1800 byte of X
time: 2025-09-07 22:39:34.197553, sent 1800 byte of Y
Completed iteration 1 for mode 4 with msg size 1800 at 20250907-223928
----------------------------------------
Starting iteration 2 for mode 4 with msg size 1800 at 20250907-223936
Results extracted:
Name: Start test ./logs_obfs4_iat0/mode4_size1800.log --no-socks --mode 4 --send-size 1800 --num-messages 2 
	Frames: 349
	Client got: 7200 over 0 messages,  sent 0
	Server got: 0, over 0 messages, sent 10800
	Terminated by RST: SERVERPROXY -> MITM


clientProxyMITM:
Starting MITM: 31000 -> 31001
Received connection: <socket.socket fd=4, family=AddressFamily.AF_INET, type=SocketKind.SOCK_STREAM, proto=0, laddr=('127.0.0.1', 31000), raddr=('127.0.0.1', 48172)>
Connected to: 127.0.0.1, 31001 using ephemeral port 57650
<- (1800) byte  Source Port: 31000 Target Port: 57650 Timestamp: 2025-09-07 22:39:41.103755
<- (1800) byte  Source Port: 31000 Target Port: 57650 Timestamp: 2025-09-07 22:39:41.607445
<- (1800) byte  Source Port: 31000 Target Port: 57650 Timestamp: 2025-09-07 22:39:42.110430
<- (1800) byte  Source Port: 31000 Target Port: 57650 Timestamp: 2025-09-07 22:39:42.610974
-> (0) byte b'' Source Port: 31000 Target Port: 57650 Timestamp: 2025-09-07 22:39:43.113452
Connection closed from (apparently) out

mainMITM:
Starting MITM: 31002 -> 10086
Received connection: <socket.socket fd=4, family=AddressFamily.AF_INET, type=SocketKind.SOCK_STREAM, proto=0, laddr=('127.0.0.1', 31002), raddr=('127.0.0.1', 35694)>
Connected to: 127.0.0.1, 10086 using ephemeral port 41340
-> (7375) byte  Source Port: 31002 Target Port: 41340 Timestamp: 2025-09-07 22:39:39.044218
<- (2035) byte  Source Port: 31002 Target Port: 41340 Timestamp: 2025-09-07 22:39:39.044625
-> (0) byte b'' Source Port: 31002 Target Port: 41340 Timestamp: 2025-09-07 22:39:39.045404
Connection closed from (apparently) out
Received connection: <socket.socket fd=4, family=AddressFamily.AF_INET, type=SocketKind.SOCK_STREAM, proto=0, laddr=('127.0.0.1', 31002), raddr=('127.0.0.1', 53458)>
Connected to: 127.0.0.1, 10086 using ephemeral port 59760
-> (781) byte  Source Port: 31002 Target Port: 59760 Timestamp: 2025-09-07 22:39:41.100357
<- (7392) byte  Source Port: 31002 Target Port: 59760 Timestamp: 2025-09-07 22:39:41.101182
<- (2816) byte  Source Port: 31002 Target Port: 59760 Timestamp: 2025-09-07 22:39:41.102957
<- (1916) byte  Source Port: 31002 Target Port: 59760 Timestamp: 2025-09-07 22:39:41.605548
<- (3284) byte  Source Port: 31002 Target Port: 59760 Timestamp: 2025-09-07 22:39:42.107975
<- (2816) byte  Source Port: 31002 Target Port: 59760 Timestamp: 2025-09-07 22:39:42.608848
<- (0) byte b'' Source Port: 31002 Target Port: 59760 Timestamp: 2025-09-07 22:39:43.111930
Connection closed from (apparently) in

serverProxyMITM:
Starting MITM: 31003 -> 31004
Received connection: <socket.socket fd=4, family=AddressFamily.AF_INET, type=SocketKind.SOCK_STREAM, proto=0, laddr=('127.0.0.1', 31003), raddr=('127.0.0.1', 51882)>
Connected to: 127.0.0.1, 31004 using ephemeral port 58682
<- (1800) byte  Source Port: 31003 Target Port: 58682 Timestamp: 2025-09-07 22:39:39.045652
-> (0) byte b'' Source Port: 31003 Target Port: 58682 Timestamp: 2025-09-07 22:39:39.045731
Connection closed from (apparently) out
Received connection: <socket.socket fd=4, family=AddressFamily.AF_INET, type=SocketKind.SOCK_STREAM, proto=0, laddr=('127.0.0.1', 31003), raddr=('127.0.0.1', 45496)>
Connected to: 127.0.0.1, 31004 using ephemeral port 45724
<- (1800) byte  Source Port: 31003 Target Port: 45724 Timestamp: 2025-09-07 22:39:41.102499
<- (1800) byte  Source Port: 31003 Target Port: 45724 Timestamp: 2025-09-07 22:39:41.603850
<- (1800) byte  Source Port: 31003 Target Port: 45724 Timestamp: 2025-09-07 22:39:42.106270
<- (1800) byte  Source Port: 31003 Target Port: 45724 Timestamp: 2025-09-07 22:39:42.607385
<- (0) byte b'' Source Port: 31003 Target Port: 45724 Timestamp: 2025-09-07 22:39:43.109342
Connection closed from (apparently) in

Client:
time: 2025-09-07 22:39:41.096994, Mode 4 - start experiment
time: 2025-09-07 22:39:41.097254, Iteration: 1
time: 2025-09-07 22:39:41.103970, Received 1st 1800 bytes, last byte content: 88
time: 2025-09-07 22:39:41.608213, Received 2nd 1800 bytes, last byte content: 89
time: 2025-09-07 22:39:42.108973, Iteration: 2
time: 2025-09-07 22:39:42.110929, Received 1st 1800 bytes, last byte content: 88
time: 2025-09-07 22:39:42.611951, Received 2nd 1800 bytes, last byte content: 89
time: 2025-09-07 22:39:43.113358, Connection closed

Server:
time: 2025-09-07 22:39:39.045451, Iteration: 1
time: 2025-09-07 22:39:39.045598, sent 1800 byte of X
time: 2025-09-07 22:39:39.546816, sent 1800 byte of Y
time: 2025-09-07 22:39:40.055660, Iteration: 2
time: 2025-09-07 22:39:41.102304, Iteration: 1
time: 2025-09-07 22:39:41.102446, sent 1800 byte of X
time: 2025-09-07 22:39:41.604372, sent 1800 byte of Y
time: 2025-09-07 22:39:42.105619, Iteration: 2
time: 2025-09-07 22:39:42.106316, sent 1800 byte of X
time: 2025-09-07 22:39:42.607563, sent 1800 byte of Y
Completed iteration 2 for mode 4 with msg size 1800 at 20250907-223936
----------------------------------------
Starting iteration 3 for mode 4 with msg size 1800 at 20250907-223945
Results extracted:
Name: Start test ./logs_obfs4_iat0/mode4_size1800.log --no-socks --mode 4 --send-size 1800 --num-messages 2 
	Frames: 328
	Client got: 7200 over 0 messages,  sent 0
	Server got: 0, over 0 messages, sent 9000
	Terminated by RST: SERVERPROXY -> MITM


clientProxyMITM:
Starting MITM: 31000 -> 31001
Received connection: <socket.socket fd=4, family=AddressFamily.AF_INET, type=SocketKind.SOCK_STREAM, proto=0, laddr=('127.0.0.1', 31000), raddr=('127.0.0.1', 48182)>
Connected to: 127.0.0.1, 31001 using ephemeral port 57674
<- (1800) byte  Source Port: 31000 Target Port: 57674 Timestamp: 2025-09-07 22:39:49.547868
<- (1800) byte  Source Port: 31000 Target Port: 57674 Timestamp: 2025-09-07 22:39:50.051620
<- (1800) byte  Source Port: 31000 Target Port: 57674 Timestamp: 2025-09-07 22:39:50.557296
<- (1800) byte  Source Port: 31000 Target Port: 57674 Timestamp: 2025-09-07 22:39:51.063736
<- (0) byte b'' Source Port: 31000 Target Port: 57674 Timestamp: 2025-09-07 22:39:51.564749
Connection closed from (apparently) in

mainMITM:
Starting MITM: 31002 -> 10086
Received connection: <socket.socket fd=4, family=AddressFamily.AF_INET, type=SocketKind.SOCK_STREAM, proto=0, laddr=('127.0.0.1', 31002), raddr=('127.0.0.1', 53472)>
Connected to: 127.0.0.1, 10086 using ephemeral port 59784
-> (4491) byte  Source Port: 31002 Target Port: 59784 Timestamp: 2025-09-07 22:39:47.503656
<- (5219) byte  Source Port: 31002 Target Port: 59784 Timestamp: 2025-09-07 22:39:47.504351
-> (0) byte b'' Source Port: 31002 Target Port: 59784 Timestamp: 2025-09-07 22:39:47.505388
Connection closed from (apparently) out
Received connection: <socket.socket fd=4, family=AddressFamily.AF_INET, type=SocketKind.SOCK_STREAM, proto=0, laddr=('127.0.0.1', 31002), raddr=('127.0.0.1', 53480)>
Connected to: 127.0.0.1, 10086 using ephemeral port 59786
-> (2373) byte  Source Port: 31002 Target Port: 59786 Timestamp: 2025-09-07 22:39:49.544715
<- (7050) byte  Source Port: 31002 Target Port: 59786 Timestamp: 2025-09-07 22:39:49.545609
<- (2022) byte  Source Port: 31002 Target Port: 59786 Timestamp: 2025-09-07 22:39:49.547343
<- (1973) byte  Source Port: 31002 Target Port: 59786 Timestamp: 2025-09-07 22:39:50.049599
<- (2168) byte  Source Port: 31002 Target Port: 59786 Timestamp: 2025-09-07 22:39:50.555583
<- (1875) byte  Source Port: 31002 Target Port: 59786 Timestamp: 2025-09-07 22:39:51.061872
<- (0) byte b'' Source Port: 31002 Target Port: 59786 Timestamp: 2025-09-07 22:39:51.562796
Connection closed from (apparently) in

serverProxyMITM:
Starting MITM: 31003 -> 31004
Received connection: <socket.socket fd=4, family=AddressFamily.AF_INET, type=SocketKind.SOCK_STREAM, proto=0, laddr=('127.0.0.1', 31003), raddr=('127.0.0.1', 45506)>
Connected to: 127.0.0.1, 31004 using ephemeral port 45728
-> (0) byte b'' Source Port: 31003 Target Port: 45728 Timestamp: 2025-09-07 22:39:47.507442
Connection closed from (apparently) out
Received connection: <socket.socket fd=4, family=AddressFamily.AF_INET, type=SocketKind.SOCK_STREAM, proto=0, laddr=('127.0.0.1', 31003), raddr=('127.0.0.1', 45522)>
Connected to: 127.0.0.1, 31004 using ephemeral port 45742
<- (1800) byte  Source Port: 31003 Target Port: 45742 Timestamp: 2025-09-07 22:39:49.546848
<- (1800) byte  Source Port: 31003 Target Port: 45742 Timestamp: 2025-09-07 22:39:50.047787
<- (1800) byte  Source Port: 31003 Target Port: 45742 Timestamp: 2025-09-07 22:39:50.554279
<- (1800) byte  Source Port: 31003 Target Port: 45742 Timestamp: 2025-09-07 22:39:51.060251
<- (0) byte b'' Source Port: 31003 Target Port: 45742 Timestamp: 2025-09-07 22:39:51.561558
Connection closed from (apparently) in

Client:
time: 2025-09-07 22:39:49.541512, Mode 4 - start experiment
time: 2025-09-07 22:39:49.541625, Iteration: 1
time: 2025-09-07 22:39:49.548245, Received 1st 1800 bytes, last byte content: 88
time: 2025-09-07 22:39:50.052343, Received 2nd 1800 bytes, last byte content: 89
time: 2025-09-07 22:39:50.553639, Iteration: 2
time: 2025-09-07 22:39:50.557975, Received 1st 1800 bytes, last byte content: 88
time: 2025-09-07 22:39:51.064486, Received 2nd 1800 bytes, last byte content: 89
time: 2025-09-07 22:39:51.565477, Connection closed

Server:
time: 2025-09-07 22:39:47.507810, Iteration: 1
time: 2025-09-07 22:39:47.507977, sent 1800 byte of X
time: 2025-09-07 22:39:49.546697, Iteration: 1
time: 2025-09-07 22:39:49.546820, sent 1800 byte of X
time: 2025-09-07 22:39:50.048374, sent 1800 byte of Y
time: 2025-09-07 22:39:50.553567, Iteration: 2
time: 2025-09-07 22:39:50.554305, sent 1800 byte of X
time: 2025-09-07 22:39:51.060386, sent 1800 byte of Y
Completed iteration 3 for mode 4 with msg size 1800 at 20250907-223945
----------------------------------------
Starting iteration 4 for mode 4 with msg size 1800 at 20250907-223953
Results extracted:
Name: Start test ./logs_obfs4_iat0/mode4_size1800.log --no-socks --mode 4 --send-size 1800 --num-messages 2 
	Frames: 338
	Client got: 7200 over 0 messages,  sent 0
	Server got: 0, over 0 messages, sent 9000
	Terminated by RST: SERVERPROXY -> MITM


clientProxyMITM:
Starting MITM: 31000 -> 31001
Received connection: <socket.socket fd=4, family=AddressFamily.AF_INET, type=SocketKind.SOCK_STREAM, proto=0, laddr=('127.0.0.1', 31000), raddr=('127.0.0.1', 57460)>
Connected to: 127.0.0.1, 31001 using ephemeral port 45024
<- (1800) byte  Source Port: 31000 Target Port: 45024 Timestamp: 2025-09-07 22:39:58.000555
<- (1800) byte  Source Port: 31000 Target Port: 45024 Timestamp: 2025-09-07 22:39:58.504133
<- (1800) byte  Source Port: 31000 Target Port: 45024 Timestamp: 2025-09-07 22:39:59.010842
<- (1800) byte  Source Port: 31000 Target Port: 45024 Timestamp: 2025-09-07 22:39:59.514964
-> (0) byte b'' Source Port: 31000 Target Port: 45024 Timestamp: 2025-09-07 22:40:00.016413
Connection closed from (apparently) out

mainMITM:
Starting MITM: 31002 -> 10086
Received connection: <socket.socket fd=4, family=AddressFamily.AF_INET, type=SocketKind.SOCK_STREAM, proto=0, laddr=('127.0.0.1', 31002), raddr=('127.0.0.1', 46434)>
Connected to: 127.0.0.1, 10086 using ephemeral port 42110
-> (7207) byte  Source Port: 31002 Target Port: 42110 Timestamp: 2025-09-07 22:39:55.938091
<- (5616) byte  Source Port: 31002 Target Port: 42110 Timestamp: 2025-09-07 22:39:55.938579
-> (0) byte b'' Source Port: 31002 Target Port: 42110 Timestamp: 2025-09-07 22:39:55.939276
Connection closed from (apparently) out
Received connection: <socket.socket fd=4, family=AddressFamily.AF_INET, type=SocketKind.SOCK_STREAM, proto=0, laddr=('127.0.0.1', 31002), raddr=('127.0.0.1', 46442)>
Connected to: 127.0.0.1, 10086 using ephemeral port 42126
-> (7815) byte  Source Port: 31002 Target Port: 42126 Timestamp: 2025-09-07 22:39:57.997011
<- (7072) byte  Source Port: 31002 Target Port: 42126 Timestamp: 2025-09-07 22:39:57.997698
<- (2176) byte  Source Port: 31002 Target Port: 42126 Timestamp: 2025-09-07 22:39:57.999895
<- (2727) byte  Source Port: 31002 Target Port: 42126 Timestamp: 2025-09-07 22:39:58.501737
<- (2341) byte  Source Port: 31002 Target Port: 42126 Timestamp: 2025-09-07 22:39:59.008796
<- (2482) byte  Source Port: 31002 Target Port: 42126 Timestamp: 2025-09-07 22:39:59.513643
<- (0) byte b'' Source Port: 31002 Target Port: 42126 Timestamp: 2025-09-07 22:40:00.015805
Connection closed from (apparently) in

serverProxyMITM:
Starting MITM: 31003 -> 31004
Received connection: <socket.socket fd=4, family=AddressFamily.AF_INET, type=SocketKind.SOCK_STREAM, proto=0, laddr=('127.0.0.1', 31003), raddr=('127.0.0.1', 43388)>
Connected to: 127.0.0.1, 31004 using ephemeral port 48438
-> (0) byte b'' Source Port: 31003 Target Port: 48438 Timestamp: 2025-09-07 22:39:55.939748
Connection closed from (apparently) out
Received connection: <socket.socket fd=4, family=AddressFamily.AF_INET, type=SocketKind.SOCK_STREAM, proto=0, laddr=('127.0.0.1', 31003), raddr=('127.0.0.1', 43400)>
Connected to: 127.0.0.1, 31004 using ephemeral port 48444
<- (1800) byte  Source Port: 31003 Target Port: 48444 Timestamp: 2025-09-07 22:39:57.999365
<- (1800) byte  Source Port: 31003 Target Port: 48444 Timestamp: 2025-09-07 22:39:58.500678
<- (1800) byte  Source Port: 31003 Target Port: 48444 Timestamp: 2025-09-07 22:39:59.007476
<- (1800) byte  Source Port: 31003 Target Port: 48444 Timestamp: 2025-09-07 22:39:59.511775
<- (0) byte b'' Source Port: 31003 Target Port: 48444 Timestamp: 2025-09-07 22:40:00.014541
Connection closed from (apparently) in

Client:
time: 2025-09-07 22:39:57.993542, Mode 4 - start experiment
time: 2025-09-07 22:39:57.993685, Iteration: 1
time: 2025-09-07 22:39:58.000835, Received 1st 1800 bytes, last byte content: 88
time: 2025-09-07 22:39:58.504949, Received 2nd 1800 bytes, last byte content: 89
time: 2025-09-07 22:39:59.006446, Iteration: 2
time: 2025-09-07 22:39:59.011616, Received 1st 1800 bytes, last byte content: 88
time: 2025-09-07 22:39:59.515737, Received 2nd 1800 bytes, last byte content: 89
time: 2025-09-07 22:40:00.016409, Connection closed

Server:
time: 2025-09-07 22:39:55.939945, Iteration: 1
time: 2025-09-07 22:39:55.940083, sent 1800 byte of X
time: 2025-09-07 22:39:57.998907, Iteration: 1
time: 2025-09-07 22:39:57.999336, sent 1800 byte of X
time: 2025-09-07 22:39:58.500896, sent 1800 byte of Y
time: 2025-09-07 22:39:59.006445, Iteration: 2
time: 2025-09-07 22:39:59.007348, sent 1800 byte of X
time: 2025-09-07 22:39:59.511865, sent 1800 byte of Y
Completed iteration 4 for mode 4 with msg size 1800 at 20250907-223953
----------------------------------------
Starting iteration 5 for mode 4 with msg size 1800 at 20250907-224002
Results extracted:
Name: Start test ./logs_obfs4_iat0/mode4_size1800.log --no-socks --mode 4 --send-size 1800 --num-messages 2 
	Frames: 320
	Client got: 7200 over 0 messages,  sent 0
	Server got: 0, over 0 messages, sent 9000
	Terminated by RST: SERVERPROXY -> MITM


clientProxyMITM:
Starting MITM: 31000 -> 31001
Received connection: <socket.socket fd=4, family=AddressFamily.AF_INET, type=SocketKind.SOCK_STREAM, proto=0, laddr=('127.0.0.1', 31000), raddr=('127.0.0.1', 41466)>
Connected to: 127.0.0.1, 31001 using ephemeral port 37244
<- (1800) byte  Source Port: 31000 Target Port: 37244 Timestamp: 2025-09-07 22:40:06.460591
<- (1800) byte  Source Port: 31000 Target Port: 37244 Timestamp: 2025-09-07 22:40:06.966003
<- (1800) byte  Source Port: 31000 Target Port: 37244 Timestamp: 2025-09-07 22:40:07.469408
<- (1800) byte  Source Port: 31000 Target Port: 37244 Timestamp: 2025-09-07 22:40:07.971669
-> (0) byte b'' Source Port: 31000 Target Port: 37244 Timestamp: 2025-09-07 22:40:08.473592
Connection closed from (apparently) out

mainMITM:
Starting MITM: 31002 -> 10086
Received connection: <socket.socket fd=4, family=AddressFamily.AF_INET, type=SocketKind.SOCK_STREAM, proto=0, laddr=('127.0.0.1', 31002), raddr=('127.0.0.1', 33184)>
Connected to: 127.0.0.1, 10086 using ephemeral port 47998
-> (5483) byte  Source Port: 31002 Target Port: 47998 Timestamp: 2025-09-07 22:40:04.404544
<- (390) byte  Source Port: 31002 Target Port: 47998 Timestamp: 2025-09-07 22:40:04.404957
-> (0) byte b'' Source Port: 31002 Target Port: 47998 Timestamp: 2025-09-07 22:40:04.405540
Connection closed from (apparently) out
Received connection: <socket.socket fd=4, family=AddressFamily.AF_INET, type=SocketKind.SOCK_STREAM, proto=0, laddr=('127.0.0.1', 31002), raddr=('127.0.0.1', 33200)>
Connected to: 127.0.0.1, 10086 using ephemeral port 48000
-> (796) byte  Source Port: 31002 Target Port: 48000 Timestamp: 2025-09-07 22:40:06.457615
<- (6817) byte  Source Port: 31002 Target Port: 48000 Timestamp: 2025-09-07 22:40:06.458195
<- (2134) byte  Source Port: 31002 Target Port: 48000 Timestamp: 2025-09-07 22:40:06.459826
<- (2482) byte  Source Port: 31002 Target Port: 48000 Timestamp: 2025-09-07 22:40:06.963875
<- (1916) byte  Source Port: 31002 Target Port: 48000 Timestamp: 2025-09-07 22:40:07.466743
<- (2494) byte  Source Port: 31002 Target Port: 48000 Timestamp: 2025-09-07 22:40:07.969456
<- (0) byte b'' Source Port: 31002 Target Port: 48000 Timestamp: 2025-09-07 22:40:08.475702
Connection closed from (apparently) in

serverProxyMITM:
Starting MITM: 31003 -> 31004
Received connection: <socket.socket fd=4, family=AddressFamily.AF_INET, type=SocketKind.SOCK_STREAM, proto=0, laddr=('127.0.0.1', 31003), raddr=('127.0.0.1', 40034)>
Connected to: 127.0.0.1, 31004 using ephemeral port 39110
-> (0) byte b'' Source Port: 31003 Target Port: 39110 Timestamp: 2025-09-07 22:40:04.405742
Connection closed from (apparently) out
Received connection: <socket.socket fd=4, family=AddressFamily.AF_INET, type=SocketKind.SOCK_STREAM, proto=0, laddr=('127.0.0.1', 31003), raddr=('127.0.0.1', 40046)>
Connected to: 127.0.0.1, 31004 using ephemeral port 39124
<- (1800) byte  Source Port: 31003 Target Port: 39124 Timestamp: 2025-09-07 22:40:06.459524
<- (1800) byte  Source Port: 31003 Target Port: 39124 Timestamp: 2025-09-07 22:40:06.961936
<- (1800) byte  Source Port: 31003 Target Port: 39124 Timestamp: 2025-09-07 22:40:07.465580
<- (1800) byte  Source Port: 31003 Target Port: 39124 Timestamp: 2025-09-07 22:40:07.968613
<- (0) byte b'' Source Port: 31003 Target Port: 39124 Timestamp: 2025-09-07 22:40:08.473586
Connection closed from (apparently) in

Client:
time: 2025-09-07 22:40:06.453979, Mode 4 - start experiment
time: 2025-09-07 22:40:06.454259, Iteration: 1
time: 2025-09-07 22:40:06.460865, Received 1st 1800 bytes, last byte content: 88
time: 2025-09-07 22:40:06.966721, Received 2nd 1800 bytes, last byte content: 89
time: 2025-09-07 22:40:07.467765, Iteration: 2
time: 2025-09-07 22:40:07.470292, Received 1st 1800 bytes, last byte content: 88
time: 2025-09-07 22:40:07.972189, Received 2nd 1800 bytes, last byte content: 89
time: 2025-09-07 22:40:08.473712, Connection closed

Server:
time: 2025-09-07 22:40:04.405758, Iteration: 1
time: 2025-09-07 22:40:04.405903, sent 1800 byte of X
time: 2025-09-07 22:40:06.459357, Iteration: 1
time: 2025-09-07 22:40:06.459497, sent 1800 byte of X
time: 2025-09-07 22:40:06.962457, sent 1800 byte of Y
time: 2025-09-07 22:40:07.464797, Iteration: 2
time: 2025-09-07 22:40:07.465472, sent 1800 byte of X
time: 2025-09-07 22:40:07.968702, sent 1800 byte of Y
Completed iteration 5 for mode 4 with msg size 1800 at 20250907-224002
----------------------------------------
Starting iteration 6 for mode 4 with msg size 1800 at 20250907-224010
Results extracted:
Name: Start test ./logs_obfs4_iat0/mode4_size1800.log --no-socks --mode 4 --send-size 1800 --num-messages 2 
	Frames: 345
	Client got: 7200 over 0 messages,  sent 0
	Server got: 0, over 0 messages, sent 9000
	Terminated by RST: SERVERPROXY -> MITM


clientProxyMITM:
Starting MITM: 31000 -> 31001
Received connection: <socket.socket fd=4, family=AddressFamily.AF_INET, type=SocketKind.SOCK_STREAM, proto=0, laddr=('127.0.0.1', 31000), raddr=('127.0.0.1', 41616)>
Connected to: 127.0.0.1, 31001 using ephemeral port 39594
<- (1800) byte  Source Port: 31000 Target Port: 39594 Timestamp: 2025-09-07 22:40:14.926923
<- (1800) byte  Source Port: 31000 Target Port: 39594 Timestamp: 2025-09-07 22:40:15.436456
<- (1800) byte  Source Port: 31000 Target Port: 39594 Timestamp: 2025-09-07 22:40:15.946396
<- (1800) byte  Source Port: 31000 Target Port: 39594 Timestamp: 2025-09-07 22:40:16.446330
-> (0) byte b'' Source Port: 31000 Target Port: 39594 Timestamp: 2025-09-07 22:40:16.951586
Connection closed from (apparently) out

mainMITM:
Starting MITM: 31002 -> 10086
Received connection: <socket.socket fd=4, family=AddressFamily.AF_INET, type=SocketKind.SOCK_STREAM, proto=0, laddr=('127.0.0.1', 31002), raddr=('127.0.0.1', 53662)>
Connected to: 127.0.0.1, 10086 using ephemeral port 34886
-> (3617) byte  Source Port: 31002 Target Port: 34886 Timestamp: 2025-09-07 22:40:12.864941
<- (573) byte  Source Port: 31002 Target Port: 34886 Timestamp: 2025-09-07 22:40:12.865430
-> (0) byte b'' Source Port: 31002 Target Port: 34886 Timestamp: 2025-09-07 22:40:12.866202
Connection closed from (apparently) out
Received connection: <socket.socket fd=4, family=AddressFamily.AF_INET, type=SocketKind.SOCK_STREAM, proto=0, laddr=('127.0.0.1', 31002), raddr=('127.0.0.1', 53674)>
Connected to: 127.0.0.1, 10086 using ephemeral port 34896
-> (1504) byte  Source Port: 31002 Target Port: 34896 Timestamp: 2025-09-07 22:40:14.923591
<- (8108) byte  Source Port: 31002 Target Port: 34896 Timestamp: 2025-09-07 22:40:14.924535
<- (2813) byte  Source Port: 31002 Target Port: 34896 Timestamp: 2025-09-07 22:40:14.926230
<- (1958) byte  Source Port: 31002 Target Port: 34896 Timestamp: 2025-09-07 22:40:15.434438
<- (2816) byte  Source Port: 31002 Target Port: 34896 Timestamp: 2025-09-07 22:40:15.943971
<- (2253) byte  Source Port: 31002 Target Port: 34896 Timestamp: 2025-09-07 22:40:16.444464
<- (0) byte b'' Source Port: 31002 Target Port: 34896 Timestamp: 2025-09-07 22:40:16.954565
Connection closed from (apparently) in

serverProxyMITM:
Starting MITM: 31003 -> 31004
Received connection: <socket.socket fd=4, family=AddressFamily.AF_INET, type=SocketKind.SOCK_STREAM, proto=0, laddr=('127.0.0.1', 31003), raddr=('127.0.0.1', 47632)>
Connected to: 127.0.0.1, 31004 using ephemeral port 35570
-> (0) byte b'' Source Port: 31003 Target Port: 35570 Timestamp: 2025-09-07 22:40:12.866399
Connection closed from (apparently) out
Received connection: <socket.socket fd=4, family=AddressFamily.AF_INET, type=SocketKind.SOCK_STREAM, proto=0, laddr=('127.0.0.1', 31003), raddr=('127.0.0.1', 47636)>
Connected to: 127.0.0.1, 31004 using ephemeral port 35586
<- (1800) byte  Source Port: 31003 Target Port: 35586 Timestamp: 2025-09-07 22:40:14.925918
<- (1800) byte  Source Port: 31003 Target Port: 35586 Timestamp: 2025-09-07 22:40:15.433254
<- (1800) byte  Source Port: 31003 Target Port: 35586 Timestamp: 2025-09-07 22:40:15.942275
<- (1800) byte  Source Port: 31003 Target Port: 35586 Timestamp: 2025-09-07 22:40:16.443302
<- (0) byte b'' Source Port: 31003 Target Port: 35586 Timestamp: 2025-09-07 22:40:16.951493
Connection closed from (apparently) in

Client:
time: 2025-09-07 22:40:14.920155, Mode 4 - start experiment
time: 2025-09-07 22:40:14.920292, Iteration: 1
time: 2025-09-07 22:40:14.927218, Received 1st 1800 bytes, last byte content: 88
time: 2025-09-07 22:40:15.436844, Received 2nd 1800 bytes, last byte content: 89
time: 2025-09-07 22:40:15.941347, Iteration: 2
time: 2025-09-07 22:40:15.947300, Received 1st 1800 bytes, last byte content: 88
time: 2025-09-07 22:40:16.448378, Received 2nd 1800 bytes, last byte content: 89
time: 2025-09-07 22:40:16.951751, Connection closed

Server:
time: 2025-09-07 22:40:12.868185, Iteration: 1
time: 2025-09-07 22:40:12.868381, sent 1800 byte of X
time: 2025-09-07 22:40:14.925473, Iteration: 1
time: 2025-09-07 22:40:14.925786, sent 1800 byte of X
time: 2025-09-07 22:40:15.433392, sent 1800 byte of Y
time: 2025-09-07 22:40:15.941346, Iteration: 2
time: 2025-09-07 22:40:15.942307, sent 1800 byte of X
time: 2025-09-07 22:40:16.443471, sent 1800 byte of Y
Completed iteration 6 for mode 4 with msg size 1800 at 20250907-224010
----------------------------------------
Starting iteration 7 for mode 4 with msg size 1800 at 20250907-224019
Results extracted:
Name: Start test ./logs_obfs4_iat0/mode4_size1800.log --no-socks --mode 4 --send-size 1800 --num-messages 2 
	Frames: 329
	Client got: 7200 over 0 messages,  sent 0
	Server got: 0, over 0 messages, sent 10800
	Terminated by RST: SERVERPROXY -> MITM


clientProxyMITM:
Starting MITM: 31000 -> 31001
Received connection: <socket.socket fd=4, family=AddressFamily.AF_INET, type=SocketKind.SOCK_STREAM, proto=0, laddr=('127.0.0.1', 31000), raddr=('127.0.0.1', 50000)>
Connected to: 127.0.0.1, 31001 using ephemeral port 35678
<- (1800) byte  Source Port: 31000 Target Port: 35678 Timestamp: 2025-09-07 22:40:23.397739
<- (1800) byte  Source Port: 31000 Target Port: 35678 Timestamp: 2025-09-07 22:40:23.900641
<- (1800) byte  Source Port: 31000 Target Port: 35678 Timestamp: 2025-09-07 22:40:24.405337
<- (1800) byte  Source Port: 31000 Target Port: 35678 Timestamp: 2025-09-07 22:40:24.913903
-> (0) byte b'' Source Port: 31000 Target Port: 35678 Timestamp: 2025-09-07 22:40:25.418119
Connection closed from (apparently) out

mainMITM:
Starting MITM: 31002 -> 10086
Received connection: <socket.socket fd=4, family=AddressFamily.AF_INET, type=SocketKind.SOCK_STREAM, proto=0, laddr=('127.0.0.1', 31002), raddr=('127.0.0.1', 55930)>
Connected to: 127.0.0.1, 10086 using ephemeral port 46662
-> (4893) byte  Source Port: 31002 Target Port: 46662 Timestamp: 2025-09-07 22:40:21.340264
<- (2728) byte  Source Port: 31002 Target Port: 46662 Timestamp: 2025-09-07 22:40:21.340746
-> (0) byte b'' Source Port: 31002 Target Port: 46662 Timestamp: 2025-09-07 22:40:21.341547
Connection closed from (apparently) out
Received connection: <socket.socket fd=4, family=AddressFamily.AF_INET, type=SocketKind.SOCK_STREAM, proto=0, laddr=('127.0.0.1', 31002), raddr=('127.0.0.1', 55944)>
Connected to: 127.0.0.1, 10086 using ephemeral port 46664
-> (3212) byte  Source Port: 31002 Target Port: 46664 Timestamp: 2025-09-07 22:40:23.394353
<- (318) byte  Source Port: 31002 Target Port: 46664 Timestamp: 2025-09-07 22:40:23.395264
<- (2253) byte  Source Port: 31002 Target Port: 46664 Timestamp: 2025-09-07 22:40:23.396966
<- (2573) byte  Source Port: 31002 Target Port: 46664 Timestamp: 2025-09-07 22:40:23.898957
<- (2573) byte  Source Port: 31002 Target Port: 46664 Timestamp: 2025-09-07 22:40:24.403957
<- (2813) byte  Source Port: 31002 Target Port: 46664 Timestamp: 2025-09-07 22:40:24.911778
<- (0) byte b'' Source Port: 31002 Target Port: 46664 Timestamp: 2025-09-07 22:40:25.418941
Connection closed from (apparently) in

serverProxyMITM:
Starting MITM: 31003 -> 31004
Received connection: <socket.socket fd=4, family=AddressFamily.AF_INET, type=SocketKind.SOCK_STREAM, proto=0, laddr=('127.0.0.1', 31003), raddr=('127.0.0.1', 33054)>
Connected to: 127.0.0.1, 31004 using ephemeral port 38202
<- (1800) byte  Source Port: 31003 Target Port: 38202 Timestamp: 2025-09-07 22:40:21.342022
-> (0) byte b'' Source Port: 31003 Target Port: 38202 Timestamp: 2025-09-07 22:40:21.342276
Connection closed from (apparently) out
Received connection: <socket.socket fd=4, family=AddressFamily.AF_INET, type=SocketKind.SOCK_STREAM, proto=0, laddr=('127.0.0.1', 31003), raddr=('127.0.0.1', 33070)>
Connected to: 127.0.0.1, 31004 using ephemeral port 38210
<- (1800) byte  Source Port: 31003 Target Port: 38210 Timestamp: 2025-09-07 22:40:23.396643
<- (1800) byte  Source Port: 31003 Target Port: 38210 Timestamp: 2025-09-07 22:40:23.897617
<- (1800) byte  Source Port: 31003 Target Port: 38210 Timestamp: 2025-09-07 22:40:24.403474
<- (1800) byte  Source Port: 31003 Target Port: 38210 Timestamp: 2025-09-07 22:40:24.910155
<- (0) byte b'' Source Port: 31003 Target Port: 38210 Timestamp: 2025-09-07 22:40:25.417738
Connection closed from (apparently) in

Client:
time: 2025-09-07 22:40:23.390149, Mode 4 - start experiment
time: 2025-09-07 22:40:23.390327, Iteration: 1
time: 2025-09-07 22:40:23.398230, Received 1st 1800 bytes, last byte content: 88
time: 2025-09-07 22:40:23.901386, Received 2nd 1800 bytes, last byte content: 89
time: 2025-09-07 22:40:24.402983, Iteration: 2
time: 2025-09-07 22:40:24.406149, Received 1st 1800 bytes, last byte content: 88
time: 2025-09-07 22:40:24.914657, Received 2nd 1800 bytes, last byte content: 89
time: 2025-09-07 22:40:25.418522, Connection closed

Server:
time: 2025-09-07 22:40:21.341460, Iteration: 1
time: 2025-09-07 22:40:21.341867, sent 1800 byte of X
time: 2025-09-07 22:40:21.850450, sent 1800 byte of Y
time: 2025-09-07 22:40:22.360988, Iteration: 2
time: 2025-09-07 22:40:23.396305, Iteration: 1
time: 2025-09-07 22:40:23.396572, sent 1800 byte of X
time: 2025-09-07 22:40:23.897676, sent 1800 byte of Y
time: 2025-09-07 22:40:24.403126, Iteration: 2
time: 2025-09-07 22:40:24.403441, sent 1800 byte of X
time: 2025-09-07 22:40:24.910444, sent 1800 byte of Y
Completed iteration 7 for mode 4 with msg size 1800 at 20250907-224019
----------------------------------------
Starting iteration 8 for mode 4 with msg size 1800 at 20250907-224027
Results extracted:
Name: Start test ./logs_obfs4_iat0/mode4_size1800.log --no-socks --mode 4 --send-size 1800 --num-messages 2 
	Frames: 350
	Client got: 7200 over 0 messages,  sent 0
	Server got: 0, over 0 messages, sent 10800
	Terminated by RST: SERVERPROXY -> MITM


clientProxyMITM:
Starting MITM: 31000 -> 31001
Received connection: <socket.socket fd=4, family=AddressFamily.AF_INET, type=SocketKind.SOCK_STREAM, proto=0, laddr=('127.0.0.1', 31000), raddr=('127.0.0.1', 34908)>
Connected to: 127.0.0.1, 31001 using ephemeral port 48850
<- (1800) byte  Source Port: 31000 Target Port: 48850 Timestamp: 2025-09-07 22:40:31.950294
<- (1800) byte  Source Port: 31000 Target Port: 48850 Timestamp: 2025-09-07 22:40:32.456614
<- (1800) byte  Source Port: 31000 Target Port: 48850 Timestamp: 2025-09-07 22:40:32.957809
<- (1800) byte  Source Port: 31000 Target Port: 48850 Timestamp: 2025-09-07 22:40:33.466635
-> (0) byte b'' Source Port: 31000 Target Port: 48850 Timestamp: 2025-09-07 22:40:33.968863
Connection closed from (apparently) out

mainMITM:
Starting MITM: 31002 -> 10086
Received connection: <socket.socket fd=4, family=AddressFamily.AF_INET, type=SocketKind.SOCK_STREAM, proto=0, laddr=('127.0.0.1', 31002), raddr=('127.0.0.1', 45404)>
Connected to: 127.0.0.1, 10086 using ephemeral port 48230
-> (5955) byte  Source Port: 31002 Target Port: 48230 Timestamp: 2025-09-07 22:40:29.904333
<- (232) byte  Source Port: 31002 Target Port: 48230 Timestamp: 2025-09-07 22:40:29.904802
-> (0) byte b'' Source Port: 31002 Target Port: 48230 Timestamp: 2025-09-07 22:40:29.905442
Connection closed from (apparently) out
Received connection: <socket.socket fd=4, family=AddressFamily.AF_INET, type=SocketKind.SOCK_STREAM, proto=0, laddr=('127.0.0.1', 31002), raddr=('127.0.0.1', 45416)>
Connected to: 127.0.0.1, 10086 using ephemeral port 48246
-> (1459) byte  Source Port: 31002 Target Port: 48246 Timestamp: 2025-09-07 22:40:31.947318
<- (318) byte  Source Port: 31002 Target Port: 48246 Timestamp: 2025-09-07 22:40:31.947913
<- (1875) byte  Source Port: 31002 Target Port: 48246 Timestamp: 2025-09-07 22:40:31.949624
<- (3236) byte  Source Port: 31002 Target Port: 48246 Timestamp: 2025-09-07 22:40:32.453833
<- (2353) byte  Source Port: 31002 Target Port: 48246 Timestamp: 2025-09-07 22:40:32.956253
<- (2140) byte  Source Port: 31002 Target Port: 48246 Timestamp: 2025-09-07 22:40:33.464890
<- (0) byte b'' Source Port: 31002 Target Port: 48246 Timestamp: 2025-09-07 22:40:33.967488
Connection closed from (apparently) in

serverProxyMITM:
Starting MITM: 31003 -> 31004
Received connection: <socket.socket fd=4, family=AddressFamily.AF_INET, type=SocketKind.SOCK_STREAM, proto=0, laddr=('127.0.0.1', 31003), raddr=('127.0.0.1', 45838)>
Connected to: 127.0.0.1, 31004 using ephemeral port 47480
<- (1800) byte  Source Port: 31003 Target Port: 47480 Timestamp: 2025-09-07 22:40:29.905638
-> (0) byte b'' Source Port: 31003 Target Port: 47480 Timestamp: 2025-09-07 22:40:29.905761
Connection closed from (apparently) out
Received connection: <socket.socket fd=4, family=AddressFamily.AF_INET, type=SocketKind.SOCK_STREAM, proto=0, laddr=('127.0.0.1', 31003), raddr=('127.0.0.1', 45850)>
Connected to: 127.0.0.1, 31004 using ephemeral port 47492
<- (1800) byte  Source Port: 31003 Target Port: 47492 Timestamp: 2025-09-07 22:40:31.949277
<- (1800) byte  Source Port: 31003 Target Port: 47492 Timestamp: 2025-09-07 22:40:32.451940
<- (1800) byte  Source Port: 31003 Target Port: 47492 Timestamp: 2025-09-07 22:40:32.954495
<- (1800) byte  Source Port: 31003 Target Port: 47492 Timestamp: 2025-09-07 22:40:33.463636
<- (0) byte b'' Source Port: 31003 Target Port: 47492 Timestamp: 2025-09-07 22:40:33.965417
Connection closed from (apparently) in

Client:
time: 2025-09-07 22:40:31.943869, Mode 4 - start experiment
time: 2025-09-07 22:40:31.944067, Iteration: 1
time: 2025-09-07 22:40:31.950461, Received 1st 1800 bytes, last byte content: 88
time: 2025-09-07 22:40:32.457716, Received 2nd 1800 bytes, last byte content: 89
time: 2025-09-07 22:40:32.958734, Iteration: 2
time: 2025-09-07 22:40:32.959020, Received 1st 1800 bytes, last byte content: 88
time: 2025-09-07 22:40:33.467438, Received 2nd 1800 bytes, last byte content: 89
time: 2025-09-07 22:40:33.968731, Connection closed

Server:
time: 2025-09-07 22:40:29.905473, Iteration: 1
time: 2025-09-07 22:40:29.905573, sent 1800 byte of X
time: 2025-09-07 22:40:30.406400, sent 1800 byte of Y
time: 2025-09-07 22:40:30.914517, Iteration: 2
time: 2025-09-07 22:40:31.949011, Iteration: 1
time: 2025-09-07 22:40:31.949270, sent 1800 byte of X
time: 2025-09-07 22:40:32.452169, sent 1800 byte of Y
time: 2025-09-07 22:40:32.953547, Iteration: 2
time: 2025-09-07 22:40:32.954406, sent 1800 byte of X
time: 2025-09-07 22:40:33.463798, sent 1800 byte of Y
Completed iteration 8 for mode 4 with msg size 1800 at 20250907-224027
----------------------------------------
Starting iteration 9 for mode 4 with msg size 1800 at 20250907-224036
Results extracted:
Name: Start test ./logs_obfs4_iat0/mode4_size1800.log --no-socks --mode 4 --send-size 1800 --num-messages 2 
	Frames: 328
	Client got: 7200 over 0 messages,  sent 0
	Server got: 0, over 0 messages, sent 10800
	Terminated by RST: SERVERPROXY -> MITM


clientProxyMITM:
Starting MITM: 31000 -> 31001
Received connection: <socket.socket fd=4, family=AddressFamily.AF_INET, type=SocketKind.SOCK_STREAM, proto=0, laddr=('127.0.0.1', 31000), raddr=('127.0.0.1', 48242)>
Connected to: 127.0.0.1, 31001 using ephemeral port 42410
<- (1800) byte  Source Port: 31000 Target Port: 42410 Timestamp: 2025-09-07 22:40:40.417567
<- (1800) byte  Source Port: 31000 Target Port: 42410 Timestamp: 2025-09-07 22:40:40.927393
<- (1800) byte  Source Port: 31000 Target Port: 42410 Timestamp: 2025-09-07 22:40:41.437368
<- (1800) byte  Source Port: 31000 Target Port: 42410 Timestamp: 2025-09-07 22:40:41.937453
<- (0) byte b'' Source Port: 31000 Target Port: 42410 Timestamp: 2025-09-07 22:40:42.441421
Connection closed from (apparently) in

mainMITM:
Starting MITM: 31002 -> 10086
Received connection: <socket.socket fd=4, family=AddressFamily.AF_INET, type=SocketKind.SOCK_STREAM, proto=0, laddr=('127.0.0.1', 31002), raddr=('127.0.0.1', 45418)>
Connected to: 127.0.0.1, 10086 using ephemeral port 48270
-> (1471) byte  Source Port: 31002 Target Port: 48270 Timestamp: 2025-09-07 22:40:38.357465
<- (3978) byte  Source Port: 31002 Target Port: 48270 Timestamp: 2025-09-07 22:40:38.357906
-> (0) byte b'' Source Port: 31002 Target Port: 48270 Timestamp: 2025-09-07 22:40:38.358824
Connection closed from (apparently) out
Received connection: <socket.socket fd=4, family=AddressFamily.AF_INET, type=SocketKind.SOCK_STREAM, proto=0, laddr=('127.0.0.1', 31002), raddr=('127.0.0.1', 36526)>
Connected to: 127.0.0.1, 10086 using ephemeral port 38298
-> (6288) byte  Source Port: 31002 Target Port: 38298 Timestamp: 2025-09-07 22:40:40.413735
<- (6387) byte  Source Port: 31002 Target Port: 38298 Timestamp: 2025-09-07 22:40:40.414908
<- (2970) byte  Source Port: 31002 Target Port: 38298 Timestamp: 2025-09-07 22:40:40.416818
<- (3044) byte  Source Port: 31002 Target Port: 38298 Timestamp: 2025-09-07 22:40:40.924513
<- (3229) byte  Source Port: 31002 Target Port: 38298 Timestamp: 2025-09-07 22:40:41.434653
<- (2016) byte  Source Port: 31002 Target Port: 38298 Timestamp: 2025-09-07 22:40:41.935645
<- (0) byte b'' Source Port: 31002 Target Port: 38298 Timestamp: 2025-09-07 22:40:42.439351
Connection closed from (apparently) in

serverProxyMITM:
Starting MITM: 31003 -> 31004
Received connection: <socket.socket fd=4, family=AddressFamily.AF_INET, type=SocketKind.SOCK_STREAM, proto=0, laddr=('127.0.0.1', 31003), raddr=('127.0.0.1', 45858)>
Connected to: 127.0.0.1, 31004 using ephemeral port 47500
<- (1800) byte  Source Port: 31003 Target Port: 47500 Timestamp: 2025-09-07 22:40:38.358765
-> (0) byte b'' Source Port: 31003 Target Port: 47500 Timestamp: 2025-09-07 22:40:38.358989
Connection closed from (apparently) out
Received connection: <socket.socket fd=4, family=AddressFamily.AF_INET, type=SocketKind.SOCK_STREAM, proto=0, laddr=('127.0.0.1', 31003), raddr=('127.0.0.1', 37014)>
Connected to: 127.0.0.1, 31004 using ephemeral port 56816
<- (1800) byte  Source Port: 31003 Target Port: 56816 Timestamp: 2025-09-07 22:40:40.416359
<- (1800) byte  Source Port: 31003 Target Port: 56816 Timestamp: 2025-09-07 22:40:40.922765
<- (1800) byte  Source Port: 31003 Target Port: 56816 Timestamp: 2025-09-07 22:40:41.433439
<- (1800) byte  Source Port: 31003 Target Port: 56816 Timestamp: 2025-09-07 22:40:41.934474
<- (0) byte b'' Source Port: 31003 Target Port: 56816 Timestamp: 2025-09-07 22:40:42.436681
Connection closed from (apparently) in

Client:
time: 2025-09-07 22:40:40.409688, Mode 4 - start experiment
time: 2025-09-07 22:40:40.409835, Iteration: 1
time: 2025-09-07 22:40:40.417776, Received 1st 1800 bytes, last byte content: 88
time: 2025-09-07 22:40:40.928385, Received 2nd 1800 bytes, last byte content: 89
time: 2025-09-07 22:40:41.430865, Iteration: 2
time: 2025-09-07 22:40:41.438220, Received 1st 1800 bytes, last byte content: 88
time: 2025-09-07 22:40:41.939343, Received 2nd 1800 bytes, last byte content: 89
time: 2025-09-07 22:40:42.440743, Connection closed

Server:
time: 2025-09-07 22:40:38.358598, Iteration: 1
time: 2025-09-07 22:40:38.358711, sent 1800 byte of X
time: 2025-09-07 22:40:38.869522, sent 1800 byte of Y
time: 2025-09-07 22:40:39.376595, Iteration: 2
time: 2025-09-07 22:40:40.416003, Iteration: 1
time: 2025-09-07 22:40:40.416342, sent 1800 byte of X
time: 2025-09-07 22:40:40.922989, sent 1800 byte of Y
time: 2025-09-07 22:40:41.432640, Iteration: 2
time: 2025-09-07 22:40:41.433356, sent 1800 byte of X
time: 2025-09-07 22:40:41.934636, sent 1800 byte of Y
Completed iteration 9 for mode 4 with msg size 1800 at 20250907-224036
----------------------------------------
Starting iteration 10 for mode 4 with msg size 1800 at 20250907-224044
Results extracted:
Name: Start test ./logs_obfs4_iat0/mode4_size1800.log --no-socks --mode 4 --send-size 1800 --num-messages 2 
	Frames: 344
	Client got: 7200 over 0 messages,  sent 0
	Server got: 0, over 0 messages, sent 10800
	Terminated by RST: SERVERPROXY -> MITM


clientProxyMITM:
Starting MITM: 31000 -> 31001
Received connection: <socket.socket fd=4, family=AddressFamily.AF_INET, type=SocketKind.SOCK_STREAM, proto=0, laddr=('127.0.0.1', 31000), raddr=('127.0.0.1', 48246)>
Connected to: 127.0.0.1, 31001 using ephemeral port 42440
<- (1800) byte  Source Port: 31000 Target Port: 42440 Timestamp: 2025-09-07 22:40:48.857485
<- (1800) byte  Source Port: 31000 Target Port: 42440 Timestamp: 2025-09-07 22:40:49.361113
<- (1800) byte  Source Port: 31000 Target Port: 42440 Timestamp: 2025-09-07 22:40:49.870177
<- (1800) byte  Source Port: 31000 Target Port: 42440 Timestamp: 2025-09-07 22:40:50.372572
-> (0) byte b'' Source Port: 31000 Target Port: 42440 Timestamp: 2025-09-07 22:40:50.874313
Connection closed from (apparently) out

mainMITM:
Starting MITM: 31002 -> 10086
Received connection: <socket.socket fd=4, family=AddressFamily.AF_INET, type=SocketKind.SOCK_STREAM, proto=0, laddr=('127.0.0.1', 31002), raddr=('127.0.0.1', 36528)>
Connected to: 127.0.0.1, 10086 using ephemeral port 38306
-> (3246) byte  Source Port: 31002 Target Port: 38306 Timestamp: 2025-09-07 22:40:46.800598
<- (1117) byte  Source Port: 31002 Target Port: 38306 Timestamp: 2025-09-07 22:40:46.801198
-> (0) byte b'' Source Port: 31002 Target Port: 38306 Timestamp: 2025-09-07 22:40:46.801675
Connection closed from (apparently) out
Received connection: <socket.socket fd=4, family=AddressFamily.AF_INET, type=SocketKind.SOCK_STREAM, proto=0, laddr=('127.0.0.1', 31002), raddr=('127.0.0.1', 36542)>
Connected to: 127.0.0.1, 10086 using ephemeral port 38322
-> (7167) byte  Source Port: 31002 Target Port: 38322 Timestamp: 2025-09-07 22:40:48.853178
<- (1546) byte  Source Port: 31002 Target Port: 38322 Timestamp: 2025-09-07 22:40:48.854141
<- (2175) byte  Source Port: 31002 Target Port: 38322 Timestamp: 2025-09-07 22:40:48.856572
<- (2494) byte  Source Port: 31002 Target Port: 38322 Timestamp: 2025-09-07 22:40:49.359522
<- (2140) byte  Source Port: 31002 Target Port: 38322 Timestamp: 2025-09-07 22:40:49.868318
<- (2482) byte  Source Port: 31002 Target Port: 38322 Timestamp: 2025-09-07 22:40:50.370873
<- (0) byte b'' Source Port: 31002 Target Port: 38322 Timestamp: 2025-09-07 22:40:50.873316
Connection closed from (apparently) in

serverProxyMITM:
Starting MITM: 31003 -> 31004
Received connection: <socket.socket fd=4, family=AddressFamily.AF_INET, type=SocketKind.SOCK_STREAM, proto=0, laddr=('127.0.0.1', 31003), raddr=('127.0.0.1', 37022)>
Connected to: 127.0.0.1, 31004 using ephemeral port 56818
<- (1800) byte  Source Port: 31003 Target Port: 56818 Timestamp: 2025-09-07 22:40:46.802402
-> (0) byte b'' Source Port: 31003 Target Port: 56818 Timestamp: 2025-09-07 22:40:46.802521
Connection closed from (apparently) out
Received connection: <socket.socket fd=4, family=AddressFamily.AF_INET, type=SocketKind.SOCK_STREAM, proto=0, laddr=('127.0.0.1', 31003), raddr=('127.0.0.1', 37034)>
Connected to: 127.0.0.1, 31004 using ephemeral port 56828
<- (1800) byte  Source Port: 31003 Target Port: 56828 Timestamp: 2025-09-07 22:40:48.856022
<- (1800) byte  Source Port: 31003 Target Port: 56828 Timestamp: 2025-09-07 22:40:49.356683
<- (1800) byte  Source Port: 31003 Target Port: 56828 Timestamp: 2025-09-07 22:40:49.867224
<- (1800) byte  Source Port: 31003 Target Port: 56828 Timestamp: 2025-09-07 22:40:50.369596
<- (0) byte b'' Source Port: 31003 Target Port: 56828 Timestamp: 2025-09-07 22:40:50.872194
Connection closed from (apparently) in

Client:
time: 2025-09-07 22:40:48.848358, Mode 4 - start experiment
time: 2025-09-07 22:40:48.848556, Iteration: 1
time: 2025-09-07 22:40:48.857681, Received 1st 1800 bytes, last byte content: 88
time: 2025-09-07 22:40:49.361818, Received 2nd 1800 bytes, last byte content: 89
time: 2025-09-07 22:40:49.866459, Iteration: 2
time: 2025-09-07 22:40:49.870889, Received 1st 1800 bytes, last byte content: 88
time: 2025-09-07 22:40:50.373286, Received 2nd 1800 bytes, last byte content: 89
time: 2025-09-07 22:40:50.874284, Connection closed

Server:
time: 2025-09-07 22:40:46.802019, Iteration: 1
time: 2025-09-07 22:40:46.802235, sent 1800 byte of X
time: 2025-09-07 22:40:47.310019, sent 1800 byte of Y
time: 2025-09-07 22:40:47.820850, Iteration: 2
time: 2025-09-07 22:40:48.855871, Iteration: 1
time: 2025-09-07 22:40:48.855997, sent 1800 byte of X
time: 2025-09-07 22:40:49.356787, sent 1800 byte of Y
time: 2025-09-07 22:40:49.866481, Iteration: 2
time: 2025-09-07 22:40:49.867278, sent 1800 byte of X
time: 2025-09-07 22:40:50.369756, sent 1800 byte of Y
Completed iteration 10 for mode 4 with msg size 1800 at 20250907-224044
----------------------------------------
Starting iteration 11 for mode 4 with msg size 1800 at 20250907-224052
Results extracted:
Name: Start test ./logs_obfs4_iat0/mode4_size1800.log --no-socks --mode 4 --send-size 1800 --num-messages 2 
	Frames: 336
	Client got: 7200 over 0 messages,  sent 0
	Server got: 0, over 0 messages, sent 10800
	Terminated by RST: SERVERPROXY -> MITM


clientProxyMITM:
Starting MITM: 31000 -> 31001
Received connection: <socket.socket fd=4, family=AddressFamily.AF_INET, type=SocketKind.SOCK_STREAM, proto=0, laddr=('127.0.0.1', 31000), raddr=('127.0.0.1', 58576)>
Connected to: 127.0.0.1, 31001 using ephemeral port 46704
<- (1800) byte  Source Port: 31000 Target Port: 46704 Timestamp: 2025-09-07 22:40:57.318200
<- (1800) byte  Source Port: 31000 Target Port: 46704 Timestamp: 2025-09-07 22:40:57.824423
<- (1800) byte  Source Port: 31000 Target Port: 46704 Timestamp: 2025-09-07 22:40:58.331363
<- (1800) byte  Source Port: 31000 Target Port: 46704 Timestamp: 2025-09-07 22:40:58.830007
<- (0) byte b'' Source Port: 31000 Target Port: 46704 Timestamp: 2025-09-07 22:40:59.333660
Connection closed from (apparently) in

mainMITM:
Starting MITM: 31002 -> 10086
Received connection: <socket.socket fd=4, family=AddressFamily.AF_INET, type=SocketKind.SOCK_STREAM, proto=0, laddr=('127.0.0.1', 31002), raddr=('127.0.0.1', 38806)>
Connected to: 127.0.0.1, 10086 using ephemeral port 39350
-> (4830) byte  Source Port: 31002 Target Port: 39350 Timestamp: 2025-09-07 22:40:55.259270
<- (3254) byte  Source Port: 31002 Target Port: 39350 Timestamp: 2025-09-07 22:40:55.259847
-> (0) byte b'' Source Port: 31002 Target Port: 39350 Timestamp: 2025-09-07 22:40:55.260612
Connection closed from (apparently) out
Received connection: <socket.socket fd=4, family=AddressFamily.AF_INET, type=SocketKind.SOCK_STREAM, proto=0, laddr=('127.0.0.1', 31002), raddr=('127.0.0.1', 38822)>
Connected to: 127.0.0.1, 10086 using ephemeral port 39358
-> (5553) byte  Source Port: 31002 Target Port: 39358 Timestamp: 2025-09-07 22:40:57.315006
<- (4534) byte  Source Port: 31002 Target Port: 39358 Timestamp: 2025-09-07 22:40:57.315832
<- (2124) byte  Source Port: 31002 Target Port: 39358 Timestamp: 2025-09-07 22:40:57.317497
<- (2134) byte  Source Port: 31002 Target Port: 39358 Timestamp: 2025-09-07 22:40:57.822611
<- (2573) byte  Source Port: 31002 Target Port: 39358 Timestamp: 2025-09-07 22:40:58.327501
<- (2494) byte  Source Port: 31002 Target Port: 39358 Timestamp: 2025-09-07 22:40:58.827579
<- (0) byte b'' Source Port: 31002 Target Port: 39358 Timestamp: 2025-09-07 22:40:59.330964
Connection closed from (apparently) in

serverProxyMITM:
Starting MITM: 31003 -> 31004
Received connection: <socket.socket fd=4, family=AddressFamily.AF_INET, type=SocketKind.SOCK_STREAM, proto=0, laddr=('127.0.0.1', 31003), raddr=('127.0.0.1', 45748)>
Connected to: 127.0.0.1, 31004 using ephemeral port 43522
<- (1800) byte  Source Port: 31003 Target Port: 43522 Timestamp: 2025-09-07 22:40:55.260842
-> (0) byte b'' Source Port: 31003 Target Port: 43522 Timestamp: 2025-09-07 22:40:55.261003
Connection closed from (apparently) out
Received connection: <socket.socket fd=4, family=AddressFamily.AF_INET, type=SocketKind.SOCK_STREAM, proto=0, laddr=('127.0.0.1', 31003), raddr=('127.0.0.1', 45758)>
Connected to: 127.0.0.1, 31004 using ephemeral port 43530
<- (1800) byte  Source Port: 31003 Target Port: 43530 Timestamp: 2025-09-07 22:40:57.317197
<- (1800) byte  Source Port: 31003 Target Port: 43530 Timestamp: 2025-09-07 22:40:57.821419
<- (1800) byte  Source Port: 31003 Target Port: 43530 Timestamp: 2025-09-07 22:40:58.325335
<- (1800) byte  Source Port: 31003 Target Port: 43530 Timestamp: 2025-09-07 22:40:58.826480
<- (0) byte b'' Source Port: 31003 Target Port: 43530 Timestamp: 2025-09-07 22:40:59.329185
Connection closed from (apparently) in

Client:
time: 2025-09-07 22:40:57.311715, Mode 4 - start experiment
time: 2025-09-07 22:40:57.311834, Iteration: 1
time: 2025-09-07 22:40:57.318386, Received 1st 1800 bytes, last byte content: 88
time: 2025-09-07 22:40:57.825021, Received 2nd 1800 bytes, last byte content: 89
time: 2025-09-07 22:40:58.326690, Iteration: 2
time: 2025-09-07 22:40:58.332261, Received 1st 1800 bytes, last byte content: 88
time: 2025-09-07 22:40:58.834561, Received 2nd 1800 bytes, last byte content: 89
time: 2025-09-07 22:40:59.335721, Connection closed

Server:
time: 2025-09-07 22:40:55.260660, Iteration: 1
time: 2025-09-07 22:40:55.260808, sent 1800 byte of X
time: 2025-09-07 22:40:55.761555, sent 1800 byte of Y
time: 2025-09-07 22:40:56.268446, Iteration: 2
time: 2025-09-07 22:40:57.316920, Iteration: 1
time: 2025-09-07 22:40:57.317140, sent 1800 byte of X
time: 2025-09-07 22:40:57.821382, sent 1800 byte of Y
time: 2025-09-07 22:40:58.324192, Iteration: 2
time: 2025-09-07 22:40:58.325340, sent 1800 byte of X
time: 2025-09-07 22:40:58.826658, sent 1800 byte of Y
Completed iteration 11 for mode 4 with msg size 1800 at 20250907-224052
----------------------------------------
Starting iteration 12 for mode 4 with msg size 1800 at 20250907-224101
Results extracted:
Name: Start test ./logs_obfs4_iat0/mode4_size1800.log --no-socks --mode 4 --send-size 1800 --num-messages 2 
	Frames: 337
	Client got: 7200 over 0 messages,  sent 0
	Server got: 0, over 0 messages, sent 10800
	Terminated by RST: SERVERPROXY -> MITM


clientProxyMITM:
Starting MITM: 31000 -> 31001
Received connection: <socket.socket fd=4, family=AddressFamily.AF_INET, type=SocketKind.SOCK_STREAM, proto=0, laddr=('127.0.0.1', 31000), raddr=('127.0.0.1', 56660)>
Connected to: 127.0.0.1, 31001 using ephemeral port 48424
<- (1800) byte  Source Port: 31000 Target Port: 48424 Timestamp: 2025-09-07 22:41:05.783190
<- (1800) byte  Source Port: 31000 Target Port: 48424 Timestamp: 2025-09-07 22:41:06.286714
<- (1800) byte  Source Port: 31000 Target Port: 48424 Timestamp: 2025-09-07 22:41:06.785211
<- (1800) byte  Source Port: 31000 Target Port: 48424 Timestamp: 2025-09-07 22:41:07.290359
<- (0) byte b'' Source Port: 31000 Target Port: 48424 Timestamp: 2025-09-07 22:41:07.790752
Connection closed from (apparently) in

mainMITM:
Starting MITM: 31002 -> 10086
Received connection: <socket.socket fd=4, family=AddressFamily.AF_INET, type=SocketKind.SOCK_STREAM, proto=0, laddr=('127.0.0.1', 31002), raddr=('127.0.0.1', 51894)>
Connected to: 127.0.0.1, 10086 using ephemeral port 60232
-> (1949) byte  Source Port: 31002 Target Port: 60232 Timestamp: 2025-09-07 22:41:03.727002
<- (2494) byte  Source Port: 31002 Target Port: 60232 Timestamp: 2025-09-07 22:41:03.727532
-> (0) byte b'' Source Port: 31002 Target Port: 60232 Timestamp: 2025-09-07 22:41:03.728241
Connection closed from (apparently) out
Received connection: <socket.socket fd=4, family=AddressFamily.AF_INET, type=SocketKind.SOCK_STREAM, proto=0, laddr=('127.0.0.1', 31002), raddr=('127.0.0.1', 51904)>
Connected to: 127.0.0.1, 10086 using ephemeral port 60240
-> (8128) byte  Source Port: 31002 Target Port: 60240 Timestamp: 2025-09-07 22:41:05.779728
<- (4850) byte  Source Port: 31002 Target Port: 60240 Timestamp: 2025-09-07 22:41:05.780653
<- (1916) byte  Source Port: 31002 Target Port: 60240 Timestamp: 2025-09-07 22:41:05.782206
<- (2253) byte  Source Port: 31002 Target Port: 60240 Timestamp: 2025-09-07 22:41:06.284642
<- (3283) byte  Source Port: 31002 Target Port: 60240 Timestamp: 2025-09-07 22:41:06.784735
<- (2115) byte  Source Port: 31002 Target Port: 60240 Timestamp: 2025-09-07 22:41:07.287753
<- (0) byte b'' Source Port: 31002 Target Port: 60240 Timestamp: 2025-09-07 22:41:07.789731
Connection closed from (apparently) in

serverProxyMITM:
Starting MITM: 31003 -> 31004
Received connection: <socket.socket fd=4, family=AddressFamily.AF_INET, type=SocketKind.SOCK_STREAM, proto=0, laddr=('127.0.0.1', 31003), raddr=('127.0.0.1', 36124)>
Connected to: 127.0.0.1, 31004 using ephemeral port 40844
<- (1800) byte  Source Port: 31003 Target Port: 40844 Timestamp: 2025-09-07 22:41:03.728622
-> (0) byte b'' Source Port: 31003 Target Port: 40844 Timestamp: 2025-09-07 22:41:03.729280
Connection closed from (apparently) out
Received connection: <socket.socket fd=4, family=AddressFamily.AF_INET, type=SocketKind.SOCK_STREAM, proto=0, laddr=('127.0.0.1', 31003), raddr=('127.0.0.1', 36138)>
Connected to: 127.0.0.1, 31004 using ephemeral port 40852
<- (1800) byte  Source Port: 31003 Target Port: 40852 Timestamp: 2025-09-07 22:41:05.781773
<- (1800) byte  Source Port: 31003 Target Port: 40852 Timestamp: 2025-09-07 22:41:06.282878
<- (1800) byte  Source Port: 31003 Target Port: 40852 Timestamp: 2025-09-07 22:41:06.784397
<- (1800) byte  Source Port: 31003 Target Port: 40852 Timestamp: 2025-09-07 22:41:07.286425
<- (0) byte b'' Source Port: 31003 Target Port: 40852 Timestamp: 2025-09-07 22:41:07.789002
Connection closed from (apparently) in

Client:
time: 2025-09-07 22:41:05.776759, Mode 4 - start experiment
time: 2025-09-07 22:41:05.776879, Iteration: 1
time: 2025-09-07 22:41:05.783388, Received 1st 1800 bytes, last byte content: 88
time: 2025-09-07 22:41:06.287477, Received 2nd 1800 bytes, last byte content: 89
time: 2025-09-07 22:41:06.788109, Iteration: 2
time: 2025-09-07 22:41:06.788173, Received 1st 1800 bytes, last byte content: 88
time: 2025-09-07 22:41:07.291147, Received 2nd 1800 bytes, last byte content: 89
time: 2025-09-07 22:41:07.792530, Connection closed

Server:
time: 2025-09-07 22:41:03.728415, Iteration: 1
time: 2025-09-07 22:41:03.728525, sent 1800 byte of X
time: 2025-09-07 22:41:04.232894, sent 1800 byte of Y
time: 2025-09-07 22:41:04.736586, Iteration: 2
time: 2025-09-07 22:41:05.781614, Iteration: 1
time: 2025-09-07 22:41:05.781748, sent 1800 byte of X
time: 2025-09-07 22:41:06.283257, sent 1800 byte of Y
time: 2025-09-07 22:41:06.784196, Iteration: 2
time: 2025-09-07 22:41:06.784348, sent 1800 byte of X
time: 2025-09-07 22:41:07.286648, sent 1800 byte of Y
Completed iteration 12 for mode 4 with msg size 1800 at 20250907-224101
----------------------------------------
